 anet2

 Timestamp is 42320f7a (Fri Mar 11 22:36:58 2005)

 Preferred load address is 10000000

 Start         Length     Name                   Class
 0001:00000000 0001fab0H .text                   CODE
 0002:00000000 00000140H .idata$5                DATA
 0002:00000140 0000006cH .rdata                  DATA
 0002:000001ac 00000050H .idata$2                DATA
 0002:000001fc 00000014H .idata$3                DATA
 0002:00000210 00000140H .idata$4                DATA
 0002:00000350 00000436H .idata$6                DATA
 0002:00000790 00000b99H .edata                  DATA
 0003:00000000 00000004H .CRT$XCA                DATA
 0003:00000004 00000004H .CRT$XCZ                DATA
 0003:00000008 00000004H .CRT$XIA                DATA
 0003:0000000c 00000004H .CRT$XIZ                DATA
 0003:00000010 00001b90H .data                   DATA
 0003:00001ba0 0000139cH .bss                    DATA

  Address         Publics by Value              Rva+Base     Lib:Object

 0001:00000000       _aeh_SetCurrent            10001000 f   aeh.obj
 0001:00000030       _aeh_GetCurrent            10001030 f   aeh.obj
 0001:00000060       _MemoryAccessExceptionFilter 10001060 f   aeh.obj
 0001:000000e0       _aehmod_Destroy            100010e0 f   aeh.obj
 0001:000001a0       _aeh_Create                100011a0 f   aeh.obj
 0001:00001160       _aeh_Destroy               10002160 f   aeh.obj
 0001:00001360       _aeh_writeOutputStream     10002360 f   aeh.obj
 0001:00001e70       _aehlog_Create             10002e70 f   aehlog.obj
 0001:00001f50       _aehlog_close              10002f50 f   aehlog.obj
 0001:00001f90       _aehlog_delete             10002f90 f   aehlog.obj
 0001:00001fc0       _aehlog_writetobuf         10002fc0 f   aehlog.obj
 0001:00002120       _aehlog_readExceptionRecord 10003120 f   aehlog.obj
 0001:000021a0       _assoctab_create           100031a0 f   assoctab.obj
 0001:000021c0       _assoctab_subscript_grow   100031c0 f   assoctab.obj
 0001:00002210       _assoctab_subscript_insert 10003210 f   assoctab.obj
 0001:00002240       _assoctab_subscript        10003240 f   assoctab.obj
 0001:00002280       _assoctab_subscript_delete 10003280 f   assoctab.obj
 0001:000022f0       _dynatab_freeze_encrypted  100032f0 f   crypttab.obj
 0001:00002450       _dynatab_thaw_encrypted    10003450 f   crypttab.obj
 0001:00002600       _deskey                    10003600 f   d3des.obj
 0001:000027e0       _cpkey                     100037e0 f   d3des.obj
 0001:00002800       _usekey                    10003800 f   d3des.obj
 0001:00002820       _des                       10003820 f   d3des.obj
 0001:00002ba0       _des2key                   10003ba0 f   d3des.obj
 0001:00002be0       _Ddes                      10003be0 f   d3des.obj
 0001:00002c40       _D2des                     10003c40 f   d3des.obj
 0001:00002d00       _delay_setBytesPerSec      10003d00 f   delay.obj
 0001:00002d20       _delay_setDelayMillisec    10003d20 f   delay.obj
 0001:00002d80       _delay_create              10003d80 f   delay.obj
 0001:00002dc0       _delay_destroy             10003dc0 f   delay.obj
 0001:00002dd0       _delay_avail               10003dd0 f   delay.obj
 0001:00002df0       _delay_put                 10003df0 f   delay.obj
 0001:00002f10       _delay_get                 10003f10 f   delay.obj
 0001:00002fa0       _dp_rplayers_cb@48         10003fa0 f   deltas.obj
 0001:00003020       _dp_rplayers_enumEx_cb@20  10004020 f   deltas.obj
 0001:00003070       _dpRequestObjectDeltas     10004070 f   deltas.obj
 0001:00003470       _dpGetSessionId            10004470 f   deltas.obj
 0001:00003560       _dpSendObjectDelta         10004560 f   deltas.obj
 0001:00003840       _GetPrimaryDisplayDesc     10004840 f   detect.obj
 0001:00003ab0       _FindDeviceInRegistry      10004ab0 f   detect.obj
 0001:00003c10       _FindRendition@0           10004c10 f   detect.obj
 0001:00003c50       _FindATI@0                 10004c50 f   detect.obj
 0001:00003c90       _FindMystique@0            10004c90 f   detect.obj
 0001:00003cd0       _FindMonster3D@0           10004cd0 f   detect.obj
 0001:00003cf0       _FindS3ViRGE@0             10004cf0 f   detect.obj
 0001:00003d30       _FindSTB@0                 10004d30 f   detect.obj
 0001:00003d70       _FindOrchid@0              10004d70 f   detect.obj
 0001:00003d90       _FindPowerVR@0             10004d90 f   detect.obj
 0001:00003dc0       _Get3DHardware             10004dc0 f   detect.obj
 0001:00004040       _DllMain@12                10005040 f   dllmain.obj
 0001:00004100       _dpid2commHdl              10005100 f   dp2.obj
 0001:00004140       _dp_commHdl2dpid           10005140 f   dp2.obj
 0001:00004190       _commHdl4dpid              10005190 f   dp2.obj
 0001:000041e0       _dp_pack_session           100051e0 f   dp2.obj
 0001:00004310       _dp_unpack_session         10005310 f   dp2.obj
 0001:00004520       _dp_sessions_cb@48         10005520 f   dp2.obj
 0001:000046f0       _dp_unpack_playerId        100056f0 f   dp2.obj
 0001:00004780       _dp_playervars_cb@48       10005780 f   dp2.obj
 0001:00004890       _dp_hosts_cb@48            10005890 f   dp2.obj
 0001:00005010       _dp_myplayers_cb@48        10006010 f   dp2.obj
 0001:00005180       _dp_players_cb@48          10006180 f   dp2.obj
 0001:000053f0       _dp_groups_cb@48           100063f0 f   dp2.obj
 0001:00005510       _dp_group_players_cb@48    10006510 f   dp2.obj
 0001:00005630       _dp_sessionContext_freeze  10006630 f   dp2.obj
 0001:00005800       _dp_sessionContext_thaw    10006800 f   dp2.obj
 0001:00005a70       _dpFreeze                  10006a70 f   dp2.obj
 0001:00005fa0       _dpCommThaw                10006fa0 f   dp2.obj
 0001:000069f0       __daoot                    100079f0 f   dp2.obj
 0001:00006a30       _dpCreate                  10007a30 f   dp2.obj
 0001:000077b0       _dpDestroy                 100087b0 f   dp2.obj
 0001:00007880       _dpCloseGameServer         10008880 f   dp2.obj
 0001:00007970       _dpResolveHostname         10008970 f   dp2.obj
 0001:00007b50       _dpSetGameServer           10008b50 f   dp2.obj
 0001:00007b90       _dpSetGameServerEx         10008b90 f   dp2.obj
 0001:00007e30       _dpGetGameServerEx         10008e30 f   dp2.obj
 0001:00007ef0       _dpGetSessionDesc          10008ef0 f   dp2.obj
 0001:00008000       _dpGetSessionDescById      10009000 f   dp2.obj
 0001:000081f0       _dpSetSessionDesc          100091f0 f   dp2.obj
 0001:000082a0       _dpGetCaps                 100092a0 f   dp2.obj
 0001:000083a0       _dpGetPlayerCaps           100093a0 f   dp2.obj
 0001:000084c0       __daC                      100094c0 f   dp2.obj
 0001:000085a0       _dpOpen                    100095a0 f   dp2.obj
 0001:00009ce0       _dpClose                   1000ace0 f   dp2.obj
 0001:0000a540       _dpCastoffSession          1000b540 f   dp2.obj
 0001:0000a730       _dpEnumSessions            1000b730 f   dp2.obj
 0001:0000a970       _dpDeclareLobby            1000b970 f   dp2.obj
 0001:0000a9c0       _dpPrunePlayerSubscriptions 1000b9c0 f   dp2.obj
 0001:0000aa90       _dpPruneSessionSubscription 1000ba90 f   dp2.obj
 0001:0000aaf0       _dpCreatePlayer            1000baf0 f   dp2.obj
 0001:0000ac90       _dpDestroyPlayer           1000bc90 f   dp2.obj
 0001:0000ace0       _dpNumPlayers              1000bce0 f   dp2.obj
 0001:0000ad00       _dpGetCurrentHostId        1000bd00 f   dp2.obj
 0001:0000ad40       _dpGetPlayerName           1000bd40 f   dp2.obj
 0001:0000aea0       _dpSetPlayerName           1000bea0 f   dp2.obj
 0001:0000aff0       _dpGetPlayerBlob           1000bff0 f   dp2.obj
 0001:0000b0f0       _dpSetPlayerBlob           1000c0f0 f   dp2.obj
 0001:0000b260       _dpEnumPlayers             1000c260 f   dp2.obj
 0001:0000b560       _dpEnumPlayersEx           1000c560 f   dp2.obj
 0001:0000b840       _dpEnableNewPlayers        1000c840 f   dp2.obj
 0001:0000c570       _dp_sessid4uid             1000d570 f   dp2.obj
 0001:0000c640       _dpReceive                 1000d640 f   dp2.obj
 0001:0000dc70       _dpSend                    1000ec70 f   dp2.obj
 0001:0000dde0       _dpFlush                   1000ede0 f   dp2.obj
 0001:0000de10       _dpSetPingIntervals        1000ee10 f   dp2.obj
 0001:0000ded0       _dpPingUser                1000eed0 f   dp2.obj
 0001:0000dfa0       _dpCreateGroup             1000efa0 f   dp2.obj
 0001:0000e0b0       _dpDestroyGroup            1000f0b0 f   dp2.obj
 0001:0000e1f0       _dpAddPlayerToGroup        1000f1f0 f   dp2.obj
 0001:0000e400       _dpDeletePlayerFromGroup   1000f400 f   dp2.obj
 0001:0000e540       _dpEnumGroups              1000f540 f   dp2.obj
 0001:0000e640       _dpEnumGroupPlayers        1000f640 f   dp2.obj
 0001:0000e820       _dpSetPlayerData           1000f820 f   dp2.obj
 0001:0000e960       _dpSendPlayerData          1000f960 f   dp2.obj
 0001:0000eaf0       _dpGetPlayerData           1000faf0 f   dp2.obj
 0001:0000ec30       _dpReadyToFreeze           1000fc30 f   dp2.obj
 0001:0000eca0       _dpSetConnCallback         1000fca0 f   dp2.obj
 0001:0000ece0       _dpGetParameterLong        1000fce0 f   dp2.obj
 0001:0000edb0       _dpGetCurrentTransportInfo 1000fdb0 f   dp2.obj
 0001:0000ee60       _dpTurnGetMove             1000fe60 f   dp2.obj
 0001:0000ee60       _dpTurnPoll                1000fe60 f   dp2.obj
 0001:0000ee60       _dpTurnInit                1000fe60 f   dp2.obj
 0001:0000ee60       _dpTurnFinish              1000fe60 f   dp2.obj
 0001:0000ee60       _dpTurnPutMove             1000fe60 f   dp2.obj
 0001:0000ee70       _dpGetStats                1000fe70 f   dp2.obj
 0001:0000eef0       _dp_crc32_inc              1000fef0 f   dpcrc32.obj
 0001:0000ef80       _dp_crc32                  1000ff80 f   dpcrc32.obj
 0001:0000efa0       _dp_fil_crc32              1000ffa0 f   dpcrc32.obj
 0001:0000f020       _commInit                  10010020 f   dpdllwin.obj
 0001:0000f040       _commTerm                  10010040 f   dpdllwin.obj
 0001:0000f060       _commDriverInfo            10010060 f   dpdllwin.obj
 0001:0000f080       _commPlayerInfo            10010080 f   dpdllwin.obj
 0001:0000f0a0       _commTxPkt                 100100a0 f   dpdllwin.obj
 0001:0000f0c0       _commRxPkt                 100100c0 f   dpdllwin.obj
 0001:0000f0e0       _commScanAddr              100100e0 f   dpdllwin.obj
 0001:0000f100       _commPrintAddr             10010100 f   dpdllwin.obj
 0001:0000f120       _commSetParam              10010120 f   dpdllwin.obj
 0001:0000f140       _commSayHi                 10010140 f   dpdllwin.obj
 0001:0000f160       _commSayBye                10010160 f   dpdllwin.obj
 0001:0000f180       _commEnumPorts             10010180 f   dpdllwin.obj
 0001:0000f1a0       _dpGetTransportInfo        100101a0 f   dpdllwin.obj
 0001:0000f260       _dpEnumTransports          10010260 f   dpdllwin.obj
 0001:0000f420       _dpLoadDLL                 10010420 f   dpdllwin.obj
 0001:0000f4c0       _dpUnloadDLL               100104c0 f   dpdllwin.obj
 0001:0000f4e0       _dpEnumPorts               100104e0 f   dpdllwin.obj
 0001:0000f550       _dp_publishExceptions      10010550 f   dpexcept.obj
 0001:0000f7d0       _dp_subscribeExceptions    100107d0 f   dpexcept.obj
 0001:0000f810       _StupidExceptionFilter     10010810 f   dpexcept.obj
 0001:0000f820       _dpReportCrash             10010820 f   dpexcept.obj
 0001:0000f840       _dpReportCrashEx           10010840 f   dpexcept.obj
 0001:000100f0       _dpio_dprintAdr            100110f0 f   dpio.obj
 0001:00010170       _dpio_get_latency          10011170 f   dpio.obj
 0001:000101c0       _dpio_get_player_latency   100111c0 f   dpio.obj
 0001:00010230       _dpio_setIncomingCallback  10011230 f   dpio.obj
 0001:00010260       _dpio_setMaxPlayerHdls     10011260 f   dpio.obj
 0001:00010280       __dpbs                     10011280 f   dpio.obj
 0001:000102e0       _dpio_printAdr             100112e0 f   dpio.obj
 0001:00010340       _dpio_openHdlRaw           10011340 f   dpio.obj
 0001:00010360       _dpio_openHdlRaw2          10011360 f   dpio.obj
 0001:00010410       _dpio_closeHdlRaw          10011410 f   dpio.obj
 0001:00010440       _dpio_freezeHdl            10011440 f   dpio.obj
 0001:000105e0       _dpio_thawHdl              100115e0 f   dpio.obj
 0001:000107e0       _dpio_freeze               100117e0 f   dpio.obj
 0001:000109b0       _dpio_setPingIntervals     100119b0 f   dpio.obj
 0001:00010a70       _dpio_set_clocks           10011a70 f   dpio.obj
 0001:00010b20       _dpio_hdl2adr2             10011b20 f   dpio.obj
 0001:00010bd0       _dpio_hdl2name             10011bd0 f   dpio.obj
 0001:00010c80       _dpio_destroy              10011c80 f   dpio.obj
 0001:00010d10       _dpio_create               10011d10 f   dpio.obj
 0001:00011510       _dpio_q_packet             10012510 f   dpio.obj
 0001:000116a0       _dpio_getHdlTxPktsFree     100126a0 f   dpio.obj
 0001:00011700       _dpio_getHdlState          10012700 f   dpio.obj
 0001:00011750       _dpio_getHdlAge            10012750 f   dpio.obj
 0001:000117b0       _dpio_getHdlRemoteCapabilities 100127b0 f   dpio.obj
 0001:000117e0       _dpio_openHdl              100127e0 f   dpio.obj
 0001:00011800       _dpio_openHdl2             10012800 f   dpio.obj
 0001:00011ac0       _dpio_closeHdl             10012ac0 f   dpio.obj
 0001:00011c40       _dpio_closeHdlImmed        10012c40 f   dpio.obj
 0001:00011d20       _dpio_ReadyToFreeze        10012d20 f   dpio.obj
 0001:00012060       _dpio_flush                10013060 f   dpio.obj
 0001:000121d0       _dpio_get                  100131d0 f   dpio.obj
 0001:00013510       _dpio_put_unreliable       10014510 f   dpio.obj
 0001:000135d0       _dpio_put_reliable2        100145d0 f   dpio.obj
 0001:00013810       _dpio_localQ_npkts         10014810 f   dpio.obj
 0001:00013830       _dpio_findTimedOutHost     10014830 f   dpio.obj
 0001:00013b00       _dpio_setHandleOptions     10014b00 f   dpio.obj
 0001:00013be0       _dpio_update               10014be0 f   dpio.obj
 0001:00013e40       _getTempDir                10014e40 f   dpprivy.obj
 0001:00013e70       _writeSwap                 10014e70 f   dpprivy.obj
 0001:00013ea0       _readSwap                  10014ea0 f   dpprivy.obj
 0001:00013ed0       _dp_enableDebugPrint       10014ed0 f   dprint.obj
 0001:00013ed0       _dp_flushLog               10014ed0 f   dprint.obj
 0001:00013ed0       _dp_setLogFP               10014ed0 f   dprint.obj
 0001:00013ed0       _dp_setLogFname            10014ed0 f   dprint.obj
 0001:00013ee0       _dpscore_client_init       10014ee0 f   dpscore.obj
 0001:00013f40       _dpscore_client_cleanup    10014f40 f   dpscore.obj
 0001:00013fa0       _dpscore_client_playerLeaving 10014fa0 f   dpscore.obj
 0001:00014100       _dpReportScore             10015100 f   dpscore.obj
 0001:00014100       _dp_dprintf                10015100 f   dpscore.obj
 0001:00014100       _dpReportAssertionFailure  10015100 f   dpscore.obj
 0001:00014100       _dp_getLogFP               10015100 f   dpscore.obj
 0001:00014110       __dax7                     10015110 f   dpscore.obj
 0001:00014140       __dax8                     10015140 f   dpscore.obj
 0001:00014200       _dpReportScoreBuf          10015200 f   dpscore.obj
 0001:000142e0       __dax9                     100152e0 f   dpscore.obj
 0001:00014310       _dpscores_cb@48            10015310 f   dpscore.obj
 0001:00014340       _dpscore_client_subscribe  10015340 f   dpscore.obj
 0001:000143c0       _dpGetMyId                 100153c0 f   dpscore.obj
 0001:00014410       _dpShutdown                10015410 f   dpshutdn.obj
 0001:00014730       __dad                      10015730 f   dptab.obj
 0001:000147d0       __dam                      100157d0 f   dptab.obj
 0001:00014870       __dag                      10015870 f   dptab.obj
 0001:00014910       __daa                      10015910 f   dptab.obj
 0001:000149d0       __dae                      100159d0 f   dptab.obj
 0001:00014b40       __dav                      10015b40 f   dptab.obj
 0001:00014be0       __daw                      10015be0 f   dptab.obj
 0001:00014c60       _dptab_getTableContext     10015c60 f   dptab.obj
 0001:00014cd0       __daj                      10015cd0 f   dptab.obj
 0001:00014ea0       __dao                      10015ea0 f   dptab.obj
 0001:00014ee0       __dac                      10015ee0 f   dptab.obj
 0001:00014f90       __dai                      10015f90 f   dptab.obj
 0001:00014fb0       _dptab_handleSubscriptionRequest 10015fb0 f   dptab.obj
 0001:00015010       _dptab_handleUnsubscriptionRequest 10016010 f   dptab.obj
 0001:00015060       __darr                     10016060 f   dptab.obj
 0001:000150d0       _dptab_requestUnsubscription 100160d0 f   dptab.obj
 0001:00015150       _dptab_shutdownMatchingSubscription 10016150 f   dptab.obj
 0001:00015210       __dab                      10016210 f   dptab.obj
 0001:00015260       __dah                      10016260 f   dptab.obj
 0001:000152a0       _dptab_changePublisher     100162a0 f   dptab.obj
 0001:00015460       __dau                      10016460 f   dptab.obj
 0001:000156e0       __daf                      100166e0 f   dptab.obj
 0001:00015950       _dptab_deleteIfSrc         10016950 f   dptab.obj
 0001:000159a0       __dal                      100169a0 f   dptab.obj
 0001:00015af0       __dak                      10016af0 f   dptab.obj
 0001:00015c30       __daq                      10016c30 f   dptab.obj
 0001:00015da0       __dap                      10016da0 f   dptab.obj
 0001:00015ec0       __dax                      10016ec0 f   dptab.obj
 0001:00015ee0       __das                      10016ee0 f   dptab.obj
 0001:00016160       __dat                      10017160 f   dptab.obj
 0001:00016230       __daz                      10017230 f   dptab.obj
 0001:00016e30       __dar                      10017e30 f   dptab.obj
 0001:00017310       _dptab_tableRef_freeze     10018310 f   dptab.obj
 0001:000173b0       _dptab_tableRef_thaw       100183b0 f   dptab.obj
 0001:000174a0       __darz                     100184a0 f   dptab.obj
 0001:000176f0       __dars                     100186f0 f   dptab.obj
 0001:000179c0       __dan                      100189c0 f   dptab.obj
 0001:00017fd0       __day                      10018fd0 f   dptab.obj
 0001:00018680       __dalw                     10019680 f   dpuser.obj
 0001:000186c0       __dala                     100196c0 f   dpuser.obj
 0001:00018700       __daaw                     10019700 f   dpuser.obj
 0001:00018740       __daaa                     10019740 f   dpuser.obj
 0001:00018780       _dpRequestEmail            10019780 f   dpuser.obj
 0001:000187c0       _dpGetPlayerUid            100197c0 f   dpuser.obj
 0001:000188b0       _dynatab_create            100198b0 f   dynatab.obj
 0001:000188e0       _dynatab_destroy           100198e0 f   dynatab.obj
 0001:00018910       _dynatab_remove            10019910 f   dynatab.obj
 0001:00018960       _dynatab_subscript_grow    10019960 f   dynatab.obj
 0001:00018a10       _dynatab_subscript_insert  10019a10 f   dynatab.obj
 0001:00018b10       _dynatab_find              10019b10 f   dynatab.obj
 0001:00018b70       _dynatab_freeze            10019b70 f   dynatab.obj
 0001:00018bd0       _dynatab_thaw              10019bd0 f   dynatab.obj
 0001:00018c60       _eclock_win32              10019c60 f   eclock.obj
 0001:00018ce0       _dp_freezeAppsList         10019ce0 f   enumapp.obj
 0001:00018e10       _dp_createAppsList         10019e10 f   enumapp.obj
 0001:00018f20       _dp_subscribeAppsList      10019f20 f   enumapp.obj
 0001:00018fc0       _dpCheckAppVersion         10019fc0 f   enumapp.obj
 0001:000190e0       _dpGetAppVersion           1001a0e0 f   enumapp.obj
 0001:00019240       _dpDownloadUpdate          1001a240 f   enumapp.obj
 0001:00019250       _dpEnumApp                 1001a250 f   enumapp.obj
 0001:000195f0       _dp_servers_cb@48          1001a5f0 f   enumsrv2.obj
 0001:00019890       _dp_serverpings_cb@48      1001a890 f   enumsrv2.obj
 0001:000198d0       _dp_initEnumServers        1001a8d0 f   enumsrv2.obj
 0001:00019d70       _dp_saveServerList         1001ad70 f   enumsrv2.obj
 0001:00019dc0       _dp_endEnumServers         1001adc0 f   enumsrv2.obj
 0001:00019df0       _dpEnumServers             1001adf0 f   enumsrv2.obj
 0001:00019e80       _dpEnumServersEx           1001ae80 f   enumsrv2.obj
 0001:0001a040       _dpEnumServersPoll         1001b040 f   enumsrv2.obj
 0001:0001a0e0       _dpHandleServerPingResponsePacket 1001b0e0 f   enumsrv2.obj
 0001:0001a2a0       _hkeytab_create            1001b2a0 f   hkeytab.obj
 0001:0001a2c0       _assoctab_destroy          1001b2c0 f   hkeytab.obj
 0001:0001a2c0       _hkeytab_destroy           1001b2c0 f   hkeytab.obj
 0001:0001a2e0       _hkeytab_subscript_grow    1001b2e0 f   hkeytab.obj
 0001:0001a360       _hkeytab_subscript         1001b360 f   hkeytab.obj
 0001:0001a3c0       _hkeytab_subscript_delete  1001b3c0 f   hkeytab.obj
 0001:0001a470       _dpini_SetFile             1001b470 f   ini.obj
 0001:0001a4a0       _dpini_GetFile             1001b4a0 f   ini.obj
 0001:0001a4b0       _dpini_findSection         1001b4b0 f   ini.obj
 0001:0001a660       _dpini_readParameter       1001b660 f   ini.obj
 0001:0001a7a0       _dpReadAnetInf             1001b7a0 f   ini.obj
 0001:0001ac80       _dpLaunchApp               1001bc80 f   launchap.obj
 0001:0001aca0       _dpLaunchApp2              1001bca0 f   launchap.obj
 0001:0001af40       _dp_launchParams_parse     1001bf40 f   launchparams.obj
 0001:0001b380       _MD5Init                   1001c380 f   md5c.obj
 0001:0001b3b0       _MD5Update                 1001c3b0 f   md5c.obj
 0001:0001b470       _MD5Final                  1001c470 f   md5c.obj
 0001:0001bf00       _mywcs_wchar2netchar       1001cf00 f   mywcs.obj
 0001:0001bf60       _mywcs_lenn                1001cf60 f   mywcs.obj
 0001:0001bf80       _mywcs_ncpy0               1001cf80 f   mywcs.obj
 0001:0001bfd0       _mywcs_swabncpy0           1001cfd0 f   mywcs.obj
 0001:0001c030       _mywcs_frommbs             1001d030 f   mywcs.obj
 0001:0001c080       _mywcs_ncmp                1001d080 f   mywcs.obj
 0001:0001c0d0       _q_create                  1001d0d0 f   q.obj
 0001:0001c100       _q_destroy                 1001d100 f   q.obj
 0001:0001c140       _q_put                     1001d140 f   q.obj
 0001:0001c1c0       _q_get                     1001d1c0 f   q.obj
 0001:0001c210       _q_nfree                   1001d210 f   q.obj
 0001:0001c230       _q_freeze                  1001d230 f   q.obj
 0001:0001c390       _q_thaw                    1001d390 f   q.obj
 0001:0001c540       _scorerep_create           1001d540 f   scorerep.obj
 0001:0001c570       _scorerep_setSelf          1001d570 f   scorerep.obj
 0001:0001c590       _scorerep_setLeaver        1001d590 f   scorerep.obj
 0001:0001c5b0       _scorerep_set              1001d5b0 f   scorerep.obj
 0001:0001c650       _scorerep_toBuf            1001d650 f   scorerep.obj
 0001:0001caa0       _tca_create                1001daa0 f   tca.obj
 0001:0001cae0       _tca_openpw                1001dae0 f   tca.obj
 0001:0001cb10       _tca_destroy               1001db10 f   tca.obj
 0001:0001cb60       _tca_Freeze                1001db60 f   tca.obj
 0001:0001cbf0       _tca_Thaw                  1001dbf0 f   tca.obj
 0001:0001cc90       _tca_challenge_generate    1001dc90 f   tca.obj
 0001:0001cd60       _tca_response_validate     1001dd60 f   tca.obj
 0001:0001ce60       _tca_response_generate     1001de60 f   tca.obj
 0001:0001cf00       _tca_pwchange_generate     1001df00 f   tca.obj
 0001:0001d000       _tca_pwchange_validate     1001e000 f   tca.obj
 0001:0001d170       _tca_newuser_generate      1001e170 f   tca.obj
 0001:0001d2a0       _tca_newuser_validate      1001e2a0 f   tca.obj
 0001:0001d3f0       _tca_secretcode_validate   1001e3f0 f   tca.obj
 0001:0001d4d0       _tcapw_create              1001e4d0 f   tcapw.obj
 0001:0001d510       _tcapw_destroy             1001e510 f   tcapw.obj
 0001:0001d540       _tcapw_open                1001e540 f   tcapw.obj
 0001:0001d5e0       _tcapw_close               1001e5e0 f   tcapw.obj
 0001:0001d650       _tcapw_password_hash       1001e650 f   tcapw.obj
 0001:0001d6d0       _tcapw_entry_create        1001e6d0 f   tcapw.obj
 0001:0001d840       _tcapw_entry_change        1001e840 f   tcapw.obj
 0001:0001d8b0       _tcapw_entry_find_byid     1001e8b0 f   tcapw.obj
 0001:0001d900       _tcapw_entry_find_byname   1001e900 f   tcapw.obj
 0001:0001d990       _tcapw_get_secretcode      1001e990 f   tcapw.obj
 0001:0001da10       _InitSnapshot              1001ea10 f   tlstuff.obj
 0001:0001dac0       _tserv_create              1001eac0 f   tserv.obj
 0001:0001db60       _tserv_destroy             1001eb60 f   tserv.obj
 0001:0001db90       _tserv_Freeze              1001eb90 f   tserv.obj
 0001:0001dec0       _tserv_Thaw                1001eec0 f   tserv.obj
 0001:0001e220       _tserv_uid2hdl             1001f220 f   tserv.obj
 0001:0001e290       _tserv_hdl2uid             1001f290 f   tserv.obj
 0001:0001e2d0       _tserv_uid2info            1001f2d0 f   tserv.obj
 0001:0001e4e0       _tserv_client_delete       1001f4e0 f   tserv.obj
 0001:0001e540       _tserv_poll                1001f540 f   tserv.obj
 0001:0001eba0       _tserv_send_credentials    1001fba0 f   tserv.obj
 0001:0001ec80       _tserv_handle_packet       1001fc80 f   tserv.obj
 0001:0001f560       _tserv_server_add          10020560 f   tserv.obj
 0001:0001f600       _tserv_account_loginW      10020600 f   tserv.obj
 0001:0001f700       _tserv_account_activateW   10020700 f   tserv.obj
 0001:0001f7a0       _tserv_request_email       100207a0 f   tserv.obj
 0001:0001f850       _tserv_account_loginA      10020850 f   tserva.obj
 0001:0001f8d0       _tserv_account_activateA   100208d0 f   tserva.obj
 0001:0001f920       __except_handler3          10020920 f   MSVCRT:MSVCRT.dll
 0001:0001f930       __chkstk                   10020930 f   MSVCRT:chkstk.obj
 0001:0001f930       __alloca_probe             10020930 f   MSVCRT:chkstk.obj
 0001:0001f95f       __CRT_INIT@12              1002095f f   MSVCRT:crtdll.obj
 0001:0001fa0a       __DllMainCRTStartup@12     10020a0a f   MSVCRT:crtdll.obj
 0001:0001faa8       __initterm                 10020aa8 f   MSVCRT:MSVCRT.dll
 0002:00000000       __imp__RegEnumValueA@32    10021000     advapi32:ADVAPI32.dll
 0002:00000004       __imp__RegEnumKeyA@16      10021004     advapi32:ADVAPI32.dll
 0002:00000008       __imp__RegOpenKeyExA@20    10021008     advapi32:ADVAPI32.dll
 0002:0000000c       __imp__RegQueryValueExA@24 1002100c     advapi32:ADVAPI32.dll
 0002:00000010       __imp__RegEnumKeyExA@32    10021010     advapi32:ADVAPI32.dll
 0002:00000014       __imp__RegCloseKey@4       10021014     advapi32:ADVAPI32.dll
 0002:00000018       __imp__RegQueryInfoKeyA@48 10021018     advapi32:ADVAPI32.dll
 0002:0000001c       \177ADVAPI32_NULL_THUNK_DATA 1002101c     advapi32:ADVAPI32.dll
 0002:00000020       __imp__FreeLibrary@4       10021020     kernel32:KERNEL32.dll
 0002:00000024       __imp__GetProcAddress@8    10021024     kernel32:KERNEL32.dll
 0002:00000028       __imp__LoadLibraryA@4      10021028     kernel32:KERNEL32.dll
 0002:0000002c       __imp__CreateProcessA@40   1002102c     kernel32:KERNEL32.dll
 0002:00000030       __imp__LocalFree@4         10021030     kernel32:KERNEL32.dll
 0002:00000034       __imp__FormatMessageA@28   10021034     kernel32:KERNEL32.dll
 0002:00000038       __imp__GetLastError@0      10021038     kernel32:KERNEL32.dll
 0002:0000003c       __imp__SetEnvironmentVariableA@8 1002103c     kernel32:KERNEL32.dll
 0002:00000040       __imp__GetModuleHandleA@4  10021040     kernel32:KERNEL32.dll
 0002:00000044       __imp__GetEnvironmentVariableA@12 10021044     kernel32:KERNEL32.dll
 0002:00000048       __imp__GetModuleFileNameA@12 10021048     kernel32:KERNEL32.dll
 0002:0000004c       __imp__GlobalReAlloc@12    1002104c     kernel32:KERNEL32.dll
 0002:00000050       __imp__GetSystemTime@4     10021050     kernel32:KERNEL32.dll
 0002:00000054       __imp__WriteFile@20        10021054     kernel32:KERNEL32.dll
 0002:00000058       __imp__DuplicateHandle@28  10021058     kernel32:KERNEL32.dll
 0002:0000005c       __imp__GetCurrentProcess@0 1002105c     kernel32:KERNEL32.dll
 0002:00000060       __imp__MultiByteToWideChar@24 10021060     kernel32:KERNEL32.dll
 0002:00000064       __imp__FindFirstFileA@8    10021064     kernel32:KERNEL32.dll
 0002:00000068       __imp__FindNextFileA@8     10021068     kernel32:KERNEL32.dll
 0002:0000006c       __imp__FindClose@4         1002106c     kernel32:KERNEL32.dll
 0002:00000070       __imp__GetTickCount@0      10021070     kernel32:KERNEL32.dll
 0002:00000074       __imp__GetCurrentThreadId@0 10021074     kernel32:KERNEL32.dll
 0002:00000078       __imp__Sleep@4             10021078     kernel32:KERNEL32.dll
 0002:0000007c       __imp__GlobalFree@4        1002107c     kernel32:KERNEL32.dll
 0002:00000080       __imp__GlobalAlloc@8       10021080     kernel32:KERNEL32.dll
 0002:00000084       __imp__GetTempPathA@8      10021084     kernel32:KERNEL32.dll
 0002:00000088       __imp__CloseHandle@4       10021088     kernel32:KERNEL32.dll
 0002:0000008c       \177KERNEL32_NULL_THUNK_DATA 1002108c     kernel32:KERNEL32.dll
 0002:00000090       __imp___getcwd             10021090     MSVCRT:MSVCRT.dll
 0002:00000090       __imp__getcwd              10021090     MSVCRT:MSVCRT.dll
 0002:00000094       __imp___stricmp            10021094     MSVCRT:MSVCRT.dll
 0002:00000094       __imp__stricmp             10021094     MSVCRT:MSVCRT.dll
 0002:00000098       __imp__strupr              10021098     MSVCRT:MSVCRT.dll
 0002:00000098       __imp___strupr             10021098     MSVCRT:MSVCRT.dll
 0002:0000009c       __imp___strdup             1002109c     MSVCRT:MSVCRT.dll
 0002:0000009c       __imp__strdup              1002109c     MSVCRT:MSVCRT.dll
 0002:000000a0       __imp__strncpy             100210a0     MSVCRT:MSVCRT.dll
 0002:000000a4       __imp__free                100210a4     MSVCRT:MSVCRT.dll
 0002:000000a8       __imp___except_handler3    100210a8     MSVCRT:MSVCRT.dll
 0002:000000ac       __imp__malloc              100210ac     MSVCRT:MSVCRT.dll
 0002:000000b0       __imp__realloc             100210b0     MSVCRT:MSVCRT.dll
 0002:000000b4       __imp__fprintf             100210b4     MSVCRT:MSVCRT.dll
 0002:000000b8       __imp__fclose              100210b8     MSVCRT:MSVCRT.dll
 0002:000000bc       __imp__fopen               100210bc     MSVCRT:MSVCRT.dll
 0002:000000c0       __imp__sprintf             100210c0     MSVCRT:MSVCRT.dll
 0002:000000c4       __imp__strchr              100210c4     MSVCRT:MSVCRT.dll
 0002:000000c8       __imp__strstr              100210c8     MSVCRT:MSVCRT.dll
 0002:000000cc       __imp__sscanf              100210cc     MSVCRT:MSVCRT.dll
 0002:000000d0       __imp__remove              100210d0     MSVCRT:MSVCRT.dll
 0002:000000d4       __imp__ftell               100210d4     MSVCRT:MSVCRT.dll
 0002:000000d8       __imp__fseek               100210d8     MSVCRT:MSVCRT.dll
 0002:000000dc       __imp__fread               100210dc     MSVCRT:MSVCRT.dll
 0002:000000e0       __imp__fwrite              100210e0     MSVCRT:MSVCRT.dll
 0002:000000e4       __imp__fgets               100210e4     MSVCRT:MSVCRT.dll
 0002:000000e8       __imp__memmove             100210e8     MSVCRT:MSVCRT.dll
 0002:000000ec       __imp__time                100210ec     MSVCRT:MSVCRT.dll
 0002:000000f0       __imp__rewind              100210f0     MSVCRT:MSVCRT.dll
 0002:000000f4       __imp__rand                100210f4     MSVCRT:MSVCRT.dll
 0002:000000f8       __imp__getc                100210f8     MSVCRT:MSVCRT.dll
 0002:000000fc       __imp___makepath           100210fc     MSVCRT:MSVCRT.dll
 0002:00000100       __imp___splitpath          10021100     MSVCRT:MSVCRT.dll
 0002:00000104       __imp__atoi                10021104     MSVCRT:MSVCRT.dll
 0002:00000108       __imp__strncat             10021108     MSVCRT:MSVCRT.dll
 0002:0000010c       __imp___strlwr             1002110c     MSVCRT:MSVCRT.dll
 0002:00000110       __imp__strspn              10021110     MSVCRT:MSVCRT.dll
 0002:00000114       __imp___pctype             10021114     MSVCRT:MSVCRT.dll
 0002:00000118       __imp___isctype            10021118     MSVCRT:MSVCRT.dll
 0002:0000011c       __imp____mb_cur_max        1002111c     MSVCRT:MSVCRT.dll
 0002:00000120       __imp__strcspn             10021120     MSVCRT:MSVCRT.dll
 0002:00000124       __imp__strtol              10021124     MSVCRT:MSVCRT.dll
 0002:00000128       __imp__strtok              10021128     MSVCRT:MSVCRT.dll
 0002:0000012c       __imp___initterm           1002112c     MSVCRT:MSVCRT.dll
 0002:00000130       __imp___adjust_fdiv        10021130     MSVCRT:MSVCRT.dll
 0002:00000134       \177MSVCRT_NULL_THUNK_DATA 10021134     MSVCRT:MSVCRT.dll
 0002:00000138       __imp__MessageBoxA@16      10021138     user32:USER32.dll
 0002:0000013c       \177USER32_NULL_THUNK_DATA 1002113c     user32:USER32.dll
 0002:0000018c       _newuser_magic             1002118c     tca.obj
 0002:00000198       _newuser_magic2            10021198     tca.obj
 0002:000001a4       _freezekey                 100211a4     tcapw.obj
 0002:000001ac       __IMPORT_DESCRIPTOR_KERNEL32 100211ac     kernel32:KERNEL32.dll
 0002:000001c0       __IMPORT_DESCRIPTOR_USER32 100211c0     user32:USER32.dll
 0002:000001d4       __IMPORT_DESCRIPTOR_ADVAPI32 100211d4     advapi32:ADVAPI32.dll
 0002:000001e8       __IMPORT_DESCRIPTOR_MSVCRT 100211e8     MSVCRT:MSVCRT.dll
 0002:000001fc       __NULL_IMPORT_DESCRIPTOR   100211fc     kernel32:KERNEL32.dll
 0003:00000000       ___xc_a                    10023000     MSVCRT:cinitexe.obj
 0003:00000004       ___xc_z                    10023004     MSVCRT:cinitexe.obj
 0003:00000008       ___xi_a                    10023008     MSVCRT:cinitexe.obj
 0003:0000000c       ___xi_z                    1002300c     MSVCRT:cinitexe.obj
 0003:0000001c       ??_C@_0BB@JCMH@?$CIaddr?5too?5large?$CJ?$AA@ 1002301c     aeh.obj
 0003:00000030       ??_C@_09DPKL@?$CIunknown?$CJ?$AA@ 10023030     aeh.obj
 0003:0000003c       ??_C@_08IOOL@?$CIkernel?$CJ?$AA@ 1002303c     aeh.obj
 0003:00000048       ??_C@_0BA@BDHH@?4?4?2?4?4?2aeh?2aeh?4c?$AA@ 10023048     aeh.obj
 0003:00000058       ??_C@_06KEEJ@?$CFx?5?$CFs?6?$AA@ 10023058     aeh.obj
 0003:00000060       ??_C@_02JKAF@rb?$AA@       10023060     aeh.obj
 0003:00000064       ??_C@_04JCNL@?$EA?$EA?$CD?$CD?$AA@ 10023064     aeh.obj
 0003:0000006c       ??_C@_0M@FHKA@atvilog?4bin?$AA@ 1002306c     aehlog.obj
 0003:00000078       ??_C@_0BD@MCJL@?4?4?2?4?4?2aeh?2aehlog?4c?$AA@ 10023078     aehlog.obj
 0003:0000008c       ??_C@_01LHO@r?$AA@         1002308c     aehlog.obj
 0003:00000090       ??_C@_02DILL@?$CFs?$AA@    10023090     aehmap.obj
 0003:00000094       ??_C@_02NGAF@wb?$AA@       10023094     aehmap.obj
 0003:00000098       ??_C@_01PJCK@?4?$AA@       10023098     aehmap.obj
 0003:0000099c       ??_C@_0CB@DIJP@?$CIkeylen?5?$DO?50?$CJ?5?$CG?$CG?5?$CIkeylen?5?$DM?$DN?512?$CL1?$CJ@ 1002399c     deltas.obj
 0003:000009c0       ??_C@_0CB@PFHA@keylen?5?$DN?$DN?5dp?9?$DOdpio?9?$DOmyAdrLen?5?$CL?53@ 100239c0     deltas.obj
 0003:000009e4       ??_C@_03DCHJ@key?$AA@      100239e4     deltas.obj
 0003:000009e8       ??_C@_0BC@DGDP@?4?4?2?4?4?2dp?2deltas?4c?$AA@ 100239e8     deltas.obj
 0003:000009fc       ??_C@_02HLAN@dp?$AA@       100239fc     deltas.obj
 0003:00000a00       ??_C@_06DBPM@pidlen?$AA@   10023a00     deltas.obj
 0003:00000a08       ??_C@_02IBHF@id?$AA@       10023a08     deltas.obj
 0003:00000a0c       ??_C@_04JGGL@sess?$AA@     10023a0c     deltas.obj
 0003:00000a14       ??_C@_08KIK@dp?9?$DOdpio?$AA@ 10023a14     deltas.obj
 0003:00000a20       ??_C@_09EBKC@subkeylen?$AA@ 10023a20     deltas.obj
 0003:00000a2c       ??_C@_03GFBM@tab?$AA@      10023a2c     deltas.obj
 0003:00000a30       ??_C@_04OMKF@data?$AA@     10023a30     deltas.obj
 0003:00000a38       ??_C@_0L@LLAF@DeviceDesc?$AA@ 10023a38     detect.obj
 0003:00000a44       ??_C@_07LGIJ@DISPLAY?$AA@  10023a44     detect.obj
 0003:00000a4c       ??_C@_06LCIG@Driver?$AA@   10023a4c     detect.obj
 0003:00000a54       ??_C@_0M@EKBF@HardwareKey?$AA@ 10023a54     detect.obj
 0003:00000a60       ??_C@_07LGAE@Problem?$AA@  10023a60     detect.obj
 0003:00000a68       ??_C@_04KFCP@Enum?$AA@     10023a68     detect.obj
 0003:00000a70       ??_C@_0BE@GNNP@Config?5Manager?2Enum?$AA@ 10023a70     detect.obj
 0003:00000a84       ??_C@_05KEJO@?$CFs?2?$CFs?$AA@ 10023a84     detect.obj
 0003:00000a8c       ??_C@_0BG@FGCM@Rendition?5Verite?51000?$AA@ 10023a8c     detect.obj
 0003:00000aa4       ??_C@_0M@LNCE@ATI?53D?5RAGE?$AA@ 10023aa4     detect.obj
 0003:00000ab0       ??_C@_0BE@EJGH@Matrox?5MGA?5Mystique?$AA@ 10023ab0     detect.obj
 0003:00000ac4       ??_C@_08DOHP@Enum?2PCI?$AA@ 10023ac4     detect.obj
 0003:00000ad0       ??_C@_0L@HPOO@Monster?53D?$AA@ 10023ad0     detect.obj
 0003:00000adc       ??_C@_08PJKG@S3?5ViRGE?$AA@ 10023adc     detect.obj
 0003:00000ae8       ??_C@_0N@NLMC@STB?5Bitro?53D?$AA@ 10023ae8     detect.obj
 0003:00000af8       ??_C@_0N@KJON@Righteous?53D?$AA@ 10023af8     detect.obj
 0003:00000b08       ??_C@_0O@OEBD@Apocalypse?53D?$AA@ 10023b08     detect.obj
 0003:00000b18       ??_C@_09ODNL@Midas?5PCI?$AA@ 10023b18     detect.obj
 0003:00000b24       ??_C@_0BL@MKOL@Midas?5PCI?5or?5Apocalypse?53D?$AA@ 10023b24     detect.obj
 0003:00000b40       ??_C@_07DLKH@S3ViRGE?$AA@  10023b40     detect.obj
 0003:00000b48       ??_C@_0BI@KNMH@Bug?5?9?5negative?5threads?$DP?$AA@ 10023b48     dllmain.obj
 0003:00000b60       ??_C@_0CK@GPKA@Bug?5?9?5too?5many?5processes?5trying?5@ 10023b60     dllmain.obj
 0003:00000b8c       ??_C@_0BK@OLJL@Bug?5?9?5negative?5processes?$DP?$AA@ 10023b8c     dllmain.obj
 0003:00000ba8       ??_C@_0N@DKIN@DP?5DLL?5Error?$AA@ 10023ba8     dllmain.obj
 0003:00000bb8       ??_C@_0BC@LLHH@fp?5?$CB?$DN?5?$CI?$CIvoid?5?$CK?$CJ0?$CJ?$AA@ 10023bb8     dp2.obj
 0003:00000bcc       ??_C@_0P@CCM@?4?4?2?4?4?2dp?2dp2?4c?$AA@ 10023bcc     dp2.obj
 0003:00000bdc       ??_C@_0BF@OHJI@pSess?5?$CB?$DN?5?$CI?$CIvoid?5?$CK?$CJ0?$CJ?$AA@ 10023bdc     dp2.obj
 0003:00000bf4       ??_C@_0BC@FDDE@dp?5?$CB?$DN?5?$CI?$CIvoid?5?$CK?$CJ0?$CJ?$AA@ 10023bf4     dp2.obj
 0003:00000c08       ??_C@_0BF@NBNC@fname?5?$CB?$DN?5?$CI?$CIvoid?5?$CK?$CJ0?$CJ?$AA@ 10023c08     dp2.obj
 0003:00000c20       ??_C@_07CLAB@session?$AA@  10023c20     dp2.obj
 0003:00000c28       ??_C@_01PIHH@?$CB?$AA@     10023c28     dp2.obj
 0003:00000c2c       ??_C@_0N@BOIE@launchParams?$AA@ 10023c2c     dp2.obj
 0003:00000c3c       ??_C@_0DM@OKMB@?$CItransport?5?$CB?$DN?5?$CI?$CIvoid?5?$CK?$CJ0?$CJ?$CJ?5?$HM?$HM?5?$CIt@ 10023c3c     dp2.obj
 0003:00000c78       ??_C@_0BD@MPPK@pdp?5?$CB?$DN?5?$CI?$CIvoid?5?$CK?$CJ0?$CJ?$AA@ 10023c78     dp2.obj
 0003:00000c8c       ??_C@_0CB@CMIG@masterHostNameBuf?5?$CB?$DN?5?$CI?$CIvoid?5?$CK?$CJ0?$CJ@ 10023c8c     dp2.obj
 0003:00000cb0       ??_C@_0BD@NFMI@buf?5?$CB?$DN?5?$CI?$CIvoid?5?$CK?$CJ0?$CJ?$AA@ 10023cb0     dp2.obj
 0003:00000cc4       ??_C@_0BE@BFGJ@info?5?$CB?$DN?5?$CI?$CIvoid?5?$CK?$CJ0?$CJ?$AA@ 10023cc4     dp2.obj
 0003:00000cd8       ??_C@_0CE@CBBL@dp?9?$DOdpio?9?$DOdriverinfo?5?$CB?$DN?5?$CI?$CIvoid?5?$CK@ 10023cd8     dp2.obj
 0003:00000cfc       ??_C@_0BI@NDMP@dp?9?$DOdpio?5?$CB?$DN?5?$CI?$CIvoid?5?$CK?$CJ0?$CJ?$AA@ 10023cfc     dp2.obj
 0003:00000d14       ??_C@_0BP@OBDL@dp?9?$DOdpio?9?$DOconns?5?$CB?$DN?5?$CI?$CIvoid?5?$CK?$CJ0?$CJ?$AA@ 10023d14     dp2.obj
 0003:00000d34       ??_C@_0CO@FFGM@dp?9?$DOhGameServer?5?$CB?$DN?5?$CI?$CIplayerHdl_t@ 10023d34     dp2.obj
 0003:00000d64       ??_C@_0GF@FPFN@?$CIs?9?$DOflags?5?$CG?50x01?$CJ?5?$HM?$HM?5?$CI?$CB?$CIdp?9?$DOdpio@ 10023d64     dp2.obj
 0003:00000dcc       ??_C@_0BF@MHCC@dp?9?$DOdpio?9?$DOdriverinfo?$AA@ 10023dcc     dp2.obj
 0003:00000de4       ??_C@_0KH@BEHO@?$CIreqlen?5?$DN?$DN?52?5?$CK?5sizeof?$CIdp_karma_t@ 10023de4     dp2.obj
 0003:00000e8c       ??_C@_0BD@DBPB@req?5?$CB?$DN?5?$CI?$CIvoid?5?$CK?$CJ0?$CJ?$AA@ 10023e8c     dp2.obj
 0003:00000ea0       ??_C@_0BO@BFOF@dp?9?$DOmysessions?5?$CB?$DN?5?$CI?$CIvoid?5?$CK?$CJ0?$CJ?$AA@ 10023ea0     dp2.obj
 0003:00000ec0       ??_C@_0BM@GDBE@dp?9?$DOsessions?5?$CB?$DN?5?$CI?$CIvoid?5?$CK?$CJ0?$CJ?$AA@ 10023ec0     dp2.obj
 0003:00000edc       ??_C@_0BG@DEBL@dp?9?$DOdt?5?$CB?$DN?5?$CI?$CIvoid?5?$CK?$CJ0?$CJ?$AA@ 10023edc     dp2.obj
 0003:00000ef4       ??_C@_0BC@MAHO@cb?5?$CB?$DN?5?$CI?$CIvoid?5?$CK?$CJ0?$CJ?$AA@ 10023ef4     dp2.obj
 0003:00000f08       ??_C@_0BF@CEIG@sDesc?5?$CB?$DN?5?$CI?$CIvoid?5?$CK?$CJ0?$CJ?$AA@ 10023f08     dp2.obj
 0003:00000f20       ??_C@_0BB@JNHB@dp?9?$DOdpid2commHdl?$AA@ 10023f20     dp2.obj
 0003:00000f34       ??_C@_0BB@GNLM@s?5?$CB?$DN?5?$CI?$CIvoid?5?$CK?$CJ0?$CJ?$AA@ 10023f34     dp2.obj
 0003:00000f48       ??_C@_0CN@PKEM@?$CIidFrom?5?$CB?$DN?5?$CI64000?$CL1?$CJ?$CJ?5?$CG?$CG?5?$CIidTo?5?$CB@ 10023f48     dp2.obj
 0003:00000f78       ??_C@_0P@PHOI@dp?5?$CG?$CG?5dp?9?$DOdpio?$AA@ 10023f78     dp2.obj
 0003:00000f88       ??_C@_0BE@NJJB@name?5?$CB?$DN?5?$CI?$CIvoid?5?$CK?$CJ0?$CJ?$AA@ 10023f88     dp2.obj
 0003:00000f9c       ??_C@_0DK@CCOM@?$CIidGroup?5?$DO?$DN?5dp?9?$DOfirstGId?$CJ?5?$CG?$CG?5?$CIid@ 10023f9c     dp2.obj
 0003:00000fd8       ??_C@_09GGKM@pparamVal?$AA@ 10023fd8     dp2.obj
 0003:00000fe4       ??_C@_04LEMN@info?$AA@     10023fe4     dp2.obj
 0003:00000fec       ??_C@_04NCOD@path?$AA@     10023fec     dp2.obj
 0003:00001280       ??_C@_07BJAA@AVKEGL8?$AA@  10024280     dpdllwin.obj
 0003:00001288       ??_C@_05LELA@?$CFs?1?$CFs?$AA@ 10024288     dpdllwin.obj
 0003:00001290       ??_C@_01FDHG@?$CK?$AA@     10024290     dpdllwin.obj
 0003:00001294       ??_C@_03NDIP@DLL?$AA@      10024294     dpdllwin.obj
 0003:00001298       ??_C@_08HNAH@?$CFs?1?$CK?4dll?$AA@ 10024298     dpdllwin.obj
 0003:000012a8       ??_C@_0O@ONKO@nouploadcrash?$AA@ 100242a8     dpexcept.obj
 0003:000012b8       ??_C@_05FPNF@Debug?$AA@    100242b8     dpexcept.obj
 0003:000012c0       ??_C@_0BE@IK@?4?4?2?4?4?2dp?2dpexcept?4c?$AA@ 100242c0     dpexcept.obj
 0003:000012d4       ??_C@_01FAJB@?$DL?$AA@     100242d4     dpexcept.obj
 0003:000012d8       ??_C@_08GAII@SENDCRSH?$AA@ 100242d8     dpexcept.obj
 0003:000012e4       ??_C@_01PCJP@Y?$AA@        100242e4     dpexcept.obj
 0003:000012e8       ??_C@_09BJLC@?$CFs?5?$CFs?5?$CFd?5?$AA@ 100242e8     dpexcept.obj
 0003:000012f4       ??_C@_0BD@LKCN@aeh?4activision?4com?$AA@ 100242f4     dpexcept.obj
 0003:00001308       ??_C@_0N@GNMJ@sendcrsh?4exe?$AA@ 10024308     dpexcept.obj
 0003:00001318       ??_C@_04OBKB@?$CF02x?$AA@  10024318     dpexcept.obj
 0003:00001320       ??_C@_05EGOH@?$CF02x?3?$AA@ 10024320     dpio.obj
 0003:00001328       ??_C@_0BE@HCLO@file?5?$CB?$DN?5?$CI?$CIvoid?5?$CK?$CJ0?$CJ?$AA@ 10024328     dpio.obj
 0003:0000133c       ??_C@_0BA@FDBE@?4?4?2?4?4?2dp?2dpio?4c?$AA@ 1002433c     dpio.obj
 0003:0000134c       ??_C@_0BE@CLE@dpio?5?$CB?$DN?5?$CI?$CIvoid?5?$CK?$CJ0?$CJ?$AA@ 1002434c     dpio.obj
 0003:00001360       ??_C@_0BD@KKCM@hdl?5?$CB?$DN?5?$CI?$CIvoid?5?$CK?$CJ0?$CJ?$AA@ 10024360     dpio.obj
 0003:00001374       ??_C@_06MPBL@?$AH?$AEdpio?$AA@ 10024374     dpio.obj
 0003:0000137c       ??_C@_06HEJL@dpio?$AB?$AD?$AA@ 1002437c     dpio.obj
 0003:00001384       ??_C@_07OGDM@timeout?$AA@  10024384     dpio.obj
 0003:0000138c       ??_C@_0M@DGLL@backbone_ms?$AA@ 1002438c     dpio.obj
 0003:00001398       ??_C@_0L@MKNG@bitsPerSec?$AA@ 10024398     dpio.obj
 0003:000013a4       ??_C@_05IOOI@fault?$AA@    100243a4     dpio.obj
 0003:000013ac       ??_C@_02MECO@?$CFd?$AA@    100243ac     dpio.obj
 0003:000013b0       ??_C@_07PJKI@pktloss?$AA@  100243b0     dpio.obj
 0003:000013b8       ??_C@_02JDLK@?$CFx?$AA@    100243b8     dpio.obj
 0003:000013bc       ??_C@_0N@LOHF@thisDPSTUBID?$AA@ 100243bc     dpio.obj
 0003:000013cc       ??_C@_07DHBF@portnum?$AA@  100243cc     dpio.obj
 0003:000013d4       ??_C@_03GOIM@FIN?$AA@      100243d4     dpio.obj
 0003:000013d8       ??_C@_0BD@OINN@?4?4?2?4?4?2dp?2dpscore?4c?$AA@ 100243d8     dpscore.obj
 0003:000013ec       ??_C@_0BE@ILPH@?4?4?2?4?4?2dp?2dpshutdn?4c?$AA@ 100243ec     dpshutdn.obj
 0003:00001400       ??_C@_0BB@OHMN@?4?4?2?4?4?2dp?2dptab?4c?$AA@ 10024400     dptab.obj
 0003:00001414       ??_C@_0BF@MKAA@dptab?5?$CB?$DN?5?$CI?$CIvoid?5?$CK?$CJ0?$CJ?$AA@ 10024414     dptab.obj
 0003:0000142c       ??_C@_0BG@LFIL@ptable?5?$CB?$DN?5?$CI?$CIvoid?5?$CK?$CJ0?$CJ?$AA@ 1002442c     dptab.obj
 0003:00001444       ??_C@_0BD@ODCD@tab?5?$CB?$DN?5?$CI?$CIvoid?5?$CK?$CJ0?$CJ?$AA@ 10024444     dptab.obj
 0003:00001458       ??_C@_02OGAG@cb?$AA@       10024458     dptab.obj
 0003:0000145c       ??_C@_0BL@NMJA@table?9?$DOvars?5?$CB?$DN?5?$CI?$CIvoid?5?$CK?$CJ0?$CJ?$AA@ 1002445c     dptab.obj
 0003:00001478       ??_C@_0BF@KJDE@table?5?$CB?$DN?5?$CI?$CIvoid?5?$CK?$CJ0?$CJ?$AA@ 10024478     dptab.obj
 0003:00001490       ??_C@_0CB@OPHO@subkeylen?5?$DO?50?5?$CG?$CG?5subkeylen?5?$DM?$DN?512@ 10024490     dptab.obj
 0003:000014b4       ??_C@_0BE@HDFE@pbuf?5?$CB?$DN?5?$CI?$CIvoid?5?$CK?$CJ0?$CJ?$AA@ 100244b4     dptab.obj
 0003:000014c8       ??_C@_0BE@OMME@plen?5?$CB?$DN?5?$CI?$CIvoid?5?$CK?$CJ0?$CJ?$AA@ 100244c8     dptab.obj
 0003:000014dc       ??_C@_0BH@GBNM@psubkey?5?$CB?$DN?5?$CI?$CIvoid?5?$CK?$CJ0?$CJ?$AA@ 100244dc     dptab.obj
 0003:000014f4       ??_C@_0BC@DDDL@?$CI?$CKpNpktsfree?$CJ?5?$DO?50?$AA@ 100244f4     dptab.obj
 0003:00001508       ??_C@_0BK@OMGF@pNpktsfree?5?$CB?$DN?5?$CI?$CIvoid?5?$CK?$CJ0?$CJ?$AA@ 10024508     dptab.obj
 0003:00001524       ??_C@_0BI@BODB@peer?9?$DOtx?5?$CB?$DN?5?$CI?$CIvoid?5?$CK?$CJ0?$CJ?$AA@ 10024524     dptab.obj
 0003:0000153c       ??_C@_0BE@MDKE@peer?5?$CB?$DN?5?$CI?$CIvoid?5?$CK?$CJ0?$CJ?$AA@ 1002453c     dptab.obj
 0003:00001550       ??_C@_0HJ@IFOM@?$CI?$CI?$CI?$CIsizeof?$CIdp_packetType_t?$CJ?$CL4?$CJ?5?$CL@ 10024550     dptab.obj
 0003:000015cc       ??_C@_0BL@EIFC@xfer?9?$DOtable?5?$CB?$DN?5?$CI?$CIvoid?5?$CK?$CJ0?$CJ?$AA@ 100245cc     dptab.obj
 0003:000015e8       ??_C@_0BE@NBH@xfer?5?$CB?$DN?5?$CI?$CIvoid?5?$CK?$CJ0?$CJ?$AA@ 100245e8     dptab.obj
 0003:000015fc       ??_C@_0BE@IDPL@xbuf?5?$CB?$DN?5?$CI?$CIvoid?5?$CK?$CJ0?$CJ?$AA@ 100245fc     dptab.obj
 0003:00001610       ??_C@_0L@CAAL@varlen?5?$DO?50?$AA@ 10024610     dptab.obj
 0003:0000161c       ??_C@_0BG@DBPB@varbuf?5?$CB?$DN?5?$CI?$CIvoid?5?$CK?$CJ0?$CJ?$AA@ 1002461c     dptab.obj
 0003:00001634       ??_C@_07HJA@dptab?52?$AA@  10024634     dptab.obj
 0003:0000163c       ??_C@_07PICJ@dptab?51?$AA@ 1002463c     dptab.obj
 0003:00001644       ??_C@_0BM@OPJC@dptab?9?$DOpeers?5?$CB?$DN?5?$CI?$CIvoid?5?$CK?$CJ0?$CJ?$AA@ 10024644     dptab.obj
 0003:00001660       ??_C@_0BN@JEJF@dptab?9?$DOtables?5?$CB?$DN?5?$CI?$CIvoid?5?$CK?$CJ0?$CJ?$AA@ 10024660     dptab.obj
 0003:00001680       ??_C@_0BL@LEKC@dptab?9?$DOdpio?5?$CB?$DN?5?$CI?$CIvoid?5?$CK?$CJ0?$CJ?$AA@ 10024680     dptab.obj
 0003:0000169c       ??_C@_0BK@FEGL@peer?9?$DOpubs?5?$CB?$DN?5?$CI?$CIvoid?5?$CK?$CJ0?$CJ?$AA@ 1002469c     dptab.obj
 0003:000016b8       ??_C@_0BI@CGPF@peer?9?$DOrx?5?$CB?$DN?5?$CI?$CIvoid?5?$CK?$CJ0?$CJ?$AA@ 100246b8     dptab.obj
 0003:000016d0       ??_C@_0BC@IOKB@?4?4?2?4?4?2dp?2dpuser?4c?$AA@ 100246d0     dpuser.obj
 0003:000016e4       ??_C@_08DJEI@feif?4dat?$AA@ 100246e4     enumapp.obj
 0003:000016f0       ??_C@_09KIKD@enumapp?4c?$AA@ 100246f0     enumapp.obj
 0003:000016fc       ??_C@_03NOGH@app?$AA@      100246fc     enumapp.obj
 0003:00001700       ??_C@_03BIDD@cwd?$AA@      10024700     enumapp.obj
 0003:00001704       ??_C@_0CL@EEIK@SOFTWARE?2Activision?2Activenet?2Ap@ 10024704     enumapp.obj
 0003:00001758       ??_C@_0BF@NCGD@uk1?4activision?4co?4uk?$AA@ 10024758     enumsrv2.obj
 0003:00001770       ??_C@_0N@HBMB@194?4131?48?412?$AA@ 10024770     enumsrv2.obj
 0003:00001780       ??_C@_0BJ@GEAN@us2?4alink?4activision?4com?$AA@ 10024780     enumsrv2.obj
 0003:0000179c       ??_C@_0P@JKIO@192?4215?4160?472?$AA@ 1002479c     enumsrv2.obj
 0003:000017ac       ??_C@_0BJ@LLN@us1?4alink?4activision?4com?$AA@ 100247ac     enumsrv2.obj
 0003:000017c8       ??_C@_0P@GFDH@192?4215?4160?471?$AA@ 100247c8     enumsrv2.obj
 0003:000017d8       ??_C@_0M@HGMP@servers?4dat?$AA@ 100247d8     enumsrv2.obj
 0003:000017e4       ??_C@_05JKGE@?$CFs?5?$CFs?$AA@ 100247e4     enumsrv2.obj
 0003:000017ec       ??_C@_0N@HAGK@bootserv?4txt?$AA@ 100247ec     enumsrv2.obj
 0003:00001884       ??_C@_02CLHN@?5?7?$AA@     10024884     ini.obj
 0003:00001888       ??_C@_02MMAH@rt?$AA@       10024888     ini.obj
 0003:0000188c       ??_C@_08DFDG@Language?$AA@ 1002488c     ini.obj
 0003:00001898       ??_C@_02MHMJ@?$CFu?$AA@    10024898     ini.obj
 0003:0000189c       ??_C@_08KFCA@Platform?$AA@ 1002489c     ini.obj
 0003:000018a8       ??_C@_07NHPM@?$CFd?$CF?$CKc?$CFd?$AA@ 100248a8     ini.obj
 0003:000018b0       ??_C@_07MNFD@Version?$AA@  100248b0     ini.obj
 0003:000018b8       ??_C@_0M@ELFJ@SessionType?$AA@ 100248b8     ini.obj
 0003:000018c4       ??_C@_09HLCD@ShellOpts?$AA@ 100248c4     ini.obj
 0003:000018d0       ??_C@_07OHOF@Cmdline?$AA@  100248d0     ini.obj
 0003:000018d8       ??_C@_03FFJ@Run?$AA@       100248d8     ini.obj
 0003:000018dc       ??_C@_04EFNI@Name?$AA@     100248dc     ini.obj
 0003:000018e4       ??_C@_09PJAB@ActiveNet?$AA@ 100248e4     ini.obj
 0003:000018f0       ??_C@_08NNKK@anet?4inf?$AA@ 100248f0     ini.obj
 0003:000018fc       ??_C@_01FDLN@?1?$AA@       100248fc     ini.obj
 0003:00001900       ??_C@_0M@FPA@?1OLDCONSOLE?$AA@ 10024900     launchap.obj
 0003:0000190c       ??_C@_0M@KB@?1NEWCONSOLE?$AA@ 1002490c     launchap.obj
 0003:00001918       ??_C@_01FCOA@?5?$AA@       10024918     launchap.obj
 0003:0000191c       ??_C@_0BA@EMPA@thisDPSTUBWPIPE?$AA@ 1002491c     launchap.obj
 0003:0000192c       ??_C@_0L@CDAO@thisDPSTUB?$AA@ 1002492c     launchap.obj
 0003:00001938       ??_C@_0BB@PKKL@bcfidqJnspamguzo?$AA@ 10024938     launchparams.obj
 0003:0000198c       ??_C@_084overflow?$AA@     1002498c     scorerep.obj
 0003:00001998       ??_C@_0N@JGGI@rep?9?$DOplayers?$AA@ 10024998     scorerep.obj
 0003:000019a8       ??_C@_06BJLJ@repbuf?$AA@   100249a8     scorerep.obj
 0003:000019b0       ??_C@_0BH@LCIP@?4?4?2?4?4?2score?2scorerep?4c?$AA@ 100249b0     scorerep.obj
 0003:000019c8       ??_C@_03CPJP@rep?$AA@      100249c8     scorerep.obj
 0003:000019cc       ??_C@_02FGFI@fp?$AA@       100249cc     tca.obj
 0003:000019d0       ??_C@_0BA@CJOI@?4?4?2?4?4?2tca?2tca?4c?$AA@ 100249d0     tca.obj
 0003:000019e0       ??_C@_03LHPA@tca?$AA@      100249e0     tca.obj
 0003:000019e4       ??_C@_08ODFF@n?$HMjB?$FOd7?$DP?$AA@ 100249e4     tca.obj
 0003:000019f0       ??_C@_0N@ENGB@Module32Next?$AA@ 100249f0     tlstuff.obj
 0003:00001a00       ??_C@_0O@PKHO@Module32First?$AA@ 10024a00     tlstuff.obj
 0003:00001a10       ??_C@_0BJ@OKNM@CreateToolhelp32Snapshot?$AA@ 10024a10     tlstuff.obj
 0003:00001a2c       ??_C@_0N@MMAA@KERNEL32?4DLL?$AA@ 10024a2c     tlstuff.obj
 0003:00001a3c       ??_C@_0BE@IBCI@?4?4?2?4?4?2aeh?2tlstuff?4c?$AA@ 10024a3c     tlstuff.obj
 0003:00001a50       ??_C@_0BC@NKAH@?4?4?2?4?4?2tca?2tserv?4c?$AA@ 10024a50     tserv.obj
 0003:00001a64       ??_C@_05PDE@tserv?$AA@     10024a64     tserv.obj
 0003:00001a6c       ??_C@_05BAMO@entry?$AA@    10024a6c     tserv.obj
 0003:00001a74       ??_C@_0L@LEPM@tserv?9?$DOtca?$AA@ 10024a74     tserv.obj
 0003:00001a80       ??_C@_0CA@FPKO@h?5?$CB?$DN?5?$CI?$CIplayerHdl_t?$CJ?50xfffffffc?$CJ?$AA@ 10024a80     tserv.obj
 0003:00001aa0       ??_C@_03KLBC@pci?$AA@      10024aa0     tserv.obj
 0003:00001aa4       ??_C@_0M@FLON@tserv?9?$DOdpio?$AA@ 10024aa4     tserv.obj
 0003:00001ab0       ??_C@_0DN@MOAG@?$CB?$CItserv?9?$DOplease_send_response?5?$CG?$CG@ 10024ab0     tserv.obj
 0003:00001af0       ??_C@_0CC@CDJE@src?5?$CB?$DN?5?$CI?$CIplayerHdl_t?$CJ?50xfffffffc@ 10024af0     tserv.obj
 0003:00001b14       ??_C@_06NMEN@result?$AA@   10024b14     tserv.obj
 0003:00001b1c       ??_C@_03ODEF@pkt?$AA@      10024b1c     tserv.obj
 0003:00001b20       ??_C@_0CG@JMMG@hServer?5?$CB?$DN?5?$CI?$CIplayerHdl_t?$CJ?50xffff@ 10024b20     tserv.obj
 0003:00001b48       ??_C@_0BA@IBHB@tserv?9?$DOtca?9?$DOtdb?$AA@ 10024b48     tserv.obj
 0003:00001b58       ??_C@_0L@FLEJ@secretcode?$AA@ 10024b58     tserv.obj
 0003:00001b64       ??_C@_0CN@IAHJ@tserv?9?$DOhServer?5?$CB?$DN?5?$CI?$CIplayerHdl_t?$CJ@ 10024b64     tserv.obj
 0003:00002648       ??_C@_00A@?$AA@            10025648     dp2.obj
 0003:00002f2c       __adjust_fdiv              10025f2c     <common>
 0003:00002f30       ___onexitend               10025f30     <common>
 0003:00002f34       ___onexitbegin             10025f34     <common>
 0003:00002f38       __pRawDllMain              10025f38     <common>

 entry point at        0001:0001fa0a

 Static symbols

 0001:0001e3d0       _tserv_send_challenge      1001f3d0 f   tserv.obj
 0001:0001e620       _tserv_send_response       1001f620 f   tserv.obj
 0001:0001e8a0       _tserv_send_pwchange       1001f8a0 f   tserv.obj
 0001:0001e9f0       _tserv_send_validate       1001f9f0 f   tserv.obj
 0001:0001ead0       _tserv_send_pwvalidate     1001fad0 f   tserv.obj
 0001:0001ebe0       _tserv_send_credentials1   1001fbe0 f   tserv.obj
 0001:0001f450       _tserv_hdl2pci             10020450 f   tserv.obj
 0001:0001f4b0       _tserv_handle_credentials1 100204b0 f   tserv.obj
 0001:0001c340       _freeze_element            1001d340 f   q.obj
 0001:0001c4d0       _thaw_element              1001d4d0 f   q.obj
 0001:0001b4e0       _MD5Transform              1001c4e0 f   md5c.obj
 0001:0001be10       _Encode                    1001ce10 f   md5c.obj
 0001:0001be60       _Decode                    1001ce60 f   md5c.obj
 0001:0001beb0       _MD5_memcpy                1001ceb0 f   md5c.obj
 0001:0001bed0       _MD5_memset                1001ced0 f   md5c.obj
 0001:0001ae50       _notifystub                1001be50 f   launchap.obj
 0001:0001a5b0       _stripSurroundingWhiteSpace 1001b5b0 f   ini.obj
 0001:0001aa80       _reltoabspath              1001ba80 f   ini.obj
 0001:000196b0       _sendServerPing            1001a6b0 f   enumsrv2.obj
 0001:000197c0       _addServer                 1001a7c0 f   enumsrv2.obj
 0001:00019b20       _get_bootstrap_list        1001ab20 f   enumsrv2.obj
 0001:00019cd0       _dp_subscribeServerList    1001acd0 f   enumsrv2.obj
 0001:00019e40       _serversEx_cb@24           1001ae40 f   enumsrv2.obj
 0001:00019fc0       _calc_delay                1001afc0 f   enumsrv2.obj
 0001:00019050       _getLatest                 1001a050 f   enumapp.obj
 0001:00015370       _dptab_changeSrc           10016370 f   dptab.obj
 0001:00015670       _dptab_varCreate           10016670 f   dptab.obj
 0001:00015900       _dptab_varDelete           10016900 f   dptab.obj
 0001:00015d00       _dptab_get_bykey2          10016d00 f   dptab.obj
 0001:00015fd0       _dptab_xfer_insert         10016fd0 f   dptab.obj
 0001:000160c0       _compare_xfer_keys         100170c0 f   dptab.obj
 0001:00016330       _dptab_update_destination  10017330 f   dptab.obj
 0001:00016620       _dptab_update_send_delete  10017620 f   dptab.obj
 0001:00016700       _dptab_xferBuffer_init     10017700 f   dptab.obj
 0001:00016730       _dptab_xferBuffer_flush    10017730 f   dptab.obj
 0001:00016890       _dptab_update_send_small   10017890 f   dptab.obj
 0001:00016b00       _dptab_update_send_large   10017b00 f   dptab.obj
 0001:00016e10       _dprint_buf                10017e10 f   dptab.obj
 0001:000172b0       _dptab_mapIncomingTable    100182b0 f   dptab.obj
 0001:00017ba0       _dptab_peer_freeze         10018ba0 f   dptab.obj
 0001:00017e70       _dptab_xfer_freeze         10018e70 f   dptab.obj
 0001:000181d0       _dptab_peer_thaw           100191d0 f   dptab.obj
 0001:00018470       _dptab_xfer_thaw           10019470 f   dptab.obj
 0001:00010940       _dpio_pc                   10011940 f   dpio.obj
 0001:00010960       _dpio_pw                   10011960 f   dpio.obj
 0001:00010970       _dpio_print                10011970 f   dpio.obj
 0001:000112c0       _dpio_thaw1                100122c0 f   dpio.obj
 0001:000113d0       _dpio_thaw2                100123d0 f   dpio.obj
 0001:00011660       _dpio_setNextTxTime        10012660 f   dpio.obj
 0001:00011be0       _dpio_countHdlClosing      10012be0 f   dpio.obj
 0001:00011da0       _dpio_gotAck               10012da0 f   dpio.obj
 0001:00011ff0       _dpio_update_RTT           10012ff0 f   dpio.obj
 0001:00012130       _dpio_sendAck              10013130 f   dpio.obj
 0001:00012bb0       _dpio_window_get           10013bb0 f   dpio.obj
 0001:00012c70       _dpio_handle_ping_response 10013c70 f   dpio.obj
 0001:00012d30       _dpio_sendAckLater         10013d30 f   dpio.obj
 0001:00012d50       _dpio_getReliable          10013d50 f   dpio.obj
 0001:00012ef0       _dpio_getRaw               10013ef0 f   dpio.obj
 0001:00013180       _dpio_flushPacketsForHandle 10014180 f   dpio.obj
 0001:00013310       _dpio_current_pingInterval 10014310 f   dpio.obj
 0001:00013370       _dpio_put_unreliable_unbuffered 10014370 f   dpio.obj
 0001:00013400       _dpio_put_unreliable_buffered 10014400 f   dpio.obj
 0001:0000f680       _getExceptionTable         10010680 f   dpexcept.obj
 0001:0000f6e0       _dp_makeExceptionRecords   100106e0 f   dpexcept.obj
 0001:0000faf0       _getAppParam               10010af0 f   dpexcept.obj
 0001:0000fbf0       _getSystemInfo             10010bf0 f   dpexcept.obj
 0001:0000feb0       _sendtoserver              10010eb0 f   dpexcept.obj
 0001:000100a0       _buf2hex                   100110a0 f   dpexcept.obj
 0001:0000ef40       _init_crc32                1000ff40 f   dpcrc32.obj
 0001:00004d20       _dpOpenLocalResult         10005d20 f   dp2.obj
 0001:00004e00       _dp_unpack_host            10005e00 f   dp2.obj
 0001:00004e90       _dp_player_notify          10005e90 f   dp2.obj
 0001:00004fd0       _dp_getDesiredHandleOptions 10005fd0 f   dp2.obj
 0001:00005110       _dp_pack_playerId          10006110 f   dp2.obj
 0001:000068b0       _open_sess_cb@16           100078b0 f   dp2.obj
 0001:000068e0       _listSessions_cb@16        100078e0 f   dp2.obj
 0001:00006970       _create_player_cb@16       10007970 f   dp2.obj
 0001:00006990       _chopnl                    10007990 f   dp2.obj
 0001:000069c0       _allzeros                  100079c0 f   dp2.obj
 0001:00006da0       _dp_openHdl_cb             10007da0 f   dp2.obj
 0001:00007000       _dpThaw                    10008000 f   dp2.obj
 0001:00007a60       _dp_setSessionTablePeer    10008a60 f   dp2.obj
 0001:000080f0       _dp_setSessionDesc         100090f0 f   dp2.obj
 0001:000089b0       _dpSendJoinSession         100099b0 f   dp2.obj
 0001:00008b00       _dpHandleJoinSession       10009b00 f   dp2.obj
 0001:00009010       _dpSendErrorPacket         1000a010 f   dp2.obj
 0001:00009060       _dp_pack_host              1000a060 f   dp2.obj
 0001:000090d0       _dp_subscribe_client       1000a0d0 f   dp2.obj
 0001:00009250       _dp_selectSessionForHost   1000a250 f   dp2.obj
 0001:00009470       _dpSendIndirectJoin        1000a470 f   dp2.obj
 0001:000094e0       _initOpenSession           1000a4e0 f   dp2.obj
 0001:00009c10       _dp_subscribe_host         1000ac10 f   dp2.obj
 0001:00009c80       _findSessionWithKarma      1000ac80 f   dp2.obj
 0001:00009cd0       _dpOpen_dummy_cb@16        1000acd0 f   dp2.obj
 0001:0000a250       _dpSendLeaveSession        1000b250 f   dp2.obj
 0001:0000a2e0       _dpHandleLeaveSession      1000b2e0 f   dp2.obj
 0001:0000b3b0       _dpRemoteEnumPlayers       1000c3b0 f   dp2.obj
 0001:0000b6a0       _dpRemoteEnumPlayersEx     1000c6a0 f   dp2.obj
 0001:0000b8a0       _dp_election_start         1000c8a0 f   dp2.obj
 0001:0000b990       _dp_election_end           1000c990 f   dp2.obj
 0001:0000ba10       _dp_election_peer_deleted  1000ca10 f   dp2.obj
 0001:0000ba50       _dpHandleVote              1000ca50 f   dp2.obj
 0001:0000bcb0       _dp_election_set_master    1000ccb0 f   dp2.obj
 0001:0000bd80       _dp_election_register_vote 1000cd80 f   dp2.obj
 0001:0000bdb0       _dp_election_tally         1000cdb0 f   dp2.obj
 0001:0000bec0       _dp_election_inaugerate_winner 1000cec0 f   dp2.obj
 0001:0000c010       _dp_election_become_master 1000d010 f   dp2.obj
 0001:0000c280       _dpSendVote                1000d280 f   dp2.obj
 0001:0000c380       _dpSendVictory             1000d380 f   dp2.obj
 0001:0000c440       _dpElectMaster             1000d440 f   dp2.obj
 0001:0000c4c0       _dp_findLowestHost         1000d4c0 f   dp2.obj
 0001:0000c6f0       _dp_receive                1000d6f0 f   dp2.obj
 0001:0000d070       _dpSendSessionLostPacket   1000e070 f   dp2.obj
 0001:0000d0d0       _dpHandleSelectedSession   1000e0d0 f   dp2.obj
 0001:0000d230       _dpSetPlayerUid            1000e230 f   dp2.obj
 0001:0000d320       _dpHandleVictory           1000e320 f   dp2.obj
 0001:0000d420       _dpPoll                    1000e420 f   dp2.obj
 0001:0000d770       _dp_election_poll          1000e770 f   dp2.obj
 0001:0000d7d0       _dpHandlePingPacket        1000e7d0 f   dp2.obj
 0001:0000d820       _dpPollPing                1000e820 f   dp2.obj
 0001:0000d990       _dp_sendLatencyDelta       1000e990 f   dp2.obj
 0001:0000da40       _dp_getBroadcastHdls       1000ea40 f   dp2.obj
 0001:0000daf0       _dp_getHdls                1000eaf0 f   dp2.obj
 0001:0000db50       _dp_getGroupHdls           1000eb50 f   dp2.obj
 0001:00002730       _cookey                    10003730 f   d3des.obj
 0001:00002860       _scrunch                   10003860 f   d3des.obj
 0001:000028d0       _unscrun                   100038d0 f   d3des.obj
 0001:00002920       _desfunc                   10003920 f   d3des.obj
 0001:00001f20       _aehlog_clear              10002f20 f   aehlog.obj
 0001:00002060       _aehlog_readfromfile       10003060 f   aehlog.obj
 0001:00000720       _aehmod_Create             10001720 f   aeh.obj
 0001:000008c0       _aehmod_add                100018c0 f   aeh.obj
 0001:00000a50       _aeh_StackandModDump       10001a50 f   aeh.obj
 0001:00000cb0       _aehmod_PosGet             10001cb0 f   aeh.obj
 0001:00000e90       _aehmod_NameGet            10001e90 f   aeh.obj
 0001:00000f10       _aeh_setStackandModInfo    10001f10 f   aeh.obj
 0001:00001d00       _putStream                 10002d00 f   aeh.obj
 0001:00001d70       _putCharStream             10002d70 f   aeh.obj
 0001:00001e30       _putStreamErrFull          10002e30 f   aeh.obj

 192 bytes saved through ICF

