 gtest2dd

 Timestamp is 3726ef75 (Wed Apr 28 04:22:29 1999)

 Preferred load address is 00400000

 Start         Length     Name                   Class
 0001:00000000 0000a56eH .text                   CODE
 0002:00000000 0000007cH .rdata                  DATA
 0002:0000007c 00000000H .edata                  DATA
 0003:00000000 00000004H .CRT$XCA                DATA
 0003:00000004 00000004H .CRT$XCZ                DATA
 0003:00000008 00000004H .CRT$XIA                DATA
 0003:0000000c 00000004H .CRT$XIZ                DATA
 0003:00000010 000062bcH .data                   DATA
 0003:000062d0 00008adcH .bss                    DATA
 0004:00000000 0000003cH .idata$2                DATA
 0004:0000003c 00000014H .idata$3                DATA
 0004:00000050 000001ecH .idata$4                DATA
 0004:0000023c 000001ecH .idata$5                DATA
 0004:00000428 000006baH .idata$6                DATA

  Address         Publics by Value              Rva+Base   Lib:Object

 0001:00000000       _dp_avgstat_init           00401000 f avgstat.obj
 0001:00000138       _mymax                     00401138 f avgstat.obj
 0001:000001cb       _subtract                  004011cb f avgstat.obj
 0001:0000030e       _dp_avgstat_poll           0040130e f avgstat.obj
 0001:00000674       _dp_avgstat_print          00401674 f avgstat.obj
 0001:00000750       _dp_crc32_inc              00401750 f dpcrc32.obj
 0001:0000083c       _dp_crc32                  0040183c f dpcrc32.obj
 0001:00000860       _dp_fil_crc32              00401860 f dpcrc32.obj
 0001:00000900       _eclock_win32              00401900 f eclock.obj
 0001:00000990       _enumGroupsByNameCallback@16 00401990 f gtest.obj
 0001:00000a02       _enumGroupsByName          00401a02 f gtest.obj
 0001:00000a84       _stuffChatText             00401a84 f gtest.obj
 0001:00000ace       _spam_packets              00401ace f gtest.obj
 0001:00000bea       _enumTransports_cb@12      00401bea f gtest.obj
 0001:00000d8b       _listServersEx_cb@24       00401d8b f gtest.obj
 0001:00000e8e       _listServers_cb@20         00401e8e f gtest.obj
 0001:00000ebb       _listSessions_cb@16        00401ebb f gtest.obj
 0001:00000fe6       _listPlayers_cb@16         00401fe6 f gtest.obj
 0001:00001102       _listPlayersEx_cb@20       00402102 f gtest.obj
 0001:0000128a       _listGroups_cb@16          0040228a f gtest.obj
 0001:00001311       _delGroups_cb@16           00402311 f gtest.obj
 0001:0000139c       _countMyPlayers            0040239c f gtest.obj
 0001:000014c3       _create_sess_cb@16         004024c3 f gtest.obj
 0001:0000153c       _connection_cb@28          0040253c f gtest.obj
 0001:000016bb       _join_sess_cb@16           004026bb f gtest.obj
 0001:00001783       _joinSessionByName         00402783 f gtest.obj
 0001:000018b5       _create_player_cb@16       004028b5 f gtest.obj
 0001:0000196b       _ping_callback@12          0040296b f gtest.obj
 0001:000019d4       _pingPlayerCallback@16     004029d4 f gtest.obj
 0001:00001abc       _PingPlayerByName          00402abc f gtest.obj
 0001:00001bca       _listApps_cb@8             00402bca f gtest.obj
 0001:00001d6a       _pickApp                   00402d6a f gtest.obj
 0001:00001e1a       _SendChatMessage           00402e1a f gtest.obj
 0001:00001e78       _process_turn              00402e78 f gtest.obj
 0001:00001e83       _statprint_fn              00402e83 f gtest.obj
 0001:00001e9f       _processChatCommand        00402e9f f gtest.obj
 0001:00008064       _usage                     00409064 f gtest.obj
 0001:0000807d       _ProcessCommandLine        0040907d f gtest.obj
 0001:000085e5       _main                      004095e5 f gtest.obj
 0001:00009e40       _raw_set_stdio             0040ae40 f raw.obj
 0001:00009e4b       _raw_kbhit                 0040ae4b f raw.obj
 0001:00009e61       _raw_getc                  0040ae61 f raw.obj
 0001:00009e80       _alarm                     0040ae80 f unistd.obj
 0001:00009f56       _sleep                     0040af56 f unistd.obj
 0001:00009f7e       _dpGetStats                0040af7e f anet2d:anet2d.dll
 0001:00009f84       _dp_dprintf                0040af84 f anet2d:anet2d.dll
 0001:00009f8a       _dpEnumGroups              0040af8a f anet2d:anet2d.dll
 0001:00009f90       _dpSend                    0040af90 f anet2d:anet2d.dll
 0001:00009f96       _dpEnumPorts               0040af96 f anet2d:anet2d.dll
 0001:00009f9c       _dpGetPlayerCaps           0040af9c f anet2d:anet2d.dll
 0001:00009fa2       _dpDestroyGroup            0040afa2 f anet2d:anet2d.dll
 0001:00009fa8       _dpEnumPlayers             0040afa8 f anet2d:anet2d.dll
 0001:00009fae       _dpOpen                    0040afae f anet2d:anet2d.dll
 0001:00009fb4       _dpPingUser                0040afb4 f anet2d:anet2d.dll
 0001:00009fba       _dpDestroy                 0040afba f anet2d:anet2d.dll
 0001:00009fc0       _dpLaunchApp               0040afc0 f anet2d:anet2d.dll
 0001:00009fc6       _dpGetTransportInfo        0040afc6 f anet2d:anet2d.dll
 0001:00009fcc       _dpFreeze                  0040afcc f anet2d:anet2d.dll
 0001:00009fd2       _dpDownloadUpdate          0040afd2 f anet2d:anet2d.dll
 0001:00009fd8       _dpGetAppVersion           0040afd8 f anet2d:anet2d.dll
 0001:00009fde       _dpEnumApp                 0040afde f anet2d:anet2d.dll
 0001:00009fe4       _dpGetCaps                 0040afe4 f anet2d:anet2d.dll
 0001:00009fea       _dpGetPlayerData           0040afea f anet2d:anet2d.dll
 0001:00009ff0       _dpGetPlayerName           0040aff0 f anet2d:anet2d.dll
 0001:00009ff6       _dpSetPlayerData           0040aff6 f anet2d:anet2d.dll
 0001:00009ffc       _dpEnumGroupPlayers        0040affc f anet2d:anet2d.dll
 0001:0000a002       _dpDeletePlayerFromGroup   0040b002 f anet2d:anet2d.dll
 0001:0000a008       _dpAddPlayerToGroup        0040b008 f anet2d:anet2d.dll
 0001:0000a00e       _dpCreateGroup             0040b00e f anet2d:anet2d.dll
 0001:0000a014       _dpSetPlayerBlob           0040b014 f anet2d:anet2d.dll
 0001:0000a01a       _dpSetPlayerName           0040b01a f anet2d:anet2d.dll
 0001:0000a020       _dpDestroyPlayer           0040b020 f anet2d:anet2d.dll
 0001:0000a026       _dpCreatePlayer            0040b026 f anet2d:anet2d.dll
 0001:0000a02c       _dpEnableNewPlayers        0040b02c f anet2d:anet2d.dll
 0001:0000a032       _dpEnumPlayersEx           0040b032 f anet2d:anet2d.dll
 0001:0000a038       _dpGetSessionDesc          0040b038 f anet2d:anet2d.dll
 0001:0000a03e       _dpRequestObjectDeltas     0040b03e f anet2d:anet2d.dll
 0001:0000a044       _dpGetSessionId            0040b044 f anet2d:anet2d.dll
 0001:0000a04a       _dpSetPingIntervals        0040b04a f anet2d:anet2d.dll
 0001:0000a050       _dpEnumSessions            0040b050 f anet2d:anet2d.dll
 0001:0000a056       _dpClose                   0040b056 f anet2d:anet2d.dll
 0001:0000a05c       _dpResolveHostname         0040b05c f anet2d:anet2d.dll
 0001:0000a062       _dpSetSessionDesc          0040b062 f anet2d:anet2d.dll
 0001:0000a068       _dpDeclareLobby            0040b068 f anet2d:anet2d.dll
 0001:0000a06e       _dpCreate                  0040b06e f anet2d:anet2d.dll
 0001:0000a074       __dax9                     0040b074 f anet2d:anet2d.dll
 0001:0000a07a       __dax8                     0040b07a f anet2d:anet2d.dll
 0001:0000a080       __dax7                     0040b080 f anet2d:anet2d.dll
 0001:0000a086       _dpRequestEmail            0040b086 f anet2d:anet2d.dll
 0001:0000a08c       __daaa                     0040b08c f anet2d:anet2d.dll
 0001:0000a092       __dala                     0040b092 f anet2d:anet2d.dll
 0001:0000a098       _dpSetGameServerEx         0040b098 f anet2d:anet2d.dll
 0001:0000a09e       _dpEnumServers             0040b09e f anet2d:anet2d.dll
 0001:0000a0a4       _dpEnumServersEx           0040b0a4 f anet2d:anet2d.dll
 0001:0000a0aa       _dpEnumTransports          0040b0aa f anet2d:anet2d.dll
 0001:0000a0b0       _dpSetGameServer           0040b0b0 f anet2d:anet2d.dll
 0001:0000a0b6       _dp_setLogFname            0040b0b6 f anet2d:anet2d.dll
 0001:0000a0bc       _dpReportCrashEx           0040b0bc f anet2d:anet2d.dll
 0001:0000a0c2       _dpNumPlayers              0040b0c2 f anet2d:anet2d.dll
 0001:0000a0c8       _dpReceive                 0040b0c8 f anet2d:anet2d.dll
 0001:0000a0ce       _dpSetConnCallback         0040b0ce f anet2d:anet2d.dll
 0001:0000a0d4       _dp_enableDebugPrint       0040b0d4 f anet2d:anet2d.dll
 0001:0000a0da       _dpini_SetFile             0040b0da f anet2d:anet2d.dll
 0001:0000a0e0       _GetTickCount@0            0040b0e0 f kernel32:KERNEL32.dll
 0001:0000a0e6       _GetSystemTime@4           0040b0e6 f kernel32:KERNEL32.dll
 0001:0000a0ec       _Sleep@4                   0040b0ec f kernel32:KERNEL32.dll
 0001:0000a0f2       _GetCurrentProcessId@0     0040b0f2 f kernel32:KERNEL32.dll
 0001:0000a0f8       _CreateThread@24           0040b0f8 f kernel32:KERNEL32.dll
 0001:0000a0fe       _TerminateThread@8         0040b0fe f kernel32:KERNEL32.dll
 0001:0000a104       _memset                    0040b104 f MSVCRTD:MSVCRTD.dll
 0001:0000a10a       _time                      0040b10a f MSVCRTD:MSVCRTD.dll
 0001:0000a110       _sprintf                   0040b110 f MSVCRTD:MSVCRTD.dll
 0001:0000a116       _fread                     0040b116 f MSVCRTD:MSVCRTD.dll
 0001:0000a120       __alloca_probe             0040b120   MSVCRTD:chkstk.obj
 0001:0000a120       __chkstk                   0040b120   MSVCRTD:chkstk.obj
 0001:0000a150       _strlen                    0040b150 f MSVCRTD:MSVCRTD.dll
 0001:0000a156       _fflush                    0040b156 f MSVCRTD:MSVCRTD.dll
 0001:0000a15c       ___p__iob                  0040b15c f MSVCRTD:MSVCRTD.dll
 0001:0000a162       _printf                    0040b162 f MSVCRTD:MSVCRTD.dll
 0001:0000a168       _strcpy                    0040b168 f MSVCRTD:MSVCRTD.dll
 0001:0000a16e       __strdup                   0040b16e f MSVCRTD:MSVCRTD.dll
 0001:0000a174       _strcat                    0040b174 f MSVCRTD:MSVCRTD.dll
 0001:0000a17a       _exit                      0040b17a f MSVCRTD:MSVCRTD.dll
 0001:0000a180       _free                      0040b180 f MSVCRTD:MSVCRTD.dll
 0001:0000a186       _sscanf                    0040b186 f MSVCRTD:MSVCRTD.dll
 0001:0000a18c       ___p__pctype               0040b18c f MSVCRTD:MSVCRTD.dll
 0001:0000a192       __isctype                  0040b192 f MSVCRTD:MSVCRTD.dll
 0001:0000a198       ___p___mb_cur_max          0040b198 f MSVCRTD:MSVCRTD.dll
 0001:0000a19e       _malloc                    0040b19e f MSVCRTD:MSVCRTD.dll
 0001:0000a1a4       _fclose                    0040b1a4 f MSVCRTD:MSVCRTD.dll
 0001:0000a1aa       _fopen                     0040b1aa f MSVCRTD:MSVCRTD.dll
 0001:0000a1b0       _strncpy                   0040b1b0 f MSVCRTD:MSVCRTD.dll
 0001:0000a1b6       _strcmp                    0040b1b6 f MSVCRTD:MSVCRTD.dll
 0001:0000a1bc       _atoi                      0040b1bc f MSVCRTD:MSVCRTD.dll
 0001:0000a1c2       __ftol                     0040b1c2 f MSVCRTD:MSVCRTD.dll
 0001:0000a1c8       _strchr                    0040b1c8 f MSVCRTD:MSVCRTD.dll
 0001:0000a1d0       _fseek                     0040b1d0 f MSVCRTD:MSVCRTD.dll
 0001:0000a1d6       _ftell                     0040b1d6 f MSVCRTD:MSVCRTD.dll
 0001:0000a1dc       _toupper                   0040b1dc f MSVCRTD:MSVCRTD.dll
 0001:0000a1e2       _perror                    0040b1e2 f MSVCRTD:MSVCRTD.dll
 0001:0000a1e8       __except_handler3          0040b1e8 f MSVCRTD:MSVCRTD.dll
 0001:0000a1ee       __assert                   0040b1ee f MSVCRTD:MSVCRTD.dll
 0001:0000a1f4       _putchar                   0040b1f4 f MSVCRTD:MSVCRTD.dll
 0001:0000a1fa       _puts                      0040b1fa f MSVCRTD:MSVCRTD.dll
 0001:0000a200       _fgets                     0040b200 f MSVCRTD:MSVCRTD.dll
 0001:0000a206       _srand                     0040b206 f MSVCRTD:MSVCRTD.dll
 0001:0000a20c       _rand                      0040b20c f MSVCRTD:MSVCRTD.dll
 0001:0000a212       _raise                     0040b212 f MSVCRTD:MSVCRTD.dll
 0001:0000a220       _mainCRTStartup            0040b220 f MSVCRTD:crtexe.obj
 0001:0000a398       __exit                     0040b398 f MSVCRTD:MSVCRTD.dll
 0001:0000a39e       __XcptFilter               0040b39e f MSVCRTD:MSVCRTD.dll
 0001:0000a3a4       ___p___initenv             0040b3a4 f MSVCRTD:MSVCRTD.dll
 0001:0000a3aa       __initterm                 0040b3aa f MSVCRTD:MSVCRTD.dll
 0001:0000a3b0       ___getmainargs             0040b3b0 f MSVCRTD:MSVCRTD.dll
 0001:0000a3c0       __setdefaultprecision      0040b3c0 f MSVCRTD:fp8.obj
 0001:0000a3de       ___setusermatherr          0040b3de f MSVCRTD:MSVCRTD.dll
 0001:0000a3f0       __matherr                  0040b3f0 f MSVCRTD:merr.obj
 0001:0000a410       __setargv                  0040b410 f MSVCRTD:dllargv.obj
 0001:0000a41c       ___p__commode              0040b41c f MSVCRTD:MSVCRTD.dll
 0001:0000a422       ___p__fmode                0040b422 f MSVCRTD:MSVCRTD.dll
 0001:0000a430       __onexit                   0040b430 f MSVCRTD:atonexit.obj
 0001:0000a500       _atexit                    0040b500 f MSVCRTD:atonexit.obj
 0001:0000a530       ___set_app_type            0040b530 f MSVCRTD:MSVCRTD.dll
 0001:0000a536       __controlfp                0040b536 f MSVCRTD:MSVCRTD.dll
 0001:0000a53c       ___dllonexit               0040b53c f MSVCRTD:MSVCRTD.dll
 0001:0000a550       _GetVersion@0              0040b550 f kernel32:KERNEL32.dll
 0001:0000a556       __strnicmp                 0040b556 f MSVCRTD:MSVCRTD.dll
 0001:0000a55c       __stricmp                  0040b55c f MSVCRTD:MSVCRTD.dll
 0001:0000a562       __kbhit                    0040b562 f MSVCRTD:MSVCRTD.dll
 0001:0000a568       __getch                    0040b568 f MSVCRTD:MSVCRTD.dll
 0003:00000000       ___xc_a                    0040d000   MSVCRTD:cinitexe.obj
 0003:00000004       ___xc_z                    0040d004   MSVCRTD:cinitexe.obj
 0003:00000008       ___xi_a                    0040d008   MSVCRTD:cinitexe.obj
 0003:0000000c       ___xi_z                    0040d00c   MSVCRTD:cinitexe.obj
 0003:00000224       _myGameHost                0040d224   gtest.obj
 0003:00000228       _myID                      0040d228   gtest.obj
 0003:0000022c       _mylowestId                0040d22c   gtest.obj
 0003:00000230       _myDP                      0040d230   gtest.obj
 0003:00000234       _exitCode                  0040d234   gtest.obj
 0003:00000238       _n_sessions                0040d238   gtest.obj
 0003:0000023c       _n_players                 0040d23c   gtest.obj
 0003:00000240       _n_apps                    0040d240   gtest.obj
 0003:00000244       _thisPlayer                0040d244   gtest.obj
 0003:00000248       _thisGroup                 0040d248   gtest.obj
 0003:0000024c       _anyPlayer                 0040d24c   gtest.obj
 0003:00000250       _anyGroup                  0040d250   gtest.obj
 0003:00000254       _myUID                     0040d254   gtest.obj
 0003:00000258       _app_pick                  0040d258   gtest.obj
 0003:0000025c       _theError                  0040d25c   gtest.obj
 0003:00000260       _pleaseQuit                0040d260   gtest.obj
 0003:00000264       _dontCreate                0040d264   gtest.obj
 0003:00000268       _busyTime                  0040d268   gtest.obj
 0003:0000026c       _busyLoops                 0040d26c   gtest.obj
 0003:00000270       _loops_done                0040d270   gtest.obj
 0003:00000274       _firstLoop                 0040d274   gtest.obj
 0003:00000278       _spam_pktsz                0040d278   gtest.obj
 0003:0000027c       _spam_To                   0040d27c   gtest.obj
 0003:00000280       _nextSpam                  0040d280   gtest.obj
 0003:00000284       _spam_time                 0040d284   gtest.obj
 0003:00000288       _spams_received            0040d288   gtest.obj
 0003:0000028c       _spam_recsz                0040d28c   gtest.obj
 0003:00000290       _frst_recSpam              0040d290   gtest.obj
 0003:00000294       _scriptfname               0040d294   gtest.obj
 0003:00000298       _scriptfp                  0040d298   gtest.obj
 0003:0000029c       _use_dpio                  0040d29c   gtest.obj
 0003:000002a0       _callbacksFinished         0040d2a0   gtest.obj
 0003:000002a4       _waiting                   0040d2a4   gtest.obj
 0003:000002a8       _sleep_until               0040d2a8   gtest.obj
 0003:000002ac       _cur_species               0040d2ac   gtest.obj
 0003:000006b4       _theVar                    0040d6b4   gtest.obj
 0003:000062b0       __dowildcard               004132b0   MSVCRTD:wildcard.obj
 0003:000062b4       __newmode                  004132b4   MSVCRTD:_newmode.obj
 0003:000062b8       ___defaultmatherr          004132b8   MSVCRTD:merr.obj
 0003:000062bc       __commode                  004132bc   MSVCRTD:xncommod.obj
 0003:000062c0       __fmode                    004132c0   MSVCRTD:xtxtmode.obj
 0003:000062c4       ___win32sflag              004132c4   MSVCRTD:atonexit.obj
 0003:00006ce0       _dpio_now                  00413ce0   <common>
 0003:00006cf0       _commInitReq               00413cf0   <common>
 0003:00006d20       _avgstat                   00413d20   <common>
 0003:0000bf7c       _id_notifier               00418f7c   <common>
 0003:0000bf80       _apps                      00418f80   <common>
 0003:0000c600       _CommDLLName               00419600   <common>
 0003:0000c680       _sessions                  00419680   <common>
 0003:0000eba0       _phonenum                  0041bba0   <common>
 0003:0000eca0       _modeministr               0041bca0   <common>
 0003:0000eda0       ___onexitend               0041bda0   <common>
 0003:0000eda4       ___onexitbegin             0041bda4   <common>
 0003:0000eda8       __adjust_fdiv              0041bda8   <common>
 0004:00000000       __IMPORT_DESCRIPTOR_anet2d 0041c000   anet2d:anet2d.dll
 0004:00000014       __IMPORT_DESCRIPTOR_KERNEL32 0041c014   kernel32:KERNEL32.dll
 0004:00000028       __IMPORT_DESCRIPTOR_MSVCRTD 0041c028   MSVCRTD:MSVCRTD.dll
 0004:0000003c       __NULL_IMPORT_DESCRIPTOR   0041c03c   anet2d:anet2d.dll
 0004:0000023c       __imp__GetSystemTime@4     0041c23c   kernel32:KERNEL32.dll
 0004:00000240       __imp__Sleep@4             0041c240   kernel32:KERNEL32.dll
 0004:00000244       __imp__GetVersion@0        0041c244   kernel32:KERNEL32.dll
 0004:00000248       __imp__TerminateThread@8   0041c248   kernel32:KERNEL32.dll
 0004:0000024c       __imp__CreateThread@24     0041c24c   kernel32:KERNEL32.dll
 0004:00000250       __imp__GetCurrentProcessId@0 0041c250   kernel32:KERNEL32.dll
 0004:00000254       __imp__GetTickCount@0      0041c254   kernel32:KERNEL32.dll
 0004:00000258       \177KERNEL32_NULL_THUNK_DATA 0041c258   kernel32:KERNEL32.dll
 0004:0000025c       __imp__kbhit               0041c25c   MSVCRTD:MSVCRTD.dll
 0004:0000025c       __imp___kbhit              0041c25c   MSVCRTD:MSVCRTD.dll
 0004:00000260       __imp___getch              0041c260   MSVCRTD:MSVCRTD.dll
 0004:00000260       __imp__getch               0041c260   MSVCRTD:MSVCRTD.dll
 0004:00000264       __imp___onexit             0041c264   MSVCRTD:MSVCRTD.dll
 0004:00000268       __imp____dllonexit         0041c268   MSVCRTD:MSVCRTD.dll
 0004:0000026c       __imp___controlfp          0041c26c   MSVCRTD:MSVCRTD.dll
 0004:00000270       __imp____set_app_type      0041c270   MSVCRTD:MSVCRTD.dll
 0004:00000274       __imp____p__fmode          0041c274   MSVCRTD:MSVCRTD.dll
 0004:00000278       __imp____p__commode        0041c278   MSVCRTD:MSVCRTD.dll
 0004:0000027c       __imp___adjust_fdiv        0041c27c   MSVCRTD:MSVCRTD.dll
 0004:00000280       __imp____setusermatherr    0041c280   MSVCRTD:MSVCRTD.dll
 0004:00000284       __imp____getmainargs       0041c284   MSVCRTD:MSVCRTD.dll
 0004:00000288       __imp___initterm           0041c288   MSVCRTD:MSVCRTD.dll
 0004:0000028c       __imp____p___initenv       0041c28c   MSVCRTD:MSVCRTD.dll
 0004:00000290       __imp___XcptFilter         0041c290   MSVCRTD:MSVCRTD.dll
 0004:00000294       __imp___exit               0041c294   MSVCRTD:MSVCRTD.dll
 0004:00000298       __imp__raise               0041c298   MSVCRTD:MSVCRTD.dll
 0004:0000029c       __imp__rand                0041c29c   MSVCRTD:MSVCRTD.dll
 0004:000002a0       __imp__srand               0041c2a0   MSVCRTD:MSVCRTD.dll
 0004:000002a4       __imp__fgets               0041c2a4   MSVCRTD:MSVCRTD.dll
 0004:000002a8       __imp__puts                0041c2a8   MSVCRTD:MSVCRTD.dll
 0004:000002ac       __imp__putchar             0041c2ac   MSVCRTD:MSVCRTD.dll
 0004:000002b0       __imp___assert             0041c2b0   MSVCRTD:MSVCRTD.dll
 0004:000002b4       __imp___except_handler3    0041c2b4   MSVCRTD:MSVCRTD.dll
 0004:000002b8       __imp__perror              0041c2b8   MSVCRTD:MSVCRTD.dll
 0004:000002bc       __imp__toupper             0041c2bc   MSVCRTD:MSVCRTD.dll
 0004:000002c0       __imp__ftell               0041c2c0   MSVCRTD:MSVCRTD.dll
 0004:000002c4       __imp__fseek               0041c2c4   MSVCRTD:MSVCRTD.dll
 0004:000002c8       __imp__strchr              0041c2c8   MSVCRTD:MSVCRTD.dll
 0004:000002cc       __imp___ftol               0041c2cc   MSVCRTD:MSVCRTD.dll
 0004:000002d0       __imp__atoi                0041c2d0   MSVCRTD:MSVCRTD.dll
 0004:000002d4       __imp__strcmp              0041c2d4   MSVCRTD:MSVCRTD.dll
 0004:000002d8       __imp__strncpy             0041c2d8   MSVCRTD:MSVCRTD.dll
 0004:000002dc       __imp__fopen               0041c2dc   MSVCRTD:MSVCRTD.dll
 0004:000002e0       __imp__fclose              0041c2e0   MSVCRTD:MSVCRTD.dll
 0004:000002e4       __imp__malloc              0041c2e4   MSVCRTD:MSVCRTD.dll
 0004:000002e8       __imp____p___mb_cur_max    0041c2e8   MSVCRTD:MSVCRTD.dll
 0004:000002ec       __imp___isctype            0041c2ec   MSVCRTD:MSVCRTD.dll
 0004:000002f0       __imp____p__pctype         0041c2f0   MSVCRTD:MSVCRTD.dll
 0004:000002f4       __imp__sscanf              0041c2f4   MSVCRTD:MSVCRTD.dll
 0004:000002f8       __imp__free                0041c2f8   MSVCRTD:MSVCRTD.dll
 0004:000002fc       __imp__exit                0041c2fc   MSVCRTD:MSVCRTD.dll
 0004:00000300       __imp__strcat              0041c300   MSVCRTD:MSVCRTD.dll
 0004:00000304       __imp___strdup             0041c304   MSVCRTD:MSVCRTD.dll
 0004:00000308       __imp__strcpy              0041c308   MSVCRTD:MSVCRTD.dll
 0004:0000030c       __imp__printf              0041c30c   MSVCRTD:MSVCRTD.dll
 0004:00000310       __imp____p__iob            0041c310   MSVCRTD:MSVCRTD.dll
 0004:00000314       __imp__fflush              0041c314   MSVCRTD:MSVCRTD.dll
 0004:00000318       __imp__strlen              0041c318   MSVCRTD:MSVCRTD.dll
 0004:0000031c       __imp__fread               0041c31c   MSVCRTD:MSVCRTD.dll
 0004:00000320       __imp__sprintf             0041c320   MSVCRTD:MSVCRTD.dll
 0004:00000324       __imp__strnicmp            0041c324   MSVCRTD:MSVCRTD.dll
 0004:00000324       __imp___strnicmp           0041c324   MSVCRTD:MSVCRTD.dll
 0004:00000328       __imp___stricmp            0041c328   MSVCRTD:MSVCRTD.dll
 0004:00000328       __imp__stricmp             0041c328   MSVCRTD:MSVCRTD.dll
 0004:0000032c       __imp__time                0041c32c   MSVCRTD:MSVCRTD.dll
 0004:00000330       __imp__memset              0041c330   MSVCRTD:MSVCRTD.dll
 0004:00000334       \177MSVCRTD_NULL_THUNK_DATA 0041c334   MSVCRTD:MSVCRTD.dll
 0004:00000338       __imp__dpGetPlayerCaps     0041c338   anet2d:anet2d.dll
 0004:0000033c       __imp__dpEnumPorts         0041c33c   anet2d:anet2d.dll
 0004:00000340       __imp__dpOpen              0041c340   anet2d:anet2d.dll
 0004:00000344       __imp__dpini_SetFile       0041c344   anet2d:anet2d.dll
 0004:00000348       __imp__dp_enableDebugPrint 0041c348   anet2d:anet2d.dll
 0004:0000034c       __imp__dpSetConnCallback   0041c34c   anet2d:anet2d.dll
 0004:00000350       __imp__dpReceive           0041c350   anet2d:anet2d.dll
 0004:00000354       __imp__dpNumPlayers        0041c354   anet2d:anet2d.dll
 0004:00000358       __imp__dpReportCrashEx     0041c358   anet2d:anet2d.dll
 0004:0000035c       __imp__dp_setLogFname      0041c35c   anet2d:anet2d.dll
 0004:00000360       __imp__dpSetGameServer     0041c360   anet2d:anet2d.dll
 0004:00000364       __imp__dpEnumTransports    0041c364   anet2d:anet2d.dll
 0004:00000368       __imp__dpEnumServersEx     0041c368   anet2d:anet2d.dll
 0004:0000036c       __imp__dpEnumServers       0041c36c   anet2d:anet2d.dll
 0004:00000370       __imp__dpSetGameServerEx   0041c370   anet2d:anet2d.dll
 0004:00000374       __imp___dala               0041c374   anet2d:anet2d.dll
 0004:00000378       __imp___daaa               0041c378   anet2d:anet2d.dll
 0004:0000037c       __imp__dpRequestEmail      0041c37c   anet2d:anet2d.dll
 0004:00000380       __imp___dax7               0041c380   anet2d:anet2d.dll
 0004:00000384       __imp___dax8               0041c384   anet2d:anet2d.dll
 0004:00000388       __imp___dax9               0041c388   anet2d:anet2d.dll
 0004:0000038c       __imp__dpCreate            0041c38c   anet2d:anet2d.dll
 0004:00000390       __imp__dpDeclareLobby      0041c390   anet2d:anet2d.dll
 0004:00000394       __imp__dpSetSessionDesc    0041c394   anet2d:anet2d.dll
 0004:00000398       __imp__dpResolveHostname   0041c398   anet2d:anet2d.dll
 0004:0000039c       __imp__dpClose             0041c39c   anet2d:anet2d.dll
 0004:000003a0       __imp__dpEnumSessions      0041c3a0   anet2d:anet2d.dll
 0004:000003a4       __imp__dpSetPingIntervals  0041c3a4   anet2d:anet2d.dll
 0004:000003a8       __imp__dpGetSessionId      0041c3a8   anet2d:anet2d.dll
 0004:000003ac       __imp__dpRequestObjectDeltas 0041c3ac   anet2d:anet2d.dll
 0004:000003b0       __imp__dpGetSessionDesc    0041c3b0   anet2d:anet2d.dll
 0004:000003b4       __imp__dpEnumPlayersEx     0041c3b4   anet2d:anet2d.dll
 0004:000003b8       __imp__dpEnableNewPlayers  0041c3b8   anet2d:anet2d.dll
 0004:000003bc       __imp__dpCreatePlayer      0041c3bc   anet2d:anet2d.dll
 0004:000003c0       __imp__dpDestroyPlayer     0041c3c0   anet2d:anet2d.dll
 0004:000003c4       __imp__dpSetPlayerName     0041c3c4   anet2d:anet2d.dll
 0004:000003c8       __imp__dpSetPlayerBlob     0041c3c8   anet2d:anet2d.dll
 0004:000003cc       __imp__dpCreateGroup       0041c3cc   anet2d:anet2d.dll
 0004:000003d0       __imp__dpAddPlayerToGroup  0041c3d0   anet2d:anet2d.dll
 0004:000003d4       __imp__dpDeletePlayerFromGroup 0041c3d4   anet2d:anet2d.dll
 0004:000003d8       __imp__dpEnumGroupPlayers  0041c3d8   anet2d:anet2d.dll
 0004:000003dc       __imp__dpSetPlayerData     0041c3dc   anet2d:anet2d.dll
 0004:000003e0       __imp__dpGetPlayerName     0041c3e0   anet2d:anet2d.dll
 0004:000003e4       __imp__dpGetPlayerData     0041c3e4   anet2d:anet2d.dll
 0004:000003e8       __imp__dpGetCaps           0041c3e8   anet2d:anet2d.dll
 0004:000003ec       __imp__dpEnumApp           0041c3ec   anet2d:anet2d.dll
 0004:000003f0       __imp__dpGetAppVersion     0041c3f0   anet2d:anet2d.dll
 0004:000003f4       __imp__dpDownloadUpdate    0041c3f4   anet2d:anet2d.dll
 0004:000003f8       __imp__dpFreeze            0041c3f8   anet2d:anet2d.dll
 0004:000003fc       __imp__dpGetTransportInfo  0041c3fc   anet2d:anet2d.dll
 0004:00000400       __imp__dpLaunchApp         0041c400   anet2d:anet2d.dll
 0004:00000404       __imp__dpDestroy           0041c404   anet2d:anet2d.dll
 0004:00000408       __imp__dpEnumPlayers       0041c408   anet2d:anet2d.dll
 0004:0000040c       __imp__dpPingUser          0041c40c   anet2d:anet2d.dll
 0004:00000410       __imp__dpSend              0041c410   anet2d:anet2d.dll
 0004:00000414       __imp__dpDestroyGroup      0041c414   anet2d:anet2d.dll
 0004:00000418       __imp__dpGetStats          0041c418   anet2d:anet2d.dll
 0004:0000041c       __imp__dpEnumGroups        0041c41c   anet2d:anet2d.dll
 0004:00000420       __imp__dp_dprintf          0041c420   anet2d:anet2d.dll
 0004:00000424       \177anet2d_NULL_THUNK_DATA 0041c424   anet2d:anet2d.dll

 entry point at        0001:0000a220

 Static symbols

 0001:00009f0e       _ThreadFunc@4              0040af0e f unistd.obj
 0001:0000144a       _my_listPlayers_cb@16      0040244a f gtest.obj
 0001:000078d4       _burn10msec                004088d4 f gtest.obj
 0001:000079b4       _my_filesize               004089b4 f gtest.obj
 0001:00007a0e       _setval                    00408a0e f gtest.obj
 0001:00007ac1       _dwUser1                   00408ac1 f gtest.obj
 0001:00007bd3       _getval                    00408bd3 f gtest.obj
 0001:00007de0       _doop                      00408de0 f gtest.obj
 0001:00007f43       _help                      00408f43 f gtest.obj
 0001:00008012       _quit                      00409012 f gtest.obj
 0001:00008671       _Debug_ExceptionFilter     00409671 f gtest.obj
 0001:000086b0       _gtest                     004096b0 f gtest.obj
 0001:00009923       _dp_objectDelta2string     0040a923 f gtest.obj
 0001:00009af1       _key2buf                   0040aaf1 f gtest.obj
 0001:00009b8f       _key2bufh                  0040ab8f f gtest.obj
 0001:00009c2d       _dp_playerId_t_toString    0040ac2d f gtest.obj
 0001:00009cb7       _dp_session_t_toString     0040acb7 f gtest.obj
 0001:00009ddb       _dp_serverInfo_t_toString  0040addb f gtest.obj
 0001:000007b9       _init_crc32                004017b9 f dpcrc32.obj
 0001:0000a120       _$$$00001                  0040b120 f MSVCRTD:chkstk.obj

FIXUPS: 148e 9e a6 77 9e8d 35 fffffec6 fffffed1 20 f 39 25 36 fffff3bb
FIXUPS: a891 b 21 19 1a 61 1d 1d 51 1d 1d 3c 15 11 15 11 15 b4 9e 92 38
FIXUPS: ad50 25 46 ffff69ac e6 1c 1f 52 fffff833 18 8c25 8 2c ab 17 35
FIXUPS: 9f63 2a e 6a e 3f 3f 44 44 52 fc 17 108 53 17 17 1b 14 7f 6e 6e
FIXUPS: a5a8 21 35 a7 3f ffffe8d8 12 14 24 33 5a 4b1 d7 18 1e 68 19 19
FIXUPS: 972d 73 18c 14 43 1d 21 3b 8 6f 2f 2c 3b fe d 14 e 2c c6 ffffe6f0
FIXUPS: 8431 2f 58 6f 149 50 71 44 14 51 39 3a 16 3a 21 53 b 11 76 bf 32
FIXUPS: 8b30 81 1f6 4f 3d 3d 3d 59 75 39 ffffec9e 6f 64 14 30 f5 1f 14
FIXUPS: 7f24 37 33 49 38 1e 50 37 c 34 3c 14 4b 2a 28 16 4a 13 18 30 50
FIXUPS: 8308 4f 9d ffffed4b a0 95 18 7a 19 40 14 a0 95 5f 19 6a 6d 76 9b
FIXUPS: 7757 14 99 8e 9c 3f 9b 4f 24 50 37 2b 29 38 25 14 ffffeb02 64 46
FIXUPS: 6787 30 61 14 50 87 14 50 25 3a 14 62 89 98 6f 84 59 14 99 98 6f
FIXUPS: 6ee1 59 14 5f 57 72 43 72 ffffec9c 14 30 7d 14 7d 79 4d 80 14 51
FIXUPS: 6146 29 17 14 50 25 2d 29 38 74 14 8b 84 63 46 14 51 98 46 14 51
FIXUPS: 51ad 14 3a 79 41 14 cd 24 17 14 e8 44 17 14 7e af 7f 95 10e 1b
FIXUPS: 5924 fa 1b 7f 77 14 30 7d 14 7d 79 4d ffffeb53 2a 5e 41 14 89 53
FIXUPS: 4a67 d0 30 89 3c 14 69 6b 63 1c 14 50 37 1c 41 14 51 1d 72 fa 14
FIXUPS: 50d9 17 14 3a fffff085 14 46 5a 33 14 3a 53 33 14 69 12 1e 3a 92
FIXUPS: 4515 79 1c 1e 3d 5e 37 14 58 17 14 3e 1a 30 59 1c 2f fffff321 14
FIXUPS: 3bdf 3a 12 1c 3a 12 1c 3a 12 1c 3a 12 1c 3a 14 49 13 12 5b 14 39
FIXUPS: 3f83 14 46 1e 81 4d 14 52 61 fffff253 13 17 14 33 93 3d 46 a 14
FIXUPS: 35cf 20 37 14 3a 19 44 14 59 a4 7b 27 49 9e 14 55 29 27 7e 4c 25
FIXUPS: 3b44 ffffee05 73 6e 4d 147 173 25 61 84 58 15 21 18b 55 32 32 26
FIXUPS: 3144 6d 32 25 19 41 19 41 1c 14 3a 14 77 12 13 ffffe5e9 21f 56
FIXUPS: 1c87 6f 82 56 a8 35 31 46 ac a6 46 30 e8 2a 46 30 66 21 86 15f
FIXUPS: 24ff 6a 144 4d 60 81 61 65 62
