 gtest2r

 Timestamp is 3726ef37 (Wed Apr 28 04:21:27 1999)

 Preferred load address is 00400000

 Start         Length     Name                   Class
 0001:00000000 00029c00H .text                   CODE
 0002:00000000 0000009cH .rdata                  DATA
 0002:000000a0 000001c1H .edata                  DATA
 0003:00000000 00000004H .CRT$XCA                DATA
 0003:00000004 00000004H .CRT$XCZ                DATA
 0003:00000008 00000004H .CRT$XIA                DATA
 0003:0000000c 00000004H .CRT$XIZ                DATA
 0003:00000010 0000715cH .data                   DATA
 0003:00007170 0000947cH .bss                    DATA
 0004:00000000 00000050H .idata$2                DATA
 0004:00000050 00000014H .idata$3                DATA
 0004:00000064 000001a0H .idata$4                DATA
 0004:00000204 000001a0H .idata$5                DATA
 0004:000003a4 00000560H .idata$6                DATA

  Address         Publics by Value              Rva+Base   Lib:Object

 0001:00000000       _dp_avgstat_init           00401000 f avgstat.obj
 0001:000000b0       _mymax                     004010b0 f avgstat.obj
 0001:000000f0       _subtract                  004010f0 f avgstat.obj
 0001:00000190       _dp_avgstat_poll           00401190 f avgstat.obj
 0001:00000350       _dp_avgstat_print          00401350 f avgstat.obj
 0001:000003d0       _dp_crc32_inc              004013d0 f dpcrc32.obj
 0001:00000460       _dp_crc32                  00401460 f dpcrc32.obj
 0001:00000480       _dp_fil_crc32              00401480 f dpcrc32.obj
 0001:000004f0       _eclock_win32              004014f0 f eclock.obj
 0001:00000570       _enumGroupsByNameCallback@16 00401570 f gtest.obj
 0001:000005c0       _enumGroupsByName          004015c0 f gtest.obj
 0001:00000610       _stuffChatText             00401610 f gtest.obj
 0001:00000640       _spam_packets              00401640 f gtest.obj
 0001:00000700       _enumTransports_cb@12      00401700 f gtest.obj
 0001:00000820       _listServersEx_cb@24       00401820 f gtest.obj
 0001:000008e0       _listServers_cb@20         004018e0 f gtest.obj
 0001:00000910       _listSessions_cb@16        00401910 f gtest.obj
 0001:00000a10       _listPlayers_cb@16         00401a10 f gtest.obj
 0001:00000b00       _listPlayersEx_cb@20       00401b00 f gtest.obj
 0001:00000c50       _listGroups_cb@16          00401c50 f gtest.obj
 0001:00000cd0       _delGroups_cb@16           00401cd0 f gtest.obj
 0001:00000d40       _countMyPlayers            00401d40 f gtest.obj
 0001:00000dd0       _create_sess_cb@16         00401dd0 f gtest.obj
 0001:00000e30       _openHdl_cb                00401e30 f gtest.obj
 0001:00000f20       _connection_cb@28          00401f20 f gtest.obj
 0001:00001050       _join_sess_cb@16           00402050 f gtest.obj
 0001:00001100       _joinSessionByName         00402100 f gtest.obj
 0001:000011e0       _create_player_cb@16       004021e0 f gtest.obj
 0001:00001290       _ping_callback@12          00402290 f gtest.obj
 0001:000012e0       _pingPlayerCallback@16     004022e0 f gtest.obj
 0001:000013a0       _PingPlayerByName          004023a0 f gtest.obj
 0001:00001420       _listApps_cb@8             00402420 f gtest.obj
 0001:00001580       _pickApp                   00402580 f gtest.obj
 0001:000015f0       _SendChatMessage           004025f0 f gtest.obj
 0001:00001660       _process_turn              00402660 f gtest.obj
 0001:00001670       _statprint_fn              00402670 f gtest.obj
 0001:00001690       _processChatCommand        00402690 f gtest.obj
 0001:000074d0       _usage                     004084d0 f gtest.obj
 0001:000074e0       _ProcessCommandLine        004084e0 f gtest.obj
 0001:000078d0       _main                      004088d0 f gtest.obj
 0001:00008bc0       _raw_set_stdio             00409bc0 f raw.obj
 0001:00008bd0       _raw_kbhit                 00409bd0 f raw.obj
 0001:00008be0       _raw_getc                  00409be0 f raw.obj
 0001:00008bf0       _sleep                     00409bf0 f unistd.obj
 0001:00008c10       _dpid2commHdl              00409c10 f dp2:dp2.obj
 0001:00008c50       _dp_commHdl2dpid           00409c50 f dp2:dp2.obj
 0001:00008cb0       _commHdl4dpid              00409cb0 f dp2:dp2.obj
 0001:00008d00       _dp_pack_session           00409d00 f dp2:dp2.obj
 0001:00008e50       _dp_unpack_session         00409e50 f dp2:dp2.obj
 0001:000090c0       _dp_sessions_cb@48         0040a0c0 f dp2:dp2.obj
 0001:000092e0       _dp_unpack_playerId        0040a2e0 f dp2:dp2.obj
 0001:00009380       _dp_playervars_cb@48       0040a380 f dp2:dp2.obj
 0001:000094d0       _dp_hosts_cb@48            0040a4d0 f dp2:dp2.obj
 0001:00009d40       _dp_myplayers_cb@48        0040ad40 f dp2:dp2.obj
 0001:00009ee0       _dp_players_cb@48          0040aee0 f dp2:dp2.obj
 0001:0000a190       _dp_groups_cb@48           0040b190 f dp2:dp2.obj
 0001:0000a2e0       _dp_group_players_cb@48    0040b2e0 f dp2:dp2.obj
 0001:0000a450       _dp_sessionContext_freeze  0040b450 f dp2:dp2.obj
 0001:0000a630       _dp_sessionContext_thaw    0040b630 f dp2:dp2.obj
 0001:0000a8c0       _dpFreeze                  0040b8c0 f dp2:dp2.obj
 0001:0000aec0       _dpCommThaw                0040bec0 f dp2:dp2.obj
 0001:0000b920       __daoot                    0040c920 f dp2:dp2.obj
 0001:0000b960       _dpCreate                  0040c960 f dp2:dp2.obj
 0001:0000c870       _dpDestroy                 0040d870 f dp2:dp2.obj
 0001:0000c960       _dpCloseGameServer         0040d960 f dp2:dp2.obj
 0001:0000ca60       _dpResolveHostname         0040da60 f dp2:dp2.obj
 0001:0000cc40       _dpSetGameServer           0040dc40 f dp2:dp2.obj
 0001:0000cc80       _dpSetGameServerEx         0040dc80 f dp2:dp2.obj
 0001:0000cf40       _dpGetSessionDesc          0040df40 f dp2:dp2.obj
 0001:0000d070       _dpGetSessionDescById      0040e070 f dp2:dp2.obj
 0001:0000d280       _dpSetSessionDesc          0040e280 f dp2:dp2.obj
 0001:0000d340       _dpGetCaps                 0040e340 f dp2:dp2.obj
 0001:0000d440       _dpGetPlayerCaps           0040e440 f dp2:dp2.obj
 0001:0000d570       __daC                      0040e570 f dp2:dp2.obj
 0001:0000d660       _dpOpen                    0040e660 f dp2:dp2.obj
 0001:0000efb0       _dpClose                   0040ffb0 f dp2:dp2.obj
 0001:0000f850       _dpEnumSessions            00410850 f dp2:dp2.obj
 0001:0000faa0       _dpDeclareLobby            00410aa0 f dp2:dp2.obj
 0001:0000faf0       _dpPrunePlayerSubscriptions 00410af0 f dp2:dp2.obj
 0001:0000fc00       _dpPruneSessionSubscription 00410c00 f dp2:dp2.obj
 0001:0000fc70       _dpCreatePlayer            00410c70 f dp2:dp2.obj
 0001:0000fe10       _dpDestroyPlayer           00410e10 f dp2:dp2.obj
 0001:0000fe60       _dpNumPlayers              00410e60 f dp2:dp2.obj
 0001:0000fe80       _dpGetPlayerName           00410e80 f dp2:dp2.obj
 0001:0000fff0       _dpSetPlayerName           00410ff0 f dp2:dp2.obj
 0001:00010140       _dpSetPlayerBlob           00411140 f dp2:dp2.obj
 0001:000102c0       _dpEnumPlayers             004112c0 f dp2:dp2.obj
 0001:00010630       _dpEnumPlayersEx           00411630 f dp2:dp2.obj
 0001:00010960       _dpEnableNewPlayers        00411960 f dp2:dp2.obj
 0001:00011770       _dp_sessid4uid             00412770 f dp2:dp2.obj
 0001:00011850       _dpReceive                 00412850 f dp2:dp2.obj
 0001:00013100       _dpSend                    00414100 f dp2:dp2.obj
 0001:00013270       _dpSetPingIntervals        00414270 f dp2:dp2.obj
 0001:00013350       _dpPingUser                00414350 f dp2:dp2.obj
 0001:00013420       _dpCreateGroup             00414420 f dp2:dp2.obj
 0001:00013540       _dpDestroyGroup            00414540 f dp2:dp2.obj
 0001:000136a0       _dpAddPlayerToGroup        004146a0 f dp2:dp2.obj
 0001:000138a0       _dpDeletePlayerFromGroup   004148a0 f dp2:dp2.obj
 0001:000139d0       _dpEnumGroups              004149d0 f dp2:dp2.obj
 0001:00013af0       _dpEnumGroupPlayers        00414af0 f dp2:dp2.obj
 0001:00013ce0       _dpSetPlayerData           00414ce0 f dp2:dp2.obj
 0001:00013e20       _dpGetPlayerData           00414e20 f dp2:dp2.obj
 0001:00013f60       _dpReadyToFreeze           00414f60 f dp2:dp2.obj
 0001:00013fe0       _dpSetConnCallback         00414fe0 f dp2:dp2.obj
 0001:00014020       _dpGetStats                00415020 f dp2:dp2.obj
 0001:000140b0       _commNoOp                  004150b0 f dp2:Dpdllwin.obj
 0001:000140d0       _commInit                  004150d0 f dp2:Dpdllwin.obj
 0001:000140f0       _commTerm                  004150f0 f dp2:Dpdllwin.obj
 0001:00014110       _commDriverInfo            00415110 f dp2:Dpdllwin.obj
 0001:00014130       _commPlayerInfo            00415130 f dp2:Dpdllwin.obj
 0001:00014150       _commTxFull                00415150 f dp2:Dpdllwin.obj
 0001:00014170       _commTxPkt                 00415170 f dp2:Dpdllwin.obj
 0001:00014190       _commPeekPkt               00415190 f dp2:Dpdllwin.obj
 0001:000141b0       _commRxPkt                 004151b0 f dp2:Dpdllwin.obj
 0001:000141d0       _commScanAddr              004151d0 f dp2:Dpdllwin.obj
 0001:000141f0       _commPrintAddr             004151f0 f dp2:Dpdllwin.obj
 0001:00014210       _commGroupAlloc            00415210 f dp2:Dpdllwin.obj
 0001:00014230       _commGroupFree             00415230 f dp2:Dpdllwin.obj
 0001:00014250       _commGroupAdd              00415250 f dp2:Dpdllwin.obj
 0001:00014270       _commSetParam              00415270 f dp2:Dpdllwin.obj
 0001:00014290       _commSayHi                 00415290 f dp2:Dpdllwin.obj
 0001:000142b0       _commSayBye                004152b0 f dp2:Dpdllwin.obj
 0001:000142d0       _commEnumPorts             004152d0 f dp2:Dpdllwin.obj
 0001:000142f0       _dpGetTransportInfo        004152f0 f dp2:Dpdllwin.obj
 0001:000143c0       _dpEnumTransports          004153c0 f dp2:Dpdllwin.obj
 0001:00014580       _dpLoadDLL                 00415580 f dp2:Dpdllwin.obj
 0001:00014620       _dpUnloadDLL               00415620 f dp2:Dpdllwin.obj
 0001:00014640       _dpEnumPorts               00415640 f dp2:Dpdllwin.obj
 0001:000146c0       _dpLaunchApp               004156c0 f dp2:launchap.obj
 0001:000146e0       _dpLaunchApp2              004156e0 f dp2:launchap.obj
 0001:000149c0       _dp_freezeAppsList         004159c0 f dp2:enumapp.obj
 0001:00014b00       _dp_createAppsList         00415b00 f dp2:enumapp.obj
 0001:00014c10       _dp_subscribeAppsList      00415c10 f dp2:enumapp.obj
 0001:00014cb0       _dpCheckAppVersion         00415cb0 f dp2:enumapp.obj
 0001:00014dd0       _dpGetAppVersion           00415dd0 f dp2:enumapp.obj
 0001:00014f50       _dpDownloadUpdate          00415f50 f dp2:enumapp.obj
 0001:00015030       _dpEnumApp                 00416030 f dp2:enumapp.obj
 0001:000153e0       _dp_rplayers_cb@48         004163e0 f dp2:deltas.obj
 0001:00015480       _dp_rplayers_enumEx_cb@20  00416480 f dp2:deltas.obj
 0001:000154d0       _dpRequestObjectDeltas     004164d0 f dp2:deltas.obj
 0001:00015930       _dpGetSessionId            00416930 f dp2:deltas.obj
 0001:00015a20       _dpSendObjectDelta         00416a20 f dp2:deltas.obj
 0001:00015d30       _dpscore_client_init       00416d30 f dp2:dpscore.obj
 0001:00015d90       _dpscore_client_cleanup    00416d90 f dp2:dpscore.obj
 0001:00015df0       _dpscore_client_playerLeaving 00416df0 f dp2:dpscore.obj
 0001:00015f50       __dax7                     00416f50 f dp2:dpscore.obj
 0001:00015f80       __dax8                     00416f80 f dp2:dpscore.obj
 0001:00016040       __dax9                     00417040 f dp2:dpscore.obj
 0001:00016070       _dpscores_cb@48            00417070 f dp2:dpscore.obj
 0001:000160b0       _dpscore_client_subscribe  004170b0 f dp2:dpscore.obj
 0001:00016140       __dala                     00417140 f dp2:dpuser.obj
 0001:00016180       __daaa                     00417180 f dp2:dpuser.obj
 0001:000161c0       _dpRequestEmail            004171c0 f dp2:dpuser.obj
 0001:00016200       _dpGetPlayerUid            00417200 f dp2:dpuser.obj
 0001:000162f0       _dp_servers_cb@48          004172f0 f dp2:enumsrv2.obj
 0001:000165b0       _dp_serverpings_cb@48      004175b0 f dp2:enumsrv2.obj
 0001:000165f0       _dp_initEnumServers        004175f0 f dp2:enumsrv2.obj
 0001:00016af0       _dp_saveServerList         00417af0 f dp2:enumsrv2.obj
 0001:00016b50       _dp_endEnumServers         00417b50 f dp2:enumsrv2.obj
 0001:00016b80       _dpEnumServers             00417b80 f dp2:enumsrv2.obj
 0001:00016c20       _dpEnumServersEx           00417c20 f dp2:enumsrv2.obj
 0001:00016df0       _dpEnumServersPoll         00417df0 f dp2:enumsrv2.obj
 0001:00016e90       _dpHandleServerPingResponsePacket 00417e90 f dp2:enumsrv2.obj
 0001:00017070       _dpio_dprintAdr            00418070 f dp2:dpio.obj
 0001:000170e0       _dpio_get_latency          004180e0 f dp2:dpio.obj
 0001:00017130       _dpio_get_player_latency   00418130 f dp2:dpio.obj
 0001:000171a0       _dpio_setIncomingCallback  004181a0 f dp2:dpio.obj
 0001:000171d0       _dpio_setMaxPlayerHdls     004181d0 f dp2:dpio.obj
 0001:000171f0       __dpbs                     004181f0 f dp2:dpio.obj
 0001:00017250       _dpio_printAdr             00418250 f dp2:dpio.obj
 0001:000172b0       _dpio_openHdlRaw           004182b0 f dp2:dpio.obj
 0001:000172d0       _dpio_openHdlRaw2          004182d0 f dp2:dpio.obj
 0001:00017380       _dpio_closeHdlRaw          00418380 f dp2:dpio.obj
 0001:000173c0       _dpio_freezeHdl            004183c0 f dp2:dpio.obj
 0001:00017590       _dpio_thawHdl              00418590 f dp2:dpio.obj
 0001:000177a0       _dpio_freeze               004187a0 f dp2:dpio.obj
 0001:000179e0       _dpio_setPingIntervals     004189e0 f dp2:dpio.obj
 0001:00017a80       _dpio_set_clocks           00418a80 f dp2:dpio.obj
 0001:00017b30       _dpio_hdl2adr2             00418b30 f dp2:dpio.obj
 0001:00017bf0       _dpio_hdl2name             00418bf0 f dp2:dpio.obj
 0001:00017ca0       _dpio_destroy              00418ca0 f dp2:dpio.obj
 0001:00017d30       _dpio_create               00418d30 f dp2:dpio.obj
 0001:00018600       _dpio_q_packet             00419600 f dp2:dpio.obj
 0001:000187c0       _dpio_getHdlTxPktsFree     004197c0 f dp2:dpio.obj
 0001:00018830       _dpio_getHdlState          00419830 f dp2:dpio.obj
 0001:00018880       _dpio_getHdlAge            00419880 f dp2:dpio.obj
 0001:000188e0       _dpio_getHdlRemoteCapabilities 004198e0 f dp2:dpio.obj
 0001:00018910       _dpio_openHdl              00419910 f dp2:dpio.obj
 0001:00018930       _dpio_openHdl2             00419930 f dp2:dpio.obj
 0001:00018c10       _dpio_closeHdl             00419c10 f dp2:dpio.obj
 0001:00018d90       _dpio_closeHdlImmed        00419d90 f dp2:dpio.obj
 0001:00018e80       _dpio_ReadyToFreeze        00419e80 f dp2:dpio.obj
 0001:000191c0       _dpio_flush                0041a1c0 f dp2:dpio.obj
 0001:00019330       _dpio_get                  0041a330 f dp2:dpio.obj
 0001:0001a8c0       _dpio_put_unreliable       0041b8c0 f dp2:dpio.obj
 0001:0001a980       _dpio_put_reliable2        0041b980 f dp2:dpio.obj
 0001:0001abe0       _dpio_localQ_npkts         0041bbe0 f dp2:dpio.obj
 0001:0001ac10       _dpio_findTimedOutHost     0041bc10 f dp2:dpio.obj
 0001:0001af10       _dpio_setHandleOptions     0041bf10 f dp2:dpio.obj
 0001:0001aff0       _dpio_update               0041bff0 f dp2:dpio.obj
 0001:0001b260       _dp_flushLog               0041c260 f dp2:dprint.obj
 0001:0001b270       _dp_enableDebugPrint       0041c270 f dp2:dprint.obj
 0001:0001b280       _dp_setLogFname            0041c280 f dp2:dprint.obj
 0001:0001b290       _dp_dprintf                0041c290 f dp2:dprint.obj
 0001:0001b2a0       _dp_publishExceptions      0041c2a0 f dp2:dpexcept.obj
 0001:0001b510       _dp_subscribeExceptions    0041c510 f dp2:dpexcept.obj
 0001:0001b550       _StupidExceptionFilter     0041c550 f dp2:dpexcept.obj
 0001:0001b560       _dpReportCrashEx           0041c560 f dp2:dpexcept.obj
 0001:0001be40       _dpReportAssertionFailure  0041ce40 f dp2:dpexcept.obj
 0001:0001be50       _dpini_SetFile             0041ce50 f dp2:ini.obj
 0001:0001be80       _dpini_GetFile             0041ce80 f dp2:ini.obj
 0001:0001be90       _dpini_findSection         0041ce90 f dp2:ini.obj
 0001:0001c040       _dpini_readParameter       0041d040 f dp2:ini.obj
 0001:0001c170       _dpReadAnetInf             0041d170 f dp2:ini.obj
 0001:0001c6b0       _assoctab_create           0041d6b0 f dp2:assoctab.obj
 0001:0001c6d0       _assoctab_destroy          0041d6d0 f dp2:assoctab.obj
 0001:0001c6f0       _assoctab_subscript_grow   0041d6f0 f dp2:assoctab.obj
 0001:0001c750       _assoctab_subscript_insert 0041d750 f dp2:assoctab.obj
 0001:0001c780       _assoctab_subscript        0041d780 f dp2:assoctab.obj
 0001:0001c7c0       _assoctab_subscript_delete 0041d7c0 f dp2:assoctab.obj
 0001:0001c830       _tserv_create              0041d830 f dp2:tserv.obj
 0001:0001c8e0       _tserv_destroy             0041d8e0 f dp2:tserv.obj
 0001:0001c920       _tserv_Freeze              0041d920 f dp2:tserv.obj
 0001:0001cd00       _tserv_Thaw                0041dd00 f dp2:tserv.obj
 0001:0001d0e0       _tserv_uid2hdl             0041e0e0 f dp2:tserv.obj
 0001:0001d160       _tserv_hdl2uid             0041e160 f dp2:tserv.obj
 0001:0001d1b0       _tserv_uid2info            0041e1b0 f dp2:tserv.obj
 0001:0001d3d0       _tserv_client_delete       0041e3d0 f dp2:tserv.obj
 0001:0001d430       _tserv_poll                0041e430 f dp2:tserv.obj
 0001:0001db20       _tserv_send_credentials    0041eb20 f dp2:tserv.obj
 0001:0001dc10       _tserv_handle_packet       0041ec10 f dp2:tserv.obj
 0001:0001e5d0       _tserv_server_add          0041f5d0 f dp2:tserv.obj
 0001:0001e670       _tserv_account_loginW      0041f670 f dp2:tserv.obj
 0001:0001e780       _tserv_account_activateW   0041f780 f dp2:tserv.obj
 0001:0001e820       _tserv_request_email       0041f820 f dp2:tserv.obj
 0001:0001e8e0       __dad                      0041f8e0 f dp2:dptab.obj
 0001:0001e9a0       __dam                      0041f9a0 f dp2:dptab.obj
 0001:0001ea60       __dag                      0041fa60 f dp2:dptab.obj
 0001:0001eb10       __daa                      0041fb10 f dp2:dptab.obj
 0001:0001ebe0       __dae                      0041fbe0 f dp2:dptab.obj
 0001:0001ed60       __dav                      0041fd60 f dp2:dptab.obj
 0001:0001ee10       __daw                      0041fe10 f dp2:dptab.obj
 0001:0001ee90       _dptab_getTableContext     0041fe90 f dp2:dptab.obj
 0001:0001ef00       __daj                      0041ff00 f dp2:dptab.obj
 0001:0001f100       __dao                      00420100 f dp2:dptab.obj
 0001:0001f150       __dac                      00420150 f dp2:dptab.obj
 0001:0001f210       __dai                      00420210 f dp2:dptab.obj
 0001:0001f240       _dptab_handleSubscriptionRequest 00420240 f dp2:dptab.obj
 0001:0001f2b0       _dptab_handleUnsubscriptionRequest 004202b0 f dp2:dptab.obj
 0001:0001f310       __darr                     00420310 f dp2:dptab.obj
 0001:0001f390       _dptab_requestUnsubscription 00420390 f dp2:dptab.obj
 0001:0001f420       _dptab_shutdownMatchingSubscription 00420420 f dp2:dptab.obj
 0001:0001f4f0       __dab                      004204f0 f dp2:dptab.obj
 0001:0001f540       __dah                      00420540 f dp2:dptab.obj
 0001:0001f590       _dptab_changePublisher     00420590 f dp2:dptab.obj
 0001:0001f790       __dau                      00420790 f dp2:dptab.obj
 0001:0001fa40       __daf                      00420a40 f dp2:dptab.obj
 0001:0001fcc0       _dptab_deleteIfSrc         00420cc0 f dp2:dptab.obj
 0001:0001fd10       __dal                      00420d10 f dp2:dptab.obj
 0001:0001fe70       __dak                      00420e70 f dp2:dptab.obj
 0001:0001ffd0       __daq                      00420fd0 f dp2:dptab.obj
 0001:00020150       __dap                      00421150 f dp2:dptab.obj
 0001:00020290       __dax                      00421290 f dp2:dptab.obj
 0001:000202b0       __das                      004212b0 f dp2:dptab.obj
 0001:00020550       __dat                      00421550 f dp2:dptab.obj
 0001:00020630       __daz                      00421630 f dp2:dptab.obj
 0001:00021290       __dar                      00422290 f dp2:dptab.obj
 0001:000217f0       _dptab_tableRef_freeze     004227f0 f dp2:dptab.obj
 0001:000218a0       _dptab_tableRef_thaw       004228a0 f dp2:dptab.obj
 0001:00021990       __darz                     00422990 f dp2:dptab.obj
 0001:00021c10       __dars                     00422c10 f dp2:dptab.obj
 0001:00021f30       __dan                      00422f30 f dp2:dptab.obj
 0001:00022580       __day                      00423580 f dp2:dptab.obj
 0001:00022ce0       _dp_launchParams_parse     00423ce0 f dp2:launchparams.obj
 0001:00023140       _dynatab_create            00424140 f dp2:dynatab.obj
 0001:00023170       _dynatab_destroy           00424170 f dp2:dynatab.obj
 0001:000231a0       _dynatab_remove            004241a0 f dp2:dynatab.obj
 0001:000231f0       _dynatab_subscript_grow    004241f0 f dp2:dynatab.obj
 0001:000232b0       _dynatab_subscript_insert  004242b0 f dp2:dynatab.obj
 0001:000233b0       _dynatab_find              004243b0 f dp2:dynatab.obj
 0001:00023400       _dynatab_freeze            00424400 f dp2:dynatab.obj
 0001:00023460       _dynatab_thaw              00424460 f dp2:dynatab.obj
 0001:00023500       _tca_create                00424500 f dp2:tca.obj
 0001:00023540       _tca_openpw                00424540 f dp2:tca.obj
 0001:00023570       _tca_destroy               00424570 f dp2:tca.obj
 0001:000235d0       _tca_Freeze                004245d0 f dp2:tca.obj
 0001:00023660       _tca_Thaw                  00424660 f dp2:tca.obj
 0001:00023700       _tca_challenge_generate    00424700 f dp2:tca.obj
 0001:000237e0       _tca_response_validate     004247e0 f dp2:tca.obj
 0001:00023900       _tca_response_generate     00424900 f dp2:tca.obj
 0001:000239c0       _tca_pwchange_generate     004249c0 f dp2:tca.obj
 0001:00023ae0       _tca_pwchange_validate     00424ae0 f dp2:tca.obj
 0001:00023c80       _tca_newuser_generate      00424c80 f dp2:tca.obj
 0001:00023dc0       _tca_newuser_validate      00424dc0 f dp2:tca.obj
 0001:00023f30       _tca_secretcode_validate   00424f30 f dp2:tca.obj
 0001:00024040       _scorerep_setLeaver        00425040 f dp2:scorerep.obj
 0001:00024060       _scorerep_toBuf            00425060 f dp2:scorerep.obj
 0001:000244f0       _tserv_account_loginA      004254f0 f dp2:tserva.obj
 0001:00024570       _tserv_account_activateA   00425570 f dp2:tserva.obj
 0001:000245c0       _q_create                  004255c0 f dp2:Q.obj
 0001:000245f0       _q_destroy                 004255f0 f dp2:Q.obj
 0001:00024620       _q_put                     00425620 f dp2:Q.obj
 0001:000246b0       _q_get                     004256b0 f dp2:Q.obj
 0001:00024700       _q_nfree                   00425700 f dp2:Q.obj
 0001:00024720       _q_freeze                  00425720 f dp2:Q.obj
 0001:000248b0       _q_thaw                    004258b0 f dp2:Q.obj
 0001:00024af0       _delay_setBytesPerSec      00425af0 f dp2:delay.obj
 0001:00024b20       _delay_setDelayMillisec    00425b20 f dp2:delay.obj
 0001:00024b70       _delay_create              00425b70 f dp2:delay.obj
 0001:00024bb0       _delay_destroy             00425bb0 f dp2:delay.obj
 0001:00024bd0       _delay_avail               00425bd0 f dp2:delay.obj
 0001:00024bf0       _delay_put                 00425bf0 f dp2:delay.obj
 0001:00024d20       _delay_get                 00425d20 f dp2:delay.obj
 0001:00024db0       _aehlog_Create             00425db0 f dp2:aehlog.obj
 0001:00024ec0       _aehlog_close              00425ec0 f dp2:aehlog.obj
 0001:00024f00       _aehlog_delete             00425f00 f dp2:aehlog.obj
 0001:00024f30       _aehlog_writetobuf         00425f30 f dp2:aehlog.obj
 0001:000250c0       _aehlog_readExceptionRecord 004260c0 f dp2:aehlog.obj
 0001:00025140       _getTempDir                00426140 f dp2:dpprivy.obj
 0001:00025180       _writeSwap                 00426180 f dp2:dpprivy.obj
 0001:000251b0       _readSwap                  004261b0 f dp2:dpprivy.obj
 0001:000251e0       _aeh_SetCurrent            004261e0 f dp2:aeh.obj
 0001:00025210       _aeh_GetCurrent            00426210 f dp2:aeh.obj
 0001:00025240       _MemoryAccessExceptionFilter 00426240 f dp2:aeh.obj
 0001:000252c0       _aehmod_Destroy            004262c0 f dp2:aeh.obj
 0001:00025390       _aeh_Create                00426390 f dp2:aeh.obj
 0001:00026400       _aeh_Destroy               00427400 f dp2:aeh.obj
 0001:00026610       _aeh_writeOutputStream     00427610 f dp2:aeh.obj
 0001:000271d0       _GetPrimaryDisplayDesc     004281d0 f dp2:detect.obj
 0001:00027450       _FindDeviceInRegistry      00428450 f dp2:detect.obj
 0001:000275b0       _FindRendition@0           004285b0 f dp2:detect.obj
 0001:00027600       _FindATI@0                 00428600 f dp2:detect.obj
 0001:00027650       _FindMystique@0            00428650 f dp2:detect.obj
 0001:000276a0       _FindMonster3D@0           004286a0 f dp2:detect.obj
 0001:000276c0       _FindS3ViRGE@0             004286c0 f dp2:detect.obj
 0001:00027710       _FindSTB@0                 00428710 f dp2:detect.obj
 0001:00027760       _FindOrchid@0              00428760 f dp2:detect.obj
 0001:00027780       _FindPowerVR@0             00428780 f dp2:detect.obj
 0001:000277b0       _Get3DHardware             004287b0 f dp2:detect.obj
 0001:00027a50       _mywcs_wchar2netchar       00428a50 f dp2:mywcs.obj
 0001:00027ab0       _mywcs_lenn                00428ab0 f dp2:mywcs.obj
 0001:00027ae0       _mywcs_ncpy0               00428ae0 f dp2:mywcs.obj
 0001:00027b30       _mywcs_swabncpy0           00428b30 f dp2:mywcs.obj
 0001:00027b90       _mywcs_frommbs             00428b90 f dp2:mywcs.obj
 0001:00027bf0       _mywcs_ncmp                00428bf0 f dp2:mywcs.obj
 0001:00027c40       _tcapw_create              00428c40 f dp2:tcapw.obj
 0001:00027c80       _tcapw_destroy             00428c80 f dp2:tcapw.obj
 0001:00027cb0       _tcapw_open                00428cb0 f dp2:tcapw.obj
 0001:00027d50       _tcapw_close               00428d50 f dp2:tcapw.obj
 0001:00027dc0       _tcapw_password_hash       00428dc0 f dp2:tcapw.obj
 0001:00027e50       _tcapw_entry_create        00428e50 f dp2:tcapw.obj
 0001:00027fc0       _tcapw_entry_change        00428fc0 f dp2:tcapw.obj
 0001:00028030       _tcapw_entry_find_byid     00429030 f dp2:tcapw.obj
 0001:00028080       _tcapw_entry_find_byname   00429080 f dp2:tcapw.obj
 0001:00028110       _tcapw_get_secretcode      00429110 f dp2:tcapw.obj
 0001:00028190       _hkeytab_create            00429190 f dp2:hkeytab.obj
 0001:000281b0       _hkeytab_destroy           004291b0 f dp2:hkeytab.obj
 0001:000281d0       _hkeytab_subscript_grow    004291d0 f dp2:hkeytab.obj
 0001:00028270       _hkeytab_subscript         00429270 f dp2:hkeytab.obj
 0001:000282e0       _hkeytab_subscript_delete  004292e0 f dp2:hkeytab.obj
 0001:00028390       _MD5Init                   00429390 f dp2:md5c.obj
 0001:000283c0       _MD5Update                 004293c0 f dp2:md5c.obj
 0001:00028470       _MD5Final                  00429470 f dp2:md5c.obj
 0001:00028f30       _deskey                    00429f30 f dp2:d3des.obj
 0001:00029150       _cpkey                     0042a150 f dp2:d3des.obj
 0001:00029170       _usekey                    0042a170 f dp2:d3des.obj
 0001:00029190       _des                       0042a190 f dp2:d3des.obj
 0001:000294e0       _des2key                   0042a4e0 f dp2:d3des.obj
 0001:00029530       _Ddes                      0042a530 f dp2:d3des.obj
 0001:00029590       _D2des                     0042a590 f dp2:d3des.obj
 0001:00029660       _InitSnapshot              0042a660 f dp2:tlstuff.obj
 0001:00029710       _dynatab_freeze_encrypted  0042a710 f dp2:crypttab.obj
 0001:00029860       _dynatab_thaw_encrypted    0042a860 f dp2:crypttab.obj
 0001:00029a10       __chkstk                   0042aa10   MSVCRT:chkstk.obj
 0001:00029a10       __alloca_probe             0042aa10   MSVCRT:chkstk.obj
 0001:00029a40       __ftol                     0042aa40 f MSVCRT:MSVCRT.dll
 0001:00029a50       __except_handler3          0042aa50 f MSVCRT:MSVCRT.dll
 0001:00029a60       _mainCRTStartup            0042aa60 f MSVCRT:crtexe.obj
 0001:00029baa       __XcptFilter               0042abaa f MSVCRT:MSVCRT.dll
 0001:00029bb0       __initterm                 0042abb0 f MSVCRT:MSVCRT.dll
 0001:00029bc0       __setdefaultprecision      0042abc0 f MSVCRT:fp8.obj
 0001:00029be0       __matherr                  0042abe0 f MSVCRT:merr.obj
 0001:00029bf0       __setargv                  0042abf0 f MSVCRT:dllargv.obj
 0001:00029bf2       __controlfp                0042abf2 f MSVCRT:MSVCRT.dll
 0002:00000028       _newuser_magic             0042b028   dp2:tca.obj
 0002:00000038       _newuser_magic2            0042b038   dp2:tca.obj
 0002:00000088       _freezekey                 0042b088   dp2:tcapw.obj
 0003:00000000       ___xc_a                    0042c000   MSVCRT:cinitexe.obj
 0003:00000004       ___xc_z                    0042c004   MSVCRT:cinitexe.obj
 0003:00000008       ___xi_a                    0042c008   MSVCRT:cinitexe.obj
 0003:0000000c       ___xi_z                    0042c00c   MSVCRT:cinitexe.obj
 0003:00000010       ??_C@_0BB@PHMK@DPTAB_TX_RECORDS?$AA@ 0042c010   avgstat.obj
 0003:00000024       ??_C@_0P@NOAP@DPTAB_TX_BYTES?$AA@ 0042c024   avgstat.obj
 0003:00000034       ??_C@_0BB@NHEH@DPTAB_RX_RECORDS?$AA@ 0042c034   avgstat.obj
 0003:00000048       ??_C@_0P@GOOI@DPTAB_RX_BYTES?$AA@ 0042c048   avgstat.obj
 0003:00000058       ??_C@_0P@OAOC@DPIO_CONNECTED?$AA@ 0042c058   avgstat.obj
 0003:00000068       ??_C@_0BA@IGCL@DPIO_CONNECTING?$AA@ 0042c068   avgstat.obj
 0003:00000078       ??_C@_0BD@FPBG@DPIO_TX_UNREL_PKTS?$AA@ 0042c078   avgstat.obj
 0003:0000008c       ??_C@_0BE@MJJK@DPIO_TX_UNREL_BYTES?$AA@ 0042c08c   avgstat.obj
 0003:000000a0       ??_C@_0BB@NIH@DPIO_TX_REL_PKTS?$AA@ 0042c0a0   avgstat.obj
 0003:000000b4       ??_C@_0BC@KOMI@DPIO_TX_REL_BYTES?$AA@ 0042c0b4   avgstat.obj
 0003:000000c8       ??_C@_0BD@LIHK@DPIO_RX_UNREL_PKTS?$AA@ 0042c0c8   avgstat.obj
 0003:000000dc       ??_C@_0BE@IHN@DPIO_RX_UNREL_BYTES?$AA@ 0042c0dc   avgstat.obj
 0003:000000f0       ??_C@_0BB@HCKH@DPIO_RX_REL_PKTS?$AA@ 0042c0f0   avgstat.obj
 0003:00000104       ??_C@_0BC@MCLH@DPIO_RX_REL_BYTES?$AA@ 0042c104   avgstat.obj
 0003:00000150       ??_C@_0CL@CFBJ@?$CFs?5?3?5in?5?$CFd?0?5out?5?$CFd?0?5dropped?5?$CFd?0?5@ 0042c150   avgstat.obj
 0003:00000180       ??_C@_0EL@IIOA@?5?5?5?5turnput?5?5?5?5?5?5?5?5?5?5?5?9?9?5send?5yo@ 0042c180   gtest.obj
 0003:000001cc       ??_C@_0CP@LMOM@?5?5?5?5turnfinish?5?5?5?5?5?5?5?5?9?9?5shut?5do@ 0042c1cc   gtest.obj
 0003:000001fc       ??_C@_0DA@LCKK@?5?5?5?5turninit?5?5?5?5?5?5?5?5?5?5?9?9?5initial@ 0042c1fc   gtest.obj
 0003:0000022c       ??_C@_0BA@DPK@?5turn?5commands?5?$AA@ 0042c22c   gtest.obj
 0003:0000023c       ??_C@_0DC@JBKI@?5?5?5?5chat?5?5?5?5?5?5?5?5?5?5?5?5?5?5?9?9?5broadca@ 0042c23c   gtest.obj
 0003:00000270       ??_C@_0EC@FJKK@?5?5?5?5send?5?5?5?5?5?5?5?5?5?5?5?5?5?5?9?9?5send?5a?5@ 0042c270   gtest.obj
 0003:000002b4       ??_C@_0BO@JMEB@?5sending?1receiving?5datagrams?5?$AA@ 0042c2b4   gtest.obj
 0003:000002d4       ??_C@_0CM@LFOF@?5?5?5?5crash?5?5?5?5?5?5?5?5?5?5?5?5?5?9?9?5cause?5a@ 0042c2d4   gtest.obj
 0003:00000300       ??_C@_0FL@EGDD@?5?5?5?5launchapp?5?5?5?5?5?5?5?5?5?9?9?5freeze?0@ 0042c300   gtest.obj
 0003:0000035c       ??_C@_0EN@DADM@?5?5?5?5pickapp?5?5?5?5?5?5?5?5?5?5?5?9?9?5pick?5an@ 0042c35c   gtest.obj
 0003:000003ac       ??_C@_0DP@HPNJ@?5?5?5?5patch?5?5?5?5?5?5?5?5?5?5?5?5?5?9?9?5Check?5w@ 0042c3ac   gtest.obj
 0003:000003ec       ??_C@_0DF@FAID@?5?5?5?5enumapp?5?5?5?5?5?5?5?5?5?5?5?9?9?5list?5av@ 0042c3ec   gtest.obj
 0003:00000424       ??_C@_0DO@GGLK@?5?5?5?5scap?5?5?5?5?5?5?5?5?5?5?5?5?5?5?9?9?5Get?5cap@ 0042c424   gtest.obj
 0003:00000464       ??_C@_0EB@HMAM@?5?5?5?5ping?5?5?5?5?5?5?5?5?5?5?5?5?5?5?9?9?5measure@ 0042c464   gtest.obj
 0003:000004a8       ??_C@_06GPKD@?5misc?5?$AA@ 0042c4a8   gtest.obj
 0003:000004b0       ??_C@_0DN@ENBJ@?5?5?5?5pget?5?5?5?5?5?5?5?5?5?5?5?5?5?5?9?9?5Get?5val@ 0042c4b0   gtest.obj
 0003:000004f0       ??_C@_0EE@JMAG@?5?5?5?5fpset?5?5?5?5?5?5?5?5?5?5?5?5?5?9?9?5Set?5a?5v@ 0042c4f0   gtest.obj
 0003:00000534       ??_C@_0DE@JPCP@?5?5?5?5pset?5?5?5?5?5?5?5?5?5?5?5?5?5?5?9?9?5Set?5a?5v@ 0042c534   gtest.obj
 0003:00000568       ??_C@_0BD@NPDK@?5player?5variables?5?$AA@ 0042c568   gtest.obj
 0003:0000057c       ??_C@_0DF@LMHG@?5?5?5?5gplayers?5?5?5?5?5?5?5?5?5?5?9?9?5list?5pl@ 0042c57c   gtest.obj
 0003:000005b4       ??_C@_0DG@OLBL@?5?5?5?5gdelplayer?5?5?5?5?5?5?5?5?9?9?5delete?5@ 0042c5b4   gtest.obj
 0003:000005ec       ??_C@_0DB@EBGJ@?5?5?5?5gaddplayer?5?5?5?5?5?5?5?5?9?9?5add?5a?5p@ 0042c5ec   gtest.obj
 0003:00000620       ??_C@_0DM@PJBO@?5?5?5?5delgroup?5?5?5?5?5?5?5?5?5?5?9?9?5destroy@ 0042c620   gtest.obj
 0003:0000065c       ??_C@_0DL@IEPC@?5?5?5?5newgroup?5?5?5?5?5?5?5?5?5?5?9?9?5create?5@ 0042c65c   gtest.obj
 0003:00000698       ??_C@_0DI@PIIA@?5?5?5?5groups?5?5?5?5?5?5?5?5?5?5?5?5?9?9?5list?5gr@ 0042c698   gtest.obj
 0003:000006d0       ??_C@_0N@BDN@?5group?5mgmt?5?$AA@ 0042c6d0   gtest.obj
 0003:000006e0       ??_C@_0EJ@DKOK@?5?5?5?5setpblob?5?5?5?5?5?5?5?5?5?5?9?9?5change?5@ 0042c6e0   gtest.obj
 0003:0000072c       ??_C@_0EJ@MIHM@?5?5?5?5setpname?5?5?5?5?5?5?5?5?5?5?9?9?5change?5@ 0042c72c   gtest.obj
 0003:00000778       ??_C@_0DN@NJEO@?5?5?5?5delplayer?5?5?5?5?5?5?5?5?5?9?9?5destroy@ 0042c778   gtest.obj
 0003:000007b8       ??_C@_0DM@FBFP@?5?5?5?5newplayer?5?5?5?5?5?5?5?5?5?9?9?5create?5@ 0042c7b8   gtest.obj
 0003:000007f4       ??_C@_0DH@ENCP@?5?5?5?5enableNewPlayers?5?5?9?9?5Enable?5@ 0042c7f4   gtest.obj
 0003:0000082c       ??_C@_0DH@LCBL@?5?5?5?5xrplayers?5?5?5?5?5?5?5?5?5?9?9?5list?5pl@ 0042c82c   gtest.obj
 0003:00000864       ??_C@_0DJ@JCLE@?5?5?5?5xplayers?5?5?5?5?5?5?5?5?5?5?9?9?5list?5pl@ 0042c864   gtest.obj
 0003:000008a0       ??_C@_0DH@KNBE@?5?5?5?5rplayers?5?5?5?5?5?5?5?5?5?5?9?9?5list?5pl@ 0042c8a0   gtest.obj
 0003:000008d8       ??_C@_0DJ@LIFG@?5?5?5?5players?5?5?5?5?5?5?5?5?5?5?5?9?9?5list?5pl@ 0042c8d8   gtest.obj
 0003:00000914       ??_C@_0O@PJPH@?5player?5mgmt?5?$AA@ 0042c914   gtest.obj
 0003:00000924       ??_C@_0DJ@MMHE@?5?5?5?5dpGetSessionDesc?5?5?9?9?5get?5cur@ 0042c924   gtest.obj
 0003:00000960       ??_C@_0EB@PNGB@?5?5?5?5ldeltas?5?5?5?5?5?5?5?5?5?5?5?9?9?5request@ 0042c960   gtest.obj
 0003:000009a4       ??_C@_0EE@KFBN@?5?5?5?5pdeltas?5?5?5?5?5?5?5?5?5?5?5?9?9?5request@ 0042c9a4   gtest.obj
 0003:000009e8       ??_C@_0DN@CJGB@?5?5?5?5gdeltas?5?5?5?5?5?5?5?5?5?5?5?9?9?5request@ 0042c9e8   gtest.obj
 0003:00000a28       ??_C@_0DK@JHB@?5?5?5?5sdeltas?5?5?5?5?5?5?5?5?5?5?5?9?9?5request@ 0042ca28   gtest.obj
 0003:00000a64       ??_C@_0EI@DBL@?5?5?5?5setPingIntervals?5?5?9?9?5set?5pin@ 0042ca64   gtest.obj
 0003:00000aac       ??_C@_0DB@OBII@?5?5?5?5sessions?5?5?5?5?5?5?5?5?5?5?9?9?5list?5av@ 0042caac   gtest.obj
 0003:00000ae0       ??_C@_0DN@HJME@?5?5?5?5dpClose?5?5?5?5?5?5?5?5?5?5?5?9?9?5Disconn@ 0042cae0   gtest.obj
 0003:00000b20       ??_C@_0DD@MGFN@?5?5?5?5joinany?5?5?5?5?5?5?5?5?5?5?5?9?9?5join?5an@ 0042cb20   gtest.obj
 0003:00000b54       ??_C@_0DC@CGIM@?5?5?5?5join?5?5?5?5?5?5?5?5?5?5?5?5?5?5?9?9?5join?5an@ 0042cb54   gtest.obj
 0003:00000b88       ??_C@_0EK@HDGI@?5?5?5?5lobby?5?5?5?5?5?5?5?5?5?5?5?5?5?9?9?5declare@ 0042cb88   gtest.obj
 0003:00000bd4       ??_C@_0EN@CEJH@?5?5?5?5host?5?5?5?5?5?5?5?5?5?5?5?5?5?5?9?9?5create?5@ 0042cbd4   gtest.obj
 0003:00000c24       ??_C@_0EC@DEHD@?5?5?5?5species?5?5?5?5?5?5?5?5?5?5?5?9?9?5Set?5spe@ 0042cc24   gtest.obj
 0003:00000c68       ??_C@_0P@BBKH@?5session?5mgmt?5?$AA@ 0042cc68   gtest.obj
 0003:00000c78       ??_C@_0DI@CCDE@?5?5?5?5thaw?5?5?5?5?5?5?5?5?5?5?5?5?5?5?9?9?5Restore@ 0042cc78   gtest.obj
 0003:00000cb0       ??_C@_0EA@BNIF@?5?5?5?5freeze?5?5?5?5?5?5?5?5?5?5?5?5?9?9?5freeze?5@ 0042ccb0   gtest.obj
 0003:00000cf0       ??_C@_0CD@MOLB@?5?5?5?5dpDestroy?5?5?5?5?5?5?5?5?5?9?9?5unload?5@ 0042ccf0   gtest.obj
 0003:00000d14       ??_C@_0CB@OMHO@?5?5?5?5dpCreate?5?5?5?5?5?5?5?5?5?5?9?9?5load?5dp@ 0042cd14   gtest.obj
 0003:00000d38       ??_C@_0DH@EDAP@?5?5?5?5scoreend?5?5?5?5?5?5?5?5?5?5?9?9?5End?5and@ 0042cd38   gtest.obj
 0003:00000d70       ??_C@_0DD@LCGB@?5?5?5?5scorereport?5?5?5?5?5?5?5?9?9?5Add?5a?5s@ 0042cd70   gtest.obj
 0003:00000da4       ??_C@_0CO@JFJJ@?5?5?5?5scorestart?5?5?5?5?5?5?5?5?9?9?5Start?5a@ 0042cda4   gtest.obj
 0003:00000dd4       ??_C@_0FI@DKEP@?5?5?5?5requestcode?5?5?5?5?5?5?5?9?9?5send?5a?5@ 0042cdd4   gtest.obj
 0003:00000e2c       ??_C@_0DO@DJMF@?5?5?5?5acctactivate?5?5?5?5?5?5?9?9?5activat@ 0042ce2c   gtest.obj
 0003:00000e6c       ??_C@_0DM@FJAF@?5?5?5?5acctchange?5?5?5?5?5?5?5?5?9?9?5change?5@ 0042ce6c   gtest.obj
 0003:00000ea8       ??_C@_0DP@FFEN@?5?5?5?5acctcreate?5?5?5?5?5?5?5?5?9?9?5create?5@ 0042cea8   gtest.obj
 0003:00000ee8       ??_C@_0DB@PJFA@?5?5?5?5login?5?5?5?5?5?5?5?5?5?5?5?5?5?9?9?5log?5in?5@ 0042cee8   gtest.obj
 0003:00000f1c       ??_C@_0DD@DHNN@?5?5?5?5setGameServer?5?5?5?5?5?9?9?5connect@ 0042cf1c   gtest.obj
 0003:00000f50       ??_C@_0DF@ENEN@?5?5?5?5gameservers?5?5?5?5?5?5?5?9?9?5list?5av@ 0042cf50   gtest.obj
 0003:00000f88       ??_C@_0DD@JGBD@?5?5?5?5enumtransports?5?5?5?5?9?9?5list?5av@ 0042cf88   gtest.obj
 0003:00000fbc       ??_C@_0BD@HHJB@?5startup?1shutdown?5?$AA@ 0042cfbc   gtest.obj
 0003:00000fd0       ??_C@_0CN@IGFE@?5?5?5?5statprint?5?5?5?5?5?5?5?5?5?9?9?5print?5d@ 0042cfd0   gtest.obj
 0003:00001000       ??_C@_0DC@GAED@?5?5?5?5statinit?5?5?5?5?5?5?5?5?5?5?9?9?5initial@ 0042d000   gtest.obj
 0003:00001034       ??_C@_0DL@JBPM@?5?5?5?5dpio_thaw?5?5?5?5?5?5?5?5?5?9?9?5Restore@ 0042d034   gtest.obj
 0003:00001070       ??_C@_0DG@CEMM@?5?5?5?5dpio_freeze?5?5?5?5?5?5?5?9?9?5Save?5dp@ 0042d070   gtest.obj
 0003:000010a8       ??_C@_0EH@NLPN@?5?5?5?5dpio_put_reliable?5?9?9?5Send?5da@ 0042d0a8   gtest.obj
 0003:000010f0       ??_C@_0DA@OLOL@?5?5?5?5dpio_setHandleOptions?5?9?9?5Set@ 0042d0f0   gtest.obj
 0003:00001120       ??_C@_0DB@EEPM@?5?5?5?5dpio_setMaxPlayerHdls?5?9?9?5Set@ 0042d120   gtest.obj
 0003:00001154       ??_C@_0DB@OJBG@?5?5?5?5dpio_findTimedOutHost?5?9?9?5Fin@ 0042d154   gtest.obj
 0003:00001188       ??_C@_0CN@MMPD@?5?5?5?5dpio_closeHdl?5?5?5?5?5?9?9?5Close?5a@ 0042d188   gtest.obj
 0003:000011b8       ??_C@_0DM@KNGP@?5?5?5?5dpio_openHdl?5?5?5?5?5?5?9?9?5Open?5a?5@ 0042d1b8   gtest.obj
 0003:000011f4       ??_C@_0CD@GKJ@?5?5?5?5dpio_create?5?5?5?5?5?5?5?9?9?5Load?5dp@ 0042d1f4   gtest.obj
 0003:00001218       ??_C@_0BA@PPHK@?5dpio?5commands?5?$AA@ 0042d218   gtest.obj
 0003:00001228       ??_C@_0KF@EBCP@?5?5?5?5assert?5?5?5?5?5?5?5?5?5?5?5?5?9?9?5Compare@ 0042d228   gtest.obj
 0003:000012d0       ??_C@_0DI@MFHI@?5?5?5?5spam?5?5?5?5?5?5?5?5?5?5?5?5?5?5?9?9?5Send?5da@ 0042d2d0   gtest.obj
 0003:00001308       ??_C@_0JF@CGDF@?5?5?5?5show?5?5?5?5?5?5?5?5?5?5?5?5?5?5?9?9?5Print?5v@ 0042d308   gtest.obj
 0003:000013a0       ??_C@_0EC@CNPM@?5?5?5?5set?5?5?5?5?5?5?5?5?5?5?5?5?5?5?5?9?9?5Set?5var@ 0042d3a0   gtest.obj
 0003:000013e4       ??_C@_0EE@LFKO@?5?5?5?5busy?5?5?5?5?5?5?5?5?5?5?5?5?5?5?9?9?5Be?5busy@ 0042d3e4   gtest.obj
 0003:00001428       ??_C@_0DH@FCAE@?5?5?5?5sleep?5?5?5?5?5?5?5?5?5?5?5?5?5?9?9?5Sleep?5g@ 0042d428   gtest.obj
 0003:00001460       ??_C@_0DL@KKOD@?5?5?5?5wait?5?5?5?5?5?5?5?5?5?5?5?5?5?5?9?9?5Wait?5un@ 0042d460   gtest.obj
 0003:0000149c       ??_C@_0EB@EPJO@?5?5?5?5remotequit?5?5?5?5?5?5?5?5?9?9?5tell?5ot@ 0042d49c   gtest.obj
 0003:000014e0       ??_C@_0EO@HDIC@?5?5?5?5quit?5?5?5?5?5?5?5?5?5?5?5?5?5?5?9?9?5termina@ 0042d4e0   gtest.obj
 0003:00001530       ??_C@_0CC@KCBH@?5?5?5?5help?5?5?5?5?5?5?5?5?5?5?5?5?5?5?9?9?5Get?5hel@ 0042d530   gtest.obj
 0003:00001554       ??_C@_0CB@PBEN@?5?5?5?5?$CD?5?5?5?5?5?5?5?5?5?5?5?5?5?5?5?5?5?9?9?5Comment@ 0042d554   gtest.obj
 0003:00001578       ??_C@_0CB@JADB@?5Basic?5script?5language?5commands?5@ 0042d578   gtest.obj
 0003:000015ac       _myGameHost                0042d5ac   gtest.obj
 0003:000015b0       _myID                      0042d5b0   gtest.obj
 0003:000015b4       _mylowestId                0042d5b4   gtest.obj
 0003:000015b8       _myDP                      0042d5b8   gtest.obj
 0003:000015bc       _dpio                      0042d5bc   gtest.obj
 0003:000015c0       _exitCode                  0042d5c0   gtest.obj
 0003:000015c4       _n_sessions                0042d5c4   gtest.obj
 0003:000015c8       _n_players                 0042d5c8   gtest.obj
 0003:000015cc       _n_apps                    0042d5cc   gtest.obj
 0003:000015d0       _thisPlayer                0042d5d0   gtest.obj
 0003:000015d4       _thisGroup                 0042d5d4   gtest.obj
 0003:000015d8       _anyPlayer                 0042d5d8   gtest.obj
 0003:000015dc       _anyGroup                  0042d5dc   gtest.obj
 0003:000015e0       _myUID                     0042d5e0   gtest.obj
 0003:000015e4       _app_pick                  0042d5e4   gtest.obj
 0003:000015e8       _theError                  0042d5e8   gtest.obj
 0003:000015ec       _pleaseQuit                0042d5ec   gtest.obj
 0003:000015f0       _dontCreate                0042d5f0   gtest.obj
 0003:000015f4       _busyTime                  0042d5f4   gtest.obj
 0003:000015f8       _busyLoops                 0042d5f8   gtest.obj
 0003:000015fc       _loops_done                0042d5fc   gtest.obj
 0003:00001600       _firstLoop                 0042d600   gtest.obj
 0003:00001604       _spam_pktsz                0042d604   gtest.obj
 0003:00001608       _spam_To                   0042d608   gtest.obj
 0003:0000160c       _nextSpam                  0042d60c   gtest.obj
 0003:00001610       _spam_time                 0042d610   gtest.obj
 0003:00001614       _spams_received            0042d614   gtest.obj
 0003:00001618       _spam_recsz                0042d618   gtest.obj
 0003:0000161c       _frst_recSpam              0042d61c   gtest.obj
 0003:00001620       _scriptfname               0042d620   gtest.obj
 0003:00001624       _scriptfp                  0042d624   gtest.obj
 0003:00001628       _use_dpio                  0042d628   gtest.obj
 0003:0000162c       _callbacksFinished         0042d62c   gtest.obj
 0003:00001630       _waiting                   0042d630   gtest.obj
 0003:00001634       _sleep_until               0042d634   gtest.obj
 0003:00001638       _cur_species               0042d638   gtest.obj
 0003:00001a44       _theVar                    0042da44   gtest.obj
 0003:00001bb4       ??_C@_07OEOL@?$CFs?3?5?$CFs?6?$AA@ 0042dbb4   gtest.obj
 0003:00001bbc       ??_C@_05OHNE@?$CK?$CK?$CK?$CK?$CK?$AA@ 0042dbbc   gtest.obj
 0003:00001bc4       ??_C@_0BP@IKJO@Error?5?$CFd?5sending?5spam?5to?5id?5?$CFd?$AA@ 0042dbc4   gtest.obj
 0003:00001be4       ??_C@_02PHED@SP?$AA@       0042dbe4   gtest.obj
 0003:00001be8       ??_C@_0BI@LKMO@portnum?5?$CFd?5portname?5?$CFs?6?$AA@ 0042dbe8   gtest.obj
 0003:00001c00       ??_C@_0BO@PJGD@Error?5?$CFd?5calling?5dpEnumPorts?6?$AA@ 0042dc00   gtest.obj
 0003:00001c20       ??_C@_0BP@DIHA@?5?$CFs?3?5name?3?$CFs?5cap?3?$CFhx?5needs?3?$CFhx?$AA@ 0042dc20   gtest.obj
 0003:00001c40       ??_C@_04KCBO@?$CK?$CK?$CK?$CK?$AA@ 0042dc40   gtest.obj
 0003:00001c48       ??_C@_0BG@GAHK@End?5of?5transport?5list?$AA@ 0042dc48   gtest.obj
 0003:00001c60       ??_C@_0BB@NGLL@Server?5?$CFs?3?5?$CFd?5ms?$AA@ 0042dc60   gtest.obj
 0003:00001c74       ??_C@_0HM@JKN@Server?5?$CFs?3?5?$CFd?5ms?0?5?$CFd?$CF?$CF?5pkt?5loss?0@ 0042dc74   gtest.obj
 0003:00001cf0       ??_C@_0BD@KOGG@End?5of?5server?5list?$AA@ 0042dcf0   gtest.obj
 0003:00001d04       ??_C@_0DL@LHPB@?$CIk?5?$CFd?$DL?5?$CFd?1?$CFd?5plrs?$DL?5spec?5?$CFd?$DL?5fl?5?$CF@ 0042dd04   gtest.obj
 0003:00001d40       ??_C@_0BC@CFML@Too?5many?5sessions?$AA@ 0042dd40   gtest.obj
 0003:00001d54       ??_C@_0BE@DKGM@End?5of?5session?5list?$AA@ 0042dd54   gtest.obj
 0003:00001d68       ??_C@_0BH@BEHJ@End?5of?5player?5listing?4?$AA@ 0042dd68   gtest.obj
 0003:00001d80       ??_C@_0DA@NBNB@Local?5player?5id?5?$CFd?0?5name?5?$CFs?$DL?5set@ 0042dd80   gtest.obj
 0003:00001db0       ??_C@_0CE@MOOK@Found?5player?5id?5?$CFd?0?5name?5?$CFs?0?5lag@ 0042ddb0   gtest.obj
 0003:00001dd4       ??_C@_0DB@NANC@Found?5player?5id?5?$CFd?0?5name?5?$CFs?0?5lag@ 0042ddd4   gtest.obj
 0003:00001e08       ??_C@_05OFAL@?5?$CF02x?$AA@ 0042de08   gtest.obj
 0003:00001e10       ??_C@_0BG@FPJ@End?5of?5group?5listing?4?$AA@ 0042de10   gtest.obj
 0003:00001e28       ??_C@_0BL@JHPJ@Found?5group?5id?5?$CFd?0?5name?5?$CFs?$AA@ 0042de28   gtest.obj
 0003:00001e44       ??_C@_0DD@PIBK@Deleting?5group?5id?5?$CFd?0?5name?5?$CFs?5gi@ 0042de44   gtest.obj
 0003:00001e78       ??_C@_0BK@KOFJ@Failed?5to?5create?5session?4?$AA@ 0042de78   gtest.obj
 0003:00001e94       ??_C@_0BB@HOC@Created?5session?4?$AA@ 0042de94   gtest.obj
 0003:00001ea8       ??_C@_0L@BHLH@?$DMINCOMING?$DO?$AA@ 0042dea8   gtest.obj
 0003:00001eb4       ??_C@_0CA@NIPF@Handle?5h?3?$CFx?5host?5?$CFs?0?5status?3?$CFd?6?$AA@ 0042deb4   gtest.obj
 0003:00001ed4       ??_C@_0CD@KEHI@Handle?5h?3?$CFx?5host?5?$CFs?5not?5respondi@ 0042ded4   gtest.obj
 0003:00001ef8       ??_C@_0CJ@IOGK@Called?5openHdl?5on?5open?5handle?5h?3@ 0042def8   gtest.obj
 0003:00001f24       ??_C@_0CD@PMPK@Closed?5handle?5h?3?$CFx?5to?5?$CFs?0?5total?5@ 0042df24   gtest.obj
 0003:00001f48       ??_C@_0CD@FKJJ@Opened?5handle?5h?3?$CFx?5to?5?$CFs?0?5total?5@ 0042df48   gtest.obj
 0003:00001f6c       ??_C@_0BD@OMLC@Host?$CFs?0?5status?3?$CFd?6?$AA@ 0042df6c   gtest.obj
 0003:00001f80       ??_C@_0BG@BHHE@Host?$CFs?5not?5responding?$AA@ 0042df80   gtest.obj
 0003:00001f98       ??_C@_0CF@HFMF@Called?5open?5on?5open?5handle?5to?5ho@ 0042df98   gtest.obj
 0003:00001fc0       ??_C@_0CC@III@Closed?5handle?5to?5host?$CFs?0?5total?5?$CF@ 0042dfc0   gtest.obj
 0003:00001fe4       ??_C@_0CC@GLAP@Opened?5handle?5to?5host?$CFs?0?5total?5?$CF@ 0042dfe4   gtest.obj
 0003:00002008       ??_C@_05KGDO@?3?$CF02x?$AA@ 0042e008   gtest.obj
 0003:00002010       ??_C@_09LEJB@?$DMUNKNOWN?$DO?$AA@ 0042e010   gtest.obj
 0003:0000201c       ??_C@_0BM@INGN@Failed?5to?5join?5any?5session?4?$AA@ 0042e01c   gtest.obj
 0003:00002038       ??_C@_0BL@GFIN@Failed?5to?5join?5session?5?$CFs?4?$AA@ 0042e038   gtest.obj
 0003:00002054       ??_C@_0BD@MFEJ@Joined?5session?5?$CFs?4?$AA@ 0042e054   gtest.obj
 0003:00002068       ??_C@_0CG@KKAP@Unable?5to?5open?5the?5session?0?5erro@ 0042e068   gtest.obj
 0003:00002090       ??_C@_0BL@PGCC@Failed?5to?5create?5player?5?$CFs?$AA@ 0042e090   gtest.obj
 0003:000020ac       ??_C@_0BO@PKHP@Created?5player?5id?5?$CFd?0?5name?5?$CFs?$AA@ 0042e0ac   gtest.obj
 0003:000020cc       ??_C@_0CH@BBCL@ping?3?5average?5delay?3?5?$CFd?5ms?0?5loss@ 0042e0cc   gtest.obj
 0003:000020f4       ??_C@_0O@DIDH@Pinging?5?$CFs?4?4?4?$AA@ 0042e0f4   gtest.obj
 0003:00002104       ??_C@_0BE@LBC@No?5player?5named?5?$CFs?4?$AA@ 0042e104   gtest.obj
 0003:00002118       ??_C@_0CL@MHBE@?5ver?3?$CFu?4?$CFu?0?5latest?3?$CFu?4?$CFu?0?5lang?3?$CF@ 0042e118   gtest.obj
 0003:00002144       ??_C@_0CP@BDOJ@?$CFs?5path?3?$CFs?5args?3?$CFs?5cwd?3?$CFs?5type?3?$CF@ 0042e144   gtest.obj
 0003:00002174       ??_C@_04PHAO@stat?$AA@     0042e174   gtest.obj
 0003:0000217c       ??_C@_0DE@OGNM@Unknown?5command?4?5?5Type?5help?5for?5@ 0042e17c   gtest.obj
 0003:000021b0       ??_C@_0CD@FJBH@Error?5?$CFd?5broadcasting?5chat?5messa@ 0042e1b0   gtest.obj
 0003:000021d4       ??_C@_0BM@PKBJ@Error?5?$CFd?5finding?5mylowestId?$AA@ 0042e1d4   gtest.obj
 0003:000021f0       ??_C@_0BN@BLCG@chat?3?5require?5a?5chat?5message?$AA@ 0042e1f0   gtest.obj
 0003:00002210       ??_C@_04FLKK@chat?$AA@     0042e210   gtest.obj
 0003:00002218       ??_C@_0CF@GFPL@Sent?5?$CFd?5bytes?5to?5id?5?$CFd?5reliably?0@ 0042e218   gtest.obj
 0003:00002240       ??_C@_0CL@JDIP@Sent?5?$CFd?5bytes?5?$CFd?5times?5to?5id?5?$CFd?5@ 0042e240   gtest.obj
 0003:0000226c       ??_C@_0EP@GHPM@send?3?5must?5specify?5a?5source?5and?5@ 0042e26c   gtest.obj
 0003:000022bc       ??_C@_04PJAD@send?$AA@     0042e2bc   gtest.obj
 0003:000022c4       ??_C@_05BEID@crash?$AA@    0042e2c4   gtest.obj
 0003:000022cc       ??_C@_0BE@EEMD@Could?5not?5find?5stub?$AA@ 0042e2cc   gtest.obj
 0003:000022e0       ??_C@_0CK@PKGN@Unable?5to?5start?5an?5application?0?5@ 0042e2e0   gtest.obj
 0003:0000230c       ??_C@_0CA@CGOA@Error?5?$CFd?5getting?5transport?5info?$AA@ 0042e30c   gtest.obj
 0003:0000232c       ??_C@_0BL@GKLO@Frozen?4?5?5Thaw?5to?5continue?4?$AA@ 0042e32c   gtest.obj
 0003:00002348       ??_C@_02JBML@?$CFc?$AA@    0042e348   gtest.obj
 0003:0000234c       ??_C@_0CI@JDEF@You?5must?5first?5pick?5a?5game?5with?5@ 0042e34c   gtest.obj
 0003:00002374       ??_C@_09GHBO@launchapp?$AA@ 0042e374   gtest.obj
 0003:00002380       ??_C@_0CJ@EKBG@Unable?5to?5pick?5an?5application?0?5e@ 0042e380   gtest.obj
 0003:000023ac       ??_C@_0BM@OCBH@Picked?5application?5index?5?$CFd?$AA@ 0042e3ac   gtest.obj
 0003:000023c8       ??_C@_0CI@FEJF@Picking?5first?5application?5matchi@ 0042e3c8   gtest.obj
 0003:000023f0       ??_C@_0DC@JBND@pickapp?3?5you?5need?5to?5specify?5an?5@ 0042e3f0   gtest.obj
 0003:00002424       ??_C@_07PCHN@pickapp?$AA@  0042e424   gtest.obj
 0003:0000242c       ??_C@_0CC@HJKE@error?5?$CFd?5calling?5dpDownloadUpdat@ 0042e42c   gtest.obj
 0003:00002450       ??_C@_0CO@LAIH@Updating?$CB?5?5User?5must?5restart?5app@ 0042e450   gtest.obj
 0003:00002480       ??_C@_0CK@EKKE@dpGetAppVersion?5says?5it?8s?5time?5t@ 0042e480   gtest.obj
 0003:000024ac       ??_C@_0CB@JGAL@error?5?$CFd?5calling?5dpGetAppVersion@ 0042e4ac   gtest.obj
 0003:000024d0       ??_C@_0DC@PEB@dpGetAppVersion?5returns?5type?5?$CFd?0@ 0042e4d0   gtest.obj
 0003:00002504       ??_C@_05JNOB@patch?$AA@    0042e504   gtest.obj
 0003:0000250c       ??_C@_0CL@JFBJ@error?3?5number?5of?5apps?5found?5?$DO?5ar@ 0042e50c   gtest.obj
 0003:00002538       ??_C@_0BL@FFIK@error?5?$CFd?5calling?5dpEnumApp?$AA@ 0042e538   gtest.obj
 0003:00002554       ??_C@_0BG@BEEK@Listing?5applications?3?$AA@ 0042e554   gtest.obj
 0003:0000256c       ??_C@_07HKOC@enumapp?$AA@  0042e56c   gtest.obj
 0003:00002574       ??_C@_0GD@MEGN@dpGetCaps?$CI?$CFd?$CJ?3?5Size?5?$CFd?0?5MaxBuffe@ 0042e574   gtest.obj
 0003:000025d8       ??_C@_0CE@BG@Getting?5session?5caps?5returns?5err@ 0042e5d8   gtest.obj
 0003:000025fc       ??_C@_0DA@LABP@scap?3?5must?5specify?5a?5value?5?$CI0?5or@ 0042e5fc   gtest.obj
 0003:0000262c       ??_C@_02MECO@?$CFd?$AA@    0042e62c   gtest.obj
 0003:00002630       ??_C@_04MCFJ@scap?$AA@     0042e630   gtest.obj
 0003:00002638       ??_C@_0CD@EJFG@Pinging?5first?5player?5matching?5?$CC?$CF@ 0042e638   gtest.obj
 0003:0000265c       ??_C@_0CG@LHPJ@ping?3?5you?5need?5to?5specify?5a?5call@ 0042e65c   gtest.obj
 0003:00002684       ??_C@_04LBKD@ping?$AA@     0042e684   gtest.obj
 0003:0000268c       ??_C@_0CN@BNGL@Player?5?$CFs?8s?5var?5?$CFd?5has?5len?5?$CFd?0?5v@ 0042e68c   gtest.obj
 0003:000026bc       ??_C@_0CP@MDBD@Getting?5player?5?$CFd?5?$DN?5?$CFs?8s?5var?5?$CFd?5@ 0042e6bc   gtest.obj
 0003:000026ec       ??_C@_0N@KFHE@can?8t?5malloc?$AA@ 0042e6ec   gtest.obj
 0003:000026fc       ??_C@_0DH@MHJN@Getting?5size?5of?5player?5?$CFd?5?$DN?5?$CFs?8s@ 0042e6fc   gtest.obj
 0003:00002734       ??_C@_0EE@IBKF@pget?3?5must?5specify?5a?5player?5numb@ 0042e734   gtest.obj
 0003:00002778       ??_C@_06OGPH@?$CFhu?5?$CFd?$AA@ 0042e778   gtest.obj
 0003:00002780       ??_C@_04BFAD@pget?$AA@     0042e780   gtest.obj
 0003:00002788       ??_C@_0CK@LCFP@Set?5player?5?$CFs?8s?5var?5?$CFd?5to?5?$CF20?420@ 0042e788   gtest.obj
 0003:000027b4       ??_C@_0BE@DHDO@Can?8t?5read?5?$CFd?5bytes?$AA@ 0042e7b4   gtest.obj
 0003:000027c8       ??_C@_0BI@JJMB@Can?8t?5allocate?5?$CFd?5bytes?$AA@ 0042e7c8   gtest.obj
 0003:000027e0       ??_C@_0BI@JIAP@Bad?5size?5?$CFd?5for?5file?5?$CFs?$AA@ 0042e7e0   gtest.obj
 0003:000027f8       ??_C@_0BD@NBON@Can?8t?5open?5file?5?$CFs?$AA@ 0042e7f8   gtest.obj
 0003:0000280c       ??_C@_0FA@BFLC@fpset?3?5must?5specify?5a?5player?5num@ 0042e80c   gtest.obj
 0003:0000285c       ??_C@_05LBBC@fpset?$AA@    0042e85c   gtest.obj
 0003:00002864       ??_C@_0CF@ELOP@Set?5player?5?$CFs?8s?5var?5?$CFd?5to?5?$CFs?0?5le@ 0042e864   gtest.obj
 0003:0000288c       ??_C@_0CP@MAFH@Setting?5player?5?$CFd?5?$DN?5?$CFs?8s?5var?5?$CFd?5@ 0042e88c   gtest.obj
 0003:000028bc       ??_C@_0EM@JCMJ@pset?3?5must?5specify?5a?5player?5numb@ 0042e8bc   gtest.obj
 0003:00002908       ??_C@_09EGNE@?$CFhu?5?$CFd?5?$CFs?$AA@ 0042e908   gtest.obj
 0003:00002914       ??_C@_04HMDD@pset?$AA@     0042e914   gtest.obj
 0003:0000291c       ??_C@_0CC@JNOO@Listing?5players?5in?5group?5?$CFd?5?$DN?5?$CFs@ 0042e91c   gtest.obj
 0003:00002940       ??_C@_0CF@GGNG@gaddplayer?3?5unknown?5group?5number@ 0042e940   gtest.obj
 0003:00002968       ??_C@_0CG@BHEC@gplayers?3?5must?5specify?5a?5group?5n@ 0042e968   gtest.obj
 0003:00002990       ??_C@_08CJK@gplayers?$AA@  0042e990   gtest.obj
 0003:0000299c       ??_C@_0CK@NDOE@Deleted?5player?5?$CFd?5?$DN?5?$CFs?5from?5grou@ 0042e99c   gtest.obj
 0003:000029c8       ??_C@_0DK@NDND@Deleting?5player?5?$CFd?5?$DN?5?$CFs?5from?5gro@ 0042e9c8   gtest.obj
 0003:00002a04       ??_C@_0EM@MCIP@gdelplayer?3?5must?5specify?5a?5group@ 0042ea04   gtest.obj
 0003:00002a50       ??_C@_07HOID@?$CFhu?5?$CFhu?$AA@ 0042ea50   gtest.obj
 0003:00002a58       ??_C@_0L@GHJK@gdelplayer?$AA@ 0042ea58   gtest.obj
 0003:00002a64       ??_C@_0CG@OHEJ@Added?5player?5?$CFd?5?$DN?5?$CFs?5to?5group?5?$CFd@ 0042ea64   gtest.obj
 0003:00002a8c       ??_C@_0DG@KEPO@Adding?5player?5?$CFd?5?$DN?5?$CFs?5to?5group?5?$CF@ 0042ea8c   gtest.obj
 0003:00002ac4       ??_C@_0CH@CDBB@Getting?5group?5?$CFd?8s?5name?5returns?5@ 0042eac4   gtest.obj
 0003:00002aec       ??_C@_0EB@ELBL@gaddplayer?3?5unknown?5group?5number@ 0042eaec   gtest.obj
 0003:00002b30       ??_C@_0EM@PCLK@gaddplayer?3?5must?5specify?5a?5group@ 0042eb30   gtest.obj
 0003:00002b7c       ??_C@_0L@JAHB@gaddplayer?$AA@ 0042eb7c   gtest.obj
 0003:00002b88       ??_C@_0CC@IHJ@error?5?$CFd?5calling?5enumGroupsByNam@ 0042eb88   gtest.obj
 0003:00002bac       ??_C@_0CM@BAAJ@delgroup?3?5you?5need?5to?5specify?5a?5@ 0042ebac   gtest.obj
 0003:00002bd8       ??_C@_08IILN@delgroup?$AA@ 0042ebd8   gtest.obj
 0003:00002be4       ??_C@_0CK@HGPG@Creating?5group?5?$CC?$CFs?$CC?5returns?5id?5?$CF@ 0042ebe4   gtest.obj
 0003:00002c10       ??_C@_0CM@NLBI@newgroup?3?5you?5need?5to?5specify?5a?5@ 0042ec10   gtest.obj
 0003:00002c3c       ??_C@_08BAHH@newgroup?$AA@ 0042ec3c   gtest.obj
 0003:00002c48       ??_C@_0BO@JAHD@error?5?$CFd?5calling?5dpEnumGroups?$AA@ 0042ec48   gtest.obj
 0003:00002c68       ??_C@_0CD@JBNK@Listing?5groups?5in?5current?5sessio@ 0042ec68   gtest.obj
 0003:00002c8c       ??_C@_06BNIL@groups?$AA@   0042ec8c   gtest.obj
 0003:00002c94       ??_C@_0BM@DEH@Set?5blob?5of?5player?5?$CFd?5to?5?$CFs?$AA@ 0042ec94   gtest.obj
 0003:00002cb0       ??_C@_0CI@JMAH@Setting?5player?5?$CFd?8s?5blob?5returns@ 0042ecb0   gtest.obj
 0003:00002cd8       ??_C@_0DA@KGPO@setpblob?3?5must?5specify?5a?5player?5@ 0042ecd8   gtest.obj
 0003:00002d08       ??_C@_08MKNN@setpblob?$AA@ 0042ed08   gtest.obj
 0003:00002d14       ??_C@_0BM@BNNH@Set?5name?5of?5player?5?$CFd?5to?5?$CFs?$AA@ 0042ed14   gtest.obj
 0003:00002d30       ??_C@_0CI@HEHE@Setting?5player?5?$CFd?8s?5name?5returns@ 0042ed30   gtest.obj
 0003:00002d58       ??_C@_0DA@CMNF@setpname?3?5must?5specify?5a?5player?5@ 0042ed58   gtest.obj
 0003:00002d88       ??_C@_08IHEM@setpname?$AA@ 0042ed88   gtest.obj
 0003:00002d94       ??_C@_0BH@NCDE@Deleted?5player?5?$CFd?5?$DN?5?$CFs?$AA@ 0042ed94   gtest.obj
 0003:00002dac       ??_C@_0CC@ODNI@Deleting?5player?5?$CFd?5returns?5err?5?$CF@ 0042edac   gtest.obj
 0003:00002dd0       ??_C@_0CI@DJNG@Getting?5player?5?$CFd?8s?5name?5returns@ 0042edd0   gtest.obj
 0003:00002df8       ??_C@_0CI@CADH@delplayer?3?5must?5specify?5a?5player@ 0042edf8   gtest.obj
 0003:00002e20       ??_C@_09MAAO@delplayer?$AA@ 0042ee20   gtest.obj
 0003:00002e2c       ??_C@_0CE@EOOD@Creating?5player?5?$CC?$CFs?$CC?5returns?5err@ 0042ee2c   gtest.obj
 0003:00002e50       ??_C@_0CO@BCM@newplayer?3?5you?5need?5to?5specify?5a@ 0042ee50   gtest.obj
 0003:00002e80       ??_C@_09LIJG@newplayer?$AA@ 0042ee80   gtest.obj
 0003:00002e8c       ??_C@_0BF@BKNM@Disabled?5new?5players?$AA@ 0042ee8c   gtest.obj
 0003:00002ea4       ??_C@_0BE@JCCA@Enabled?5new?5players?$AA@ 0042eea4   gtest.obj
 0003:00002eb8       ??_C@_0CH@IHEM@dpEnableNewPlayers?$CI?0?$CFd?$CJ?5returns?5@ 0042eeb8   gtest.obj
 0003:00002ee0       ??_C@_0DJ@CJMI@enableNewPlayers?3?5must?5specify?50@ 0042eee0   gtest.obj
 0003:00002f1c       ??_C@_0BB@KDMK@enableNewPlayers?$AA@ 0042ef1c   gtest.obj
 0003:00002f30       ??_C@_09FCK@xrplayers?$AA@ 0042ef30   gtest.obj
 0003:00002f3c       ??_C@_08DJMO@xplayers?$AA@ 0042ef3c   gtest.obj
 0003:00002f48       ??_C@_0BP@BNMI@Listing?5players?5in?5session?5?$CFs?3?$AA@ 0042ef48   gtest.obj
 0003:00002f68       ??_C@_0CD@FPHP@Unable?5to?5find?5session?5matching?5@ 0042ef68   gtest.obj
 0003:00002f8c       ??_C@_08OIOH@rplayers?$AA@ 0042ef8c   gtest.obj
 0003:00002f98       ??_C@_0BP@KIKJ@error?5?$CFd?5calling?5dpEnumPlayers?$AA@ 0042ef98   gtest.obj
 0003:00002fb8       ??_C@_0CE@EMGN@Listing?5players?5in?5current?5sessi@ 0042efb8   gtest.obj
 0003:00002fdc       ??_C@_07PECE@players?$AA@  0042efdc   gtest.obj
 0003:00002fe4       ??_C@_0BB@IDJN@dpGetSessionDesc?$AA@ 0042efe4   gtest.obj
 0003:00002ff8       ??_C@_0DB@MMI@Player?5latency?5deltas?5disabled?5f@ 0042eff8   gtest.obj
 0003:0000302c       ??_C@_0DA@IFGE@Player?5latency?5deltas?5for?5this?5s@ 0042f02c   gtest.obj
 0003:0000305c       ??_C@_0CB@CNJM@ldeltas?3?5usage?3?5ldeltas?5?$FLon?$HMoff?$FN@ 0042f05c   gtest.obj
 0003:00003080       ??_C@_07DJAA@ldeltas?$AA@  0042f080   gtest.obj
 0003:00003088       ??_C@_0CJ@BANO@Player?5deltas?5disabled?5for?5sessi@ 0042f088   gtest.obj
 0003:000030b4       ??_C@_0CI@BMJE@Player?5deltas?5for?5session?5?$CC?$CFs?$CC?5e@ 0042f0b4   gtest.obj
 0003:000030dc       ??_C@_0CB@EELJ@error?5?$CFd?5getting?5current?5session@ 0042f0dc   gtest.obj
 0003:00003100       ??_C@_0BH@FEAD@session?5?$CC?$CFs?$CC?5not?5found?$AA@ 0042f100   gtest.obj
 0003:00003118       ??_C@_0EP@PIJM@pdeltas?3?5you?5need?5to?5specify?5on?5@ 0042f118   gtest.obj
 0003:00003168       ??_C@_03OJPB@off?$AA@      0042f168   gtest.obj
 0003:0000316c       ??_C@_07BOKB@pdeltas?$AA@  0042f16c   gtest.obj
 0003:00003174       ??_C@_0BM@NLGJ@Gameserver?5deltas?5disabled?4?$AA@ 0042f174   gtest.obj
 0003:00003190       ??_C@_0CO@IIEE@Gameserver?5deltas?5for?5sessiontyp@ 0042f190   gtest.obj
 0003:000031c0       ??_C@_07DOBD@gdeltas?$AA@  0042f1c0   gtest.obj
 0003:000031c8       ??_C@_0BJ@FBIM@Session?5deltas?5disabled?4?$AA@ 0042f1c8   gtest.obj
 0003:000031e4       ??_C@_0BI@DDLO@Session?5deltas?5enabled?4?$AA@ 0042f1e4   gtest.obj
 0003:000031fc       ??_C@_0CH@CIGH@error?5?$CFd?5calling?5dpRequestObject@ 0042f1fc   gtest.obj
 0003:00003224       ??_C@_02PHBM@on?$AA@       0042f224   gtest.obj
 0003:00003228       ??_C@_07GNBP@sdeltas?$AA@  0042f228   gtest.obj
 0003:00003230       ??_C@_0DF@FNBG@Set?5ping?5intervals?5to?5piggyback?3@ 0042f230   gtest.obj
 0003:00003268       ??_C@_0CE@JDMM@error?5?$CFd?5calling?5dpSetPingInterv@ 0042f268   gtest.obj
 0003:0000328c       ??_C@_0FJ@CDAO@setPingIntervals?3?5you?5must?5speci@ 0042f28c   gtest.obj
 0003:000032e8       ??_C@_0BB@HHNI@setPingIntervals?$AA@ 0042f2e8   gtest.obj
 0003:000032fc       ??_C@_0CA@EGJO@error?5?$CFd?5calling?5dpEnumSessions?$AA@ 0042f2fc   gtest.obj
 0003:0000331c       ??_C@_0BC@FJM@Listing?5sessions?3?$AA@ 0042f31c   gtest.obj
 0003:00003330       ??_C@_08GEMC@sessions?$AA@ 0042f330   gtest.obj
 0003:0000333c       ??_C@_0BA@GNKK@no?5dp?5to?5close?4?$AA@ 0042f33c   gtest.obj
 0003:0000334c       ??_C@_0L@EHBI@dp?5closed?4?$AA@ 0042f34c   gtest.obj
 0003:00003358       ??_C@_07NDEA@dpClose?$AA@  0042f358   gtest.obj
 0003:00003360       ??_C@_0FA@BBLL@joinany?3?5you?5need?5to?5specify?5eit@ 0042f360   gtest.obj
 0003:000033b0       ??_C@_07OIDG@joinany?$AA@  0042f3b0   gtest.obj
 0003:000033b8       ??_C@_0CE@CFBM@Unable?5to?5join?5a?5session?0?5error?3@ 0042f3b8   gtest.obj
 0003:000033dc       ??_C@_0CB@JENO@Joining?5first?5room?5matching?5?$CC?$CFs?$CC@ 0042f3dc   gtest.obj
 0003:00003400       ??_C@_0CH@MAEM@join?3?5you?5need?5to?5specify?5a?5room@ 0042f400   gtest.obj
 0003:00003428       ??_C@_04PHLL@join?$AA@     0042f428   gtest.obj
 0003:00003430       ??_C@_0BH@MHGK@Becoming?5server?5lobby?4?$AA@ 0042f430   gtest.obj
 0003:00003448       ??_C@_0CA@JCDP@error?5?$CFd?5calling?5dpDeclareLobby?$AA@ 0042f448   gtest.obj
 0003:00003468       ??_C@_05DDCH@lobby?$AA@    0042f468   gtest.obj
 0003:00003470       ??_C@_0EA@DGGK@Called?5dpOpen?5to?5create?5session?$DL@ 0042f470   gtest.obj
 0003:000034b0       ??_C@_0CG@OPD@Unable?5to?5create?5a?5session?0?5erro@ 0042f4b0   gtest.obj
 0003:000034d8       ??_C@_0DA@NCCP@Usage?3?5host?5Room_Name?5?$FLmaxpl?$FN?5?$FLf@ 0042f4d8   gtest.obj
 0003:00003508       ??_C@_04OHFB@host?$AA@     0042f508   gtest.obj
 0003:00003510       ??_C@_0BL@CNED@set?5current?5species?5to?5?$CFd?6?$AA@ 0042f510   gtest.obj
 0003:0000352c       ??_C@_0CM@FLMP@species?3?5must?5specify?5a?5value?5fo@ 0042f52c   gtest.obj
 0003:00003558       ??_C@_03MMKB@?$CFhu?$AA@   0042f558   gtest.obj
 0003:0000355c       ??_C@_07EAIK@species?$AA@  0042f55c   gtest.obj
 0003:00003564       ??_C@_0P@KLPA@Thawed?5file?5?$CFs?$AA@ 0042f564   gtest.obj
 0003:00003574       ??_C@_0CD@OAJN@Error?5?$CFd?5thawing?5file?5?$CFs?$DL?5quitti@ 0042f574   gtest.obj
 0003:00003598       ??_C@_0CB@FENI@DP?5already?5created?4?5?5Can?8t?5thaw?4@ 0042f598   gtest.obj
 0003:000035bc       ??_C@_04LIM@thaw?$AA@      0042f5bc   gtest.obj
 0003:000035c4       ??_C@_0CL@LFAF@Frozen?5?$CIready?5or?5not?$CB?$CJ?4?5?5Thaw?5to@ 0042f5c4   gtest.obj
 0003:000035f0       ??_C@_0BE@PDIL@New?5freeze?5file?5?$CFs?6?$AA@ 0042f5f0   gtest.obj
 0003:00003604       ??_C@_0L@LGPM@freeze?4dat?$AA@ 0042f604   gtest.obj
 0003:00003610       ??_C@_0BJ@EPMK@Defaulting?5to?5freeze?4dat?$AA@ 0042f610   gtest.obj
 0003:0000362c       ??_C@_06HHG@freeze?$AA@    0042f62c   gtest.obj
 0003:00003634       ??_C@_0BC@PNHP@no?5dp?5to?5destroy?4?$AA@ 0042f634   gtest.obj
 0003:00003648       ??_C@_0O@EIFK@dp?5destroyed?4?$AA@ 0042f648   gtest.obj
 0003:00003658       ??_C@_09MGHI@dpDestroy?$AA@ 0042f658   gtest.obj
 0003:00003664       ??_C@_0M@FOKB@Created?5dp?4?$AA@ 0042f664   gtest.obj
 0003:00003670       ??_C@_0BD@BDPB@Error?5?$CFd?5creating?$CB?$AA@ 0042f670   gtest.obj
 0003:00003684       ??_C@_0CJ@CIOE@DP?5already?5created?4?5?5Can?8t?5creat@ 0042f684   gtest.obj
 0003:000036b0       ??_C@_08EKOI@dpCreate?$AA@ 0042f6b0   gtest.obj
 0003:000036bc       ??_C@_0BI@JGIF@Score?5report?5finished?4?6?$AA@ 0042f6bc   gtest.obj
 0003:000036d4       ??_C@_0CB@KMLK@dpReportScoreEnd?5returns?5err?3?$CFd?6@ 0042f6d4   gtest.obj
 0003:000036f8       ??_C@_08PFMM@scoreend?$AA@ 0042f6f8   gtest.obj
 0003:00003704       ??_C@_0BP@JAOK@dpReportScore2?5returns?5err?3?$CFd?6?$AA@ 0042f704   gtest.obj
 0003:00003724       ??_C@_0DJ@IKKF@scorereport?3?5you?5must?5specify?5a?5@ 0042f724   gtest.obj
 0003:00003760       ??_C@_0M@IKNJ@scorereport?$AA@ 0042f760   gtest.obj
 0003:0000376c       ??_C@_0BJ@JGCE@Ready?5for?5scorereports?4?6?$AA@ 0042f76c   gtest.obj
 0003:00003788       ??_C@_0CD@KKCC@dpReportScoreStart?5returns?5err?3?$CF@ 0042f788   gtest.obj
 0003:000037ac       ??_C@_0L@BKCB@scorestart?$AA@ 0042f7ac   gtest.obj
 0003:000037b8       ??_C@_0CG@BIDB@Activation?5code?5email?5request?5qu@ 0042f7b8   gtest.obj
 0003:000037e0       ??_C@_0CJ@EKGB@Unable?5to?5queue?5email?5request?0?5e@ 0042f7e0   gtest.obj
 0003:0000380c       ??_C@_0CA@GNLJ@requestcode?5takes?5no?5parameters?$AA@ 0042f80c   gtest.obj
 0003:0000382c       ??_C@_0M@BANH@requestcode?$AA@ 0042f82c   gtest.obj
 0003:00003838       ??_C@_0CB@DDNB@Account?5activate?5request?5queued?4@ 0042f838   gtest.obj
 0003:0000385c       ??_C@_0DE@DFDJ@Unable?5to?5queue?5account?5activate@ 0042f85c   gtest.obj
 0003:00003890       ??_C@_0DC@HEGN@acctactivate?3?5you?5must?5specify?5a@ 0042f890   gtest.obj
 0003:000038c4       ??_C@_0N@GOII@acctactivate?$AA@ 0042f8c4   gtest.obj
 0003:000038d4       ??_C@_0BG@BHOF@Login?5request?5queued?4?$AA@ 0042f8d4   gtest.obj
 0003:000038ec       ??_C@_0CJ@NALE@Unable?5to?5queue?5login?5request?0?5e@ 0042f8ec   gtest.obj
 0003:00003918       ??_C@_0DC@LNGF@login?3?5you?5must?5specify?5a?5userna@ 0042f918   gtest.obj
 0003:0000394c       ??_C@_05FLFF@login?$AA@    0042f94c   gtest.obj
 0003:00003954       ??_C@_0BP@OJGN@Game?5server?5set?5to?5?$CFs?0?5type?5?$CFd?$AA@ 0042f954   gtest.obj
 0003:00003974       ??_C@_0DE@OEDH@Unable?5to?5set?5game?5server?5to?5?$CFs?0@ 0042f974   gtest.obj
 0003:000039a8       ??_C@_01PLJA@0?$AA@        0042f9a8   gtest.obj
 0003:000039ac       ??_C@_0EB@HJPF@setGameServer?3?5you?5must?5specify?5@ 0042f9ac   gtest.obj
 0003:000039f0       ??_C@_0O@IOMJ@setGameServer?$AA@ 0042f9f0   gtest.obj
 0003:00003a00       ??_C@_0BP@NBKC@error?5?$CFd?5calling?5dpEnumServers?$AA@ 0042fa00   gtest.obj
 0003:00003a20       ??_C@_0BB@PDDG@Listing?5servers?3?$AA@ 0042fa20   gtest.obj
 0003:00003a34       ??_C@_0M@JFF@gameservers?$AA@ 0042fa34   gtest.obj
 0003:00003a40       ??_C@_0CC@MPHO@error?5?$CFd?5calling?5dpEnumTransport@ 0042fa40   gtest.obj
 0003:00003a64       ??_C@_0BJ@FBFF@Printing?5transport?5info?3?$AA@ 0042fa64   gtest.obj
 0003:00003a80       ??_C@_0P@KHEN@enumtransports?$AA@ 0042fa80   gtest.obj
 0003:00003a90       ??_C@_0BB@CKGA@sixty?5minute?5max?$AA@ 0042fa90   gtest.obj
 0003:00003aa4       ??_C@_0P@GKNB@one?5minute?5max?$AA@ 0042faa4   gtest.obj
 0003:00003ab4       ??_C@_0BF@LDDD@sixty?5minute?5average?$AA@ 0042fab4   gtest.obj
 0003:00003acc       ??_C@_0CC@PIJM@error?5?$CFd?5calling?5dp_avgstat_prin@ 0042facc   gtest.obj
 0003:00003af0       ??_C@_0BD@CJAE@one?5minute?5average?$AA@ 0042faf0   gtest.obj
 0003:00003b04       ??_C@_0CB@CCGN@error?5?$CFd?5calling?5dp_avgstat_poll@ 0042fb04   gtest.obj
 0003:00003b28       ??_C@_09DOND@statprint?$AA@ 0042fb28   gtest.obj
 0003:00003b34       ??_C@_0CB@JLFA@error?5?$CFd?5calling?5dp_avgstat_init@ 0042fb34   gtest.obj
 0003:00003b58       ??_C@_08NEBD@statinit?$AA@ 0042fb58   gtest.obj
 0003:00003b64       ??_C@_0N@PINJ@dpio?5thawed?4?$AA@ 0042fb64   gtest.obj
 0003:00003b74       ??_C@_0BG@NNLK@Error?5?$CFd?5thawing?5dpio?$AA@ 0042fb74   gtest.obj
 0003:00003b8c       ??_C@_0CA@COMI@Errno?5?$CFd?5opening?5freeze?5file?5?$CFs?$AA@ 0042fb8c   gtest.obj
 0003:00003bac       ??_C@_02JKAF@rb?$AA@       0042fbac   gtest.obj
 0003:00003bb0       ??_C@_0CB@GNDN@dpio_thaw?3?5dpio?5already?5created?4@ 0042fbb0   gtest.obj
 0003:00003bd4       ??_C@_0BP@CHKK@dpio_thaw?3?5DP?5already?5created?4?$AA@ 0042fbd4   gtest.obj
 0003:00003bf4       ??_C@_09ILGF@dpio_thaw?$AA@ 0042fbf4   gtest.obj
 0003:00003c00       ??_C@_0CA@NDB@Frozen?4?5?5dpio_thaw?5to?5continue?4?$AA@ 0042fc00   gtest.obj
 0003:00003c20       ??_C@_0BC@JLFA@Error?5?$CFd?5freezing?$AA@ 0042fc20   gtest.obj
 0003:00003c34       ??_C@_0CB@OLIB@Errno?5?$CFd?5creating?5freeze?5file?5?$CFs@ 0042fc34   gtest.obj
 0003:00003c58       ??_C@_02NGAF@wb?$AA@       0042fc58   gtest.obj
 0003:00003c5c       ??_C@_08HFID@dpio?4dat?$AA@ 0042fc5c   gtest.obj
 0003:00003c68       ??_C@_0BH@NIAF@Defaulting?5to?5dpio?4dat?$AA@ 0042fc68   gtest.obj
 0003:00003c80       ??_C@_0CJ@BKGM@dpio_freeze?3?5must?5call?5dpio_crea@ 0042fc80   gtest.obj
 0003:00003cac       ??_C@_0M@OGAE@dpio_freeze?$AA@ 0042fcac   gtest.obj
 0003:00003cb8       ??_C@_0CN@IAKK@Sent?5?$CFd?5bytes?5?$CFd?5times?5to?5handle@ 0042fcb8   gtest.obj
 0003:00003ce8       ??_C@_0BK@CFIG@Error?5?$CFd?5sending?5to?5id?5?$CFd?$AA@ 0042fce8   gtest.obj
 0003:00003d04       ??_C@_0FB@BICB@dpio_put_reliable?3?5must?5specify?5@ 0042fd04   gtest.obj
 0003:00003d58       ??_C@_06GGGC@?$CFlu?5?$CFd?$AA@ 0042fd58   gtest.obj
 0003:00003d60       ??_C@_0BC@KGHI@dpio_put_reliable?$AA@ 0042fd60   gtest.obj
 0003:00003d74       ??_C@_0CM@JMPG@Set?5handle?5options?5for?5handle?50x@ 0042fd74   gtest.obj
 0003:00003da0       ??_C@_0DJ@KKJP@Error?5?$CFd?5setting?5handle?5options?5@ 0042fda0   gtest.obj
 0003:00003ddc       ??_C@_0DJ@FILI@dpio_setHandleOptions?3?5must?5spec@ 0042fddc   gtest.obj
 0003:00003e18       ??_C@_0CO@MHLA@dpio_setHandleOptions?3?5must?5dpio@ 0042fe18   gtest.obj
 0003:00003e48       ??_C@_0BG@DCLP@dpio_setHandleOptions?$AA@ 0042fe48   gtest.obj
 0003:00003e60       ??_C@_0BO@HCKE@Set?5max?5player?5handles?5to?5?$CFd?4?$AA@ 0042fe60   gtest.obj
 0003:00003e80       ??_C@_0CN@NFBL@dpio_setMaxPlayerHdls?3?5must?5spec@ 0042fe80   gtest.obj
 0003:00003eb0       ??_C@_0BG@KLMC@dpio_setMaxPlayerHdls?$AA@ 0042feb0   gtest.obj
 0003:00003ec8       ??_C@_0BG@CJCI@No?5timed?5out?5players?4?$AA@ 0042fec8   gtest.obj
 0003:00003ee0       ??_C@_0DB@EEEP@Player?5?$CFd?5has?5timed?5out?4?5?5Callin@ 0042fee0   gtest.obj
 0003:00003f14       ??_C@_0BG@PMEN@dpio_findTimedOutHost?$AA@ 0042ff14   gtest.obj
 0003:00003f2c       ??_C@_0BB@HKK@Closed?5handle?5?$CFd?$AA@ 0042ff2c   gtest.obj
 0003:00003f40       ??_C@_0CC@KLPH@Unable?5to?5close?5handle?5?$CFd?$DL?5err?5?$CF@ 0042ff40   gtest.obj
 0003:00003f64       ??_C@_0CF@EBBB@dpio_closeHdl?3?5must?5specify?5a?5ha@ 0042ff64   gtest.obj
 0003:00003f8c       ??_C@_0O@DKLF@dpio_closeHdl?$AA@ 0042ff8c   gtest.obj
 0003:00003f9c       ??_C@_0BB@HAHB@Opened?5handle?5?$CFd?$AA@ 0042ff9c   gtest.obj
 0003:00003fb0       ??_C@_0CA@BJLA@Unable?5to?5connect?5to?5address?5?$CFs?$AA@ 0042ffb0   gtest.obj
 0003:00003fd0       ??_C@_0CJ@KKLL@Unable?5to?5scan?5player?5address?0?5e@ 0042ffd0   gtest.obj
 0003:00003ffc       ??_C@_0CF@DOCC@dpio_openHdl?3?5must?5dpio_create?5f@ 0042fffc   gtest.obj
 0003:00004024       ??_C@_0CG@INOF@dpio_openHdl?3?5must?5specify?5an?5ad@ 00430024   gtest.obj
 0003:0000404c       ??_C@_0N@DGAE@dpio_openHdl?$AA@ 0043004c   gtest.obj
 0003:0000405c       ??_C@_0O@GOOF@dpio?5created?4?$AA@ 0043005c   gtest.obj
 0003:0000406c       ??_C@_0BH@PMGN@Error?5?$CFd?5creating?5dpio?$AA@ 0043006c   gtest.obj
 0003:00004084       ??_C@_0CD@KDNJ@dpio_create?3?5dpio?5already?5create@ 00430084   gtest.obj
 0003:000040a8       ??_C@_0CB@KEOB@dpio_create?3?5DP?5already?5created?4@ 004300a8   gtest.obj
 0003:000040cc       ??_C@_0M@KPNF@dpio_create?$AA@ 004300cc   gtest.obj
 0003:000040d8       ??_C@_0CE@HIIH@assert?5?$CFs?5?$CFs?5?$CFs?5?$CI?$CFd?5?$CFs?5?$CFd?$CJ?5?$CI?$CFd?$CJ?5@ 004300d8   gtest.obj
 0003:000040fc       ??_C@_05EJAH@FAILS?$AA@    004300fc   gtest.obj
 0003:00004104       ??_C@_02HAGF@OK?$AA@       00430104   gtest.obj
 0003:00004108       ??_C@_0CA@IMKP@assert?3?5Legal?5ops?5are?5?$DN?$DN?5?$CB?$DN?5?$DM?5?$DO?$AA@ 00430108   gtest.obj
 0003:00004128       ??_C@_0DK@DFLD@assert?3?5must?5specify?5val1?5op?5val@ 00430128   gtest.obj
 0003:00004164       ??_C@_06HDEN@assert?$AA@   00430164   gtest.obj
 0003:0000416c       ??_C@_0CJ@MLCM@Spamming?5?$CFd?5bytes?5each?5?$CFd?5ticks?5@ 0043016c   gtest.obj
 0003:00004198       ??_C@_0DP@KAHM@Can?8t?5spam?5?$CFd?5bytes?5each?5?$CFd?5tick@ 00430198   gtest.obj
 0003:000041d8       ??_C@_0CK@EOD@Packet?5size?5too?5large?$DL?5setting?5t@ 004301d8   gtest.obj
 0003:00004204       ??_C@_0DO@ILIH@spam?3?5to?5spam?0?5specify?5player?5id@ 00430204   gtest.obj
 0003:00004244       ??_C@_09LKEB@?$CFhu?5?$CFd?5?$CFd?$AA@ 00430244   gtest.obj
 0003:00004250       ??_C@_0DI@IDLC@spam?3?5?$CFd?5spams?5in?5?$CF?42f?5sec?0?5avg?5@ 00430250   gtest.obj
 0003:00004288       ??_C@_04OIAL@spam?$AA@     00430288   gtest.obj
 0003:00004290       ??_C@_0BL@GBGF@the?5value?5of?5?$CFs?5is?5?$CFd?5?$CI?$CFx?$CJ?$AA@ 00430290   gtest.obj
 0003:000042ac       ??_C@_0BK@FDLG@show?3?5expected?5?8show?5var?8?$AA@ 004302ac   gtest.obj
 0003:000042c8       ??_C@_04DDJJ@show?$AA@     004302c8   gtest.obj
 0003:000042d0       ??_C@_0N@IMHI@set?5?$CFs?5to?5?$CFd?$AA@ 004302d0   gtest.obj
 0003:000042e0       ??_C@_0BM@FHFD@set?3?5expected?5?8set?5var?5val?8?$AA@ 004302e0   gtest.obj
 0003:000042fc       ??_C@_03NHNF@set?$AA@      004302fc   gtest.obj
 0003:00004300       ??_C@_0BE@DMDJ@Busy?5time?5set?5to?5?$CFd?$AA@ 00430300   gtest.obj
 0003:00004314       ??_C@_0DN@ICOJ@busy?3?5at?5?$CFd?$DL?5to?5change?0?5specify?5@ 00430314   gtest.obj
 0003:00004354       ??_C@_0CL@DGJA@busy?3?5?$CFd?5loops?5in?5?$CF?42f?5sec?$DL?5?$CF?42f@ 00430354   gtest.obj
 0003:00004380       ??_C@_04MGOE@busy?$AA@     00430380   gtest.obj
 0003:00004388       ??_C@_09MBEB@Sleeping?4?$AA@ 00430388   gtest.obj
 0003:00004394       ??_C@_0DN@BMLK@sleep?3?5must?5specify?5a?5duration?5i@ 00430394   gtest.obj
 0003:000043d4       ??_C@_02JBAA@?$CFf?$AA@    004303d4   gtest.obj
 0003:000043d8       ??_C@_05BOEP@sleep?$AA@    004303d8   gtest.obj
 0003:000043e0       ??_C@_0BP@OJFF@Waiting?5for?5callback?5to?5finish?$AA@ 004303e0   gtest.obj
 0003:00004400       ??_C@_04OMDE@wait?$AA@     00430400   gtest.obj
 0003:00004408       ??_C@_0CO@BHND@Sent?5remotequit?5message?5to?5all?5o@ 00430408   gtest.obj
 0003:00004438       ??_C@_0O@PKKP@Can?8t?5send?4?4?4?$AA@ 00430438   gtest.obj
 0003:00004448       ??_C@_0CA@NKBA@You?5must?5create?5a?5player?5first?4?$AA@ 00430448   gtest.obj
 0003:00004468       ??_C@_02MMMM@rq?$AA@       00430468   gtest.obj
 0003:0000446c       ??_C@_0L@LBDK@remotequit?$AA@ 0043046c   gtest.obj
 0003:00004478       ??_C@_04FKOI@quit?$AA@     00430478   gtest.obj
 0003:00004480       ??_C@_01KNFJ@?$CD?$AA@     00430480   gtest.obj
 0003:00004484       ??_C@_0M@JCOK@?$CFs?5?$CFs?5?$CFs?5?$CFs?$AA@ 00430484   gtest.obj
 0003:00004490       ??_C@_01BJG@?6?$AA@        00430490   gtest.obj
 0003:00004494       ??_C@_04MHDN@help?$AA@     00430494   gtest.obj
 0003:0000449c       ??_C@_0CC@IEHE@error?5?$CFd?5calling?5dpSetSessionDes@ 0043049c   gtest.obj
 0003:000044c0       ??_C@_0CC@CH@error?5?$CFd?5calling?5dpGetSessionDes@ 004304c0   gtest.obj
 0003:000044e4       ??_C@_00A@?$AA@            004304e4   gtest.obj
 0003:000044e8       ??_C@_0CB@MJLN@burn10msec?3?5?$CFd?5loops?5?$DN?510?5msec?4?6@ 004304e8   gtest.obj
 0003:0000450c       ??_C@_0CE@KGOJ@burn10msec?3?5Calibrating?5busy?5loo@ 0043050c   gtest.obj
 0003:00004530       ??_C@_0BJ@FABH@Illegal?5variable?5name?5?$CFs?$AA@ 00430530   gtest.obj
 0003:0000454c       ??_C@_07PIHL@dwUser1?$AA@  0043054c   gtest.obj
 0003:00004554       ??_C@_06LIBC@theVar?$AA@   00430554   gtest.obj
 0003:0000455c       ??_C@_08JKGO@theError?$AA@ 0043055c   gtest.obj
 0003:00004568       ??_C@_08HKLC@anyGroup?$AA@ 00430568   gtest.obj
 0003:00004574       ??_C@_09FLPM@anyPlayer?$AA@ 00430574   gtest.obj
 0003:00004580       ??_C@_09MKON@thisGroup?$AA@ 00430580   gtest.obj
 0003:0000458c       ??_C@_0L@JBEM@thisPlayer?$AA@ 0043058c   gtest.obj
 0003:00004598       ??_C@_09IACK@n_players?$AA@ 00430598   gtest.obj
 0003:000045a4       ??_C@_0L@NJLG@n_sessions?$AA@ 004305a4   gtest.obj
 0003:000045b0       ??_C@_02JAFN@?$CFi?$AA@    004305b0   gtest.obj
 0003:000045b4       ??_C@_0BE@BMJO@Illegal?5operator?5?$CFs?$AA@ 004305b4   gtest.obj
 0003:000045c8       ??_C@_02GMBL@?$CB?$DN?$AA@ 004305c8   gtest.obj
 0003:000045cc       ??_C@_02OJEM@?$DN?$DN?$AA@ 004305cc   gtest.obj
 0003:000045d0       ??_C@_01FHE@?$DM?$AA@      004305d0   gtest.obj
 0003:000045d4       ??_C@_01FAFK@?$DO?$AA@     004305d4   gtest.obj
 0003:000045d8       ??_C@_0P@KCJI@Help?5finished?4?$AA@ 004305d8   gtest.obj
 0003:000045e8       ??_C@_0BK@CHKA@Press?5any?5key?5to?5continue?$AA@ 004305e8   gtest.obj
 0003:00004604       ??_C@_0BJ@MFJD@Exiting?5with?5status?5?$CFd?4?6?$AA@ 00430604   gtest.obj
 0003:00004620       ??_C@_0DEC@DGI@Usage?3?5gtest?5?$FL?9N?3comm?4dll?$FN?$FL?9B?3bu@ 00430620   gtest.obj
 0003:00004964       ??_C@_0BE@OBFE@?$CFs?3?5Unknown?5arg?5?$CFs?6?$AA@ 00430964   gtest.obj
 0003:00004978       ??_C@_0BF@JOPP@unknown?5parameter?5?$CFs?$AA@ 00430978   gtest.obj
 0003:00004990       ??_C@_03JFOM@?$CFld?$AA@   00430990   gtest.obj
 0003:00004994       ??_C@_05PNMD@?9Kirq?$AA@   00430994   gtest.obj
 0003:0000499c       ??_C@_03MCHI@?$CFlx?$AA@   0043099c   gtest.obj
 0003:000049a0       ??_C@_06LMHO@?9Kport?$AA@  004309a0   gtest.obj
 0003:000049a8       ??_C@_0BE@GOEG@Log?5file?5name?5?3?5?$CFs?6?$AA@ 004309a8   gtest.obj
 0003:000049bc       ??_C@_0BP@NJIE@Setting?5busy?5time?5to?5?$CFs?5ticks?6?$AA@ 004309bc   gtest.obj
 0003:000049dc       ??_C@_0CJ@KGDG@Expected?5?3?5or?5?$DN?5after?5switch?5nam@ 004309dc   gtest.obj
 0003:00004a08       ??_C@_06LAE@?9Ktest?$AA@   00430a08   gtest.obj
 0003:00004a10       ??_C@_07JLLP@?9Kpulse?$AA@ 00430a10   gtest.obj
 0003:00004a18       ??_C@_05NOKM@stdin?$AA@    00430a18   gtest.obj
 0003:00004a20       ??_C@_0CC@EPIA@gtest?3?5Can?8t?5open?5script?5file?5?$CFs@ 00430a20   gtest.obj
 0003:00004a44       ??_C@_01LHO@r?$AA@         00430a44   gtest.obj
 0003:00004a48       ??_C@_0BJ@EECF@Expected?5letter?5after?5?9?6?$AA@ 00430a48   gtest.obj
 0003:00004a64       ??_C@_0BF@FIFI@yech?0?5crash?5in?5gtest?$AA@ 00430a64   gtest.obj
 0003:00004a7c       ??_C@_0CM@PKOJ@Odd?$DL?5got?5unexpected?5packet?5?$CF2?42s@ 00430a7c   gtest.obj
 0003:00004aa8       ??_C@_0BM@IEEK@Joined?5session?5?$CFs?0?5type?3?$CFd?6?$AA@ 00430aa8   gtest.obj
 0003:00004ac4       ??_C@_0CA@HEPF@Session?5join?5failed?0?5reason?3?$CFd?6?$AA@ 00430ac4   gtest.obj
 0003:00004ae4       ??_C@_0CD@OMGJ@Account?5request?5failed?0?5reason?5?$CF@ 00430ae4   gtest.obj
 0003:00004b08       ??_C@_0CC@NHFK@Access?5Denied?0?5account?5is?5in?5use@ 00430b08   gtest.obj
 0003:00004b2c       ??_C@_0P@BGGI@Access?5Denied?4?$AA@ 00430b2c   gtest.obj
 0003:00004b3c       ??_C@_0CG@MAJJ@Account?5change?5successful?5for?5ui@ 00430b3c   gtest.obj
 0003:00004b64       ??_C@_0DH@ECNG@Logged?5as?5uid?5?$CFd?4?5You?5must?5activ@ 00430b64   gtest.obj
 0003:00004b9c       ??_C@_0CH@CCMA@Logged?5as?5uid?5?$CFd?4?5?$CIaccount?5activ@ 00430b9c   gtest.obj
 0003:00004bc4       ??_C@_0DJ@PGHN@The?5session?5has?5been?5closed?5for?5@ 00430bc4   gtest.obj
 0003:00004c00       ??_C@_0BK@GJAO@This?5machine?5is?5now?5host?4?$AA@ 00430c00   gtest.obj
 0003:00004c1c       ??_C@_0BG@DFBH@Remote?5quit?5received?4?$AA@ 00430c1c   gtest.obj
 0003:00004c34       ??_C@_0CC@LGJK@Got?5?$CFd?5bytes?5from?5?$CFs?$DL?5?$CFd?5errors?4@ 00430c34   gtest.obj
 0003:00004c58       ??_C@_0DO@DAHO@New?5value?5for?5player?5?$CFd?8s?5variab@ 00430c58   gtest.obj
 0003:00004c98       ??_C@_0CB@MNGG@Player?5?$CFd?5deleted?5from?5group?5?$CFd?4@ 00430c98   gtest.obj
 0003:00004cbc       ??_C@_0BN@NPKF@Player?5?$CFd?5added?5to?5group?5?$CFd?4?$AA@ 00430cbc   gtest.obj
[...]
 0001:00007980       _gtest                     00408980 f gtest.obj
 0001:00008800       _dp_objectDelta2string     00409800 f gtest.obj
 0001:00008950       _key2buf                   00409950 f gtest.obj
 0001:000089c0       _key2bufh                  004099c0 f gtest.obj
 0001:00008a30       _dp_playerId_t_toString    00409a30 f gtest.obj
 0001:00008aa0       _dp_session_t_toString     00409aa0 f gtest.obj
 0001:00008b80       _dp_serverInfo_t_toString  00409b80 f gtest.obj
 0001:00000420       _init_crc32                00401420 f dpcrc32.obj
 0001:00029090       _cookey                    0042a090 f dp2:d3des.obj
 0001:000291d0       _scrunch                   0042a1d0 f dp2:d3des.obj
 0001:00029240       _unscrun                   0042a240 f dp2:d3des.obj
 0001:00029290       _desfunc                   0042a290 f dp2:d3des.obj
 0001:000284f0       _MD5Transform              004294f0 f dp2:md5c.obj
 0001:00028e20       _Encode                    00429e20 f dp2:md5c.obj
 0001:00028e70       _Decode                    00429e70 f dp2:md5c.obj
 0001:00028ec0       _MD5_memcpy                00429ec0 f dp2:md5c.obj
 0001:00028ef0       _MD5_memset                00429ef0 f dp2:md5c.obj
 0001:00025950       _aehmod_Create             00426950 f dp2:aeh.obj
 0001:00025af0       _aehmod_add                00426af0 f dp2:aeh.obj
 0001:00025ca0       _aeh_StackandModDump       00426ca0 f dp2:aeh.obj
 0001:00025f30       _aehmod_PosGet             00426f30 f dp2:aeh.obj
 0001:000260d0       _aehmod_NameGet            004270d0 f dp2:aeh.obj
 0001:00026150       _aeh_setStackandModInfo    00427150 f dp2:aeh.obj
 0001:00027050       _putStream                 00428050 f dp2:aeh.obj
 0001:000270c0       _putCharStream             004280c0 f dp2:aeh.obj
 0001:00027190       _putStreamErrFull          00428190 f dp2:aeh.obj
 0001:00024e90       _aehlog_clear              00425e90 f dp2:aehlog.obj
 0001:00024fe0       _aehlog_readfromfile       00425fe0 f dp2:aehlog.obj
 0001:00024850       _freeze_element            00425850 f dp2:Q.obj
 0001:00024a80       _thaw_element              00425a80 f dp2:Q.obj
 0001:0001f670       _dptab_changeSrc           00420670 f dp2:dptab.obj
 0001:0001f9d0       _dptab_varCreate           004209d0 f dp2:dptab.obj
 0001:0001fc70       _dptab_varDelete           00420c70 f dp2:dptab.obj
 0001:000200b0       _dptab_get_bykey2          004210b0 f dp2:dptab.obj
 0001:000203b0       _dptab_xfer_insert         004213b0 f dp2:dptab.obj
 0001:000204b0       _compare_xfer_keys         004214b0 f dp2:dptab.obj
 0001:00020730       _dptab_update_destination  00421730 f dp2:dptab.obj
 0001:00020a30       _dptab_update_send_delete  00421a30 f dp2:dptab.obj
 0001:00020b10       _dptab_xferBuffer_init     00421b10 f dp2:dptab.obj
 0001:00020b50       _dptab_xferBuffer_flush    00421b50 f dp2:dptab.obj
 0001:00020cc0       _dptab_update_send_small   00421cc0 f dp2:dptab.obj
 0001:00020f50       _dptab_update_send_large   00421f50 f dp2:dptab.obj
 0001:00021270       _dprint_buf                00422270 f dp2:dptab.obj
 0001:00021790       _dptab_mapIncomingTable    00422790 f dp2:dptab.obj
 0001:00022110       _dptab_peer_freeze         00423110 f dp2:dptab.obj
 0001:00022400       _dptab_xfer_freeze         00423400 f dp2:dptab.obj
 0001:000227a0       _dptab_peer_thaw           004237a0 f dp2:dptab.obj
 0001:00022ab0       _dptab_xfer_thaw           00423ab0 f dp2:dptab.obj
 0001:0001d2b0       _tserv_send_challenge      0041e2b0 f dp2:tserv.obj
 0001:0001d520       _tserv_send_response       0041e520 f dp2:tserv.obj
 0001:0001d7f0       _tserv_send_pwchange       0041e7f0 f dp2:tserv.obj
 0001:0001d960       _tserv_send_validate       0041e960 f dp2:tserv.obj
 0001:0001da40       _tserv_send_pwvalidate     0041ea40 f dp2:tserv.obj
 0001:0001db60       _tserv_send_credentials1   0041eb60 f dp2:tserv.obj
 0001:0001e4a0       _tserv_hdl2pci             0041f4a0 f dp2:tserv.obj
 0001:0001e500       _tserv_handle_credentials1 0041f500 f dp2:tserv.obj
 0001:0001bf80       _stripSurroundingWhiteSpace 0041cf80 f dp2:ini.obj
 0001:0001c480       _reltoabspath              0041d480 f dp2:ini.obj
 0001:0001b3d0       _getExceptionTable         0041c3d0 f dp2:dpexcept.obj
 0001:0001b430       _dp_makeExceptionRecords   0041c430 f dp2:dpexcept.obj
 0001:0001b7e0       _getAppParam               0041c7e0 f dp2:dpexcept.obj
 0001:0001b8e0       _getSystemInfo             0041c8e0 f dp2:dpexcept.obj
 0001:0001bbf0       _sendtoserver              0041cbf0 f dp2:dpexcept.obj
 0001:0001bdf0       _buf2hex                   0041cdf0 f dp2:dpexcept.obj
 0001:00017950       _dpio_pc                   00418950 f dp2:dpio.obj
 0001:00017980       _dpio_pw                   00418980 f dp2:dpio.obj
 0001:00017990       _dpio_print                00418990 f dp2:dpio.obj
 0001:00018370       _dpio_thaw1                00419370 f dp2:dpio.obj
 0001:000184a0       _dpio_thaw2                004194a0 f dp2:dpio.obj
 0001:00018780       _dpio_setNextTxTime        00419780 f dp2:dpio.obj
 0001:00018d30       _dpio_countHdlClosing      00419d30 f dp2:dpio.obj
 0001:00018f00       _dpio_gotAck               00419f00 f dp2:dpio.obj
 0001:00019150       _dpio_update_RTT           0041a150 f dp2:dpio.obj
 0001:00019290       _dpio_sendAck              0041a290 f dp2:dpio.obj
 0001:00019f20       _dpio_window_get           0041af20 f dp2:dpio.obj
 0001:00019fe0       _dpio_handle_ping_response 0041afe0 f dp2:dpio.obj
 0001:0001a0a0       _dpio_sendAckLater         0041b0a0 f dp2:dpio.obj
 0001:0001a0c0       _dpio_getReliable          0041b0c0 f dp2:dpio.obj
 0001:0001a270       _dpio_getRaw               0041b270 f dp2:dpio.obj
 0001:0001a520       _dpio_flushPacketsForHandle 0041b520 f dp2:dpio.obj
 0001:0001a6d0       _dpio_current_pingInterval 0041b6d0 f dp2:dpio.obj
 0001:0001a730       _dpio_put_unreliable_unbuffered 0041b730 f dp2:dpio.obj
 0001:0001a7c0       _dpio_put_unreliable_buffered 0041b7c0 f dp2:dpio.obj
 0001:000163c0       _sendServerPing            004173c0 f dp2:enumsrv2.obj
 0001:000164e0       _addServer                 004174e0 f dp2:enumsrv2.obj
 0001:00016870       _get_bootstrap_list        00417870 f dp2:enumsrv2.obj
 0001:00016a40       _dp_subscribeServerList    00417a40 f dp2:enumsrv2.obj
 0001:00016bd0       _serversEx_cb@24           00417bd0 f dp2:enumsrv2.obj
 0001:00016d70       _calc_delay                00417d70 f dp2:enumsrv2.obj
 0001:00014d50       _getLatest                 00415d50 f dp2:enumapp.obj
 0001:000148c0       _notifystub                004158c0 f dp2:launchap.obj
 0001:00009a00       _dpOpenLocalResult         0040aa00 f dp2:dp2.obj
 0001:00009af0       _dp_unpack_host            0040aaf0 f dp2:dp2.obj
 0001:00009b80       _dp_player_notify          0040ab80 f dp2:dp2.obj
 0001:00009cf0       _dp_getDesiredHandleOptions 0040acf0 f dp2:dp2.obj
 0001:00009e70       _dp_pack_playerId          0040ae70 f dp2:dp2.obj
 0001:0000b7c0       _open_sess_cb@16           0040c7c0 f dp2:dp2.obj
 0001:0000b7f0       _listSessions_cb@16        0040c7f0 f dp2:dp2.obj
 0001:0000b8a0       _create_player_cb@16       0040c8a0 f dp2:dp2.obj
 0001:0000b8c0       _chopnl                    0040c8c0 f dp2:dp2.obj
 0001:0000b8f0       _allzeros                  0040c8f0 f dp2:dp2.obj
 0001:0000bcd0       _dp_openHdl_cb             0040ccd0 f dp2:dp2.obj
 0001:0000bf60       _dpThaw                    0040cf60 f dp2:dp2.obj
 0001:0000cb60       _dp_setSessionTablePeer    0040db60 f dp2:dp2.obj
 0001:0000d180       _dp_setSessionDesc         0040e180 f dp2:dp2.obj
 0001:0000dab0       _dpSendJoinSession         0040eab0 f dp2:dp2.obj
 0001:0000dc00       _dpHandleJoinSession       0040ec00 f dp2:dp2.obj
 0001:0000e210       _dpSendErrorPacket         0040f210 f dp2:dp2.obj
 0001:0000e260       _dp_pack_host              0040f260 f dp2:dp2.obj
 0001:0000e2d0       _dp_subscribe_client       0040f2d0 f dp2:dp2.obj
 0001:0000e450       _dp_selectSessionForHost   0040f450 f dp2:dp2.obj
 0001:0000e690       _dpSendIndirectJoin        0040f690 f dp2:dp2.obj
 0001:0000e710       _initOpenSession           0040f710 f dp2:dp2.obj
 0001:0000eed0       _dp_subscribe_host         0040fed0 f dp2:dp2.obj
 0001:0000ef50       _findSessionWithKarma      0040ff50 f dp2:dp2.obj
 0001:0000efa0       _dpOpen_dummy_cb@16        0040ffa0 f dp2:dp2.obj
 0001:0000f560       _dpSendLeaveSession        00410560 f dp2:dp2.obj
 0001:0000f5f0       _dpHandleLeaveSession      004105f0 f dp2:dp2.obj
 0001:00010460       _dpRemoteEnumPlayers       00411460 f dp2:dp2.obj
 0001:000107a0       _dpRemoteEnumPlayersEx     004117a0 f dp2:dp2.obj
 0001:000109c0       _dp_election_start         004119c0 f dp2:dp2.obj
 0001:00010ac0       _dp_election_end           00411ac0 f dp2:dp2.obj
 0001:00010b50       _dp_election_peer_deleted  00411b50 f dp2:dp2.obj
 0001:00010b90       _dpHandleVote              00411b90 f dp2:dp2.obj
 0001:00010e20       _dp_election_set_master    00411e20 f dp2:dp2.obj
 0001:00010ee0       _dp_election_register_vote 00411ee0 f dp2:dp2.obj
 0001:00010f10       _dp_election_tally         00411f10 f dp2:dp2.obj
 0001:00011030       _dp_election_inaugerate_winner 00412030 f dp2:dp2.obj
 0001:000111a0       _dp_election_become_master 004121a0 f dp2:dp2.obj
 0001:00011470       _dpSendVote                00412470 f dp2:dp2.obj
 0001:00011570       _dpSendVictory             00412570 f dp2:dp2.obj
 0001:00011630       _dpElectMaster             00412630 f dp2:dp2.obj
 0001:000116b0       _dp_findLowestHost         004126b0 f dp2:dp2.obj
 0001:00011900       _dp_receive                00412900 f dp2:dp2.obj
 0001:00012480       _dpSendSessionLostPacket   00413480 f dp2:dp2.obj
 0001:000124e0       _dpHandleSelectedSession   004134e0 f dp2:dp2.obj
 0001:00012660       _dpSetPlayerUid            00413660 f dp2:dp2.obj
 0001:00012750       _dpHandleVictory           00413750 f dp2:dp2.obj
 0001:00012870       _dpPoll                    00413870 f dp2:dp2.obj
 0001:00012bc0       _dp_election_poll          00413bc0 f dp2:dp2.obj
 0001:00012c20       _dpHandlePingPacket        00413c20 f dp2:dp2.obj
 0001:00012c70       _dpPollPing                00413c70 f dp2:dp2.obj
 0001:00012de0       _dp_sendLatencyDelta       00413de0 f dp2:dp2.obj
 0001:00012e80       _dp_getBroadcastHdls       00413e80 f dp2:dp2.obj
 0001:00012f50       _dp_getHdls                00413f50 f dp2:dp2.obj
 0001:00012fb0       _dp_getGroupHdls           00413fb0 f dp2:dp2.obj

FIXUPS: 14d18 20 4d 76 47 47 22 65 b2 39 15bd0 ffffff0a 1c f 39 1f 23 fffe99e5
FIXUPS: 145e0 13 21 19 40 88 33 1e 23 3b 2c 27 39 25 2e 3c 4a 4f 30 22
FIXUPS: 14a2c 27 bd 2a 8b 39 1f 24 2c 5d 35 ffffeead 47 1d 4a 159 3f 35
FIXUPS: 13e47 2b f9 11 1a 84 21 2b 26 97 85 25 25 2b 1c 20 43 3e 1c 11
FIXUPS: 14330 44 cb 29 b8 fffff0fe 64 41 20 2c 25 3b 50 9 d 11 33 3a a1
FIXUPS: 138fd 25 16 1e 26 1a 2a 7e 27 24 c 20 22 3a 32 28 1c 12 fffff166
FIXUPS: 12d30 38 2b 140 3a 69 2d 84 24 31 20 2b 2d 24 42 43 3a 33 70 1b
FIXUPS: 13320 3a a5 af 1c 38 7f 14 2a f 41 ffffef13 1b 1f 36 2c 23 f 1d
FIXUPS: 12643 18 27 14 c 28 2a 28 11 1b 8d 5a 45 62 4f 9 68 32 1f 32 12
FIXUPS: 12a4a c 26c fffff304 18 2d 38 12 27 28 24 19 2c 13 26 27 d 65 19
FIXUPS: 12221 e 19 14 28 32 14 18 3e 8d 74 1a 19 3f 2d 36 fffff630 47 13
FIXUPS: 11baf 2d 3e 1c 13 22 13 12 e 2a 22 d 18 23 1a 29 16 21 26 3b 25
FIXUPS: 11e4d 33 15 36 29 28 55 38 fffff51d 28 15 24 1f 46 27 2d 70 2a
FIXUPS: 116a1 35 28 2d 9d 1f 1f 28 15 24 1f 2f 2a 2d 7b 20 6c 4d 22 20
FIXUPS: 11af7 1b fffff143 98 d c6 23 10 61 20 2e 73 62 21 7b 69 21 3a 25
FIXUPS: 1112c 37 93 24 40 25 30 33 2a 52 36 2e 2d 99 1f fffff1d5 29 3b
FIXUPS: 1070e 2c 21 12 14 13 1d 12 14 13 3f 47 2a 2a 2a 2a 2a 47 62 1e
FIXUPS: 10a2a 34 54 1b 13 9b 16 17 8d fffff505 34 33 28 2b 20 17 13 12
FIXUPS: 10262 4b 27 5c 23 1e 22 1c 1a 22 41 16 1b 1a 10 4d 47 15 a 85 23
FIXUPS: 10610 43 fffff574 f 3b d 42 d 34 f 55 46 67 58 f 12 15 12 3e 16
FIXUPS: febb 25 14 14 1f b0 28 3d 1d 1f 32 39 18 20 fffff276 25 47 35 34
FIXUPS: f4f4 f 20 156 57 20 e7 19 8d 23 90 20 25 14 4e 7c 12 23 15 28 f
FIXUPS: fb06 12 23 15 36 d fffff246 17 21 24 2f 15 36 21 29 24 28 1b 47
FIXUPS: efce e 21 72 91 35 21 1c 23 14 24 27 57 a5 11 d 2f 1c 1c fffff335
FIXUPS: e6d7 44 2b 10a 25 14 39 17 68 42 34 36 1d 9 3f 19 29 3c dc 22 22
FIXUPS: ec23 2a 35 37 54 26 1d 25 2e 22 fffff364 23 21 36 2a 4f 23 30 31
FIXUPS: e2ca 1b 44 34 27 2a 27 59 32 2a 2a 2d 2a 1a 1c d 3a 25 54 1a 1d
FIXUPS: e649 37 fffff56d 15 12 13 2d 1b 31 5b 20 10 12 4c 48 50 f 1b 10
FIXUPS: de74 13 1e f 19 10 11 12 19 47 2a 73 36 5d 2a fffff6d0 56 27 19
FIXUPS: d88d 13 11 9 13 19 16 11 f 12 18 39 14 19 c 17 20 15 d 13 19 43
FIXUPS: daa5 27 33 3c 44 1b fffff6d3 1f 1f 22 1f 28 22 1c 15 50 4c 18 41
FIXUPS: d46f 78 1a 1a 1e 2c 1a 1e 2b 24 26 41 f 2c 1f 37 26 37 18 fffff409
FIXUPS: cb82 3a 2e 22 1b f c5 26 1c 1a 30 9 14 14 14 32 17 19 1a 1b 13
FIXUPS: ce89 53 23 d 79 2a 59 24 1fb 24 ffffef0e 35 3d 62 63 28 55 d7 5e
FIXUPS: c491 6b 4e 43 77 6b 66 1a 67 1e5 47 31 4a f 4e 28 11 23 1b 1b 16
FIXUPS: cb1d 28 ffffeab9 57 2a 2a c4 33 33 33 2c 1d 26 72 2a 3a 52 1e6
FIXUPS: bbb0 26 26 26 26 26 26 29 e2 ad 1b 178 49 1d 2b ae ffffebbd e4
FIXUPS: adf0 19 17 26 133 3f 16 16 16 4b f 37 26 2f 4a 31 18 107 41 9b
FIXUPS: b3e3 44 4d 2a c1 1c 1c 18 11 1a ffffec78 1c5 9b 9c 4b 24 11 71
FIXUPS: a653 d 14 1e 71 65 1f 30 3b 36 1e 13 1e 36 65 36 36 38 a6 78 cc
FIXUPS: ac20 2b 48 afe7 1e 34 26 12 75 3b 41 2a a8 6f 140 53 1c 264 1d
FIXUPS: 156cb ec d9 fffffca2 11c 4b 14 ffff4588 a7 13 153 2cd 32 21 21
FIXUPS: a238 c528 a7 24 23 f 2f 55 6c 27 27 27 27 5a 2a 2a 2a f6 18 5d
FIXUPS: 16cf1 ffffecee 27 23 7b 7c 6d 16 16 a 2f 3c 1d 11c8 19 5b 2b 7e
FIXUPS: 16f6b 33 28 3c 24 35 32 57 1e 1e fffff315 2c 5e 2e 27 b5 1e 22
FIXUPS: 16621 9 3a 3b 14 2b 33 26 1a 1103 23b 1d 1e 63 72 27 85 9 2f 2d
FIXUPS: 17ce4 1f 19 2c 13b a2 d9 2c fffff12e 1e 22 1a 29 16 30 72 1d fffffaa7
FIXUPS: 16d75 34 2d 4ea3 180 a 134 1a 27a 53 ffffb105 29 2c 2c d8 2d 25
FIXUPS: 1751c 83 39 61 16 16 1c 27 1e 21 2d 5c 20 31 1d 8 1a 2f 3317 1a
FIXUPS: 1abc1 1d 34 9c 22 47 17 ac 8b 22e dc 48 22 15f 96 2b 1d3 ca cf
FIXUPS: 1b81f 66 2c 5c 43 16 23 98 86 a1 ad ffffdf9c a7 1c 1d 27 10d 44
FIXUPS: 19e61 a 15d 265 23 bc 5a 7c 4a 2a b5 44 64 41 35 90 8c af 14 22
FIXUPS: 1a8e2 86 15d 1a 14 ffffe671 43 33 f 46 59 2b 14 3e 1c 71 2a 104
FIXUPS: 194ea 4b 14 23 28 4d f4 8f 80 70 56 4a 2b 2d 36 61 16 14 166 ffffee52
FIXUPS: 18ac7 f 8a 77 49 a0 9 13 10 13 93 67 f 31 20 10 46 93 1a 11 d1
FIXUPS: 1905a 27 19 24 f 22 2e 11 11 16 3b99 26 c4 ffffb36b ea 68 2c 49
FIXUPS: 1831e 14 22 14 39 43 2a 6d bc 1b 60 2a 2a fb 29 16 80 2a 15 cc
FIXUPS: 188dc 2f 4e f 3c7c 51 19 19 c 12 18 12 39 29 14 28 c 14 c 19 17
FIXUPS: 1c7f3 7d 14 49 21 84 19 f 43 b1 131 6f 14 14 2f 61a 22 30 31 31
FIXUPS: 1d384 1d 48 30 43 f ffffee3e d f 43 15 c 13 20 15 26 f 40 24 4f
FIXUPS: 1c490 13 16 3b 2c 22 96 2eff 83 20 71 27 41 3b 28 27 44 13 16 13
FIXUPS: 1f79b 26 3e 13 2f 2b 26 32 ffffddf8 1d 4c 38 fffff773 61 157 66
FIXUPS: 1d153 10e 31 19de 2b 7c 1f 2c 3a 33 4d 19 43 3d 2e 46 19 43 70
FIXUPS: 1f037 12 20 3b 25 33 27 19 43 48 2b 24 15 33 19 23e fffff02b f
FIXUPS: 1e4fe 45 29 37 83 67 6c 2f 30 18 a3 3f 2a 53 48 18 55 2a 29 4e
FIXUPS: 1ea64 2a 29 46 44 f 5e e 33 57 ffffec4b 62 4d 2a 7a cf 215 58 2a
FIXUPS: 1dd9b 18 c7 219 c ec 48 28 28 2e 16 6c 29 2b 2a 1c 42 3c 26 14
FIXUPS: 1e436 48 9 4dbe 102 55 39 52 2a c1 8e 2a 29 2a 2a 9d 2a b2 2a 2a
FIXUPS: 2384e d d 6c e3 1d 2e 27 1c 8d 2a 2a 101 81 ffff9bda 4f51 3d b0
FIXUPS: 228ea 88 45 2a 2a c7 be 40 60 2a 2a f8 17 97 7f 17 8d 28 27 28
FIXUPS: 22fec 94 44 73 29 2a 2a 2a 2a ffffe9aa a8 53 49 2a 2d a1 146 3f
FIXUPS: 21f9d 2a 2a 8a 28 135 62 78 1f 18 cb 2a 107 77 1d 77 1c 40 7e 4e
FIXUPS: 22762 44 15 ffffebba 25 9f 1d 117 28 26 32 23 47 8c 23 33 1e 2a
FIXUPS: 217aa 2a 2b 1f 24 3e 7a 2c 2f 13 41 28 37 bd 1e 16 9b ffffef35
FIXUPS: 20ae3 76 59 f 63 2d 34 29 30 1d 3d 2a 2c a3 67 2a c5 66 28 28 1d
FIXUPS: 210cc 1c 8a 2a 2a 2a e0 2a 2e 14 ffffee5c 4b 3d 43 1d b 46 1a 8b
FIXUPS: 203eb 1e 45 7a 38 1f 31 1f 37 23 52 1e 18 41 2a 29 12f 4d 1b 11c
FIXUPS: 209e6 7c 2a fffff026 3d 40 1b 19 d 2a 11 53 28 20 1d 49 56 1b 26
FIXUPS: 1fd7d 28 88 27 59 24 51 22 87 c 77 40 17 2c 63 31 4c25 7e 16 12
FIXUPS: 24e44 1f d 18 35 53 64 1b 13 e d f 16 16 fffff4ad 39 ffffb446 d
FIXUPS: 1f95e f 70 38 13 f 3b 1b c c 4dfd 16 8d d c 13 d f b8 11 f 16 14
FIXUPS: 24a9c 11 7f 19 d f 16 14 2a 1c 70 1b 86 45 13 13 11 e d 7b8 28
FIXUPS: 2558b 21 fffffad6 2a 2d 37 c2 fd 84 130 fffff094 40 32 1d 46 27
FIXUPS: 2464c 36 29 43 41 4d 13 13 11 87 19 19 11 f 38ce 1b 29 1f ffffdc01
FIXUPS: 25e09 52 f 31 31 20 20 c 68 13 13 8f 13 13 8d 42 fffffa6d b 5c
FIXUPS: 25607 1ae 40 34 134 67 39 fffffb0e 2836 25 25 25 25 25 25 25 25
FIXUPS: 27e9b 16 d 4d 2c 1c 1b d 19 d 19 d 19 d 19 d 19 32 27 12 16 2e
FIXUPS: 28128 fffff8cb d 14 14 11 19 1e 16 d 1a 16 d 1a 16 d 1a 16 d 1a
FIXUPS: 27b7a d 32 44 1a d 1a 25 25 25 25 25 25 fffff9bf 23 1b 14 1b 1b
FIXUPS: 27783 15 16 d 19 19 16 d 14 2d 24 24 19 16 d 19 12 d 14 2d 1c 24
FIXUPS: 279a5 16 d 19 fffff695 20 1a 2f 3e 1a 53 59 25 2f 1f 5d 6b 3b 6e
FIXUPS: 273de 35 78 4d 23 23 25 5d 2c 1f 39 32 16 d 2a 15 16 fffff405 2e
FIXUPS: 26b49 19 1b 40 1c 59 20 19 1c 5a 47 31 14 33 37 25 35 15 2b 7c
FIXUPS: 26ef9 14 59 3b 17 21 20 1e 2e 9 fffff447 1e 4a 2b 58 35 3d 184
FIXUPS: 26793 a a 19 1b 49 39 1e 1b 20 23 19 15 35 2b 16 18 29 28 37 22
FIXUPS: 26a5f 30 22 1b1c 50 50 3e 32 50 3e 20 16 2c 4d 4d 4d 4d 4d 4d 4d
FIXUPS: 2624b 16 1e 1d 11 4a 52 27 34 19 2c 42 1b 25 10 2f97 d 19 25 29
FIXUPS: 294b2 f f d 39 8fb fffff38b 1d 7b fffffa38 26 92 7c 44 26 f d 80
FIXUPS: 28eff 25 2e 4c 4a 68 82 96 fffff3d7 2385 3b 7e 66 fffffc8b 33 45
FIXUPS: 2a6fc fffff979 bf 6c 11 11 338 d a d 22 11 11 11 11 1c 11 11 11
FIXUPS: 2a5f0 11 1d 11 11 10 fffdeff9 17 52 17 24 23 2d 37 19 91 10 17
FIXUPS: 9881 10 17 51 23 23 176 ffff792a 90 1a 11 34 fffffb69 188 79 53
FIXUPS: 12d8 39 29475 91 fffde6c2 21 17 61 46 32 13 e 26 62 17 17 116 54
FIXUPS: 9286 1b 14 4f 3a 21 3a 17 3a 3e 3f 80 e 3f f 3f 3f 44 ffffee9b
FIXUPS: 86c6 5a 1e6 e 19 31 3e 51 64 2e a 48 59 3d 2d 14 31 19 1d 30 8
FIXUPS: 8cad 11a 17 1e 42 1c b 1f 1a 16 ffffee23 1f 2f 3a 3a 35 6a 25 2e
FIXUPS: 7ea0 2e 1e 3e b 12 8 45 b3 30 3a 2e 2b 2e 19c f4 45 24 8 9 c 22
FIXUPS: 8496 fffff08a 35 4c 61 2e 1f 4e 53 2e 35 2b 18 35 4f 36 9 34 3c
FIXUPS: 791c 28 fc 16 2e 1e 14 2e 25 24 48 17 10 f1 ffffeefd 91 3a 3e 48
FIXUPS: 6d37 36 91 3a 52 15 5a 51 36 48 45 47 36 8a 3a 38 49 34 32 54 4a
FIXUPS: 7313 4f 36 77 7d 2e ffffef08 26 32 4f 2c 53 4b 24 32 6c 48 32 23
FIXUPS: 66c4 17 44 4b 51 8a 3a 29 3a 24 54 5b 36 66 48 28 32 3d 28 ffffef89
FIXUPS: 5b0d 32 4c 38 32 c8 4e 2c 32 6a 22 35 27 1e 4f dc 33 82 3a 1d 3a
FIXUPS: 6128 35 6a 2a 32 40 6a 3d 32 40 ffffed6b 2e 32 53 29 2e 43 84 2e
FIXUPS: 5308 1e 9b 2e 42 1e 8c c8 4a 2e 2f 30 62 8c 5a 50 5f 2e 76 4c 38
FIXUPS: 59cb c8 ffffee2a 1e 10 5d 28 15 2f 3f 88 35 d0 5a 2e 4c 48 2e 33
FIXUPS: 4d2b 2b 2e 1e 4f 36 19 37 65 49 ad 41 4b 12 1e fffff195 53 29 2e
FIXUPS: 4302 53 22 2e 35 53 1a 2e 35 44 2e 12 53 30 2e 42 2e 1e 53 25 2e
FIXUPS: 4749 4d 1c 1e 54 55 16 fffff349 60 23 3a 2e 12 47 32 68 2e 12 1d
FIXUPS: 3e41 12 1d 2e 12 1d 2e 12 1d 32 88 20 32 4a 35 1a 32 59 39 46 fffff240
FIXUPS: 344f 66 27 2f 36 46 31 f 35 65 1b 2a 35 6a 3e 29 3c 43 b8 49 3d
FIXUPS: 399e 53 28 79 1b 2e 28 10 5e 40 fffff0ac a 60 37 1e 4f 1b 32 70
FIXUPS: 2ea2 51 46 36 79 71 29 29 5f 2b e 8 64 27 2a 2e 2e 12 66 3e 4b
FIXUPS: 3391 59 ffffecf1 c3 30 51 40 65 97 26 57 2f 15e e4 35 13b 99 6a
FIXUPS: 292c 41 16 41 16 1e 50 60 13 d 13 17 35 4a 73 34 ffffe9e2 c5 32
FIXUPS: 171e 50 20 2a 44 40 88 37 33 2f 90 4d 40 37 32 47 93 3d 39 5c 20
FIXUPS: 1ced 32 4a 7d 1e f0 143 50
