 gtest2dr

 Timestamp is 3726ef62 (Wed Apr 28 04:22:10 1999)

 Preferred load address is 00400000

 Start         Length     Name                   Class
 0001:00000000 00008660H .text                   CODE
 0002:00000000 00000024H .rdata                  DATA
 0002:00000024 00000000H .edata                  DATA
 0003:00000000 00000004H .CRT$XCA                DATA
 0003:00000004 00000004H .CRT$XCZ                DATA
 0003:00000008 00000004H .CRT$XIA                DATA
 0003:0000000c 00000004H .CRT$XIZ                DATA
 0003:00000010 0000544cH .data                   DATA
 0003:00005460 00008adcH .bss                    DATA
 0004:00000000 0000003cH .idata$2                DATA
 0004:0000003c 00000014H .idata$3                DATA
 0004:00000050 000001c0H .idata$4                DATA
 0004:00000210 000001c0H .idata$5                DATA
 0004:000003d0 00000636H .idata$6                DATA

  Address         Publics by Value              Rva+Base   Lib:Object

 0001:00000000       _dp_avgstat_init           00401000 f avgstat.obj
 0001:000000c0       _mymax                     004010c0 f avgstat.obj
 0001:00000100       _subtract                  00401100 f avgstat.obj
 0001:000001f0       _dp_avgstat_poll           004011f0 f avgstat.obj
 0001:000003c0       _dp_avgstat_print          004013c0 f avgstat.obj
 0001:00000440       _dp_crc32_inc              00401440 f dpcrc32.obj
 0001:000004d0       _dp_crc32                  004014d0 f dpcrc32.obj
 0001:000004f0       _eclock_win32              004014f0 f eclock.obj
 0001:00000570       _enumGroupsByNameCallback@16 00401570 f gtest.obj
 0001:000005c0       _enumGroupsByName          004015c0 f gtest.obj
 0001:00000630       _stuffChatText             00401630 f gtest.obj
 0001:00000680       _spam_packets              00401680 f gtest.obj
 0001:00000750       _enumTransports_cb@12      00401750 f gtest.obj
 0001:00000880       _listServersEx_cb@24       00401880 f gtest.obj
 0001:00000960       _listServers_cb@20         00401960 f gtest.obj
 0001:00000990       _listSessions_cb@16        00401990 f gtest.obj
 0001:00000aa0       _listPlayers_cb@16         00401aa0 f gtest.obj
 0001:00000b90       _listPlayersEx_cb@20       00401b90 f gtest.obj
 0001:00000ce0       _listGroups_cb@16          00401ce0 f gtest.obj
 0001:00000d60       _delGroups_cb@16           00401d60 f gtest.obj
 0001:00000dd0       _countMyPlayers            00401dd0 f gtest.obj
 0001:00000ec0       _create_sess_cb@16         00401ec0 f gtest.obj
 0001:00000f20       _connection_cb@28          00401f20 f gtest.obj
 0001:00001050       _join_sess_cb@16           00402050 f gtest.obj
 0001:00001100       _joinSessionByName         00402100 f gtest.obj
 0001:00001200       _create_player_cb@16       00402200 f gtest.obj
 0001:000012b0       _ping_callback@12          004022b0 f gtest.obj
 0001:00001320       _pingPlayerCallback@16     00402320 f gtest.obj
 0001:000013e0       _PingPlayerByName          004023e0 f gtest.obj
 0001:000014a0       _listApps_cb@8             004024a0 f gtest.obj
 0001:00001600       _pickApp                   00402600 f gtest.obj
 0001:00001690       _SendChatMessage           00402690 f gtest.obj
 0001:00001700       _process_turn              00402700 f gtest.obj
 0001:00001710       _statprint_fn              00402710 f gtest.obj
 0001:00001730       _processChatCommand        00402730 f gtest.obj
 0001:00006d00       _usage                     00407d00 f gtest.obj
 0001:00006d10       _ProcessCommandLine        00407d10 f gtest.obj
 0001:00007100       _main                      00408100 f gtest.obj
 0001:00008420       _raw_set_stdio             00409420 f raw.obj
 0001:00008430       _raw_kbhit                 00409430 f raw.obj
 0001:00008440       _raw_getc                  00409440 f raw.obj
 0001:00008450       _sleep                     00409450 f unistd.obj
 0001:00008470       __alloca_probe             00409470   MSVCRT:chkstk.obj
 0001:00008470       __chkstk                   00409470   MSVCRT:chkstk.obj
 0001:000084a0       __ftol                     004094a0 f MSVCRT:MSVCRT.dll
 0001:000084b0       __except_handler3          004094b0 f MSVCRT:MSVCRT.dll
 0001:000084c0       _mainCRTStartup            004094c0 f MSVCRT:crtexe.obj
 0001:0000860a       __XcptFilter               0040960a f MSVCRT:MSVCRT.dll
 0001:00008610       __initterm                 00409610 f MSVCRT:MSVCRT.dll
 0001:00008620       __setdefaultprecision      00409620 f MSVCRT:fp8.obj
 0001:00008640       __matherr                  00409640 f MSVCRT:merr.obj
 0001:00008650       __setargv                  00409650 f MSVCRT:dllargv.obj
 0001:00008652       __controlfp                00409652 f MSVCRT:MSVCRT.dll
 0003:00000000       ___xc_a                    0040b000   MSVCRT:cinitexe.obj
 0003:00000004       ___xc_z                    0040b004   MSVCRT:cinitexe.obj
 0003:00000008       ___xi_a                    0040b008   MSVCRT:cinitexe.obj
 0003:0000000c       ___xi_z                    0040b00c   MSVCRT:cinitexe.obj
 0003:00000010       ??_C@_0BB@PHMK@DPTAB_TX_RECORDS?$AA@ 0040b010   avgstat.obj
 0003:00000024       ??_C@_0P@NOAP@DPTAB_TX_BYTES?$AA@ 0040b024   avgstat.obj
 0003:00000034       ??_C@_0BB@NHEH@DPTAB_RX_RECORDS?$AA@ 0040b034   avgstat.obj
 0003:00000048       ??_C@_0P@GOOI@DPTAB_RX_BYTES?$AA@ 0040b048   avgstat.obj
 0003:00000058       ??_C@_0P@OAOC@DPIO_CONNECTED?$AA@ 0040b058   avgstat.obj
 0003:00000068       ??_C@_0BA@IGCL@DPIO_CONNECTING?$AA@ 0040b068   avgstat.obj
 0003:00000078       ??_C@_0BD@FPBG@DPIO_TX_UNREL_PKTS?$AA@ 0040b078   avgstat.obj
 0003:0000008c       ??_C@_0BE@MJJK@DPIO_TX_UNREL_BYTES?$AA@ 0040b08c   avgstat.obj
 0003:000000a0       ??_C@_0BB@NIH@DPIO_TX_REL_PKTS?$AA@ 0040b0a0   avgstat.obj
 0003:000000b4       ??_C@_0BC@KOMI@DPIO_TX_REL_BYTES?$AA@ 0040b0b4   avgstat.obj
 0003:000000c8       ??_C@_0BD@LIHK@DPIO_RX_UNREL_PKTS?$AA@ 0040b0c8   avgstat.obj
 0003:000000dc       ??_C@_0BE@IHN@DPIO_RX_UNREL_BYTES?$AA@ 0040b0dc   avgstat.obj
 0003:000000f0       ??_C@_0BB@HCKH@DPIO_RX_REL_PKTS?$AA@ 0040b0f0   avgstat.obj
 0003:00000104       ??_C@_0BC@MCLH@DPIO_RX_REL_BYTES?$AA@ 0040b104   avgstat.obj
 0003:00000150       ??_C@_0DG@EEFJ@subtract?5?9?3?5?$CFd?5in?5?$CFd?0?5out?5?$CFd?0?5dr@ 0040b150   avgstat.obj
 0003:00000188       ??_C@_0DG@HMLO@subtract?5?$CL?3?5?$CFd?5in?5?$CFd?0?5out?5?$CFd?0?5dr@ 0040b188   avgstat.obj
 0003:000001c0       ??_C@_0CG@CJOK@dp_avgstat_poll?3?5oldest?5?$CFd?5newes@ 0040b1c0   avgstat.obj
 0003:000001e8       ??_C@_0CL@CFBJ@?$CFs?5?3?5in?5?$CFd?0?5out?5?$CFd?0?5dropped?5?$CFd?0?5@ 0040b1e8   avgstat.obj
 0003:00000218       ??_C@_0EL@IIOA@?5?5?5?5turnput?5?5?5?5?5?5?5?5?5?5?5?9?9?5send?5yo@ 0040b218   gtest.obj
 0003:00000264       ??_C@_0CP@LMOM@?5?5?5?5turnfinish?5?5?5?5?5?5?5?5?9?9?5shut?5do@ 0040b264   gtest.obj
 0003:00000294       ??_C@_0DA@LCKK@?5?5?5?5turninit?5?5?5?5?5?5?5?5?5?5?9?9?5initial@ 0040b294   gtest.obj
 0003:000002c4       ??_C@_0BA@DPK@?5turn?5commands?5?$AA@ 0040b2c4   gtest.obj
 0003:000002d4       ??_C@_0DC@JBKI@?5?5?5?5chat?5?5?5?5?5?5?5?5?5?5?5?5?5?5?9?9?5broadca@ 0040b2d4   gtest.obj
 0003:00000308       ??_C@_0EC@FJKK@?5?5?5?5send?5?5?5?5?5?5?5?5?5?5?5?5?5?5?9?9?5send?5a?5@ 0040b308   gtest.obj
 0003:0000034c       ??_C@_0BO@JMEB@?5sending?1receiving?5datagrams?5?$AA@ 0040b34c   gtest.obj
 0003:0000036c       ??_C@_0CM@LFOF@?5?5?5?5crash?5?5?5?5?5?5?5?5?5?5?5?5?5?9?9?5cause?5a@ 0040b36c   gtest.obj
 0003:00000398       ??_C@_0FL@EGDD@?5?5?5?5launchapp?5?5?5?5?5?5?5?5?5?9?9?5freeze?0@ 0040b398   gtest.obj
 0003:000003f4       ??_C@_0EN@DADM@?5?5?5?5pickapp?5?5?5?5?5?5?5?5?5?5?5?9?9?5pick?5an@ 0040b3f4   gtest.obj
 0003:00000444       ??_C@_0DP@HPNJ@?5?5?5?5patch?5?5?5?5?5?5?5?5?5?5?5?5?5?9?9?5Check?5w@ 0040b444   gtest.obj
 0003:00000484       ??_C@_0DF@FAID@?5?5?5?5enumapp?5?5?5?5?5?5?5?5?5?5?5?9?9?5list?5av@ 0040b484   gtest.obj
 0003:000004bc       ??_C@_0DO@GGLK@?5?5?5?5scap?5?5?5?5?5?5?5?5?5?5?5?5?5?5?9?9?5Get?5cap@ 0040b4bc   gtest.obj
 0003:000004fc       ??_C@_0EB@HMAM@?5?5?5?5ping?5?5?5?5?5?5?5?5?5?5?5?5?5?5?9?9?5measure@ 0040b4fc   gtest.obj
 0003:00000540       ??_C@_06GPKD@?5misc?5?$AA@ 0040b540   gtest.obj
 0003:00000548       ??_C@_0DN@ENBJ@?5?5?5?5pget?5?5?5?5?5?5?5?5?5?5?5?5?5?5?9?9?5Get?5val@ 0040b548   gtest.obj
 0003:00000588       ??_C@_0EE@JMAG@?5?5?5?5fpset?5?5?5?5?5?5?5?5?5?5?5?5?5?9?9?5Set?5a?5v@ 0040b588   gtest.obj
 0003:000005cc       ??_C@_0DE@JPCP@?5?5?5?5pset?5?5?5?5?5?5?5?5?5?5?5?5?5?5?9?9?5Set?5a?5v@ 0040b5cc   gtest.obj
 0003:00000600       ??_C@_0BD@NPDK@?5player?5variables?5?$AA@ 0040b600   gtest.obj
 0003:00000614       ??_C@_0DF@LMHG@?5?5?5?5gplayers?5?5?5?5?5?5?5?5?5?5?9?9?5list?5pl@ 0040b614   gtest.obj
 0003:0000064c       ??_C@_0DG@OLBL@?5?5?5?5gdelplayer?5?5?5?5?5?5?5?5?9?9?5delete?5@ 0040b64c   gtest.obj
 0003:00000684       ??_C@_0DB@EBGJ@?5?5?5?5gaddplayer?5?5?5?5?5?5?5?5?9?9?5add?5a?5p@ 0040b684   gtest.obj
 0003:000006b8       ??_C@_0DM@PJBO@?5?5?5?5delgroup?5?5?5?5?5?5?5?5?5?5?9?9?5destroy@ 0040b6b8   gtest.obj
 0003:000006f4       ??_C@_0DL@IEPC@?5?5?5?5newgroup?5?5?5?5?5?5?5?5?5?5?9?9?5create?5@ 0040b6f4   gtest.obj
 0003:00000730       ??_C@_0DI@PIIA@?5?5?5?5groups?5?5?5?5?5?5?5?5?5?5?5?5?9?9?5list?5gr@ 0040b730   gtest.obj
 0003:00000768       ??_C@_0N@BDN@?5group?5mgmt?5?$AA@ 0040b768   gtest.obj
 0003:00000778       ??_C@_0EJ@DKOK@?5?5?5?5setpblob?5?5?5?5?5?5?5?5?5?5?9?9?5change?5@ 0040b778   gtest.obj
 0003:000007c4       ??_C@_0EJ@MIHM@?5?5?5?5setpname?5?5?5?5?5?5?5?5?5?5?9?9?5change?5@ 0040b7c4   gtest.obj
 0003:00000810       ??_C@_0DN@NJEO@?5?5?5?5delplayer?5?5?5?5?5?5?5?5?5?9?9?5destroy@ 0040b810   gtest.obj
 0003:00000850       ??_C@_0DM@FBFP@?5?5?5?5newplayer?5?5?5?5?5?5?5?5?5?9?9?5create?5@ 0040b850   gtest.obj
 0003:0000088c       ??_C@_0DH@ENCP@?5?5?5?5enableNewPlayers?5?5?9?9?5Enable?5@ 0040b88c   gtest.obj
 0003:000008c4       ??_C@_0DH@LCBL@?5?5?5?5xrplayers?5?5?5?5?5?5?5?5?5?9?9?5list?5pl@ 0040b8c4   gtest.obj
 0003:000008fc       ??_C@_0DJ@JCLE@?5?5?5?5xplayers?5?5?5?5?5?5?5?5?5?5?9?9?5list?5pl@ 0040b8fc   gtest.obj
 0003:00000938       ??_C@_0DH@KNBE@?5?5?5?5rplayers?5?5?5?5?5?5?5?5?5?5?9?9?5list?5pl@ 0040b938   gtest.obj
 0003:00000970       ??_C@_0DJ@LIFG@?5?5?5?5players?5?5?5?5?5?5?5?5?5?5?5?9?9?5list?5pl@ 0040b970   gtest.obj
 0003:000009ac       ??_C@_0O@PJPH@?5player?5mgmt?5?$AA@ 0040b9ac   gtest.obj
 0003:000009bc       ??_C@_0DJ@MMHE@?5?5?5?5dpGetSessionDesc?5?5?9?9?5get?5cur@ 0040b9bc   gtest.obj
 0003:000009f8       ??_C@_0EB@PNGB@?5?5?5?5ldeltas?5?5?5?5?5?5?5?5?5?5?5?9?9?5request@ 0040b9f8   gtest.obj
 0003:00000a3c       ??_C@_0EE@KFBN@?5?5?5?5pdeltas?5?5?5?5?5?5?5?5?5?5?5?9?9?5request@ 0040ba3c   gtest.obj
 0003:00000a80       ??_C@_0DN@CJGB@?5?5?5?5gdeltas?5?5?5?5?5?5?5?5?5?5?5?9?9?5request@ 0040ba80   gtest.obj
 0003:00000ac0       ??_C@_0DK@JHB@?5?5?5?5sdeltas?5?5?5?5?5?5?5?5?5?5?5?9?9?5request@ 0040bac0   gtest.obj
 0003:00000afc       ??_C@_0EI@DBL@?5?5?5?5setPingIntervals?5?5?9?9?5set?5pin@ 0040bafc   gtest.obj
 0003:00000b44       ??_C@_0DB@OBII@?5?5?5?5sessions?5?5?5?5?5?5?5?5?5?5?9?9?5list?5av@ 0040bb44   gtest.obj
 0003:00000b78       ??_C@_0DN@HJME@?5?5?5?5dpClose?5?5?5?5?5?5?5?5?5?5?5?9?9?5Disconn@ 0040bb78   gtest.obj
 0003:00000bb8       ??_C@_0DD@MGFN@?5?5?5?5joinany?5?5?5?5?5?5?5?5?5?5?5?9?9?5join?5an@ 0040bbb8   gtest.obj
 0003:00000bec       ??_C@_0DC@CGIM@?5?5?5?5join?5?5?5?5?5?5?5?5?5?5?5?5?5?5?9?9?5join?5an@ 0040bbec   gtest.obj
 0003:00000c20       ??_C@_0EK@HDGI@?5?5?5?5lobby?5?5?5?5?5?5?5?5?5?5?5?5?5?9?9?5declare@ 0040bc20   gtest.obj
 0003:00000c6c       ??_C@_0EN@CEJH@?5?5?5?5host?5?5?5?5?5?5?5?5?5?5?5?5?5?5?9?9?5create?5@ 0040bc6c   gtest.obj
 0003:00000cbc       ??_C@_0EC@DEHD@?5?5?5?5species?5?5?5?5?5?5?5?5?5?5?5?9?9?5Set?5spe@ 0040bcbc   gtest.obj
 0003:00000d00       ??_C@_0P@BBKH@?5session?5mgmt?5?$AA@ 0040bd00   gtest.obj
 0003:00000d10       ??_C@_0DI@CCDE@?5?5?5?5thaw?5?5?5?5?5?5?5?5?5?5?5?5?5?5?9?9?5Restore@ 0040bd10   gtest.obj
 0003:00000d48       ??_C@_0EA@BNIF@?5?5?5?5freeze?5?5?5?5?5?5?5?5?5?5?5?5?9?9?5freeze?5@ 0040bd48   gtest.obj
 0003:00000d88       ??_C@_0CD@MOLB@?5?5?5?5dpDestroy?5?5?5?5?5?5?5?5?5?9?9?5unload?5@ 0040bd88   gtest.obj
 0003:00000dac       ??_C@_0CB@OMHO@?5?5?5?5dpCreate?5?5?5?5?5?5?5?5?5?5?9?9?5load?5dp@ 0040bdac   gtest.obj
 0003:00000dd0       ??_C@_0DH@EDAP@?5?5?5?5scoreend?5?5?5?5?5?5?5?5?5?5?9?9?5End?5and@ 0040bdd0   gtest.obj
 0003:00000e08       ??_C@_0DD@LCGB@?5?5?5?5scorereport?5?5?5?5?5?5?5?9?9?5Add?5a?5s@ 0040be08   gtest.obj
 0003:00000e3c       ??_C@_0CO@JFJJ@?5?5?5?5scorestart?5?5?5?5?5?5?5?5?9?9?5Start?5a@ 0040be3c   gtest.obj
 0003:00000e6c       ??_C@_0FI@DKEP@?5?5?5?5requestcode?5?5?5?5?5?5?5?9?9?5send?5a?5@ 0040be6c   gtest.obj
 0003:00000ec4       ??_C@_0DO@DJMF@?5?5?5?5acctactivate?5?5?5?5?5?5?9?9?5activat@ 0040bec4   gtest.obj
 0003:00000f04       ??_C@_0DM@FJAF@?5?5?5?5acctchange?5?5?5?5?5?5?5?5?9?9?5change?5@ 0040bf04   gtest.obj
 0003:00000f40       ??_C@_0DP@FFEN@?5?5?5?5acctcreate?5?5?5?5?5?5?5?5?9?9?5create?5@ 0040bf40   gtest.obj
 0003:00000f80       ??_C@_0DB@PJFA@?5?5?5?5login?5?5?5?5?5?5?5?5?5?5?5?5?5?9?9?5log?5in?5@ 0040bf80   gtest.obj
 0003:00000fb4       ??_C@_0DD@DHNN@?5?5?5?5setGameServer?5?5?5?5?5?9?9?5connect@ 0040bfb4   gtest.obj
 0003:00000fe8       ??_C@_0DF@ENEN@?5?5?5?5gameservers?5?5?5?5?5?5?5?9?9?5list?5av@ 0040bfe8   gtest.obj
 0003:00001020       ??_C@_0DD@JGBD@?5?5?5?5enumtransports?5?5?5?5?9?9?5list?5av@ 0040c020   gtest.obj
 0003:00001054       ??_C@_0BD@HHJB@?5startup?1shutdown?5?$AA@ 0040c054   gtest.obj
 0003:00001068       ??_C@_0CN@IGFE@?5?5?5?5statprint?5?5?5?5?5?5?5?5?5?9?9?5print?5d@ 0040c068   gtest.obj
 0003:00001098       ??_C@_0DC@GAED@?5?5?5?5statinit?5?5?5?5?5?5?5?5?5?5?9?9?5initial@ 0040c098   gtest.obj
 0003:000010cc       ??_C@_0DL@JBPM@?5?5?5?5dpio_thaw?5?5?5?5?5?5?5?5?5?9?9?5Restore@ 0040c0cc   gtest.obj
 0003:00001108       ??_C@_0DG@CEMM@?5?5?5?5dpio_freeze?5?5?5?5?5?5?5?9?9?5Save?5dp@ 0040c108   gtest.obj
 0003:00001140       ??_C@_0EH@NLPN@?5?5?5?5dpio_put_reliable?5?9?9?5Send?5da@ 0040c140   gtest.obj
 0003:00001188       ??_C@_0DA@OLOL@?5?5?5?5dpio_setHandleOptions?5?9?9?5Set@ 0040c188   gtest.obj
 0003:000011b8       ??_C@_0DB@EEPM@?5?5?5?5dpio_setMaxPlayerHdls?5?9?9?5Set@ 0040c1b8   gtest.obj
 0003:000011ec       ??_C@_0DB@OJBG@?5?5?5?5dpio_findTimedOutHost?5?9?9?5Fin@ 0040c1ec   gtest.obj
 0003:00001220       ??_C@_0CN@MMPD@?5?5?5?5dpio_closeHdl?5?5?5?5?5?9?9?5Close?5a@ 0040c220   gtest.obj
 0003:00001250       ??_C@_0DM@KNGP@?5?5?5?5dpio_openHdl?5?5?5?5?5?5?9?9?5Open?5a?5@ 0040c250   gtest.obj
 0003:0000128c       ??_C@_0CD@GKJ@?5?5?5?5dpio_create?5?5?5?5?5?5?5?9?9?5Load?5dp@ 0040c28c   gtest.obj
 0003:000012b0       ??_C@_0BA@PPHK@?5dpio?5commands?5?$AA@ 0040c2b0   gtest.obj
 0003:000012c0       ??_C@_0KF@EBCP@?5?5?5?5assert?5?5?5?5?5?5?5?5?5?5?5?5?9?9?5Compare@ 0040c2c0   gtest.obj
 0003:00001368       ??_C@_0DI@MFHI@?5?5?5?5spam?5?5?5?5?5?5?5?5?5?5?5?5?5?5?9?9?5Send?5da@ 0040c368   gtest.obj
 0003:000013a0       ??_C@_0JF@CGDF@?5?5?5?5show?5?5?5?5?5?5?5?5?5?5?5?5?5?5?9?9?5Print?5v@ 0040c3a0   gtest.obj
 0003:00001438       ??_C@_0EC@CNPM@?5?5?5?5set?5?5?5?5?5?5?5?5?5?5?5?5?5?5?5?9?9?5Set?5var@ 0040c438   gtest.obj
 0003:0000147c       ??_C@_0EE@LFKO@?5?5?5?5busy?5?5?5?5?5?5?5?5?5?5?5?5?5?5?9?9?5Be?5busy@ 0040c47c   gtest.obj
 0003:000014c0       ??_C@_0DH@FCAE@?5?5?5?5sleep?5?5?5?5?5?5?5?5?5?5?5?5?5?9?9?5Sleep?5g@ 0040c4c0   gtest.obj
 0003:000014f8       ??_C@_0DL@KKOD@?5?5?5?5wait?5?5?5?5?5?5?5?5?5?5?5?5?5?5?9?9?5Wait?5un@ 0040c4f8   gtest.obj
 0003:00001534       ??_C@_0EB@EPJO@?5?5?5?5remotequit?5?5?5?5?5?5?5?5?9?9?5tell?5ot@ 0040c534   gtest.obj
 0003:00001578       ??_C@_0EO@HDIC@?5?5?5?5quit?5?5?5?5?5?5?5?5?5?5?5?5?5?5?9?9?5termina@ 0040c578   gtest.obj
 0003:000015c8       ??_C@_0CC@KCBH@?5?5?5?5help?5?5?5?5?5?5?5?5?5?5?5?5?5?5?9?9?5Get?5hel@ 0040c5c8   gtest.obj
 0003:000015ec       ??_C@_0CB@PBEN@?5?5?5?5?$CD?5?5?5?5?5?5?5?5?5?5?5?5?5?5?5?5?5?9?9?5Comment@ 0040c5ec   gtest.obj
 0003:00001610       ??_C@_0CB@JADB@?5Basic?5script?5language?5commands?5@ 0040c610   gtest.obj
 0003:00001644       _myGameHost                0040c644   gtest.obj
 0003:00001648       _myID                      0040c648   gtest.obj
 0003:0000164c       _mylowestId                0040c64c   gtest.obj
 0003:00001650       _myDP                      0040c650   gtest.obj
 0003:00001654       _exitCode                  0040c654   gtest.obj
 0003:00001658       _n_sessions                0040c658   gtest.obj
 0003:0000165c       _n_players                 0040c65c   gtest.obj
 0003:00001660       _n_apps                    0040c660   gtest.obj
 0003:00001664       _thisPlayer                0040c664   gtest.obj
 0003:00001668       _thisGroup                 0040c668   gtest.obj
 0003:0000166c       _anyPlayer                 0040c66c   gtest.obj
 0003:00001670       _anyGroup                  0040c670   gtest.obj
 0003:00001674       _myUID                     0040c674   gtest.obj
 0003:00001678       _app_pick                  0040c678   gtest.obj
 0003:0000167c       _theError                  0040c67c   gtest.obj
 0003:00001680       _pleaseQuit                0040c680   gtest.obj
 0003:00001684       _dontCreate                0040c684   gtest.obj
 0003:00001688       _busyTime                  0040c688   gtest.obj
 0003:0000168c       _busyLoops                 0040c68c   gtest.obj
 0003:00001690       _loops_done                0040c690   gtest.obj
 0003:00001694       _firstLoop                 0040c694   gtest.obj
 0003:00001698       _spam_pktsz                0040c698   gtest.obj
 0003:0000169c       _spam_To                   0040c69c   gtest.obj
 0003:000016a0       _nextSpam                  0040c6a0   gtest.obj
 0003:000016a4       _spam_time                 0040c6a4   gtest.obj
 0003:000016a8       _spams_received            0040c6a8   gtest.obj
 0003:000016ac       _spam_recsz                0040c6ac   gtest.obj
 0003:000016b0       _frst_recSpam              0040c6b0   gtest.obj
 0003:000016b4       _scriptfname               0040c6b4   gtest.obj
 0003:000016b8       _scriptfp                  0040c6b8   gtest.obj
 0003:000016bc       _use_dpio                  0040c6bc   gtest.obj
 0003:000016c0       _callbacksFinished         0040c6c0   gtest.obj
 0003:000016c4       _waiting                   0040c6c4   gtest.obj
 0003:000016c8       _sleep_until               0040c6c8   gtest.obj
 0003:000016cc       _cur_species               0040c6cc   gtest.obj
 0003:00001ad4       _theVar                    0040cad4   gtest.obj
 0003:00001c44       ??_C@_0CN@KNMC@enumGroupsByName?3?5can?8t?5list?5gro@ 0040cc44   gtest.obj
 0003:00001c74       ??_C@_0BJ@NJBM@groupNameToID?$CI?$CFs?0?5?4?4?4?$CJ?3?6?$AA@ 0040cc74   gtest.obj
 0003:00001c90       ??_C@_0N@LDGE@sct?3?5?$CFs?3?5?$CFs?6?$AA@ 0040cc90   gtest.obj
 0003:00001ca0       ??_C@_07OEOL@?$CFs?3?5?$CFs?6?$AA@ 0040cca0   gtest.obj
 0003:00001ca8       ??_C@_05OHNE@?$CK?$CK?$CK?$CK?$CK?$AA@ 0040cca8   gtest.obj
 0003:00001cb0       ??_C@_0BP@IKJO@Error?5?$CFd?5sending?5spam?5to?5id?5?$CFd?$AA@ 0040ccb0   gtest.obj
 0003:00001cd0       ??_C@_02PHED@SP?$AA@       0040ccd0   gtest.obj
 0003:00001cd4       ??_C@_0BI@LKMO@portnum?5?$CFd?5portname?5?$CFs?6?$AA@ 0040ccd4   gtest.obj
 0003:00001cec       ??_C@_0BO@PJGD@Error?5?$CFd?5calling?5dpEnumPorts?6?$AA@ 0040ccec   gtest.obj
 0003:00001d0c       ??_C@_0BP@DIHA@?5?$CFs?3?5name?3?$CFs?5cap?3?$CFhx?5needs?3?$CFhx?$AA@ 0040cd0c   gtest.obj
 0003:00001d2c       ??_C@_04KCBO@?$CK?$CK?$CK?$CK?$AA@ 0040cd2c   gtest.obj
 0003:00001d34       ??_C@_0BG@GAHK@End?5of?5transport?5list?$AA@ 0040cd34   gtest.obj
 0003:00001d4c       ??_C@_0CE@ELIB@enumTranports_cb?$CI?$CFs?0?5?$CFs?0?5?$CFhx?0?5?$CFh@ 0040cd4c   gtest.obj
 0003:00001d70       ??_C@_0BB@NGLL@Server?5?$CFs?3?5?$CFd?5ms?$AA@ 0040cd70   gtest.obj
 0003:00001d84       ??_C@_0HM@JKN@Server?5?$CFs?3?5?$CFd?5ms?0?5?$CFd?$CF?$CF?5pkt?5loss?0@ 0040cd84   gtest.obj
 0003:00001e00       ??_C@_0BD@KOGG@End?5of?5server?5list?$AA@ 0040ce00   gtest.obj
 0003:00001e14       ??_C@_0CE@GHAL@listServers_cb?$CI?$CFs?0?5?$CFd?0?5?$CFp?0?5?$CFd?0?5?$CF@ 0040ce14   gtest.obj
 0003:00001e38       ??_C@_0DL@LHPB@?$CIk?5?$CFd?$DL?5?$CFd?1?$CFd?5plrs?$DL?5spec?5?$CFd?$DL?5fl?5?$CF@ 0040ce38   gtest.obj
 0003:00001e74       ??_C@_0BC@CFML@Too?5many?5sessions?$AA@ 0040ce74   gtest.obj
 0003:00001e88       ??_C@_0BM@NDCA@listSessions_cb?3?5c?$CFp?0?5f?$CFd?$DL?5?$AA@ 0040ce88   gtest.obj
 0003:00001ea4       ??_C@_0BE@DKGM@End?5of?5session?5list?$AA@ 0040cea4   gtest.obj
 0003:00001eb8       ??_C@_0BH@BEHJ@End?5of?5player?5listing?4?$AA@ 0040ceb8   gtest.obj
 0003:00001ed0       ??_C@_0DA@NBNB@Local?5player?5id?5?$CFd?0?5name?5?$CFs?$DL?5set@ 0040ced0   gtest.obj
 0003:00001f00       ??_C@_0CE@MOOK@Found?5player?5id?5?$CFd?0?5name?5?$CFs?0?5lag@ 0040cf00   gtest.obj
 0003:00001f24       ??_C@_0DB@NANC@Found?5player?5id?5?$CFd?0?5name?5?$CFs?0?5lag@ 0040cf24   gtest.obj
 0003:00001f58       ??_C@_05OFAL@?5?$CF02x?$AA@ 0040cf58   gtest.obj
 0003:00001f60       ??_C@_0BG@FPJ@End?5of?5group?5listing?4?$AA@ 0040cf60   gtest.obj
 0003:00001f78       ??_C@_0BL@JHPJ@Found?5group?5id?5?$CFd?0?5name?5?$CFs?$AA@ 0040cf78   gtest.obj
 0003:00001f94       ??_C@_0DD@PIBK@Deleting?5group?5id?5?$CFd?0?5name?5?$CFs?5gi@ 0040cf94   gtest.obj
 0003:00001fc8       ??_C@_0BB@IFOP@mylowestId?5?$DN?5?$CFd?6?$AA@ 0040cfc8   gtest.obj
 0003:00001fdc       ??_C@_0CF@EJGG@countMyPlayers?3?5don?8t?5know?5who?5I@ 0040cfdc   gtest.obj
 0003:00002004       ??_C@_0DA@BMK@countMyPlayers?3?5error?5?$CFd?5calling@ 0040d004   gtest.obj
 0003:00002034       ??_C@_0CI@FMLI@my_listPlayers_cb?3?5?4?4?4and?5it?5is?5@ 0040d034   gtest.obj
 0003:0000205c       ??_C@_0DA@IOHF@my_listPlayers_cb?3?5Found?5player?5@ 0040d05c   gtest.obj
 0003:0000208c       ??_C@_0BK@KOFJ@Failed?5to?5create?5session?4?$AA@ 0040d08c   gtest.obj
 0003:000020a8       ??_C@_0BB@HOC@Created?5session?4?$AA@ 0040d0a8   gtest.obj
 0003:000020bc       ??_C@_0BD@OMLC@Host?$CFs?0?5status?3?$CFd?6?$AA@ 0040d0bc   gtest.obj
 0003:000020d0       ??_C@_0BG@BHHE@Host?$CFs?5not?5responding?$AA@ 0040d0d0   gtest.obj
 0003:000020e8       ??_C@_0CF@HFMF@Called?5open?5on?5open?5handle?5to?5ho@ 0040d0e8   gtest.obj
 0003:00002110       ??_C@_0CC@III@Closed?5handle?5to?5host?$CFs?0?5total?5?$CF@ 0040d110   gtest.obj
 0003:00002134       ??_C@_0CC@GLAP@Opened?5handle?5to?5host?$CFs?0?5total?5?$CF@ 0040d134   gtest.obj
 0003:00002158       ??_C@_05KGDO@?3?$CF02x?$AA@ 0040d158   gtest.obj
 0003:00002160       ??_C@_09LEJB@?$DMUNKNOWN?$DO?$AA@ 0040d160   gtest.obj
 0003:0000216c       ??_C@_0BM@INGN@Failed?5to?5join?5any?5session?4?$AA@ 0040d16c   gtest.obj
 0003:00002188       ??_C@_0BL@GFIN@Failed?5to?5join?5session?5?$CFs?4?$AA@ 0040d188   gtest.obj
 0003:000021a4       ??_C@_0BD@MFEJ@Joined?5session?5?$CFs?4?$AA@ 0040d1a4   gtest.obj
 0003:000021b8       ??_C@_0CG@KKAP@Unable?5to?5open?5the?5session?0?5erro@ 0040d1b8   gtest.obj
 0003:000021e0       ??_C@_0BA@DJPG@jsbn?3?5?$CFs?5?$DN?$DP?5?$CFs?6?$AA@ 0040d1e0   gtest.obj
 0003:000021f0       ??_C@_0BL@PGCC@Failed?5to?5create?5player?5?$CFs?$AA@ 0040d1f0   gtest.obj
 0003:0000220c       ??_C@_0BO@PKHP@Created?5player?5id?5?$CFd?0?5name?5?$CFs?$AA@ 0040d20c   gtest.obj
 0003:0000222c       ??_C@_0CH@BBCL@ping?3?5average?5delay?3?5?$CFd?5ms?0?5loss@ 0040d22c   gtest.obj
 0003:00002254       ??_C@_0DB@FGOM@ping_callback?3?5karma?5?$CFd?0?5avg_ms?5@ 0040d254   gtest.obj
 0003:00002288       ??_C@_0O@DIDH@Pinging?5?$CFs?4?4?4?$AA@ 0040d288   gtest.obj
 0003:00002298       ??_C@_0BE@LBC@No?5player?5named?5?$CFs?4?$AA@ 0040d298   gtest.obj
 0003:000022ac       ??_C@_0CJ@LJOM@PingPlayerByName?3?5no?5player?5matc@ 0040d2ac   gtest.obj
 0003:000022d8       ??_C@_0DA@HOAD@PingPlayerByName?3?5error?5pinging?5@ 0040d2d8   gtest.obj
 0003:00002308       ??_C@_0CO@EAPA@PingPlayerByName?3?5can?8t?5list?5pla@ 0040d308   gtest.obj
 0003:00002338       ??_C@_0CF@HCDJ@PingPlayerByName?3?5trying?5to?5Ping@ 0040d338   gtest.obj
 0003:00002360       ??_C@_0CL@MHBE@?5ver?3?$CFu?4?$CFu?0?5latest?3?$CFu?4?$CFu?0?5lang?3?$CF@ 0040d360   gtest.obj
 0003:0000238c       ??_C@_0CP@BDOJ@?$CFs?5path?3?$CFs?5args?3?$CFs?5cwd?3?$CFs?5type?3?$CF@ 0040d38c   gtest.obj
 0003:000023bc       ??_C@_0BA@PDID@labn?3?5?$CFs?5?$DN?$DP?5?$CFs?6?$AA@ 0040d3bc   gtest.obj
 0003:000023cc       ??_C@_04PHAO@stat?$AA@     0040d3cc   gtest.obj
 0003:000023d4       ??_C@_0DE@OGNM@Unknown?5command?4?5?5Type?5help?5for?5@ 0040d3d4   gtest.obj
 0003:00002408       ??_C@_0CD@FJBH@Error?5?$CFd?5broadcasting?5chat?5messa@ 0040d408   gtest.obj
 0003:0000242c       ??_C@_0BM@PKBJ@Error?5?$CFd?5finding?5mylowestId?$AA@ 0040d42c   gtest.obj
 0003:00002448       ??_C@_0DH@FNHI@processChatCommand?3?5request?5to?5b@ 0040d448   gtest.obj
 0003:00002480       ??_C@_0BN@BLCG@chat?3?5require?5a?5chat?5message?$AA@ 0040d480   gtest.obj
 0003:000024a0       ??_C@_04FLKK@chat?$AA@     0040d4a0   gtest.obj
 0003:000024a8       ??_C@_0CF@GFPL@Sent?5?$CFd?5bytes?5to?5id?5?$CFd?5reliably?0@ 0040d4a8   gtest.obj
 0003:000024d0       ??_C@_0CL@JDIP@Sent?5?$CFd?5bytes?5?$CFd?5times?5to?5id?5?$CFd?5@ 0040d4d0   gtest.obj
 0003:000024fc       ??_C@_0BK@CFIG@Error?5?$CFd?5sending?5to?5id?5?$CFd?$AA@ 0040d4fc   gtest.obj
 0003:00002518       ??_C@_0DN@GAEL@processChatCommand?3?5request?5to?5s@ 0040d518   gtest.obj
 0003:00002558       ??_C@_0EP@GHPM@send?3?5must?5specify?5a?5source?5and?5@ 0040d558   gtest.obj
 0003:000025a8       ??_C@_04PJAD@send?$AA@     0040d5a8   gtest.obj
 0003:000025b0       ??_C@_05BEID@crash?$AA@    0040d5b0   gtest.obj
 0003:000025b8       ??_C@_0BE@EEMD@Could?5not?5find?5stub?$AA@ 0040d5b8   gtest.obj
 0003:000025cc       ??_C@_0CK@PKGN@Unable?5to?5start?5an?5application?0?5@ 0040d5cc   gtest.obj
 0003:000025f8       ??_C@_0CA@CGOA@Error?5?$CFd?5getting?5transport?5info?$AA@ 0040d5f8   gtest.obj
 0003:00002618       ??_C@_0BL@GKLO@Frozen?4?5?5Thaw?5to?5continue?4?$AA@ 0040d618   gtest.obj
 0003:00002634       ??_C@_02JBML@?$CFc?$AA@    0040d634   gtest.obj
 0003:00002638       ??_C@_0CI@JDEF@You?5must?5first?5pick?5a?5game?5with?5@ 0040d638   gtest.obj
 0003:00002660       ??_C@_0CG@KLIO@processChatCommand?3?5request?5to?5s@ 0040d660   gtest.obj
 0003:00002688       ??_C@_09GHBO@launchapp?$AA@ 0040d688   gtest.obj
 0003:00002694       ??_C@_0CJ@EKBG@Unable?5to?5pick?5an?5application?0?5e@ 0040d694   gtest.obj
 0003:000026c0       ??_C@_0BM@OCBH@Picked?5application?5index?5?$CFd?$AA@ 0040d6c0   gtest.obj
 0003:000026dc       ??_C@_0CI@FEJF@Picking?5first?5application?5matchi@ 0040d6dc   gtest.obj
 0003:00002704       ??_C@_0DC@JBND@pickapp?3?5you?5need?5to?5specify?5an?5@ 0040d704   gtest.obj
 0003:00002738       ??_C@_0CJ@ODFC@processChatCommand?3?5request?5to?5s@ 0040d738   gtest.obj
 0003:00002764       ??_C@_07PCHN@pickapp?$AA@  0040d764   gtest.obj
 0003:0000276c       ??_C@_0CC@HJKE@error?5?$CFd?5calling?5dpDownloadUpdat@ 0040d76c   gtest.obj
 0003:00002790       ??_C@_0CO@LAIH@Updating?$CB?5?5User?5must?5restart?5app@ 0040d790   gtest.obj
 0003:000027c0       ??_C@_0CK@EKKE@dpGetAppVersion?5says?5it?8s?5time?5t@ 0040d7c0   gtest.obj
 0003:000027ec       ??_C@_0CB@JGAL@error?5?$CFd?5calling?5dpGetAppVersion@ 0040d7ec   gtest.obj
 0003:00002810       ??_C@_0DC@PEB@dpGetAppVersion?5returns?5type?5?$CFd?0@ 0040d810   gtest.obj
 0003:00002844       ??_C@_05JNOB@patch?$AA@    0040d844   gtest.obj
 0003:0000284c       ??_C@_0CL@JFBJ@error?3?5number?5of?5apps?5found?5?$DO?5ar@ 0040d84c   gtest.obj
 0003:00002878       ??_C@_0BL@FFIK@error?5?$CFd?5calling?5dpEnumApp?$AA@ 0040d878   gtest.obj
 0003:00002894       ??_C@_0BG@BEEK@Listing?5applications?3?$AA@ 0040d894   gtest.obj
 0003:000028ac       ??_C@_07HKOC@enumapp?$AA@  0040d8ac   gtest.obj
 0003:000028b4       ??_C@_0GD@MEGN@dpGetCaps?$CI?$CFd?$CJ?3?5Size?5?$CFd?0?5MaxBuffe@ 0040d8b4   gtest.obj
 0003:00002918       ??_C@_0CE@BG@Getting?5session?5caps?5returns?5err@ 0040d918   gtest.obj
 0003:0000293c       ??_C@_0DB@MLBJ@processChatCommand?3?5request?5to?5g@ 0040d93c   gtest.obj
 0003:00002970       ??_C@_0DA@LABP@scap?3?5must?5specify?5a?5value?5?$CI0?5or@ 0040d970   gtest.obj
 0003:000029a0       ??_C@_02MECO@?$CFd?$AA@    0040d9a0   gtest.obj
 0003:000029a4       ??_C@_04MCFJ@scap?$AA@     0040d9a4   gtest.obj
 0003:000029ac       ??_C@_0CD@EJFG@Pinging?5first?5player?5matching?5?$CC?$CF@ 0040d9ac   gtest.obj
 0003:000029d0       ??_C@_0CG@LHPJ@ping?3?5you?5need?5to?5specify?5a?5call@ 0040d9d0   gtest.obj
 0003:000029f8       ??_C@_0CI@OLKG@processChatCommand?3?5request?5to?5p@ 0040d9f8   gtest.obj
 0003:00002a20       ??_C@_04LBKD@ping?$AA@     0040da20   gtest.obj
 0003:00002a28       ??_C@_0CN@BNGL@Player?5?$CFs?8s?5var?5?$CFd?5has?5len?5?$CFd?0?5v@ 0040da28   gtest.obj
 0003:00002a58       ??_C@_0CP@MDBD@Getting?5player?5?$CFd?5?$DN?5?$CFs?8s?5var?5?$CFd?5@ 0040da58   gtest.obj
 0003:00002a88       ??_C@_0N@KFHE@can?8t?5malloc?$AA@ 0040da88   gtest.obj
 0003:00002a98       ??_C@_0DH@MHJN@Getting?5size?5of?5player?5?$CFd?5?$DN?5?$CFs?8s@ 0040da98   gtest.obj
 0003:00002ad0       ??_C@_0DO@JOPI@processChatCommand?3?5request?5to?5s@ 0040dad0   gtest.obj
 0003:00002b10       ??_C@_0EE@IBKF@pget?3?5must?5specify?5a?5player?5numb@ 0040db10   gtest.obj
 0003:00002b54       ??_C@_06OGPH@?$CFhu?5?$CFd?$AA@ 0040db54   gtest.obj
 0003:00002b5c       ??_C@_04BFAD@pget?$AA@     0040db5c   gtest.obj
 0003:00002b64       ??_C@_0CK@LCFP@Set?5player?5?$CFs?8s?5var?5?$CFd?5to?5?$CF20?420@ 0040db64   gtest.obj
 0003:00002b90       ??_C@_0BE@DHDO@Can?8t?5read?5?$CFd?5bytes?$AA@ 0040db90   gtest.obj
 0003:00002ba4       ??_C@_0BI@JJMB@Can?8t?5allocate?5?$CFd?5bytes?$AA@ 0040dba4   gtest.obj
 0003:00002bbc       ??_C@_0BI@JIAP@Bad?5size?5?$CFd?5for?5file?5?$CFs?$AA@ 0040dbbc   gtest.obj
 0003:00002bd4       ??_C@_0BD@NBON@Can?8t?5open?5file?5?$CFs?$AA@ 0040dbd4   gtest.obj
 0003:00002be8       ??_C@_02JKAF@rb?$AA@       0040dbe8   gtest.obj
 0003:00002bec       ??_C@_0FA@EJKL@processChatCommand?3?5request?5to?5s@ 0040dbec   gtest.obj
 0003:00002c3c       ??_C@_0FA@BFLC@fpset?3?5must?5specify?5a?5player?5num@ 0040dc3c   gtest.obj
 0003:00002c8c       ??_C@_05LBBC@fpset?$AA@    0040dc8c   gtest.obj
 0003:00002c94       ??_C@_0CF@ELOP@Set?5player?5?$CFs?8s?5var?5?$CFd?5to?5?$CFs?0?5le@ 0040dc94   gtest.obj
 0003:00002cbc       ??_C@_0CP@MAFH@Setting?5player?5?$CFd?5?$DN?5?$CFs?8s?5var?5?$CFd?5@ 0040dcbc   gtest.obj
 0003:00002cec       ??_C@_0EE@JCOC@processChatCommand?3?5request?5to?5s@ 0040dcec   gtest.obj
 0003:00002d30       ??_C@_0EM@JCMJ@pset?3?5must?5specify?5a?5player?5numb@ 0040dd30   gtest.obj
 0003:00002d7c       ??_C@_09EGNE@?$CFhu?5?$CFd?5?$CFs?$AA@ 0040dd7c   gtest.obj
 0003:00002d88       ??_C@_04HMDD@pset?$AA@     0040dd88   gtest.obj
 0003:00002d90       ??_C@_0CC@JNOO@Listing?5players?5in?5group?5?$CFd?5?$DN?5?$CFs@ 0040dd90   gtest.obj
 0003:00002db4       ??_C@_0CF@GGNG@gaddplayer?3?5unknown?5group?5number@ 0040ddb4   gtest.obj
 0003:00002ddc       ??_C@_0CG@BHEC@gplayers?3?5must?5specify?5a?5group?5n@ 0040dddc   gtest.obj
 0003:00002e04       ??_C@_08CJK@gplayers?$AA@  0040de04   gtest.obj
 0003:00002e10       ??_C@_0CK@NDOE@Deleted?5player?5?$CFd?5?$DN?5?$CFs?5from?5grou@ 0040de10   gtest.obj
 0003:00002e3c       ??_C@_0DK@NDND@Deleting?5player?5?$CFd?5?$DN?5?$CFs?5from?5gro@ 0040de3c   gtest.obj
 0003:00002e78       ??_C@_0DM@BHI@processChatCommand?3?5request?5to?5d@ 0040de78   gtest.obj
 0003:00002eb4       ??_C@_0EM@MCIP@gdelplayer?3?5must?5specify?5a?5group@ 0040deb4   gtest.obj
 0003:00002f00       ??_C@_07HOID@?$CFhu?5?$CFhu?$AA@ 0040df00   gtest.obj
 0003:00002f08       ??_C@_0L@GHJK@gdelplayer?$AA@ 0040df08   gtest.obj
 0003:00002f14       ??_C@_0CG@OHEJ@Added?5player?5?$CFd?5?$DN?5?$CFs?5to?5group?5?$CFd@ 0040df14   gtest.obj
 0003:00002f3c       ??_C@_0DG@KEPO@Adding?5player?5?$CFd?5?$DN?5?$CFs?5to?5group?5?$CF@ 0040df3c   gtest.obj
 0003:00002f74       ??_C@_0CH@CDBB@Getting?5group?5?$CFd?8s?5name?5returns?5@ 0040df74   gtest.obj
 0003:00002f9c       ??_C@_0DK@EPPM@processChatCommand?3?5request?5to?5a@ 0040df9c   gtest.obj
 0003:00002fd8       ??_C@_0EB@ELBL@gaddplayer?3?5unknown?5group?5number@ 0040dfd8   gtest.obj
 0003:0000301c       ??_C@_0EM@PCLK@gaddplayer?3?5must?5specify?5a?5group@ 0040e01c   gtest.obj
 0003:00003068       ??_C@_0L@JAHB@gaddplayer?$AA@ 0040e068   gtest.obj
 0003:00003074       ??_C@_0CC@IHJ@error?5?$CFd?5calling?5enumGroupsByNam@ 0040e074   gtest.obj
 0003:00003098       ??_C@_0CM@BAAJ@delgroup?3?5you?5need?5to?5specify?5a?5@ 0040e098   gtest.obj
 0003:000030c4       ??_C@_0DA@CBDP@processChatCommand?3?5request?5to?5d@ 0040e0c4   gtest.obj
 0003:000030f4       ??_C@_08IILN@delgroup?$AA@ 0040e0f4   gtest.obj
 0003:00003100       ??_C@_0CK@HGPG@Creating?5group?5?$CC?$CFs?$CC?5returns?5id?5?$CF@ 0040e100   gtest.obj
 0003:0000312c       ??_C@_0CM@NLBI@newgroup?3?5you?5need?5to?5specify?5a?5@ 0040e12c   gtest.obj
 0003:00003158       ??_C@_0DA@EEHL@processChatCommand?3?5request?5to?5c@ 0040e158   gtest.obj
 0003:00003188       ??_C@_08BAHH@newgroup?$AA@ 0040e188   gtest.obj
 0003:00003194       ??_C@_0BO@JAHD@error?5?$CFd?5calling?5dpEnumGroups?$AA@ 0040e194   gtest.obj
 0003:000031b4       ??_C@_0CD@JBNK@Listing?5groups?5in?5current?5sessio@ 0040e1b4   gtest.obj
 0003:000031d8       ??_C@_06BNIL@groups?$AA@   0040e1d8   gtest.obj
 0003:000031e0       ??_C@_0BM@DEH@Set?5blob?5of?5player?5?$CFd?5to?5?$CFs?$AA@ 0040e1e0   gtest.obj
 0003:000031fc       ??_C@_0CI@JMAH@Setting?5player?5?$CFd?8s?5blob?5returns@ 0040e1fc   gtest.obj
 0003:00003224       ??_C@_0DB@DOPA@processChatCommand?3?5request?5to?5r@ 0040e224   gtest.obj
 0003:00003258       ??_C@_0DA@KGPO@setpblob?3?5must?5specify?5a?5player?5@ 0040e258   gtest.obj
 0003:00003288       ??_C@_08MKNN@setpblob?$AA@ 0040e288   gtest.obj
 0003:00003294       ??_C@_0BM@BNNH@Set?5name?5of?5player?5?$CFd?5to?5?$CFs?$AA@ 0040e294   gtest.obj
 0003:000032b0       ??_C@_0CI@HEHE@Setting?5player?5?$CFd?8s?5name?5returns@ 0040e2b0   gtest.obj
 0003:000032d8       ??_C@_0DB@KBKC@processChatCommand?3?5request?5to?5r@ 0040e2d8   gtest.obj
 0003:0000330c       ??_C@_0DA@CMNF@setpname?3?5must?5specify?5a?5player?5@ 0040e30c   gtest.obj
 0003:0000333c       ??_C@_08IHEM@setpname?$AA@ 0040e33c   gtest.obj
 0003:00003348       ??_C@_0BH@NCDE@Deleted?5player?5?$CFd?5?$DN?5?$CFs?$AA@ 0040e348   gtest.obj
 0003:00003360       ??_C@_0CC@ODNI@Deleting?5player?5?$CFd?5returns?5err?5?$CF@ 0040e360   gtest.obj
 0003:00003384       ??_C@_0CI@DJNG@Getting?5player?5?$CFd?8s?5name?5returns@ 0040e384   gtest.obj
 0003:000033ac       ??_C@_0DB@BDKD@processChatCommand?3?5request?5to?5d@ 0040e3ac   gtest.obj
 0003:000033e0       ??_C@_0CI@CADH@delplayer?3?5must?5specify?5a?5player@ 0040e3e0   gtest.obj
 0003:00003408       ??_C@_09MAAO@delplayer?$AA@ 0040e408   gtest.obj
 0003:00003414       ??_C@_0CE@EOOD@Creating?5player?5?$CC?$CFs?$CC?5returns?5err@ 0040e414   gtest.obj
 0003:00003438       ??_C@_0CO@BCM@newplayer?3?5you?5need?5to?5specify?5a@ 0040e438   gtest.obj
 0003:00003468       ??_C@_0DB@HAMG@processChatCommand?3?5request?5to?5c@ 0040e468   gtest.obj
 0003:0000349c       ??_C@_09LIJG@newplayer?$AA@ 0040e49c   gtest.obj
 0003:000034a8       ??_C@_0BF@BKNM@Disabled?5new?5players?$AA@ 0040e4a8   gtest.obj
 0003:000034c0       ??_C@_0BE@JCCA@Enabled?5new?5players?$AA@ 0040e4c0   gtest.obj
 0003:000034d4       ??_C@_0CH@IHEM@dpEnableNewPlayers?$CI?0?$CFd?$CJ?5returns?5@ 0040e4d4   gtest.obj
 0003:000034fc       ??_C@_0BN@KCOE@enableNewPlayers?3?5enable?$DN?$CFd?6?$AA@ 0040e4fc   gtest.obj
 0003:0000351c       ??_C@_0DJ@CJMI@enableNewPlayers?3?5must?5specify?50@ 0040e51c   gtest.obj
 0003:00003558       ??_C@_0BB@KDMK@enableNewPlayers?$AA@ 0040e558   gtest.obj
 0003:0000356c       ??_C@_09FCK@xrplayers?$AA@ 0040e56c   gtest.obj
 0003:00003578       ??_C@_08DJMO@xplayers?$AA@ 0040e578   gtest.obj
 0003:00003584       ??_C@_0BP@BNMI@Listing?5players?5in?5session?5?$CFs?3?$AA@ 0040e584   gtest.obj
 0003:000035a4       ??_C@_0CD@FPHP@Unable?5to?5find?5session?5matching?5@ 0040e5a4   gtest.obj
 0003:000035c8       ??_C@_0BE@LPAG@rplayers?3?5?$CFs?5?$DN?$DP?5?$CFs?6?$AA@ 0040e5c8   gtest.obj
 0003:000035dc       ??_C@_08OIOH@rplayers?$AA@ 0040e5dc   gtest.obj
 0003:000035e8       ??_C@_0BP@KIKJ@error?5?$CFd?5calling?5dpEnumPlayers?$AA@ 0040e5e8   gtest.obj
 0003:00003608       ??_C@_0CE@EMGN@Listing?5players?5in?5current?5sessi@ 0040e608   gtest.obj
 0003:0000362c       ??_C@_07PECE@players?$AA@  0040e62c   gtest.obj
 0003:00003634       ??_C@_0BB@IDJN@dpGetSessionDesc?$AA@ 0040e634   gtest.obj
 0003:00003648       ??_C@_0DB@MMI@Player?5latency?5deltas?5disabled?5f@ 0040e648   gtest.obj
 0003:0000367c       ??_C@_0DA@IFGE@Player?5latency?5deltas?5for?5this?5s@ 0040e67c   gtest.obj
 0003:000036ac       ??_C@_0CB@CNJM@ldeltas?3?5usage?3?5ldeltas?5?$FLon?$HMoff?$FN@ 0040e6ac   gtest.obj
 0003:000036d0       ??_C@_07DJAA@ldeltas?$AA@  0040e6d0   gtest.obj
 0003:000036d8       ??_C@_0CJ@BANO@Player?5deltas?5disabled?5for?5sessi@ 0040e6d8   gtest.obj
 0003:00003704       ??_C@_0CI@BMJE@Player?5deltas?5for?5session?5?$CC?$CFs?$CC?5e@ 0040e704   gtest.obj
 0003:0000372c       ??_C@_0CB@EELJ@error?5?$CFd?5getting?5current?5session@ 0040e72c   gtest.obj
 0003:00003750       ??_C@_0BH@FEAD@session?5?$CC?$CFs?$CC?5not?5found?$AA@ 0040e750   gtest.obj
 0003:00003768       ??_C@_0BD@GBLO@pdeltas?3?5?$CFs?5?$DN?$DP?5?$CFs?6?$AA@ 0040e768   gtest.obj
 0003:0000377c       ??_C@_0EP@PIJM@pdeltas?3?5you?5need?5to?5specify?5on?5@ 0040e77c   gtest.obj
 0003:000037cc       ??_C@_03OJPB@off?$AA@      0040e7cc   gtest.obj
 0003:000037d0       ??_C@_07BOKB@pdeltas?$AA@  0040e7d0   gtest.obj
 0003:000037d8       ??_C@_0BM@NLGJ@Gameserver?5deltas?5disabled?4?$AA@ 0040e7d8   gtest.obj
 0003:000037f4       ??_C@_0CO@IIEE@Gameserver?5deltas?5for?5sessiontyp@ 0040e7f4   gtest.obj
 0003:00003824       ??_C@_07DOBD@gdeltas?$AA@  0040e824   gtest.obj
 0003:0000382c       ??_C@_0BJ@FBIM@Session?5deltas?5disabled?4?$AA@ 0040e82c   gtest.obj
 0003:00003848       ??_C@_0BI@DDLO@Session?5deltas?5enabled?4?$AA@ 0040e848   gtest.obj
 0003:00003860       ??_C@_0CH@CIGH@error?5?$CFd?5calling?5dpRequestObject@ 0040e860   gtest.obj
 0003:00003888       ??_C@_02PHBM@on?$AA@       0040e888   gtest.obj
 0003:0000388c       ??_C@_07GNBP@sdeltas?$AA@  0040e88c   gtest.obj
 0003:00003894       ??_C@_0DF@FNBG@Set?5ping?5intervals?5to?5piggyback?3@ 0040e894   gtest.obj
 0003:000038cc       ??_C@_0CE@JDMM@error?5?$CFd?5calling?5dpSetPingInterv@ 0040e8cc   gtest.obj
 0003:000038f0       ??_C@_0FJ@CDAO@setPingIntervals?3?5you?5must?5speci@ 0040e8f0   gtest.obj
 0003:0000394c       ??_C@_0BB@HHNI@setPingIntervals?$AA@ 0040e94c   gtest.obj
 0003:00003960       ??_C@_0CA@EGJO@error?5?$CFd?5calling?5dpEnumSessions?$AA@ 0040e960   gtest.obj
 0003:00003980       ??_C@_0BC@FJM@Listing?5sessions?3?$AA@ 0040e980   gtest.obj
 0003:00003994       ??_C@_08GEMC@sessions?$AA@ 0040e994   gtest.obj
 0003:000039a0       ??_C@_0BA@GNKK@no?5dp?5to?5close?4?$AA@ 0040e9a0   gtest.obj
 0003:000039b0       ??_C@_0L@EHBI@dp?5closed?4?$AA@ 0040e9b0   gtest.obj
 0003:000039bc       ??_C@_07NDEA@dpClose?$AA@  0040e9bc   gtest.obj
 0003:000039c4       ??_C@_0EA@DEGD@processChatCommand?3?5request?5to?5j@ 0040e9c4   gtest.obj
 0003:00003a04       ??_C@_0DH@HCHP@processChatCommand?3?5request?5to?5j@ 0040ea04   gtest.obj
 0003:00003a3c       ??_C@_0BP@NFHG@Unable?5to?5get?5address?0?5err?3?$CFd?6?$AA@ 0040ea3c   gtest.obj
 0003:00003a5c       ??_C@_0FA@BBLL@joinany?3?5you?5need?5to?5specify?5eit@ 0040ea5c   gtest.obj
 0003:00003aac       ??_C@_07OIDG@joinany?$AA@  0040eaac   gtest.obj
 0003:00003ab4       ??_C@_0CE@CFBM@Unable?5to?5join?5a?5session?0?5error?3@ 0040eab4   gtest.obj
 0003:00003ad8       ??_C@_0CB@JENO@Joining?5first?5room?5matching?5?$CC?$CFs?$CC@ 0040ead8   gtest.obj
 0003:00003afc       ??_C@_0CH@MAEM@join?3?5you?5need?5to?5specify?5a?5room@ 0040eafc   gtest.obj
 0003:00003b24       ??_C@_0CI@BGHE@processChatCommand?3?5request?5to?5j@ 0040eb24   gtest.obj
 0003:00003b4c       ??_C@_04PHLL@join?$AA@     0040eb4c   gtest.obj
 0003:00003b54       ??_C@_0BH@MHGK@Becoming?5server?5lobby?4?$AA@ 0040eb54   gtest.obj
 0003:00003b6c       ??_C@_0CA@JCDP@error?5?$CFd?5calling?5dpDeclareLobby?$AA@ 0040eb6c   gtest.obj
 0003:00003b8c       ??_C@_05DDCH@lobby?$AA@    0040eb8c   gtest.obj
 0003:00003b94       ??_C@_0EA@DGGK@Called?5dpOpen?5to?5create?5session?$DL@ 0040eb94   gtest.obj
 0003:00003bd4       ??_C@_0CG@OPD@Unable?5to?5create?5a?5session?0?5erro@ 0040ebd4   gtest.obj
 0003:00003bfc       ??_C@_0DA@NCCP@Usage?3?5host?5Room_Name?5?$FLmaxpl?$FN?5?$FLf@ 0040ebfc   gtest.obj
 0003:00003c2c       ??_C@_04OHFB@host?$AA@     0040ec2c   gtest.obj
 0003:00003c34       ??_C@_0BL@CNED@set?5current?5species?5to?5?$CFd?6?$AA@ 0040ec34   gtest.obj
 0003:00003c50       ??_C@_0CP@LEKI@processChatCommand?3?5set?5current?5@ 0040ec50   gtest.obj
 0003:00003c80       ??_C@_0CM@FLMP@species?3?5must?5specify?5a?5value?5fo@ 0040ec80   gtest.obj
 0003:00003cac       ??_C@_03MMKB@?$CFhu?$AA@   0040ecac   gtest.obj
 0003:00003cb0       ??_C@_07EAIK@species?$AA@  0040ecb0   gtest.obj
 0003:00003cb8       ??_C@_0P@KLPA@Thawed?5file?5?$CFs?$AA@ 0040ecb8   gtest.obj
 0003:00003cc8       ??_C@_0CD@OAJN@Error?5?$CFd?5thawing?5file?5?$CFs?$DL?5quitti@ 0040ecc8   gtest.obj
 0003:00003cec       ??_C@_0CB@FENI@DP?5already?5created?4?5?5Can?8t?5thaw?4@ 0040ecec   gtest.obj
 0003:00003d10       ??_C@_04LIM@thaw?$AA@      0040ed10   gtest.obj
 0003:00003d18       ??_C@_0CL@LFAF@Frozen?5?$CIready?5or?5not?$CB?$CJ?4?5?5Thaw?5to@ 0040ed18   gtest.obj
 0003:00003d44       ??_C@_0BC@JLFA@Error?5?$CFd?5freezing?$AA@ 0040ed44   gtest.obj
 0003:00003d58       ??_C@_0BE@PDIL@New?5freeze?5file?5?$CFs?6?$AA@ 0040ed58   gtest.obj
 0003:00003d6c       ??_C@_0L@LGPM@freeze?4dat?$AA@ 0040ed6c   gtest.obj
 0003:00003d78       ??_C@_0BJ@EPMK@Defaulting?5to?5freeze?4dat?$AA@ 0040ed78   gtest.obj
 0003:00003d94       ??_C@_06HHG@freeze?$AA@    0040ed94   gtest.obj
 0003:00003d9c       ??_C@_0BC@PNHP@no?5dp?5to?5destroy?4?$AA@ 0040ed9c   gtest.obj
 0003:00003db0       ??_C@_0O@EIFK@dp?5destroyed?4?$AA@ 0040edb0   gtest.obj
 0003:00003dc0       ??_C@_09MGHI@dpDestroy?$AA@ 0040edc0   gtest.obj
 0003:00003dcc       ??_C@_0M@FOKB@Created?5dp?4?$AA@ 0040edcc   gtest.obj
 0003:00003dd8       ??_C@_0BD@BDPB@Error?5?$CFd?5creating?$CB?$AA@ 0040edd8   gtest.obj
 0003:00003dec       ??_C@_0CJ@CIOE@DP?5already?5created?4?5?5Can?8t?5creat@ 0040edec   gtest.obj
 0003:00003e18       ??_C@_08EKOI@dpCreate?$AA@ 0040ee18   gtest.obj
 0003:00003e24       ??_C@_0BI@JGIF@Score?5report?5finished?4?6?$AA@ 0040ee24   gtest.obj
 0003:00003e3c       ??_C@_0CB@KMLK@dpReportScoreEnd?5returns?5err?3?$CFd?6@ 0040ee3c   gtest.obj
 0003:00003e60       ??_C@_0CK@JILN@gtest?3?5Error?5?$CFd?5calling?5dpReport@ 0040ee60   gtest.obj
 0003:00003e8c       ??_C@_08PFMM@scoreend?$AA@ 0040ee8c   gtest.obj
 0003:00003e98       ??_C@_0BP@JAOK@dpReportScore2?5returns?5err?3?$CFd?6?$AA@ 0040ee98   gtest.obj
 0003:00003eb8       ??_C@_0CI@FDMC@gtest?3?5Error?5?$CFd?5calling?5dpReport@ 0040eeb8   gtest.obj
 0003:00003ee0       ??_C@_0DJ@IKKF@scorereport?3?5you?5must?5specify?5a?5@ 0040eee0   gtest.obj
 0003:00003f1c       ??_C@_0M@IKNJ@scorereport?$AA@ 0040ef1c   gtest.obj
 0003:00003f28       ??_C@_0BJ@JGCE@Ready?5for?5scorereports?4?6?$AA@ 0040ef28   gtest.obj
 0003:00003f44       ??_C@_0CD@KKCC@dpReportScoreStart?5returns?5err?3?$CF@ 0040ef44   gtest.obj
 0003:00003f68       ??_C@_0L@BKCB@scorestart?$AA@ 0040ef68   gtest.obj
 0003:00003f74       ??_C@_0CG@BIDB@Activation?5code?5email?5request?5qu@ 0040ef74   gtest.obj
 0003:00003f9c       ??_C@_0CJ@EKGB@Unable?5to?5queue?5email?5request?0?5e@ 0040ef9c   gtest.obj
 0003:00003fc8       ??_C@_0CA@GNLJ@requestcode?5takes?5no?5parameters?$AA@ 0040efc8   gtest.obj
 0003:00003fe8       ??_C@_0M@BANH@requestcode?$AA@ 0040efe8   gtest.obj
 0003:00003ff4       ??_C@_0CB@DDNB@Account?5activate?5request?5queued?4@ 0040eff4   gtest.obj
 0003:00004018       ??_C@_0DE@DFDJ@Unable?5to?5queue?5account?5activate@ 0040f018   gtest.obj
 0003:0000404c       ??_C@_0DC@HEGN@acctactivate?3?5you?5must?5specify?5a@ 0040f04c   gtest.obj
 0003:00004080       ??_C@_0N@GOII@acctactivate?$AA@ 0040f080   gtest.obj
 0003:00004090       ??_C@_0BG@BHOF@Login?5request?5queued?4?$AA@ 0040f090   gtest.obj
 0003:000040a8       ??_C@_0CJ@NALE@Unable?5to?5queue?5login?5request?0?5e@ 0040f0a8   gtest.obj
 0003:000040d4       ??_C@_0DC@LNGF@login?3?5you?5must?5specify?5a?5userna@ 0040f0d4   gtest.obj
 0003:00004108       ??_C@_05FLFF@login?$AA@    0040f108   gtest.obj
 0003:00004110       ??_C@_0BP@OJGN@Game?5server?5set?5to?5?$CFs?0?5type?5?$CFd?$AA@ 0040f110   gtest.obj
 0003:00004130       ??_C@_0DE@OEDH@Unable?5to?5set?5game?5server?5to?5?$CFs?0@ 0040f130   gtest.obj
 0003:00004164       ??_C@_01PLJA@0?$AA@        0040f164   gtest.obj
 0003:00004168       ??_C@_0EB@HJPF@setGameServer?3?5you?5must?5specify?5@ 0040f168   gtest.obj
 0003:000041ac       ??_C@_0O@IOMJ@setGameServer?$AA@ 0040f1ac   gtest.obj
 0003:000041bc       ??_C@_0BP@NBKC@error?5?$CFd?5calling?5dpEnumServers?$AA@ 0040f1bc   gtest.obj
 0003:000041dc       ??_C@_0BB@PDDG@Listing?5servers?3?$AA@ 0040f1dc   gtest.obj
 0003:000041f0       ??_C@_0M@JFF@gameservers?$AA@ 0040f1f0   gtest.obj
 0003:000041fc       ??_C@_0CC@MPHO@error?5?$CFd?5calling?5dpEnumTransport@ 0040f1fc   gtest.obj
 0003:00004220       ??_C@_0BJ@FBFF@Printing?5transport?5info?3?$AA@ 0040f220   gtest.obj
 0003:0000423c       ??_C@_0P@KHEN@enumtransports?$AA@ 0040f23c   gtest.obj
 0003:0000424c       ??_C@_0BB@CKGA@sixty?5minute?5max?$AA@ 0040f24c   gtest.obj
 0003:00004260       ??_C@_0P@GKNB@one?5minute?5max?$AA@ 0040f260   gtest.obj
 0003:00004270       ??_C@_0BF@LDDD@sixty?5minute?5average?$AA@ 0040f270   gtest.obj
 0003:00004288       ??_C@_0CC@PIJM@error?5?$CFd?5calling?5dp_avgstat_prin@ 0040f288   gtest.obj
 0003:000042ac       ??_C@_0BD@CJAE@one?5minute?5average?$AA@ 0040f2ac   gtest.obj
 0003:000042c0       ??_C@_0CB@CCGN@error?5?$CFd?5calling?5dp_avgstat_poll@ 0040f2c0   gtest.obj
 0003:000042e4       ??_C@_09DOND@statprint?$AA@ 0040f2e4   gtest.obj
 0003:000042f0       ??_C@_0CB@JLFA@error?5?$CFd?5calling?5dp_avgstat_init@ 0040f2f0   gtest.obj
 0003:00004314       ??_C@_08NEBD@statinit?$AA@ 0040f314   gtest.obj
 0003:00004320       ??_C@_0CE@HIIH@assert?5?$CFs?5?$CFs?5?$CFs?5?$CI?$CFd?5?$CFs?5?$CFd?$CJ?5?$CI?$CFd?$CJ?5@ 0040f320   gtest.obj
 0003:00004344       ??_C@_05EJAH@FAILS?$AA@    0040f344   gtest.obj
 0003:0000434c       ??_C@_02HAGF@OK?$AA@       0040f34c   gtest.obj
 0003:00004350       ??_C@_0CA@IMKP@assert?3?5Legal?5ops?5are?5?$DN?$DN?5?$CB?$DN?5?$DM?5?$DO?$AA@ 0040f350   gtest.obj
 0003:00004370       ??_C@_0DK@DFLD@assert?3?5must?5specify?5val1?5op?5val@ 0040f370   gtest.obj
 0003:000043ac       ??_C@_06HDEN@assert?$AA@   0040f3ac   gtest.obj
 0003:000043b4       ??_C@_0CJ@MLCM@Spamming?5?$CFd?5bytes?5each?5?$CFd?5ticks?5@ 0040f3b4   gtest.obj
 0003:000043e0       ??_C@_0DP@KAHM@Can?8t?5spam?5?$CFd?5bytes?5each?5?$CFd?5tick@ 0040f3e0   gtest.obj
 0003:00004420       ??_C@_0CK@EOD@Packet?5size?5too?5large?$DL?5setting?5t@ 0040f420   gtest.obj
 0003:0000444c       ??_C@_0DO@ILIH@spam?3?5to?5spam?0?5specify?5player?5id@ 0040f44c   gtest.obj
 0003:0000448c       ??_C@_09LKEB@?$CFhu?5?$CFd?5?$CFd?$AA@ 0040f48c   gtest.obj
 0003:00004498       ??_C@_0DI@IDLC@spam?3?5?$CFd?5spams?5in?5?$CF?42f?5sec?0?5avg?5@ 0040f498   gtest.obj
 0003:000044d0       ??_C@_04OIAL@spam?$AA@     0040f4d0   gtest.obj
 0003:000044d8       ??_C@_0BL@GBGF@the?5value?5of?5?$CFs?5is?5?$CFd?5?$CI?$CFx?$CJ?$AA@ 0040f4d8   gtest.obj
 0003:000044f4       ??_C@_0BK@FDLG@show?3?5expected?5?8show?5var?8?$AA@ 0040f4f4   gtest.obj
 0003:00004510       ??_C@_04DDJJ@show?$AA@     0040f510   gtest.obj
 0003:00004518       ??_C@_0N@IMHI@set?5?$CFs?5to?5?$CFd?$AA@ 0040f518   gtest.obj
 0003:00004528       ??_C@_0BM@FHFD@set?3?5expected?5?8set?5var?5val?8?$AA@ 0040f528   gtest.obj
 0003:00004544       ??_C@_03NHNF@set?$AA@      0040f544   gtest.obj
 0003:00004548       ??_C@_0BE@DMDJ@Busy?5time?5set?5to?5?$CFd?$AA@ 0040f548   gtest.obj
 0003:0000455c       ??_C@_0DN@ICOJ@busy?3?5at?5?$CFd?$DL?5to?5change?0?5specify?5@ 0040f55c   gtest.obj
 0003:0000459c       ??_C@_0CL@DGJA@busy?3?5?$CFd?5loops?5in?5?$CF?42f?5sec?$DL?5?$CF?42f@ 0040f59c   gtest.obj
 0003:000045c8       ??_C@_04MGOE@busy?$AA@     0040f5c8   gtest.obj
 0003:000045d0       ??_C@_09MBEB@Sleeping?4?$AA@ 0040f5d0   gtest.obj
 0003:000045dc       ??_C@_0DN@BMLK@sleep?3?5must?5specify?5a?5duration?5i@ 0040f5dc   gtest.obj
 0003:0000461c       ??_C@_02JBAA@?$CFf?$AA@    0040f61c   gtest.obj
 0003:00004620       ??_C@_05BOEP@sleep?$AA@    0040f620   gtest.obj
 0003:00004628       ??_C@_0BP@OJFF@Waiting?5for?5callback?5to?5finish?$AA@ 0040f628   gtest.obj
 0003:00004648       ??_C@_04OMDE@wait?$AA@     0040f648   gtest.obj
 0003:00004650       ??_C@_0CO@BHND@Sent?5remotequit?5message?5to?5all?5o@ 0040f650   gtest.obj
 0003:00004680       ??_C@_0O@PKKP@Can?8t?5send?4?4?4?$AA@ 0040f680   gtest.obj
 0003:00004690       ??_C@_0CA@NKBA@You?5must?5create?5a?5player?5first?4?$AA@ 0040f690   gtest.obj
 0003:000046b0       ??_C@_02MMMM@rq?$AA@       0040f6b0   gtest.obj
 0003:000046b4       ??_C@_0L@LBDK@remotequit?$AA@ 0040f6b4   gtest.obj
 0003:000046c0       ??_C@_04FKOI@quit?$AA@     0040f6c0   gtest.obj
 0003:000046c8       ??_C@_01KNFJ@?$CD?$AA@     0040f6c8   gtest.obj
 0003:000046cc       ??_C@_0BI@JFPE@pcc?3?5subarg?5?$CFd?$DL?5?$CFs?$DL?5?$CFd?6?$AA@ 0040f6cc   gtest.obj
 0003:000046e4       ??_C@_0M@JCOK@?$CFs?5?$CFs?5?$CFs?5?$CFs?$AA@ 0040f6e4   gtest.obj
 0003:000046f0       ??_C@_0CG@FPHF@processChatCommand?3?5arg0?5?$CFs?0?5arg@ 0040f6f0   gtest.obj
 0003:00004718       ??_C@_0BI@KNKG@processChatCommand?3?5?$CFs?6?$AA@ 0040f718   gtest.obj
 0003:00004730       ??_C@_01BJG@?6?$AA@        0040f730   gtest.obj
 0003:00004734       ??_C@_04MHDN@help?$AA@     0040f734   gtest.obj
 0003:0000473c       ??_C@_0CC@IEHE@error?5?$CFd?5calling?5dpSetSessionDes@ 0040f73c   gtest.obj
 0003:00004760       ??_C@_0CC@CH@error?5?$CFd?5calling?5dpGetSessionDes@ 0040f760   gtest.obj
 0003:00004784       ??_C@_00A@?$AA@            0040f784   gtest.obj
 0003:00004788       ??_C@_0CB@MJLN@burn10msec?3?5?$CFd?5loops?5?$DN?510?5msec?4?6@ 0040f788   gtest.obj
 0003:000047ac       ??_C@_0CE@KGOJ@burn10msec?3?5Calibrating?5busy?5loo@ 0040f7ac   gtest.obj
 0003:000047d0       ??_C@_0BA@NNAH@setval?$CI?$CFs?0?5?$CFd?$CJ?6?$AA@ 0040f7d0   gtest.obj
 0003:000047e0       ??_C@_0BJ@FABH@Illegal?5variable?5name?5?$CFs?$AA@ 0040f7e0   gtest.obj
 0003:000047fc       ??_C@_07PIHL@dwUser1?$AA@  0040f7fc   gtest.obj
 0003:00004804       ??_C@_06LIBC@theVar?$AA@   0040f804   gtest.obj
 0003:0000480c       ??_C@_0BB@LPKJ@getval?$CI?$CFs?$CJ?5?$DN?5?$CFd?6?$AA@ 0040f80c   gtest.obj
 0003:00004820       ??_C@_08JKGO@theError?$AA@ 0040f820   gtest.obj
 0003:0000482c       ??_C@_08HKLC@anyGroup?$AA@ 0040f82c   gtest.obj
 0003:00004838       ??_C@_09FLPM@anyPlayer?$AA@ 0040f838   gtest.obj
 0003:00004844       ??_C@_09MKON@thisGroup?$AA@ 0040f844   gtest.obj
 0003:00004850       ??_C@_0L@JBEM@thisPlayer?$AA@ 0040f850   gtest.obj
 0003:0000485c       ??_C@_09IACK@n_players?$AA@ 0040f85c   gtest.obj
 0003:00004868       ??_C@_0L@NJLG@n_sessions?$AA@ 0040f868   gtest.obj
 0003:00004874       ??_C@_02JAFN@?$CFi?$AA@    0040f874   gtest.obj
 0003:00004878       ??_C@_0BF@FEJ@doop?$CI?$CFd?0?$CFs?0?$CFd?$CJ?5?$DN?5?$CFd?6?$AA@ 0040f878   gtest.obj
 0003:00004890       ??_C@_0BE@BMJO@Illegal?5operator?5?$CFs?$AA@ 0040f890   gtest.obj
 0003:000048a4       ??_C@_02GMBL@?$CB?$DN?$AA@ 0040f8a4   gtest.obj
 0003:000048a8       ??_C@_02OJEM@?$DN?$DN?$AA@ 0040f8a8   gtest.obj
 0003:000048ac       ??_C@_01FHE@?$DM?$AA@      0040f8ac   gtest.obj
 0003:000048b0       ??_C@_01FAFK@?$DO?$AA@     0040f8b0   gtest.obj
 0003:000048b4       ??_C@_0P@KCJI@Help?5finished?4?$AA@ 0040f8b4   gtest.obj
 0003:000048c4       ??_C@_0BK@CHKA@Press?5any?5key?5to?5continue?$AA@ 0040f8c4   gtest.obj
 0003:000048e0       ??_C@_0BJ@MFJD@Exiting?5with?5status?5?$CFd?4?6?$AA@ 0040f8e0   gtest.obj
 0003:000048fc       ??_C@_0DEC@DGI@Usage?3?5gtest?5?$FL?9N?3comm?4dll?$FN?$FL?9B?3bu@ 0040f8fc   gtest.obj
 0003:00004c40       ??_C@_0BE@OBFE@?$CFs?3?5Unknown?5arg?5?$CFs?6?$AA@ 0040fc40   gtest.obj
 0003:00004c54       ??_C@_0BF@JOPP@unknown?5parameter?5?$CFs?$AA@ 0040fc54   gtest.obj
 0003:00004c6c       ??_C@_03JFOM@?$CFld?$AA@   0040fc6c   gtest.obj
 0003:00004c70       ??_C@_05PNMD@?9Kirq?$AA@   0040fc70   gtest.obj
 0003:00004c78       ??_C@_03MCHI@?$CFlx?$AA@   0040fc78   gtest.obj
 0003:00004c7c       ??_C@_06LMHO@?9Kport?$AA@  0040fc7c   gtest.obj
 0003:00004c84       ??_C@_0BE@GOEG@Log?5file?5name?5?3?5?$CFs?6?$AA@ 0040fc84   gtest.obj
 0003:00004c98       ??_C@_0BP@NJIE@Setting?5busy?5time?5to?5?$CFs?5ticks?6?$AA@ 0040fc98   gtest.obj
 0003:00004cb8       ??_C@_0CJ@KGDG@Expected?5?3?5or?5?$DN?5after?5switch?5nam@ 0040fcb8   gtest.obj
 0003:00004ce4       ??_C@_06LAE@?9Ktest?$AA@   0040fce4   gtest.obj
 0003:00004cec       ??_C@_07JLLP@?9Kpulse?$AA@ 0040fcec   gtest.obj
 0003:00004cf4       ??_C@_05NOKM@stdin?$AA@    0040fcf4   gtest.obj
 0003:00004cfc       ??_C@_0CC@EPIA@gtest?3?5Can?8t?5open?5script?5file?5?$CFs@ 0040fcfc   gtest.obj
 0003:00004d20       ??_C@_01LHO@r?$AA@         0040fd20   gtest.obj
 0003:00004d24       ??_C@_0BJ@EECF@Expected?5letter?5after?5?9?6?$AA@ 0040fd24   gtest.obj
 0003:00004d40       ??_C@_0BF@FIFI@yech?0?5crash?5in?5gtest?$AA@ 0040fd40   gtest.obj
 0003:00004d58       ??_C@_0CM@PKOJ@Odd?$DL?5got?5unexpected?5packet?5?$CF2?42s@ 0040fd58   gtest.obj
 0003:00004d84       ??_C@_0BM@IEEK@Joined?5session?5?$CFs?0?5type?3?$CFd?6?$AA@ 0040fd84   gtest.obj
 0003:00004da0       ??_C@_0CA@HEPF@Session?5join?5failed?0?5reason?3?$CFd?6?$AA@ 0040fda0   gtest.obj
 0003:00004dc0       ??_C@_0CD@OMGJ@Account?5request?5failed?0?5reason?5?$CF@ 0040fdc0   gtest.obj
 0003:00004de4       ??_C@_0CC@NHFK@Access?5Denied?0?5account?5is?5in?5use@ 0040fde4   gtest.obj
 0003:00004e08       ??_C@_0P@BGGI@Access?5Denied?4?$AA@ 0040fe08   gtest.obj
 0003:00004e18       ??_C@_0CG@MAJJ@Account?5change?5successful?5for?5ui@ 0040fe18   gtest.obj
 0003:00004e40       ??_C@_0DH@ECNG@Logged?5as?5uid?5?$CFd?4?5You?5must?5activ@ 0040fe40   gtest.obj
 0003:00004e78       ??_C@_0CH@CCMA@Logged?5as?5uid?5?$CFd?4?5?$CIaccount?5activ@ 0040fe78   gtest.obj
 0003:00004ea0       ??_C@_0BF@JMFP@myUID?5?$CB?$DN?5dp_UID_NONE?$AA@ 0040fea0   gtest.obj
 0003:00004eb8       ??_C@_07DGMK@gtest?4c?$AA@ 0040feb8   gtest.obj
 0003:00004ec0       ??_C@_0DJ@PGHN@The?5session?5has?5been?5closed?5for?5@ 0040fec0   gtest.obj
 0003:00004efc       ??_C@_0BK@GJAO@This?5machine?5is?5now?5host?4?$AA@ 0040fefc   gtest.obj
 0003:00004f18       ??_C@_0BG@DFBH@Remote?5quit?5received?4?$AA@ 0040ff18   gtest.obj
 0003:00004f30       ??_C@_0CC@LGJK@Got?5?$CFd?5bytes?5from?5?$CFs?$DL?5?$CFd?5errors?4@ 0040ff30   gtest.obj
 0003:00004f54       ??_C@_0BB@NBBC@i?5?$CFd?0?5buf?$FLi?$FN?5?$CFd?6?$AA@ 0040ff54   gtest.obj
 0003:00004f68       ??_C@_0DO@DAHO@New?5value?5for?5player?5?$CFd?8s?5variab@ 0040ff68   gtest.obj
 0003:00004fa8       ??_C@_0CB@MNGG@Player?5?$CFd?5deleted?5from?5group?5?$CFd?4@ 0040ffa8   gtest.obj
 0003:00004fcc       ??_C@_0BN@NPKF@Player?5?$CFd?5added?5to?5group?5?$CFd?4?$AA@ 0040ffcc   gtest.obj
 0003:00004fec       ??_C@_0BH@FFGE@Group?5?$CFs?5?$CI?$CFd?$CJ?5deleted?4?$AA@ 0040ffec   gtest.obj
 0003:00005004       ??_C@_0BF@GLNL@Group?5?$CFs?5?$CI?$CFd?$CJ?5added?4?$AA@ 00410004   gtest.obj
 0003:0000501c       ??_C@_0BG@DLEN@?$CFs?5leaves?$DL?5dpid?5?$DN?5?$CFd?4?$AA@ 0041001c   gtest.obj
 0003:00005034       ??_C@_0CF@LHGH@Player?5?8?$CFs?8?5?$CIid?5?$DN?5?$CFd?5?$DN?5?$CFd?$CJ?5delet@ 00410034   gtest.obj
 0003:0000505c       ??_C@_03PKDJ@?4?$CFd?$AA@  0041005c   gtest.obj
 0003:00005060       ??_C@_0CH@NBEP@?$CFs?5enters?$DL?5dpid?5?$DN?5?$CFd?0?5karma?5?$CFd?0?5@ 00410060   gtest.obj
 0003:00005088       ??_C@_0CP@CEKM@Player?5?8?$CFs?8?5?$CIid?5?$DN?5?$CFd?5?$DN?5?$CFd?$CJ?5added@ 00410088   gtest.obj
 0003:000050b8       ??_C@_0CG@MPKK@Unable?5to?5receive?5a?5packet?0?5erro@ 004100b8   gtest.obj
 0003:000050e0       ??_C@_0CP@LOBN@Error?3?5modem?5not?5responding?$CB?5?5Co@ 004100e0   gtest.obj
 0003:00005110       ??_C@_0DN@FDOI@Error?3?5host?5not?5responding?$CB?5?5Con@ 00410110   gtest.obj
 0003:00005150       ??_C@_0CH@LFFJ@Unable?5to?5receive?5a?5packet?0?5erro@ 00410150   gtest.obj
 0003:00005178       ??_C@_0CD@JPBH@?9?9?9Burn?5?$CFd?5msec?5done?0?5time?5?$CF8d?9?9@ 00410178   gtest.obj
 0003:0000519c       ??_C@_0BP@FKKM@Reached?5end?5of?5script?5file?5?$CFs?6?$AA@ 0041019c   gtest.obj
 0003:000051bc       ??_C@_0P@PBHL@Wait?5finished?4?$AA@ 004101bc   gtest.obj
 0003:000051cc       ??_C@_0BA@OOLP@Sleep?5finished?4?$AA@ 004101cc   gtest.obj
 0003:000051dc       ??_C@_0L@BHLH@?$DMINCOMING?$DO?$AA@ 004101dc   gtest.obj
 0003:000051e8       ??_C@_0CE@EENJ@SetGameServer?$CI?$CFs?$CJ?5failed?0?5error?5@ 004101e8   gtest.obj
 0003:0000520c       ??_C@_0BP@EJIH@Unable?5to?5start?5communications?$AA@ 0041020c   gtest.obj
 0003:0000522c       ??_C@_0DI@CMCN@setting?5sessionId?5to?5?$CFx?5for?5bene@ 0041022c   gtest.obj
 0003:00005264       ??_C@_0BA@OHGG@Creating?5dp?4?4?4?6?$AA@ 00410264   gtest.obj
 0003:00005274       ??_C@_09ICKN@gtest?4ini?$AA@ 00410274   gtest.obj
 0003:00005280       ??_C@_0BH@KJIO@No?5DLL?5was?5specified?4?6?$AA@ 00410280   gtest.obj
 0003:00005298       ??_C@_0DL@KJEM@objectDelta?3?5status?3?$CFd?0?5flags?3?$CFl@ 00410298   gtest.obj
 0003:000052d4       ??_C@_0FE@BHKN@objectDelta?3?5status?3?$CFd?0?5latency?3@ 004102d4   gtest.obj
 0003:00005328       ??_C@_04KNMG@?$CFd?$CFs?$AA@ 00410328   gtest.obj
 0003:00005330       ??_C@_01PJCK@?4?$AA@       00410330   gtest.obj
 0003:00005334       ??_C@_0N@KMFN@key?5too?5long?$AA@ 00410334   gtest.obj
 0003:00005344       ??_C@_06IKAH@?$CF02x?$CFs?$AA@ 00410344   gtest.obj
 0003:0000534c       ??_C@_0CK@FKMB@playerId?3?5id?$DN?$CFd?0?5karma?$DN?$CFd?0?5name?$DN@ 0041034c   gtest.obj
 0003:00005378       ??_C@_0N@BHLK@?0?5adrMaster?5?$AA@ 00410378   gtest.obj
 0003:00005388       ??_C@_0EN@KDLH@session?3?5sessType?5?$CFd?0?5name?5?$CFs?0?5k@ 00410388   gtest.obj
 0003:000053d8       ??_C@_0GB@JFB@serverInfo?3?5host?5?$CFs?0?5rtt?5?$CFd?0?5los@ 004103d8   gtest.obj
 0003:00005440       __dowildcard               00410440   MSVCRT:wildcard.obj
 0003:00005444       __newmode                  00410444   MSVCRT:_newmode.obj
 0003:00005448       ___defaultmatherr          00410448   MSVCRT:merr.obj
 0003:0000544c       __commode                  0041044c   MSVCRT:xncommod.obj
 0003:00005450       __fmode                    00410450   MSVCRT:xtxtmode.obj
 0003:00005454       ___win32sflag              00410454   MSVCRT:atonexit.obj
 0003:00005e70       _dpio_now                  00410e70   <common>
 0003:00005e80       _commInitReq               00410e80   <common>
 0003:00005eb0       _avgstat                   00410eb0   <common>
 0003:0000b110       _apps                      00416110   <common>
 0003:0000b790       _CommDLLName               00416790   <common>
 0003:0000b810       _sessions                  00416810   <common>
 0003:0000dd30       _phonenum                  00418d30   <common>
 0003:0000de30       _modeministr               00418e30   <common>
 0003:0000df30       ___onexitend               00418f30   <common>
 0003:0000df34       ___onexitbegin             00418f34   <common>
 0003:0000df38       __adjust_fdiv              00418f38   <common>
 0004:00000000       __IMPORT_DESCRIPTOR_anet2  00419000   anet2:anet2.dll
 0004:00000014       __IMPORT_DESCRIPTOR_KERNEL32 00419014   kernel32:KERNEL32.dll
 0004:00000028       __IMPORT_DESCRIPTOR_MSVCRT 00419028   MSVCRT:MSVCRT.dll
 0004:0000003c       __NULL_IMPORT_DESCRIPTOR   0041903c   anet2:anet2.dll
 0004:00000210       __imp__GetCurrentProcessId@0 00419210   kernel32:KERNEL32.dll
 0004:00000214       __imp__Sleep@4             00419214   kernel32:KERNEL32.dll
 0004:00000218       __imp__GetSystemTime@4     00419218   kernel32:KERNEL32.dll
 0004:0000021c       __imp__GetTickCount@0      0041921c   kernel32:KERNEL32.dll
 0004:00000220       \177KERNEL32_NULL_THUNK_DATA 00419220   kernel32:KERNEL32.dll
 0004:00000224       __imp___getch              00419224   MSVCRT:MSVCRT.dll
 0004:00000224       __imp__getch               00419224   MSVCRT:MSVCRT.dll
 0004:00000228       __imp___strnicmp           00419228   MSVCRT:MSVCRT.dll
 0004:00000228       __imp__strnicmp            00419228   MSVCRT:MSVCRT.dll
 0004:0000022c       __imp____set_app_type      0041922c   MSVCRT:MSVCRT.dll
 0004:00000230       __imp___controlfp          00419230   MSVCRT:MSVCRT.dll
 0004:00000234       __imp____p__commode        00419234   MSVCRT:MSVCRT.dll
 0004:00000238       __imp___adjust_fdiv        00419238   MSVCRT:MSVCRT.dll
 0004:0000023c       __imp____p__fmode          0041923c   MSVCRT:MSVCRT.dll
 0004:00000240       __imp____getmainargs       00419240   MSVCRT:MSVCRT.dll
 0004:00000244       __imp___initterm           00419244   MSVCRT:MSVCRT.dll
 0004:00000248       __imp____setusermatherr    00419248   MSVCRT:MSVCRT.dll
 0004:0000024c       __imp___XcptFilter         0041924c   MSVCRT:MSVCRT.dll
 0004:00000250       __imp___exit               00419250   MSVCRT:MSVCRT.dll
 0004:00000254       __imp____p___initenv       00419254   MSVCRT:MSVCRT.dll
 0004:00000258       __imp__rand                00419258   MSVCRT:MSVCRT.dll
 0004:0000025c       __imp__srand               0041925c   MSVCRT:MSVCRT.dll
 0004:00000260       __imp__puts                00419260   MSVCRT:MSVCRT.dll
 0004:00000264       __imp__putchar             00419264   MSVCRT:MSVCRT.dll
 0004:00000268       __imp__fgets               00419268   MSVCRT:MSVCRT.dll
 0004:0000026c       __imp___except_handler3    0041926c   MSVCRT:MSVCRT.dll
 0004:00000270       __imp__perror              00419270   MSVCRT:MSVCRT.dll
 0004:00000274       __imp___assert             00419274   MSVCRT:MSVCRT.dll
 0004:00000278       __imp__ftell               00419278   MSVCRT:MSVCRT.dll
 0004:0000027c       __imp__fseek               0041927c   MSVCRT:MSVCRT.dll
 0004:00000280       __imp__toupper             00419280   MSVCRT:MSVCRT.dll
 0004:00000284       __imp___ftol               00419284   MSVCRT:MSVCRT.dll
 0004:00000288       __imp__atoi                00419288   MSVCRT:MSVCRT.dll
 0004:0000028c       __imp__strchr              0041928c   MSVCRT:MSVCRT.dll
 0004:00000290       __imp__fopen               00419290   MSVCRT:MSVCRT.dll
 0004:00000294       __imp__fclose              00419294   MSVCRT:MSVCRT.dll
 0004:00000298       __imp__strncpy             00419298   MSVCRT:MSVCRT.dll
 0004:0000029c       __imp____p___mb_cur_max    0041929c   MSVCRT:MSVCRT.dll
 0004:000002a0       __imp___isctype            004192a0   MSVCRT:MSVCRT.dll
 0004:000002a4       __imp__malloc              004192a4   MSVCRT:MSVCRT.dll
 0004:000002a8       __imp__sscanf              004192a8   MSVCRT:MSVCRT.dll
 0004:000002ac       __imp__free                004192ac   MSVCRT:MSVCRT.dll
 0004:000002b0       __imp____p__pctype         004192b0   MSVCRT:MSVCRT.dll
 0004:000002b4       __imp___strdup             004192b4   MSVCRT:MSVCRT.dll
 0004:000002b8       __imp__printf              004192b8   MSVCRT:MSVCRT.dll
 0004:000002bc       __imp__exit                004192bc   MSVCRT:MSVCRT.dll
 0004:000002c0       __imp__fflush              004192c0   MSVCRT:MSVCRT.dll
 0004:000002c4       __imp__fread               004192c4   MSVCRT:MSVCRT.dll
 0004:000002c8       __imp____p__iob            004192c8   MSVCRT:MSVCRT.dll
 0004:000002cc       __imp__sprintf             004192cc   MSVCRT:MSVCRT.dll
 0004:000002d0       __imp__time                004192d0   MSVCRT:MSVCRT.dll
 0004:000002d4       __imp__kbhit               004192d4   MSVCRT:MSVCRT.dll
 0004:000002d4       __imp___kbhit              004192d4   MSVCRT:MSVCRT.dll
 0004:000002d8       __imp___stricmp            004192d8   MSVCRT:MSVCRT.dll
 0004:000002d8       __imp__stricmp             004192d8   MSVCRT:MSVCRT.dll
 0004:000002dc       \177MSVCRT_NULL_THUNK_DATA 004192dc   MSVCRT:MSVCRT.dll
 0004:000002e0       __imp__dpGetStats          004192e0   anet2:anet2.dll
 0004:000002e4       __imp__dp_enableDebugPrint 004192e4   anet2:anet2.dll
 0004:000002e8       __imp__dpSetConnCallback   004192e8   anet2:anet2.dll
 0004:000002ec       __imp__dpReceive           004192ec   anet2:anet2.dll
 0004:000002f0       __imp__dp_setLogFname      004192f0   anet2:anet2.dll
 0004:000002f4       __imp__dpGetPlayerCaps     004192f4   anet2:anet2.dll
 0004:000002f8       __imp__dpEnumPorts         004192f8   anet2:anet2.dll
 0004:000002fc       __imp__dpSend              004192fc   anet2:anet2.dll
 0004:00000300       __imp__dpEnumGroups        00419300   anet2:anet2.dll
 0004:00000304       __imp__dpNumPlayers        00419304   anet2:anet2.dll
 0004:00000308       __imp__dpReportCrashEx     00419308   anet2:anet2.dll
 0004:0000030c       __imp__dpEnumServersEx     0041930c   anet2:anet2.dll
 0004:00000310       __imp__dpSetGameServer     00419310   anet2:anet2.dll
 0004:00000314       __imp__dpEnumTransports    00419314   anet2:anet2.dll
 0004:00000318       __imp___dala               00419318   anet2:anet2.dll
 0004:0000031c       __imp__dpEnumServers       0041931c   anet2:anet2.dll
 0004:00000320       __imp__dpSetGameServerEx   00419320   anet2:anet2.dll
 0004:00000324       __imp___dax7               00419324   anet2:anet2.dll
 0004:00000328       __imp___daaa               00419328   anet2:anet2.dll
 0004:0000032c       __imp__dpRequestEmail      0041932c   anet2:anet2.dll
 0004:00000330       __imp__dpCreate            00419330   anet2:anet2.dll
 0004:00000334       __imp___dax8               00419334   anet2:anet2.dll
 0004:00000338       __imp___dax9               00419338   anet2:anet2.dll
 0004:0000033c       __imp__dpResolveHostname   0041933c   anet2:anet2.dll
 0004:00000340       __imp__dpDeclareLobby      00419340   anet2:anet2.dll
 0004:00000344       __imp__dpSetSessionDesc    00419344   anet2:anet2.dll
 0004:00000348       __imp__dpSetPingIntervals  00419348   anet2:anet2.dll
 0004:0000034c       __imp__dpClose             0041934c   anet2:anet2.dll
 0004:00000350       __imp__dpEnumSessions      00419350   anet2:anet2.dll
 0004:00000354       __imp__dpGetSessionDesc    00419354   anet2:anet2.dll
 0004:00000358       __imp__dpGetSessionId      00419358   anet2:anet2.dll
 0004:0000035c       __imp__dpRequestObjectDeltas 0041935c   anet2:anet2.dll
 0004:00000360       __imp__dpCreatePlayer      00419360   anet2:anet2.dll
 0004:00000364       __imp__dpEnumPlayersEx     00419364   anet2:anet2.dll
 0004:00000368       __imp__dpEnableNewPlayers  00419368   anet2:anet2.dll
 0004:0000036c       __imp__dpSetPlayerBlob     0041936c   anet2:anet2.dll
 0004:00000370       __imp__dpDestroyPlayer     00419370   anet2:anet2.dll
 0004:00000374       __imp__dpSetPlayerName     00419374   anet2:anet2.dll
 0004:00000378       __imp__dpDeletePlayerFromGroup 00419378   anet2:anet2.dll
 0004:0000037c       __imp__dpCreateGroup       0041937c   anet2:anet2.dll
 0004:00000380       __imp__dpAddPlayerToGroup  00419380   anet2:anet2.dll
 0004:00000384       __imp__dpGetPlayerName     00419384   anet2:anet2.dll
 0004:00000388       __imp__dpEnumGroupPlayers  00419388   anet2:anet2.dll
 0004:0000038c       __imp__dpSetPlayerData     0041938c   anet2:anet2.dll
 0004:00000390       __imp__dpEnumApp           00419390   anet2:anet2.dll
 0004:00000394       __imp__dpGetPlayerData     00419394   anet2:anet2.dll
 0004:00000398       __imp__dpGetCaps           00419398   anet2:anet2.dll
 0004:0000039c       __imp__dpFreeze            0041939c   anet2:anet2.dll
 0004:000003a0       __imp__dpGetAppVersion     004193a0   anet2:anet2.dll
 0004:000003a4       __imp__dpDownloadUpdate    004193a4   anet2:anet2.dll
 0004:000003a8       __imp__dpLaunchApp         004193a8   anet2:anet2.dll
 0004:000003ac       __imp__dpGetTransportInfo  004193ac   anet2:anet2.dll
 0004:000003b0       __imp__dpDestroy           004193b0   anet2:anet2.dll
 0004:000003b4       __imp__dpOpen              004193b4   anet2:anet2.dll
 0004:000003b8       __imp__dpEnumPlayers       004193b8   anet2:anet2.dll
 0004:000003bc       __imp__dp_dprintf          004193bc   anet2:anet2.dll
 0004:000003c0       __imp__dpPingUser          004193c0   anet2:anet2.dll
 0004:000003c4       __imp__dpDestroyGroup      004193c4   anet2:anet2.dll
 0004:000003c8       __imp__dpini_SetFile       004193c8   anet2:anet2.dll
 0004:000003cc       \177anet2_NULL_THUNK_DATA  004193cc   anet2:anet2.dll

 entry point at        0001:000084c0

 Static symbols

 0001:00000e60       _my_listPlayers_cb@16      00401e60 f gtest.obj
 0001:00006710       _burn10msec                00407710 f gtest.obj
 0001:000067d0       _my_filesize               004077d0 f gtest.obj
 0001:00006820       _setval                    00407820 f gtest.obj
 0001:000068c0       _dwUser1                   004078c0 f gtest.obj
 0001:00006980       _getval                    00407980 f gtest.obj
 0001:00006b10       _doop                      00407b10 f gtest.obj
 0001:00006c20       _help                      00407c20 f gtest.obj
 0001:00006cb0       _quit                      00407cb0 f gtest.obj
 0001:00007180       _Debug_ExceptionFilter     00408180 f gtest.obj
 0001:000071b0       _gtest                     004081b0 f gtest.obj
 0001:00008060       _dp_objectDelta2string     00409060 f gtest.obj
 0001:000081b0       _key2buf                   004091b0 f gtest.obj
 0001:00008220       _key2bufh                  00409220 f gtest.obj
 0001:00008290       _dp_playerId_t_toString    00409290 f gtest.obj
 0001:00008300       _dp_session_t_toString     00409300 f gtest.obj
 0001:000083e0       _dp_serverInfo_t_toString  004093e0 f gtest.obj
 0001:00000490       _init_crc32                00401490 f dpcrc32.obj

FIXUPS: 962b ffffff0a 1c f 39 1f 23 fffff71c 3b 3b 40 40 17 4e 17 49 8e
FIXUPS: 8f59 34 b 1f 1a 16 97 10 17 3c 10 17 51 23 23 176 ffff813a 90 fffffdcc
FIXUPS: 12fe 4d 39 70a1 19 1d 30 8 66 11a 17 8 27 a2 d 21 17 61 33 17 112
FIXUPS: 899b 1b 14 4b 57 21 57 17 57 3a 3b b0 e 63 ffffe977 2e 15 2e 1e
FIXUPS: 773e b 12 8 5a a7 2c 80 5a 16a 107 62 24 8 9 c 22 31 225 240 e
FIXUPS: 815d 6f 51 64 159 14 ffffe732 77 ba 66 35 4c 90 1f a2 2e 35 44
FIXUPS: 6f65 5e 36 9 34 3c 61 28 fd 45 1e 43 9d 17 16f 55 3d 3a 35 6a ffffe829
FIXUPS: 5ea6 ea 64 79 5b 36 66 48 5b 3d 5b ee 87 5c 36 ee 52 15 5a 51 7f
FIXUPS: 676a 47 36 e0 84 34 83 4a 40 5e ffffe6d5 6b de 4e 5f 6a 6d 27 1e
FIXUPS: 552f 110 cc 58 48 35 6a 6c 40 6a 7f 40 46 59 5e 80 5e 24 32 6c
FIXUPS: 5d60 53 5d ffffe5a1 36 19 37 65 173 5e 1e 59 61 53 58 43 b3 22
FIXUPS: 4926 ca 42 1e 8c de 79 c3 8c ab 8e 76 4c 6b de 4e 5f ffffe7d2 53
FIXUPS: 39e1 35 73 12 53 70 82 1e 53 54 36 6a 1e 54 55 45 1e 6e 28 45 3f
FIXUPS: 4028 35 d0 89 4c 77 62 5a 1e ffffee0a 29 5f 44 58 32 68 2e 12 1d
FIXUPS: 33a6 12 1d 2e 12 1d 2e 12 1d 32 88 53 4a 83 59 80 4a 53 58 35 53
FIXUPS: 3910 ffffee0e 14a c2 db 58 58 1e 50 60 13 d 13 17 35 4a 73 34 45
FIXUPS: 2d42 60 37 1e 4f 1b 32 70 7a 51 46 36 79 71 ffffe602 58 4a 4b 44
FIXUPS: 18bd 84 3a 33 46 8f 88 37 32 da 3d 39 5b 20 71 126 1e 143 50 54
FIXUPS: 21e2 5d 40 7b a1 e8 162
