 wudpland

 Timestamp is 42320f88 (Fri Mar 11 22:37:12 2005)

 Preferred load address is 10000000

 Start         Length     Name                   Class
 0001:00000000 00004d46H .text                   CODE
 0002:00000000 000000ecH .idata$5                DATA
 0002:000000ec 00000029H .rdata                  DATA
 0002:00000118 00000050H .idata$2                DATA
 0002:00000168 00000014H .idata$3                DATA
 0002:0000017c 000000ecH .idata$4                DATA
 0002:00000268 000001feH .idata$6                DATA
 0002:00000470 000001c2H .edata                  DATA
 0003:00000000 00000004H .CRT$XCA                DATA
 0003:00000004 00000004H .CRT$XCZ                DATA
 0003:00000008 00000004H .CRT$XIA                DATA
 0003:0000000c 00000004H .CRT$XIZ                DATA
 0003:00000010 00001bf0H .data                   DATA
 0003:00001c00 0000003cH .bss                    DATA
 0004:00000000 0000007cH .rsrc$01                DATA
 0004:00000080 00000038H .rsrc$02                DATA

  Address         Publics by Value              Rva+Base     Lib:Object

 0001:00000000       _adialup_autodial_enabled  10001000 f   adialup.obj
 0001:00000081       _adialup_autodial_set      10001081 f   adialup.obj
 0001:000000e5       _adialup_is_active         100010e5 f   adialup.obj
 0001:00000234       _adialup_willdial          10001234 f   adialup.obj
 0001:00000270       _ddprintf                  10001270 f   ddprint.obj
 0001:00000280       _dcstNextKey               10001280 f   dictset.obj
 0001:000002c0       _dcstHashvalue             100012c0 f   dictset.obj
 0001:00000367       _dcstCreate                10001367 f   dictset.obj
 0001:00000564       _dcstDestroy               10001564 f   dictset.obj
 0001:00000599       _dcstAdd                   10001599 f   dictset.obj
 0001:0000067a       _dcstAddEx                 1000167a f   dictset.obj
 0001:00000780       _dcstReplace               10001780 f   dictset.obj
 0001:000007c9       _dcstReplaceEx             100017c9 f   dictset.obj
 0001:00000816       _dcstDeleteValue           10001816 f   dictset.obj
 0001:0000087d       _dcstDeleteKey             1000187d f   dictset.obj
 0001:00000a0b       _dcstFindKey               10001a0b f   dictset.obj
 0001:00000ade       _dcstFindValue             10001ade f   dictset.obj
 0001:00000b4e       _dcstForEach               10001b4e f   dictset.obj
 0001:00000bd7       _dcstFreeze                10001bd7 f   dictset.obj
 0001:00000bff       _dcstThaw                  10001bff f   dictset.obj
 0001:00000c50       _eclock_win32              10001c50 f   eclock.obj
 0001:00000cc0       _logPkt_getFilename        10001cc0 f   logpkt.obj
 0001:00000ce7       _logPkt_open               10001ce7 f   logpkt.obj
 0001:00000e2d       _logPkt_close              10001e2d f   logpkt.obj
 0001:00000e47       _logPkt                    10001e47 f   logpkt.obj
 0001:00001090       _TCPWIN_Create             10002090 f   WSTCP.obj
 0001:000028a6       _TCPWIN_Destroy            100038a6 f   WSTCP.obj
 0001:0000291b       _TCPWIN_Address2Handle     1000391b f   WSTCP.obj
 0001:00003149       _TCPWIN_Handle2Address     10004149 f   WSTCP.obj
 0001:00003323       _TCPWIN_PutPacket          10004323 f   WSTCP.obj
 0001:000035ed       _TCPWIN_GetPacket          100045ed f   WSTCP.obj
 0001:000038b0       _commNoOp                  100048b0 f   WSTCPdll.obj
 0001:00003919       _commEnumPorts             10004919 f   WSTCPdll.obj
 0001:0000392f       _commInit                  1000492f f   WSTCPdll.obj
 0001:00003a18       _commTerm                  10004a18 f   WSTCPdll.obj
 0001:00003a9f       _commDriverInfo            10004a9f f   WSTCPdll.obj
 0001:00003ae4       _commPlayerInfo            10004ae4 f   WSTCPdll.obj
 0001:00003d36       _commTxFull                10004d36 f   WSTCPdll.obj
 0001:00003d7c       _commTxPkt                 10004d7c f   WSTCPdll.obj
 0001:00003ec6       _commPeekPkt               10004ec6 f   WSTCPdll.obj
 0001:00003f25       _commRxPkt                 10004f25 f   WSTCPdll.obj
 0001:0000421c       _commScanAddr              1000521c f   WSTCPdll.obj
 0001:000043e8       _commPrintAddr             100053e8 f   WSTCPdll.obj
 0001:00004552       _commGroupAlloc            10005552 f   WSTCPdll.obj
 0001:00004598       _commGroupFree             10005598 f   WSTCPdll.obj
 0001:000045de       _commGroupAdd              100055de f   WSTCPdll.obj
 0001:00004624       _commSetParam              10005624 f   WSTCPdll.obj
 0001:000046b4       _commSayHi                 100056b4 f   WSTCPdll.obj
 0001:00004804       _commSayBye                10005804 f   WSTCPdll.obj
 0001:00004920       _DllMain@12                10005920 f   WSTCPdll.obj
 0001:00004972       _CloseHandle@4             10005972 f   kernel32:KERNEL32.dll
 0001:00004978       _FreeLibrary@4             10005978 f   kernel32:KERNEL32.dll
 0001:0000497e       _GetProcAddress@8          1000597e f   kernel32:KERNEL32.dll
 0001:00004984       _LoadLibraryA@4            10005984 f   kernel32:KERNEL32.dll
 0001:0000498a       _GlobalFree@4              1000598a f   kernel32:KERNEL32.dll
 0001:00004990       _GlobalAlloc@8             10005990 f   kernel32:KERNEL32.dll
 0001:00004996       _GetTickCount@0            10005996 f   kernel32:KERNEL32.dll
 0001:0000499c       _GetSystemTime@4           1000599c f   kernel32:KERNEL32.dll
 0001:000049a2       _OutputDebugStringA@4      100059a2 f   kernel32:KERNEL32.dll
 0001:000049a8       _ioctlsocket@12            100059a8 f   wsock32:WSOCK32.dll
 0001:000049ae       _ntohs@4                   100059ae f   wsock32:WSOCK32.dll
 0001:000049b4       _getsockname@12            100059b4 f   wsock32:WSOCK32.dll
 0001:000049ba       _bind@12                   100059ba f   wsock32:WSOCK32.dll
 0001:000049c0       _inet_ntoa@4               100059c0 f   wsock32:WSOCK32.dll
 0001:000049c6       _htons@4                   100059c6 f   wsock32:WSOCK32.dll
 0001:000049cc       _setsockopt@20             100059cc f   wsock32:WSOCK32.dll
 0001:000049d2       _socket@12                 100059d2 f   wsock32:WSOCK32.dll
 0001:000049d8       _WSAGetLastError@0         100059d8 f   wsock32:WSOCK32.dll
 0001:000049de       _WSAStartup@8              100059de f   wsock32:WSOCK32.dll
 0001:000049e4       _recvfrom@24               100059e4 f   wsock32:WSOCK32.dll
 0001:000049ea       _sendto@24                 100059ea f   wsock32:WSOCK32.dll
 0001:000049f0       _closesocket@4             100059f0 f   wsock32:WSOCK32.dll
 0001:000049f6       _connect@12                100059f6 f   wsock32:WSOCK32.dll
 0001:000049fc       _inet_addr@4               100059fc f   wsock32:WSOCK32.dll
 0001:00004a02       _gethostbyname@4           10005a02 f   wsock32:WSOCK32.dll
 0001:00004a08       _gethostname@8             10005a08 f   wsock32:WSOCK32.dll
 0001:00004a0e       _WSACleanup@0              10005a0e f   wsock32:WSOCK32.dll
 0001:00004a14       _ntohl@4                   10005a14 f   wsock32:WSOCK32.dll
 0001:00004a1a       _RegQueryValueExA@24       10005a1a f   advapi32:ADVAPI32.dll
 0001:00004a20       _RegOpenKeyExA@20          10005a20 f   advapi32:ADVAPI32.dll
 0001:00004a26       _RegSetValueExA@24         10005a26 f   advapi32:ADVAPI32.dll
 0001:00004a30       __chkstk                   10005a30 f   MSVCRTD:chkstk.obj
 0001:00004a30       __alloca_probe             10005a30 f   MSVCRTD:chkstk.obj
 0001:00004a60       _memset                    10005a60 f   MSVCRTD:MSVCRTD.dll
 0001:00004a66       __assert                   10005a66 f   MSVCRTD:MSVCRTD.dll
 0001:00004a6c       _memcpy                    10005a6c f   MSVCRTD:MSVCRTD.dll
 0001:00004a72       _memcmp                    10005a72 f   MSVCRTD:MSVCRTD.dll
 0001:00004a78       _sprintf                   10005a78 f   MSVCRTD:MSVCRTD.dll
 0001:00004a7e       _fopen                     10005a7e f   MSVCRTD:MSVCRTD.dll
 0001:00004a84       _rename                    10005a84 f   MSVCRTD:MSVCRTD.dll
 0001:00004a8a       _fclose                    10005a8a f   MSVCRTD:MSVCRTD.dll
 0001:00004a90       _fprintf                   10005a90 f   MSVCRTD:MSVCRTD.dll
 0001:00004a96       __isctype                  10005a96 f   MSVCRTD:MSVCRTD.dll
 0001:00004a9c       _clock                     10005a9c f   MSVCRTD:MSVCRTD.dll
 0001:00004aa2       _atoi                      10005aa2 f   MSVCRTD:MSVCRTD.dll
 0001:00004aa8       _strcpy                    10005aa8 f   MSVCRTD:MSVCRTD.dll
 0001:00004aae       _strcat                    10005aae f   MSVCRTD:MSVCRTD.dll
 0001:00004ab4       _strlen                    10005ab4 f   MSVCRTD:MSVCRTD.dll
 0001:00004ac0       __CRT_INIT@12              10005ac0 f   MSVCRTD:crtdll.obj
 0001:00004bd0       __DllMainCRTStartup@12     10005bd0 f   MSVCRTD:crtdll.obj
 0001:00004cc4       __free_dbg                 10005cc4 f   MSVCRTD:MSVCRTD.dll
 0001:00004cca       __initterm                 10005cca f   MSVCRTD:MSVCRTD.dll
 0001:00004cd0       __onexit                   10005cd0 f   MSVCRTD:atonexit.obj
 0001:00004d10       _atexit                    10005d10 f   MSVCRTD:atonexit.obj
 0001:00004d28       __malloc_dbg               10005d28 f   MSVCRTD:MSVCRTD.dll
 0001:00004d2e       ___dllonexit               10005d2e f   MSVCRTD:MSVCRTD.dll
 0001:00004d40       __unlink                   10005d40 f   MSVCRTD:MSVCRTD.dll
 0002:00000000       __imp__RegOpenKeyExA@20    10006000     advapi32:ADVAPI32.dll
 0002:00000004       __imp__RegSetValueExA@24   10006004     advapi32:ADVAPI32.dll
 0002:00000008       __imp__RegQueryValueExA@24 10006008     advapi32:ADVAPI32.dll
 0002:0000000c       \177ADVAPI32_NULL_THUNK_DATA 1000600c     advapi32:ADVAPI32.dll
 0002:00000010       __imp__GlobalFree@4        10006010     kernel32:KERNEL32.dll
 0002:00000014       __imp__GlobalAlloc@8       10006014     kernel32:KERNEL32.dll
 0002:00000018       __imp__LoadLibraryA@4      10006018     kernel32:KERNEL32.dll
 0002:0000001c       __imp__GetSystemTime@4     1000601c     kernel32:KERNEL32.dll
 0002:00000020       __imp__OutputDebugStringA@4 10006020     kernel32:KERNEL32.dll
 0002:00000024       __imp__GetProcAddress@8    10006024     kernel32:KERNEL32.dll
 0002:00000028       __imp__FreeLibrary@4       10006028     kernel32:KERNEL32.dll
 0002:0000002c       __imp__GetTickCount@0      1000602c     kernel32:KERNEL32.dll
 0002:00000030       __imp__CloseHandle@4       10006030     kernel32:KERNEL32.dll
 0002:00000034       \177KERNEL32_NULL_THUNK_DATA 10006034     kernel32:KERNEL32.dll
 0002:00000038       __imp___malloc_dbg         10006038     MSVCRTD:MSVCRTD.dll
 0002:0000003c       __imp___initterm           1000603c     MSVCRTD:MSVCRTD.dll
 0002:00000040       __imp___free_dbg           10006040     MSVCRTD:MSVCRTD.dll
 0002:00000044       __imp___adjust_fdiv        10006044     MSVCRTD:MSVCRTD.dll
 0002:00000048       __imp__strcat              10006048     MSVCRTD:MSVCRTD.dll
 0002:0000004c       __imp__strcpy              1000604c     MSVCRTD:MSVCRTD.dll
 0002:00000050       __imp__atoi                10006050     MSVCRTD:MSVCRTD.dll
 0002:00000054       __imp__clock               10006054     MSVCRTD:MSVCRTD.dll
 0002:00000058       __imp____mb_cur_max        10006058     MSVCRTD:MSVCRTD.dll
 0002:0000005c       __imp___isctype            1000605c     MSVCRTD:MSVCRTD.dll
 0002:00000060       __imp___pctype             10006060     MSVCRTD:MSVCRTD.dll
 0002:00000064       __imp__fprintf             10006064     MSVCRTD:MSVCRTD.dll
 0002:00000068       __imp__fclose              10006068     MSVCRTD:MSVCRTD.dll
 0002:0000006c       __imp__rename              1000606c     MSVCRTD:MSVCRTD.dll
 0002:00000070       __imp__fopen               10006070     MSVCRTD:MSVCRTD.dll
 0002:00000074       __imp__unlink              10006074     MSVCRTD:MSVCRTD.dll
 0002:00000074       __imp___unlink             10006074     MSVCRTD:MSVCRTD.dll
 0002:00000078       __imp____dllonexit         10006078     MSVCRTD:MSVCRTD.dll
 0002:0000007c       __imp___onexit             1000607c     MSVCRTD:MSVCRTD.dll
 0002:00000080       __imp__strlen              10006080     MSVCRTD:MSVCRTD.dll
 0002:00000084       __imp__memset              10006084     MSVCRTD:MSVCRTD.dll
 0002:00000088       __imp___assert             10006088     MSVCRTD:MSVCRTD.dll
 0002:0000008c       __imp__memcpy              1000608c     MSVCRTD:MSVCRTD.dll
 0002:00000090       __imp__memcmp              10006090     MSVCRTD:MSVCRTD.dll
 0002:00000094       __imp__sprintf             10006094     MSVCRTD:MSVCRTD.dll
 0002:00000098       \177MSVCRTD_NULL_THUNK_DATA 10006098     MSVCRTD:MSVCRTD.dll
 0002:0000009c       __imp__ntohl@4             1000609c     wsock32:WSOCK32.dll
 0002:000000a0       __imp__WSACleanup@0        100060a0     wsock32:WSOCK32.dll
 0002:000000a4       __imp__gethostname@8       100060a4     wsock32:WSOCK32.dll
 0002:000000a8       __imp__gethostbyname@4     100060a8     wsock32:WSOCK32.dll
 0002:000000ac       __imp__inet_addr@4         100060ac     wsock32:WSOCK32.dll
 0002:000000b0       __imp__connect@12          100060b0     wsock32:WSOCK32.dll
 0002:000000b4       __imp__closesocket@4       100060b4     wsock32:WSOCK32.dll
 0002:000000b8       __imp__sendto@24           100060b8     wsock32:WSOCK32.dll
 0002:000000bc       __imp__recvfrom@24         100060bc     wsock32:WSOCK32.dll
 0002:000000c0       __imp__WSAStartup@8        100060c0     wsock32:WSOCK32.dll
 0002:000000c4       __imp__WSAGetLastError@0   100060c4     wsock32:WSOCK32.dll
 0002:000000c8       __imp__socket@12           100060c8     wsock32:WSOCK32.dll
 0002:000000cc       __imp__setsockopt@20       100060cc     wsock32:WSOCK32.dll
 0002:000000d0       __imp__htons@4             100060d0     wsock32:WSOCK32.dll
 0002:000000d4       __imp__inet_ntoa@4         100060d4     wsock32:WSOCK32.dll
 0002:000000d8       __imp__bind@12             100060d8     wsock32:WSOCK32.dll
 0002:000000dc       __imp__getsockname@12      100060dc     wsock32:WSOCK32.dll
 0002:000000e0       __imp__ntohs@4             100060e0     wsock32:WSOCK32.dll
 0002:000000e4       __imp__ioctlsocket@12      100060e4     wsock32:WSOCK32.dll
 0002:000000e8       \177WSOCK32_NULL_THUNK_DATA 100060e8     wsock32:WSOCK32.dll
 0002:0000010c       ??_C@_08JKC@crtdll?4c?$AA@ 1000610c     MSVCRTD:crtdll.obj
 0002:00000118       __IMPORT_DESCRIPTOR_KERNEL32 10006118     kernel32:KERNEL32.dll
 0002:0000012c       __IMPORT_DESCRIPTOR_WSOCK32 1000612c     wsock32:WSOCK32.dll
 0002:00000140       __IMPORT_DESCRIPTOR_ADVAPI32 10006140     advapi32:ADVAPI32.dll
 0002:00000154       __IMPORT_DESCRIPTOR_MSVCRTD 10006154     MSVCRTD:MSVCRTD.dll
 0002:00000168       __NULL_IMPORT_DESCRIPTOR   10006168     kernel32:KERNEL32.dll
 0003:00000000       ___xc_a                    10007000     MSVCRTD:cinitexe.obj
 0003:00000004       ___xc_z                    10007004     MSVCRTD:cinitexe.obj
 0003:00000008       ___xi_a                    10007008     MSVCRTD:cinitexe.obj
 0003:0000000c       ___xi_z                    1000700c     MSVCRTD:cinitexe.obj
 0003:00001c1c       _logpkt_fp                 10008c1c     WSTCPdll.obj
 0003:00001c28       _dp_dprintf                10008c28     <common>
 0003:00001c2c       __adjust_fdiv              10008c2c     <common>
 0003:00001c30       ___onexitend               10008c30     <common>
 0003:00001c34       ___onexitbegin             10008c34     <common>
 0003:00001c38       __pRawDllMain              10008c38     <common>

 entry point at        0001:00004bd0

 Static symbols

 0001:00003c3f       _commHdl2tcp               10004c3f f   WSTCPdll.obj
 0001:0000411d       _tcp2commHdl               1000511d f   WSTCPdll.obj
 0001:00001e17       _getsockerror              10002e17 f   WSTCP.obj
 0001:00001e5e       _gethostaddr               10002e5e f   WSTCP.obj
 0001:00001ec7       _gethostaddr_ping          10002ec7 f   WSTCP.obj
 0001:00002035       _gethostaddr_connect       10003035 f   WSTCP.obj
 0001:00002156       _gethostaddr_gethostname   10003156 f   WSTCP.obj
 0001:00004a30       _$$$00001                  10005a30 f   MSVCRTD:chkstk.obj
 0001:00004a3c       probepages                 10005a3c f   MSVCRTD:chkstk.obj
 0001:00004a50       lastpage                   10005a50 f   MSVCRTD:chkstk.obj
