 anet2d

 Timestamp is 3726ed7f (Wed Apr 28 04:14:07 1999)

 Preferred load address is 10000000

 Start         Length     Name                   Class
 0001:00000000 000505c4H .text                   CODE
 0002:00000000 000000d9H .rdata                  DATA
 0002:000000e0 00000b9aH .edata                  DATA
 0003:00000000 00000004H .CRT$XCA                DATA
 0003:00000004 00000004H .CRT$XCZ                DATA
 0003:00000008 00000004H .CRT$XIA                DATA
 0003:0000000c 00000004H .CRT$XIZ                DATA
 0003:00000010 0002556cH .data                   DATA
 0003:00025580 000019d0H .bss                    DATA
 0004:00000000 00000064H .idata$2                DATA
 0004:00000064 00000014H .idata$3                DATA
 0004:00000078 000001d0H .idata$4                DATA
 0004:00000248 000001d0H .idata$5                DATA
 0004:00000418 0000062cH .idata$6                DATA

  Address         Publics by Value              Rva+Base   Lib:Object

 0001:00000000       _aeh_SetCurrent            10001000 f aeh.obj
 0001:0000002a       _aeh_GetCurrent            1000102a f aeh.obj
 0001:00000052       _MemoryAccessExceptionFilter 10001052 f aeh.obj
 0001:000000f6       _aehmod_Destroy            100010f6 f aeh.obj
 0001:000001f7       _getExceptionInstruction   100011f7 f aeh.obj
 0001:0000021d       _aeh_Create                1000121d f aeh.obj
 0001:000016a3       _aeh_Destroy               100026a3 f aeh.obj
 0001:000019fd       _aeh_getSignature          100029fd f aeh.obj
 0001:00001ae8       _aeh_signature_toString    10002ae8 f aeh.obj
 0001:00001b1a       _aeh_addComment            10002b1a f aeh.obj
 0001:00001c15       _aeh_getAllInfo            10002c15 f aeh.obj
 0001:000021c1       _codetostring              100031c1 f aeh.obj
 0001:00002568       _aeh_toString              10003568 f aeh.obj
 0001:00003a8f       _aeh_writeOutputStream     10004a8f f aeh.obj
 0001:0000486e       _aeh_readInputStream       1000586e f aeh.obj
 0001:000057e1       _aeh_stripSysDesc          100067e1 f aeh.obj
 0001:00005857       _aeh_stripInfoId           10006857 f aeh.obj
 0001:00005a13       _aeh_stripExceptionAddress 10006a13 f aeh.obj
 0001:00005a50       _aehlog_Create             10006a50 f aehlog.obj
 0001:00005b5d       _aehlog_close              10006b5d f aehlog.obj
 0001:00005ba6       _aehlog_delete             10006ba6 f aehlog.obj
 0001:00005bd9       _aehlog_getfsize           10006bd9 f aehlog.obj
 0001:00005c56       _aehlog_tell               10006c56 f aehlog.obj
 0001:00005c9d       _aehlog_seek               10006c9d f aehlog.obj
 0001:00005ee2       _aehlog_readfrombuf        10006ee2 f aehlog.obj
 0001:00005fd7       _aehlog_writetobuf         10006fd7 f aehlog.obj
 0001:00006099       _aehlog_writeExceptionRecord 10007099 f aehlog.obj
 0001:00006696       _aehlog_appendMultExceptionRecords 10007696 f aehlog.obj
 0001:00006770       _aehlog_appendExceptionRecord 10007770 f aehlog.obj
 0001:00006832       _aehlog_readExceptionRecord 10007832 f aehlog.obj
 0001:00006910       _aeh_map_Find              10007910 f aehmap.obj
 0001:00007455       _aeh_mapcat_Create         10008455 f aehmap.obj
 0001:0000778c       _aeh_mapcat_Destroy        1000878c f aehmap.obj
 0001:00007840       _assoctab_create           10008840 f assoctab.obj
 0001:0000785f       _assoctab_destroy          1000885f f assoctab.obj
 0001:00007876       _assoctab_subscript_grow   10008876 f assoctab.obj
 0001:00007911       _assoctab_subscript_insert 10008911 f assoctab.obj
 0001:00007956       _assoctab_subscript        10008956 f assoctab.obj
 0001:000079be       _assoctab_subscript_delete 100089be f assoctab.obj
 0001:00007a80       _dynatab_freeze_encrypted  10008a80 f crypttab.obj
 0001:00007cdb       _dynatab_thaw_encrypted    10008cdb f crypttab.obj
 0001:00007f40       _deskey                    10008f40 f d3des.obj
 0001:00008323       _cpkey                     10009323 f d3des.obj
 0001:0000836d       _usekey                    1000936d f d3des.obj
 0001:000083b7       _des                       100093b7 f d3des.obj
 0001:00008875       _des2key                   10009875 f d3des.obj
 0001:000088e2       _Ddes                      100098e2 f d3des.obj
 0001:00008948       _D2des                     10009948 f d3des.obj
 0001:00008a47       _makekey                   10009a47 f d3des.obj
 0001:00008b73       _make2key                  10009b73 f d3des.obj
 0001:00008c9f       _des3key                   10009c9f f d3des.obj
 0001:00008d3a       _cp3key                    10009d3a f d3des.obj
 0001:00008dce       _use3key                   10009dce f d3des.obj
 0001:00008e62       _make3key                  10009e62 f d3des.obj
 0001:000090f0       _delay_setBytesPerSec      1000a0f0 f delay.obj
 0001:0000911f       _delay_setDelayMillisec    1000a11f f delay.obj
 0001:00009176       _delay_create              1000a176 f delay.obj
 0001:000091d8       _delay_destroy             1000a1d8 f delay.obj
 0001:000091ed       _delay_avail               1000a1ed f delay.obj
 0001:00009227       _delay_put                 1000a227 f delay.obj
 0001:000093d1       _delay_get                 1000a3d1 f delay.obj
 0001:000094a0       _dp_rplayers_cb@48         1000a4a0 f deltas.obj
 0001:000095ad       _dp_rplayers_enumEx_cb@20  1000a5ad f deltas.obj
 0001:0000966f       _dpRequestObjectDeltas     1000a66f f deltas.obj
 0001:00009e72       _dpGetSessionId            1000ae72 f deltas.obj
 0001:00009f8b       _dpSendObjectDelta         1000af8b f deltas.obj
 0001:0000a430       _GetPrimaryDisplayDesc     1000b430 f detect.obj
 0001:0000a71e       _FindDeviceInRegistry      1000b71e f detect.obj
 0001:0000a885       _FindRendition@0           1000b885 f detect.obj
 0001:0000a8ef       _FindATI@0                 1000b8ef f detect.obj
 0001:0000a959       _FindMystique@0            1000b959 f detect.obj
 0001:0000a9c3       _FindMonster3D@0           1000b9c3 f detect.obj
 0001:0000a9f5       _FindS3ViRGE@0             1000b9f5 f detect.obj
 0001:0000aa5f       _FindSTB@0                 1000ba5f f detect.obj
 0001:0000aac9       _FindOrchid@0              1000bac9 f detect.obj
 0001:0000aafb       _FindPowerVR@0             1000bafb f detect.obj
 0001:0000ab4c       _Get3DHardware             1000bb4c f detect.obj
 0001:0000ae30       _DllMain@12                1000be30 f dllmain.obj
 0001:0000af40       _dp_assertValidSessionContexts 1000bf40 f dp2.obj
 0001:0000b691       _dp_assertValid            1000c691 f dp2.obj
 0001:0000b8a3       _dumpAdrTable              1000c8a3 f dp2.obj
 0001:0000b9b9       _dumpSessContext           1000c9b9 f dp2.obj
 0001:0000bb43       _dumpSessionContexts       1000cb43 f dp2.obj
 0001:0000bbf1       _dpid2commHdl              1000cbf1 f dp2.obj
 0001:0000bcba       _dp_commHdl2dpid           1000ccba f dp2.obj
 0001:0000bda9       _commHdl4dpid              1000cda9 f dp2.obj
 0001:0000bf2e       _dp_pack_session           1000cf2e f dp2.obj
 0001:0000c495       _dp_unpack_session         1000d495 f dp2.obj
 0001:0000c858       _dp_sessions_cb@48         1000d858 f dp2.obj
 0001:0000ccac       _dp_unpack_playerId        1000dcac f dp2.obj
 0001:0000cda4       _dp_playervars_cb@48       1000dda4 f dp2.obj
 0001:0000d072       _dp_hosts_cb@48            1000e072 f dp2.obj
 0001:0000e15c       _dp_myplayers_cb@48        1000f15c f dp2.obj
 0001:0000e4fb       _dp_players_cb@48          1000f4fb f dp2.obj
 0001:0000ea79       _dp_groups_cb@48           1000fa79 f dp2.obj
 0001:0000ed05       _dp_group_players_cb@48    1000fd05 f dp2.obj
 0001:0000eff4       _dp_sessionContext_freeze  1000fff4 f dp2.obj
 0001:0000f467       _dp_sessionContext_thaw    10010467 f dp2.obj
 0001:0000f87a       _dpFreeze                  1001087a f dp2.obj
 0001:0001037b       _dpCommThaw                1001137b f dp2.obj
 0001:000117fd       __daoot                    100127fd f dp2.obj
 0001:00011849       _dpCreate                  10012849 f dp2.obj
 0001:0001355a       _dpDestroy                 1001455a f dp2.obj
 0001:0001369c       _dpCloseGameServer         1001469c f dp2.obj
 0001:00013840       _dpResolveHostname         10014840 f dp2.obj
 0001:00013bf0       _dpSetGameServer           10014bf0 f dp2.obj
 0001:00013c4c       _dpSetGameServerEx         10014c4c f dp2.obj
 0001:000141a5       _dpGetGameServerEx         100151a5 f dp2.obj
 0001:00014275       _dpGetSessionDesc          10015275 f dp2.obj
 0001:00014484       _dpGetSessionDescById      10015484 f dp2.obj
 0001:00014790       _dpSetSessionDesc          10015790 f dp2.obj
 0001:00014869       _dpGetCaps                 10015869 f dp2.obj
 0001:000149e6       _dpGetPlayerCaps           100159e6 f dp2.obj
 0001:00014b4e       __daC                      10015b4e f dp2.obj
 0001:00014d66       _dpOpen                    10015d66 f dp2.obj
 0001:00018162       _dpClose                   10019162 f dp2.obj
 0001:00019114       _dpCastoffSession          1001a114 f dp2.obj
 0001:0001948b       _dpEnumSessions            1001a48b f dp2.obj
 0001:00019808       _dpDeclareLobby            1001a808 f dp2.obj
 0001:000198c9       _dpPrunePlayerSubscriptions 1001a8c9 f dp2.obj
 0001:00019afb       _dpPruneSessionSubscription 1001aafb f dp2.obj
 0001:00019bcd       _dpCreatePlayer            1001abcd f dp2.obj
 0001:00019ed6       _dpDestroyPlayer           1001aed6 f dp2.obj
 0001:00019f97       _dpNumPlayers              1001af97 f dp2.obj
 0001:00019fe0       _dpGetCurrentHostId        1001afe0 f dp2.obj
 0001:0001a093       _dpGetPlayerName           1001b093 f dp2.obj
 0001:0001a2c6       _dpSetPlayerName           1001b2c6 f dp2.obj
 0001:0001a4bf       _dpGetPlayerBlob           1001b4bf f dp2.obj
 0001:0001a64b       _dpSetPlayerBlob           1001b64b f dp2.obj
 0001:0001a86f       _dpEnumPlayers             1001b86f f dp2.obj
 0001:0001af2f       _dpEnumPlayersEx           1001bf2f f dp2.obj
 0001:0001b58e       _dpEnableNewPlayers        1001c58e f dp2.obj
 0001:0001d2c4       _dp_uid2sessid             1001e2c4 f dp2.obj
 0001:0001d391       _dp_sessid4uid             1001e391 f dp2.obj
 0001:0001d4ea       _dpReceive                 1001e4ea f dp2.obj
 0001:000202ea       _dpSend                    100212ea f dp2.obj
 0001:0002058d       _dpFlush                   1002158d f dp2.obj
 0001:000205c9       _dpSetPingIntervals        100215c9 f dp2.obj
 0001:00020728       _dpPingUser                10021728 f dp2.obj
 0001:000208b6       _dpCreateGroup             100218b6 f dp2.obj
 0001:00020ae3       _dpDestroyGroup            10021ae3 f dp2.obj
 0001:00020dae       _dpAddPlayerToGroup        10021dae f dp2.obj
 0001:0002124f       _dpDeletePlayerFromGroup   1002224f f dp2.obj
 0001:000214e3       _dpEnumGroups              100224e3 f dp2.obj
 0001:00021696       _dpEnumGroupPlayers        10022696 f dp2.obj
 0001:00021a34       _dpSetPlayerData           10022a34 f dp2.obj
 0001:00021d37       _dpSendPlayerData          10022d37 f dp2.obj
 0001:00022092       _dpGetPlayerData           10023092 f dp2.obj
 0001:000223d3       _dpReadyToFreeze           100233d3 f dp2.obj
 0001:000224fc       _dpSetConnCallback         100234fc f dp2.obj
 0001:000225a3       _dpGetParameterLong        100235a3 f dp2.obj
 0001:000226b2       _dpGetCurrentTransportInfo 100236b2 f dp2.obj
 0001:0002278c       _dpTurnInit                1002378c f dp2.obj
 0001:000227ba       _dpTurnFinish              100237ba f dp2.obj
 0001:000227e8       _dpTurnPutMove             100237e8 f dp2.obj
 0001:00022816       _dpTurnGetMove             10023816 f dp2.obj
 0001:00022844       _dpTurnPoll                10023844 f dp2.obj
 0001:00022872       _dpGetStats                10023872 f dp2.obj
 0001:00022940       _dp_crc32_inc              10023940 f dpcrc32.obj
 0001:00022a2c       _dp_crc32                  10023a2c f dpcrc32.obj
 0001:00022a50       _dp_fil_crc32              10023a50 f dpcrc32.obj
 0001:00022af0       _commNoOp                  10023af0 f dpdllwin.obj
 0001:00022b11       _commInit                  10023b11 f dpdllwin.obj
 0001:00022b32       _commTerm                  10023b32 f dpdllwin.obj
 0001:00022b53       _commDriverInfo            10023b53 f dpdllwin.obj
 0001:00022b74       _commPlayerInfo            10023b74 f dpdllwin.obj
 0001:00022b95       _commTxFull                10023b95 f dpdllwin.obj
 0001:00022bb6       _commTxPkt                 10023bb6 f dpdllwin.obj
 0001:00022bd7       _commPeekPkt               10023bd7 f dpdllwin.obj
 0001:00022bf8       _commRxPkt                 10023bf8 f dpdllwin.obj
 0001:00022c19       _commScanAddr              10023c19 f dpdllwin.obj
 0001:00022c3a       _commPrintAddr             10023c3a f dpdllwin.obj
 0001:00022c5b       _commGroupAlloc            10023c5b f dpdllwin.obj
 0001:00022c7c       _commGroupFree             10023c7c f dpdllwin.obj
 0001:00022c9d       _commGroupAdd              10023c9d f dpdllwin.obj
 0001:00022cbe       _commSetParam              10023cbe f dpdllwin.obj
 0001:00022cdf       _commSayHi                 10023cdf f dpdllwin.obj
 0001:00022d00       _commSayBye                10023d00 f dpdllwin.obj
 0001:00022d21       _commEnumPorts             10023d21 f dpdllwin.obj
 0001:00022d42       _dpGetTransportInfo        10023d42 f dpdllwin.obj
 0001:00022ec6       _dpEnumTransports          10023ec6 f dpdllwin.obj
 0001:000230ef       _dpLoadDLL                 100240ef f dpdllwin.obj
 0001:000231d3       _dpUnloadDLL               100241d3 f dpdllwin.obj
 0001:00023201       _dpEnumPorts               10024201 f dpdllwin.obj
 0001:000232d0       _dp_publishExceptions      100242d0 f dpexcept.obj
 0001:00023661       _dp_setExceptionCb         10024661 f dpexcept.obj
 0001:000236ab       _dp_subscribeExceptions    100246ab f dpexcept.obj
 0001:00023724       _dp_handleExceptionRecords 10024724 f dpexcept.obj
 0001:0002378f       _StupidExceptionFilter     1002478f f dpexcept.obj
 0001:000237a4       _dpReportCrash             100247a4 f dpexcept.obj
 0001:000237c2       _dpReportCrashEx           100247c2 f dpexcept.obj
 0001:00024196       _dpReportAssertionFailure  10025196 f dpexcept.obj
 0001:000241c0       _dpio_dprintAdr            100251c0 f dpio.obj
 0001:0002428e       _dpio_assertReliableValid  1002528e f dpio.obj
 0001:000243a8       _dpio_get_latency          100253a8 f dpio.obj
 0001:0002455d       _dpio_get_player_latency   1002555d f dpio.obj
 0001:0002492e       _dpio_setIncomingCallback  1002592e f dpio.obj
 0001:00024c93       _dpio_setMaxPlayerHdls     10025c93 f dpio.obj
 0001:00024ef8       __dpbs                     10025ef8 f dpio.obj
 0001:000252a8       _dpio_printAdr             100262a8 f dpio.obj
 0001:00025666       _dpio_openHdlRaw           10026666 f dpio.obj
 0001:0002568a       _dpio_openHdlRaw2          1002668a f dpio.obj
 0001:00025adc       _dpio_closeHdlRaw          10026adc f dpio.obj
 0001:00025b38       _dpio_freezeHdl            10026b38 f dpio.obj
 0001:000260c7       _dpio_thawHdl              100270c7 f dpio.obj
 0001:00026392       _dpio_freeze               10027392 f dpio.obj
 0001:000268fa       _dpio_forceRxDropPercent   100278fa f dpio.obj
 0001:00026a28       _dpio_setPingIntervals     10027a28 f dpio.obj
 0001:00026c66       _dpio_set_clocks           10027c66 f dpio.obj
 0001:00026de9       _dpio_hdl2adr              10027de9 f dpio.obj
 0001:00026e13       _dpio_hdl2adr2             10027e13 f dpio.obj
 0001:00026f20       _dpio_hdl2name             10027f20 f dpio.obj
 0001:00026ff3       _dpio_destroy              10027ff3 f dpio.obj
 0001:000271fb       _dpio_create               100281fb f dpio.obj
 0001:00028367       _dpio_q_packet             10029367 f dpio.obj
 0001:00028f82       _dpio_getHdlTxPktsFree     10029f82 f dpio.obj
 0001:0002939f       _dpio_getHdlState          1002a39f f dpio.obj
 0001:00029742       _dpio_getHdlAge            1002a742 f dpio.obj
 0001:00029aeb       _dpio_getHdlRemoteCapabilities 1002aaeb f dpio.obj
 0001:00029d6e       _dpio_openHdl              1002ad6e f dpio.obj
 0001:00029d90       _dpio_openHdl2             1002ad90 f dpio.obj
 0001:0002a8d8       _dpio_closeHdl             1002b8d8 f dpio.obj
 0001:0002af4e       _dpio_closeHdlImmed        1002bf4e f dpio.obj
 0001:0002b495       _dpio_ReadyToFreeze        1002c495 f dpio.obj
 0001:0002b8bd       _dpio_higherLevelBlanketAck 1002c8bd f dpio.obj
 0001:0002c626       _dpio_flush                1002d626 f dpio.obj
 0001:0002c9ec       _dpio_get                  1002d9ec f dpio.obj
 0001:00030f60       _dpio_put_unreliable       10031f60 f dpio.obj
 0001:000313d2       _dpio_put_reliable2        100323d2 f dpio.obj
 0001:00031fa0       _dpio_localQ_npkts         10032fa0 f dpio.obj
 0001:00031fcb       _dpio_getBroadcastHdls     10032fcb f dpio.obj
 0001:000322e7       _dpio_findTimedOutHost     100332e7 f dpio.obj
 0001:00032ebd       _dpio_setHandleOptions     10033ebd f dpio.obj
 0001:0003343d       _dpio_update               1003443d f dpio.obj
 0001:00033af0       _getTempDir                10034af0 f dpprivy.obj
 0001:00033b57       _writeSwap                 10034b57 f dpprivy.obj
 0001:00033b80       _readSwap                  10034b80 f dpprivy.obj
 0001:00033ba9       _key2buf                   10034ba9 f dpprivy.obj
 0001:00033c50       _dp_flushLog               10034c50 f dprint.obj
 0001:00033c84       _dp_getLogFP               10034c84 f dprint.obj
 0001:00033c99       _dp_setLogFP               10034c99 f dprint.obj
 0001:00033cbd       _dp_setLogFname            10034cbd f dprint.obj
 0001:00033d24       _dp_enableDebugPrint       10034d24 f dprint.obj
 0001:00033d9b       _dp_dprintf                10034d9b f dprint.obj
 0001:000345b0       _dpscore_client_init       100355b0 f dpscore.obj
 0001:000346f9       _dpscore_client_cleanup    100356f9 f dpscore.obj
 0001:000347d1       _dpscore_client_playerLeaving 100357d1 f dpscore.obj
 0001:00034b80       _dpReportScore             10035b80 f dpscore.obj
 0001:00034b92       __dax7                     10035b92 f dpscore.obj
 0001:00034bcf       __dax8                     10035bcf f dpscore.obj
 0001:00034cba       _dpReportScoreBuf          10035cba f dpscore.obj
 0001:00034f95       __dax9                     10035f95 f dpscore.obj
 0001:00034fd2       _dpscores_cb@48            10035fd2 f dpscore.obj
 0001:00035035       _dpscore_client_subscribe  10036035 f dpscore.obj
 0001:0003523f       _dpGetMyId                 1003623f f dpscore.obj
 0001:000352b0       _dpShutdown                100362b0 f dpshutdn.obj
 0001:000357a0       _dptab_assertXfers         100367a0 f dptab.obj
 0001:000359c8       _dptab_assertPeerXfers     100369c8 f dptab.obj
 0001:00035a86       __dad                      10036a86 f dptab.obj
 0001:00035bd2       __dam                      10036bd2 f dptab.obj
 0001:00035d62       __dag                      10036d62 f dptab.obj
 0001:00035f59       __daa                      10036f59 f dptab.obj
 0001:00036170       __dae                      10037170 f dptab.obj
 0001:000366f2       __dav                      100376f2 f dptab.obj
 0001:00036bd0       __daw                      10037bd0 f dptab.obj
 0001:00037042       _dptab_getTableContext     10038042 f dptab.obj
 0001:00037441       __daj                      10038441 f dptab.obj
 0001:00037986       __dao                      10038986 f dptab.obj
 0001:00037b1b       __dac                      10038b1b f dptab.obj
 0001:00037e3d       __dai                      10038e3d f dptab.obj
 0001:00037f1c       _dptab_handleSubscriptionRequest 10038f1c f dptab.obj
 0001:00038085       _dptab_handleUnsubscriptionRequest 10039085 f dptab.obj
 0001:0003820a       __darr                     1003920a f dptab.obj
 0001:0003838c       _dptab_requestUnsubscription 1003938c f dptab.obj
 0001:00038526       _dptab_shutdownMatchingSubscription 10039526 f dptab.obj
 0001:000386f0       __dab                      100396f0 f dptab.obj
 0001:00038899       __dah                      10039899 f dptab.obj
 0001:00038a08       _dptab_changePublisher     10039a08 f dptab.obj
 0001:0003904c       __dau                      1003a04c f dptab.obj
 0001:0003999c       __daf                      1003a99c f dptab.obj
 0001:0003a023       _dptab_deleteIfSrc         1003b023 f dptab.obj
 0001:0003a126       __dal                      1003b126 f dptab.obj
 0001:0003a54b       __dak                      1003b54b f dptab.obj
 0001:0003a972       __daq                      1003b972 f dptab.obj
 0001:0003ae61       __dap                      1003be61 f dptab.obj
 0001:0003b130       __dax                      1003c130 f dptab.obj
 0001:0003b159       __das                      1003c159 f dptab.obj
 0001:0003b8c7       __dat                      1003c8c7 f dptab.obj
 0001:0003bbb2       __daz                      1003cbb2 f dptab.obj
 0001:0003d594       __dar                      1003e594 f dptab.obj
 0001:0003e0c6       _dptab_tableRef_freeze     1003f0c6 f dptab.obj
 0001:0003e26b       _dptab_tableRef_thaw       1003f26b f dptab.obj
 0001:0003e46c       __darz                     1003f46c f dptab.obj
 0001:0003e965       __dars                     1003f965 f dptab.obj
 0001:0003f052       __dan                      10040052 f dptab.obj
 0001:0003fb48       __day                      10040b48 f dptab.obj
 0001:00040750       __dalw                     10041750 f dpuser.obj
 0001:000407a2       __dala                     100417a2 f dpuser.obj
 0001:000407f4       __daaw                     100417f4 f dpuser.obj
 0001:00040842       __daaa                     10041842 f dpuser.obj
 0001:00040890       _dpRequestEmail            10041890 f dpuser.obj
 0001:000408dd       _dpGetPlayerUid            100418dd f dpuser.obj
 0001:00040a80       _dynatab_create            10041a80 f dynatab.obj
 0001:00040b03       _dynatab_destroy           10041b03 f dynatab.obj
 0001:00040b62       _dynatab_removeAll         10041b62 f dynatab.obj
 0001:00040ba0       _dynatab_remove            10041ba0 f dynatab.obj
 0001:00040c5b       _dynatab_subscript_grow    10041c5b f dynatab.obj
 0001:00040daf       _dynatab_subscript_insert  10041daf f dynatab.obj
 0001:00040f6f       _dynatab_find              10041f6f f dynatab.obj
 0001:00041035       _dynatab_freeze            10042035 f dynatab.obj
 0001:00041120       _dynatab_thaw              10042120 f dynatab.obj
 0001:00041280       _eclock_win32              10042280 f eclock.obj
 0001:00041310       _dp_freezeAppsList         10042310 f enumapp.obj
 0001:00041526       _dp_createAppsList         10042526 f enumapp.obj
 0001:0004172b       _dp_subscribeAppsList      1004272b f enumapp.obj
 0001:00041864       _dpCheckAppVersion         10042864 f enumapp.obj
 0001:00041b23       _dpGetAppVersion           10042b23 f enumapp.obj
 0001:00041d07       _dpDownloadUpdate          10042d07 f enumapp.obj
 0001:00041eeb       _dpEnumApp                 10042eeb f enumapp.obj
 0001:00042500       _dp_servers_cb@48          10043500 f enumsrv2.obj
 0001:00042974       _dp_serverpings_cb@48      10043974 f enumsrv2.obj
 0001:000429fd       _dp_initEnumServers        100439fd f enumsrv2.obj
 0001:00043361       _dp_saveServerList         10044361 f enumsrv2.obj
 0001:000433e2       _dp_endEnumServers         100443e2 f enumsrv2.obj
 0001:00043437       _dpEnumServers             10044437 f enumsrv2.obj
 0001:00043520       _dpEnumServersEx           10044520 f enumsrv2.obj
 0001:00043873       _dpEnumServersPoll         10044873 f enumsrv2.obj
 0001:000439ad       _dpHandleServerPingResponsePacket 100449ad f enumsrv2.obj
 0001:00043d00       _GetMyFileVersionInfo      10044d00 f getdisp.obj
 0001:00043daf       _ClearEntry                10044daf f getdisp.obj
 0001:00043dfb       _GetDriverSpecs            10044dfb f getdisp.obj
 0001:00044045       _SearchAllSubkeysForDisplays 10045045 f getdisp.obj
 0001:000441e0       _GetDisplayProfileData@8   100451e0 f getdisp.obj
 0001:00044280       _hkeytab_create            10045280 f hkeytab.obj
 0001:0004429f       _hkeytab_destroy           1004529f f hkeytab.obj
 0001:000442b6       _hkeytab_subscript_grow    100452b6 f hkeytab.obj
 0001:00044384       _hkeytab_subscript         10045384 f hkeytab.obj
 0001:0004440a       _hkeytab_subscript_delete  1004540a f hkeytab.obj
 0001:000444f0       _dpini_SetFile             100454f0 f ini.obj
 0001:0004452b       _dpini_GetFile             1004552b f ini.obj
 0001:00044552       _dpini_findSection         10045552 f ini.obj
 0001:000447c9       _dpini_readParameter       100457c9 f ini.obj
 0001:0004497e       _dpReadAnetInf             1004597e f ini.obj
 0001:00045100       _dpLaunchApp               10046100 f launchap.obj
 0001:0004511e       _dpLaunchApp2              1004611e f launchap.obj
 0001:000454a0       _dp_launchParams_parse     100464a0 f launchparams.obj
 0001:00045920       _MD5Init                   10046920 f md5c.obj
 0001:00045968       _MD5Update                 10046968 f md5c.obj
 0001:00045a62       _MD5Final                  10046a62 f md5c.obj
 0001:000468c0       _mywcs_wchar2netchar       100478c0 f mywcs.obj
 0001:0004695f       _mywcs_netchar2wchar       1004795f f mywcs.obj
 0001:000469fc       _mywcs_lenn                100479fc f mywcs.obj
 0001:00046a44       _mywcs_ncpy0               10047a44 f mywcs.obj
 0001:00046acb       _mywcs_swabncpy0           10047acb f mywcs.obj
 0001:00046b68       _mywcs_frommbs             10047b68 f mywcs.obj
 0001:00046c0e       _mywcs_tombs               10047c0e f mywcs.obj
 0001:00046cb8       _mywcs_ncmp                10047cb8 f mywcs.obj
 0001:00046d40       _q_create                  10047d40 f q.obj
 0001:00046d8a       _q_destroy                 10047d8a f q.obj
 0001:00046dce       _q_put                     10047dce f q.obj
 0001:00046e7b       _q_get                     10047e7b f q.obj
 0001:00046f00       _q_nfree                   10047f00 f q.obj
 0001:00046f3d       _q_freeze                  10047f3d f q.obj
 0001:000472a6       _q_thaw                    100482a6 f q.obj
 0001:00047700       _MyRegOpenKey              10048700 f registry.obj
 0001:00047743       _MyRegQueryValueMalloc     10048743 f registry.obj
 0001:000477d4       _MyRegQuickQueryMalloc     100487d4 f registry.obj
 0001:00047833       _MyRegSetValue             10048833 f registry.obj
 0001:00047878       _MyRegCreateKey            10048878 f registry.obj
 0001:000478c5       _MyRegEnumKeyMalloc        100488c5 f registry.obj
 0001:00047959       _MyRegEnumValueMalloc      10048959 f registry.obj
 0001:000479f0       _scorerep_create           100489f0 f scorerep.obj
 0001:00047a8f       _scorerep_destroy          10048a8f f scorerep.obj
 0001:00047bec       _scorerep_setSelf          10048bec f scorerep.obj
 0001:00047cb8       _scorerep_setLeaver        10048cb8 f scorerep.obj
 0001:00047d84       _scorerep_set              10048d84 f scorerep.obj
 0001:000480f9       _scorerep_toBuf            100490f9 f scorerep.obj
 0001:000491da       _scorerep_fromBuf          1004a1da f scorerep.obj
 0001:00049705       _scorerep_player_toBuf     1004a705 f scorerep.obj
 0001:000498b5       _scorerep_player_fromBuf   1004a8b5 f scorerep.obj
 0001:000499f0       _tca_create                1004a9f0 f tca.obj
 0001:00049a4f       _tca_openpw                1004aa4f f tca.obj
 0001:00049a8f       _tca_destroy               1004aa8f f tca.obj
 0001:00049b30       _tca_Freeze                1004ab30 f tca.obj
 0001:00049bd4       _tca_Thaw                  1004abd4 f tca.obj
 0001:00049c81       _tca_uname2uid             1004ac81 f tca.obj
 0001:00049cdb       _tca_uid2uname             1004acdb f tca.obj
 0001:00049d4a       _tca_challenge_generate    1004ad4a f tca.obj
 0001:00049e7e       _tca_response_validate     1004ae7e f tca.obj
 0001:0004a05a       _tca_response_generate     1004b05a f tca.obj
 0001:0004a19e       _tca_pwchange_generate     1004b19e f tca.obj
 0001:0004a350       _tca_pwchange_validate     1004b350 f tca.obj
 0001:0004a595       _tca_newuser_generate      1004b595 f tca.obj
 0001:0004a779       _tca_newuser_validate      1004b779 f tca.obj
 0001:0004a9b5       _tca_secretcode_validate   1004b9b5 f tca.obj
 0001:0004ab80       _tcapw_u2ascii             1004bb80 f tcapw.obj
 0001:0004abe5       _tcapw_hexprint            1004bbe5 f tcapw.obj
 0001:0004ac6f       _tcapw_create              1004bc6f f tcapw.obj
 0001:0004accc       _tcapw_destroy             1004bccc f tcapw.obj
 0001:0004ad14       _tcapw_open                1004bd14 f tcapw.obj
 0001:0004adf7       _tcapw_close               1004bdf7 f tcapw.obj
 0001:0004ae89       _tcapw_password_hash       1004be89 f tcapw.obj
 0001:0004af21       _tcapw_entry_create        1004bf21 f tcapw.obj
 0001:0004b13c       _tcapw_entry_delete        1004c13c f tcapw.obj
 0001:0004b198       _tcapw_entry_change        1004c198 f tcapw.obj
 0001:0004b228       _tcapw_entry_find_byid     1004c228 f tcapw.obj
 0001:0004b2a3       _tcapw_entry_find_byname   1004c2a3 f tcapw.obj
 0001:0004b387       _tcapw_get_secretcode      1004c387 f tcapw.obj
 0001:0004b430       _InitSnapshot              1004c430 f tlstuff.obj
 0001:0004b52b       _InitUnDecorateSymbolName  1004c52b f tlstuff.obj
 0001:0004b5b0       _tserv_create              1004c5b0 f tserv.obj
 0001:0004b770       _tserv_destroy             1004c770 f tserv.obj
 0001:0004b815       _tserv_Freeze              1004c815 f tserv.obj
 0001:0004bda1       _tserv_Thaw                1004cda1 f tserv.obj
 0001:0004c32f       _tserv_uid2hdl             1004d32f f tserv.obj
 0001:0004c4ac       _tserv_hdl2uid             1004d4ac f tserv.obj
 0001:0004c58f       _tserv_uid2info            1004d58f f tserv.obj
 0001:0004c75f       _tserv_client_add          1004d75f f tserv.obj
 0001:0004c9bb       _tserv_client_delete       1004d9bb f tserv.obj
 0001:0004ca36       _tserv_poll                1004da36 f tserv.obj
 0001:0004d643       _tserv_send_credentials    1004e643 f tserv.obj
 0001:0004d8be       _tserv_handle_packet       1004e8be f tserv.obj
 0001:0004f0bd       _tserv_server_add          100500bd f tserv.obj
 0001:0004f1bc       _tserv_account_loginW      100501bc f tserv.obj
 0001:0004f3c2       _tserv_account_createW     100503c2 f tserv.obj
 0001:0004f723       _tserv_account_activateW   10050723 f tserv.obj
 0001:0004f823       _tserv_change_passwordW    10050823 f tserv.obj
 0001:0004fac8       _tserv_request_email       10050ac8 f tserv.obj
 0001:0004fbbc       _tserv_server_delete       10050bbc f tserv.obj
 0001:0004fc60       _tserv_account_loginA      10050c60 f tserva.obj
 0001:0004fce6       _tserv_account_createA     10050ce6 f tserva.obj
 0001:0004fda2       _tserv_account_activateA   10050da2 f tserva.obj
 0001:0004fdf6       _tserv_change_passwordA    10050df6 f tserva.obj
 0001:0004feb2       _CloseHandle@4             10050eb2 f kernel32:KERNEL32.dll
 0001:0004feb8       _GlobalAlloc@8             10050eb8 f kernel32:KERNEL32.dll
 0001:0004febe       _GlobalFree@4              10050ebe f kernel32:KERNEL32.dll
 0001:0004fec4       _GetCurrentThreadId@0      10050ec4 f kernel32:KERNEL32.dll
 0001:0004feca       _Sleep@4                   10050eca f kernel32:KERNEL32.dll
 0001:0004fed0       _GetTickCount@0            10050ed0 f kernel32:KERNEL32.dll
 0001:0004fed6       _FindClose@4               10050ed6 f kernel32:KERNEL32.dll
 0001:0004fedc       _FindNextFileA@8           10050edc f kernel32:KERNEL32.dll
 0001:0004fee2       _FindFirstFileA@8          10050ee2 f kernel32:KERNEL32.dll
 0001:0004fee8       _GetModuleFileNameA@12     10050ee8 f kernel32:KERNEL32.dll
 0001:0004feee       _FreeLibrary@4             10050eee f kernel32:KERNEL32.dll
 0001:0004fef4       _GetProcAddress@8          10050ef4 f kernel32:KERNEL32.dll
 0001:0004fefa       _LoadLibraryA@4            10050efa f kernel32:KERNEL32.dll
 0001:0004ff00       _CreateProcessA@40         10050f00 f kernel32:KERNEL32.dll
 0001:0004ff06       _LocalFree@4               10050f06 f kernel32:KERNEL32.dll
 0001:0004ff0c       _FormatMessageA@28         10050f0c f kernel32:KERNEL32.dll
 0001:0004ff12       _GetLastError@0            10050f12 f kernel32:KERNEL32.dll
 0001:0004ff18       _SetEnvironmentVariableA@8 10050f18 f kernel32:KERNEL32.dll
 0001:0004ff1e       _GetModuleHandleA@4        10050f1e f kernel32:KERNEL32.dll
 0001:0004ff24       _GetEnvironmentVariableA@12 10050f24 f kernel32:KERNEL32.dll
 0001:0004ff2a       _GetTempPathA@8            10050f2a f kernel32:KERNEL32.dll
 0001:0004ff30       _OutputDebugStringA@4      10050f30 f kernel32:KERNEL32.dll
 0001:0004ff36       _GlobalReAlloc@12          10050f36 f kernel32:KERNEL32.dll
 0001:0004ff3c       _GetSystemTime@4           10050f3c f kernel32:KERNEL32.dll
 0001:0004ff42       _SetCurrentDirectoryA@4    10050f42 f kernel32:KERNEL32.dll
 0001:0004ff48       _GetSystemDirectoryA@8     10050f48 f kernel32:KERNEL32.dll
 0001:0004ff4e       _WriteFile@20              10050f4e f kernel32:KERNEL32.dll
 0001:0004ff54       _DuplicateHandle@28        10050f54 f kernel32:KERNEL32.dll
 0001:0004ff5a       _GetCurrentProcess@0       10050f5a f kernel32:KERNEL32.dll
 0001:0004ff60       _MultiByteToWideChar@24    10050f60 f kernel32:KERNEL32.dll
 0001:0004ff66       _WideCharToMultiByte@32    10050f66 f kernel32:KERNEL32.dll
 0001:0004ff6c       _MessageBoxA@16            10050f6c f user32:USER32.dll
 0001:0004ff72       _GetForegroundWindow@0     10050f72 f user32:USER32.dll
 0001:0004ff78       _RegCloseKey@4             10050f78 f advapi32:ADVAPI32.dll
 0001:0004ff7e       _RegQueryValueExA@24       10050f7e f advapi32:ADVAPI32.dll
 0001:0004ff84       _RegOpenKeyExA@20          10050f84 f advapi32:ADVAPI32.dll
 0001:0004ff8a       _RegEnumKeyExA@32          10050f8a f advapi32:ADVAPI32.dll
 0001:0004ff90       _RegEnumKeyA@16            10050f90 f advapi32:ADVAPI32.dll
 0001:0004ff96       _RegEnumValueA@32          10050f96 f advapi32:ADVAPI32.dll
 0001:0004ff9c       _RegQueryInfoKeyA@48       10050f9c f advapi32:ADVAPI32.dll
 0001:0004ffa2       _RegSetValueExA@24         10050fa2 f advapi32:ADVAPI32.dll
 0001:0004ffa8       _RegCreateKeyExA@36        10050fa8 f advapi32:ADVAPI32.dll
 0001:0004ffae       _VerQueryValueA@16         10050fae f version:VERSION.dll
 0001:0004ffb4       _GetFileVersionInfoA@16    10050fb4 f version:VERSION.dll
 0001:0004ffba       _GetFileVersionInfoSizeA@8 10050fba f version:VERSION.dll
 0001:0004ffc0       _strncpy                   10050fc0 f MSVCRTD:MSVCRTD.dll
 0001:0004ffd0       _free                      10050fd0 f MSVCRTD:MSVCRTD.dll
 0001:0004ffd6       __except_handler3          10050fd6 f MSVCRTD:MSVCRTD.dll
 0001:0004ffdc       _strlen                    10050fdc f MSVCRTD:MSVCRTD.dll
 0001:0004ffe2       _memset                    10050fe2 f MSVCRTD:MSVCRTD.dll
 0001:0004ffe8       _malloc                    10050fe8 f MSVCRTD:MSVCRTD.dll
 0001:0004ffee       _realloc                   10050fee f MSVCRTD:MSVCRTD.dll
 0001:0004fff4       _fprintf                   10050ff4 f MSVCRTD:MSVCRTD.dll
 0001:0004fffa       _fclose                    10050ffa f MSVCRTD:MSVCRTD.dll
 0001:00050000       _fopen                     10051000 f MSVCRTD:MSVCRTD.dll
 0001:00050006       _sprintf                   10051006 f MSVCRTD:MSVCRTD.dll
 0001:0005000c       _strcpy                    1005100c f MSVCRTD:MSVCRTD.dll
 0001:00050012       _strcmp                    10051012 f MSVCRTD:MSVCRTD.dll
 0001:00050018       _strcat                    10051018 f MSVCRTD:MSVCRTD.dll
 0001:00050020       __chkstk                   10051020   MSVCRTD:chkstk.obj
 0001:00050020       __alloca_probe             10051020   MSVCRTD:chkstk.obj
 0001:00050050       _strchr                    10051050 f MSVCRTD:MSVCRTD.dll
 0001:00050056       _memcpy                    10051056 f MSVCRTD:MSVCRTD.dll
 0001:0005005c       _strstr                    1005105c f MSVCRTD:MSVCRTD.dll
 0001:00050062       _sscanf                    10051062 f MSVCRTD:MSVCRTD.dll
 0001:00050068       _remove                    10051068 f MSVCRTD:MSVCRTD.dll
 0001:0005006e       _ftell                     1005106e f MSVCRTD:MSVCRTD.dll
 0001:00050074       _fseek                     10051074 f MSVCRTD:MSVCRTD.dll
 0001:0005007a       _fread                     1005107a f MSVCRTD:MSVCRTD.dll
 0001:00050080       _fwrite                    10051080 f MSVCRTD:MSVCRTD.dll
 0001:00050086       _fsetpos                   10051086 f MSVCRTD:MSVCRTD.dll
 0001:0005008c       _memcmp                    1005108c f MSVCRTD:MSVCRTD.dll
 0001:00050092       _fgetpos                   10051092 f MSVCRTD:MSVCRTD.dll
 0001:00050098       _fgets                     10051098 f MSVCRTD:MSVCRTD.dll
 0001:0005009e       _strncmp                   1005109e f MSVCRTD:MSVCRTD.dll
 0001:000500a4       _strrchr                   100510a4 f MSVCRTD:MSVCRTD.dll
 0001:000500aa       _memmove                   100510aa f MSVCRTD:MSVCRTD.dll
 0001:000500b0       __assert                   100510b0 f MSVCRTD:MSVCRTD.dll
 0001:000500b6       _time                      100510b6 f MSVCRTD:MSVCRTD.dll
 0001:000500bc       _rewind                    100510bc f MSVCRTD:MSVCRTD.dll
 0001:000500c2       _rand                      100510c2 f MSVCRTD:MSVCRTD.dll
 0001:000500c8       _getc                      100510c8 f MSVCRTD:MSVCRTD.dll
 0001:000500ce       __makepath                 100510ce f MSVCRTD:MSVCRTD.dll
 0001:000500d4       __splitpath                100510d4 f MSVCRTD:MSVCRTD.dll
 0001:000500da       _atoi                      100510da f MSVCRTD:MSVCRTD.dll
 0001:000500e0       _strncat                   100510e0 f MSVCRTD:MSVCRTD.dll
 0001:000500e6       _fflush                    100510e6 f MSVCRTD:MSVCRTD.dll
 0001:000500ec       _vfprintf                  100510ec f MSVCRTD:MSVCRTD.dll
 0001:000500f2       _vprintf                   100510f2 f MSVCRTD:MSVCRTD.dll
 0001:000500f8       _vsprintf                  100510f8 f MSVCRTD:MSVCRTD.dll
 0001:000500fe       ___p__iob                  100510fe f MSVCRTD:MSVCRTD.dll
 0001:00050104       __CrtCheckMemory           10051104 f MSVCRTD:MSVCRTD.dll
 0001:0005010a       __errno                    1005110a f MSVCRTD:MSVCRTD.dll
 0001:00050110       __strlwr                   10051110 f MSVCRTD:MSVCRTD.dll
 0001:00050116       _strspn                    10051116 f MSVCRTD:MSVCRTD.dll
 0001:0005011c       ___p__pctype               1005111c f MSVCRTD:MSVCRTD.dll
 0001:00050122       __isctype                  10051122 f MSVCRTD:MSVCRTD.dll
 0001:00050128       ___p___mb_cur_max          10051128 f MSVCRTD:MSVCRTD.dll
 0001:0005012e       _strcspn                   1005112e f MSVCRTD:MSVCRTD.dll
 0001:00050134       _strtol                    10051134 f MSVCRTD:MSVCRTD.dll
 0001:0005013a       _strtok                    1005113a f MSVCRTD:MSVCRTD.dll
 0001:00050140       __CRT_INIT@12              10051140 f MSVCRTD:crtdll.obj
 0001:00050340       __DllMainCRTStartup@12     10051340 f MSVCRTD:crtdll.obj
 0001:00050480       __onexit                   10051480 f MSVCRTD:atonexit.obj
 0001:00050550       _atexit                    10051550 f MSVCRTD:atonexit.obj
 0001:00050580       __free_dbg                 10051580 f MSVCRTD:MSVCRTD.dll
 0001:00050586       __initterm                 10051586 f MSVCRTD:MSVCRTD.dll
 0001:0005058c       __malloc_dbg               1005158c f MSVCRTD:MSVCRTD.dll
 0001:00050592       ___dllonexit               10051592 f MSVCRTD:MSVCRTD.dll
 0001:000505a0       _GetVersion@0              100515a0 f kernel32:KERNEL32.dll
 0001:000505a6       __strdup                   100515a6 f MSVCRTD:MSVCRTD.dll
 0001:000505ac       __strupr                   100515ac f MSVCRTD:MSVCRTD.dll
 0001:000505b2       __stricmp                  100515b2 f MSVCRTD:MSVCRTD.dll
 0001:000505b8       __getcwd                   100515b8 f MSVCRTD:MSVCRTD.dll
 0001:000505be       __strnicmp                 100515be f MSVCRTD:MSVCRTD.dll
 0002:000000a8       _newuser_magic             100520a8   tca.obj
 0002:000000b8       _newuser_magic2            100520b8   tca.obj
 0002:000000c8       _freezekey                 100520c8   tcapw.obj
 0002:000000d0       ??_C@_08JKC@crtdll?4c?$AA@ 100520d0   MSVCRTD:crtdll.obj
 0003:00000000       ___xc_a                    10053000   MSVCRTD:cinitexe.obj
 0003:00000004       ___xc_z                    10053004   MSVCRTD:cinitexe.obj
 0003:00000008       ___xi_a                    10053008   MSVCRTD:cinitexe.obj
 0003:0000000c       ___xi_z                    1005300c   MSVCRTD:cinitexe.obj
 0003:00025574       ___win32sflag              10078574   MSVCRTD:atonexit.obj
 0003:00026a30       _szScratch                 10079a30   <common>
 0003:00026b40       _key2a_buf                 10079b40   <common>
 0003:00026c40       _key2a_buf4                10079c40   <common>
 0003:00026d40       _key2a_buf2                10079d40   <common>
 0003:00026e40       _key2a_buf3                10079e40   <common>
 0003:00026f40       __adjust_fdiv              10079f40   <common>
 0003:00026f44       ___onexitend               10079f44   <common>
 0003:00026f48       ___onexitbegin             10079f48   <common>
 0003:00026f4c       __pRawDllMain              10079f4c   <common>
 0004:00000000       __IMPORT_DESCRIPTOR_KERNEL32 1007a000   kernel32:KERNEL32.dll
 0004:00000014       __IMPORT_DESCRIPTOR_USER32 1007a014   user32:USER32.dll
 0004:00000028       __IMPORT_DESCRIPTOR_ADVAPI32 1007a028   advapi32:ADVAPI32.dll
 0004:0000003c       __IMPORT_DESCRIPTOR_VERSION 1007a03c   version:VERSION.dll
 0004:00000050       __IMPORT_DESCRIPTOR_MSVCRTD 1007a050   MSVCRTD:MSVCRTD.dll
 0004:00000064       __NULL_IMPORT_DESCRIPTOR   1007a064   kernel32:KERNEL32.dll
 0004:00000248       __imp__RegCreateKeyExA@36  1007a248   advapi32:ADVAPI32.dll
 0004:0000024c       __imp__RegSetValueExA@24   1007a24c   advapi32:ADVAPI32.dll
 0004:00000250       __imp__RegQueryInfoKeyA@48 1007a250   advapi32:ADVAPI32.dll
 0004:00000254       __imp__RegEnumValueA@32    1007a254   advapi32:ADVAPI32.dll
 0004:00000258       __imp__RegEnumKeyA@16      1007a258   advapi32:ADVAPI32.dll
 0004:0000025c       __imp__RegEnumKeyExA@32    1007a25c   advapi32:ADVAPI32.dll
 0004:00000260       __imp__RegOpenKeyExA@20    1007a260   advapi32:ADVAPI32.dll
 0004:00000264       __imp__RegQueryValueExA@24 1007a264   advapi32:ADVAPI32.dll
 0004:00000268       __imp__RegCloseKey@4       1007a268   advapi32:ADVAPI32.dll
 0004:0000026c       \177ADVAPI32_NULL_THUNK_DATA 1007a26c   advapi32:ADVAPI32.dll
 0004:00000270       __imp__FindFirstFileA@8    1007a270   kernel32:KERNEL32.dll
 0004:00000274       __imp__GetProcAddress@8    1007a274   kernel32:KERNEL32.dll
 0004:00000278       __imp__LoadLibraryA@4      1007a278   kernel32:KERNEL32.dll
 0004:0000027c       __imp__CreateProcessA@40   1007a27c   kernel32:KERNEL32.dll
 0004:00000280       __imp__LocalFree@4         1007a280   kernel32:KERNEL32.dll
 0004:00000284       __imp__FormatMessageA@28   1007a284   kernel32:KERNEL32.dll
 0004:00000288       __imp__GetLastError@0      1007a288   kernel32:KERNEL32.dll
 0004:0000028c       __imp__SetEnvironmentVariableA@8 1007a28c   kernel32:KERNEL32.dll
 0004:00000290       __imp__GetModuleHandleA@4  1007a290   kernel32:KERNEL32.dll
 0004:00000294       __imp__GetEnvironmentVariableA@12 1007a294   kernel32:KERNEL32.dll
 0004:00000298       __imp__GetTempPathA@8      1007a298   kernel32:KERNEL32.dll
 0004:0000029c       __imp__GetModuleFileNameA@12 1007a29c   kernel32:KERNEL32.dll
 0004:000002a0       __imp__FreeLibrary@4       1007a2a0   kernel32:KERNEL32.dll
 0004:000002a4       __imp__GetSystemTime@4     1007a2a4   kernel32:KERNEL32.dll
 0004:000002a8       __imp__SetCurrentDirectoryA@4 1007a2a8   kernel32:KERNEL32.dll
 0004:000002ac       __imp__GetSystemDirectoryA@8 1007a2ac   kernel32:KERNEL32.dll
 0004:000002b0       __imp__WriteFile@20        1007a2b0   kernel32:KERNEL32.dll
 0004:000002b4       __imp__DuplicateHandle@28  1007a2b4   kernel32:KERNEL32.dll
 0004:000002b8       __imp__GetCurrentProcess@0 1007a2b8   kernel32:KERNEL32.dll
 0004:000002bc       __imp__MultiByteToWideChar@24 1007a2bc   kernel32:KERNEL32.dll
 0004:000002c0       __imp__WideCharToMultiByte@32 1007a2c0   kernel32:KERNEL32.dll
 0004:000002c4       __imp__GetVersion@0        1007a2c4   kernel32:KERNEL32.dll
 0004:000002c8       __imp__CloseHandle@4       1007a2c8   kernel32:KERNEL32.dll
 0004:000002cc       __imp__FindNextFileA@8     1007a2cc   kernel32:KERNEL32.dll
 0004:000002d0       __imp__FindClose@4         1007a2d0   kernel32:KERNEL32.dll
 0004:000002d4       __imp__GetTickCount@0      1007a2d4   kernel32:KERNEL32.dll
 0004:000002d8       __imp__Sleep@4             1007a2d8   kernel32:KERNEL32.dll
 0004:000002dc       __imp__GetCurrentThreadId@0 1007a2dc   kernel32:KERNEL32.dll
 0004:000002e0       __imp__GlobalFree@4        1007a2e0   kernel32:KERNEL32.dll
 0004:000002e4       __imp__GlobalAlloc@8       1007a2e4   kernel32:KERNEL32.dll
 0004:000002e8       __imp__GlobalReAlloc@12    1007a2e8   kernel32:KERNEL32.dll
 0004:000002ec       __imp__OutputDebugStringA@4 1007a2ec   kernel32:KERNEL32.dll
 0004:000002f0       \177KERNEL32_NULL_THUNK_DATA 1007a2f0   kernel32:KERNEL32.dll
 0004:000002f4       __imp__fopen               1007a2f4   MSVCRTD:MSVCRTD.dll
 0004:000002f8       __imp__time                1007a2f8   MSVCRTD:MSVCRTD.dll
 0004:000002fc       __imp__memmove             1007a2fc   MSVCRTD:MSVCRTD.dll
 0004:00000300       __imp___strnicmp           1007a300   MSVCRTD:MSVCRTD.dll
 0004:00000300       __imp__strnicmp            1007a300   MSVCRTD:MSVCRTD.dll
 0004:00000304       __imp___getcwd             1007a304   MSVCRTD:MSVCRTD.dll
 0004:00000304       __imp__getcwd              1007a304   MSVCRTD:MSVCRTD.dll
 0004:00000308       __imp___stricmp            1007a308   MSVCRTD:MSVCRTD.dll
 0004:00000308       __imp__stricmp             1007a308   MSVCRTD:MSVCRTD.dll
 0004:0000030c       __imp__strncpy             1007a30c   MSVCRTD:MSVCRTD.dll
 0004:00000310       __imp__free                1007a310   MSVCRTD:MSVCRTD.dll
 0004:00000314       __imp___except_handler3    1007a314   MSVCRTD:MSVCRTD.dll
 0004:00000318       __imp__strlen              1007a318   MSVCRTD:MSVCRTD.dll
 0004:0000031c       __imp__memset              1007a31c   MSVCRTD:MSVCRTD.dll
 0004:00000320       __imp__malloc              1007a320   MSVCRTD:MSVCRTD.dll
 0004:00000324       __imp__realloc             1007a324   MSVCRTD:MSVCRTD.dll
 0004:00000328       __imp__fprintf             1007a328   MSVCRTD:MSVCRTD.dll
 0004:0000032c       __imp__fclose              1007a32c   MSVCRTD:MSVCRTD.dll
 0004:00000330       __imp___makepath           1007a330   MSVCRTD:MSVCRTD.dll
 0004:00000334       __imp__sprintf             1007a334   MSVCRTD:MSVCRTD.dll
 0004:00000338       __imp__strcpy              1007a338   MSVCRTD:MSVCRTD.dll
 0004:0000033c       __imp__strcmp              1007a33c   MSVCRTD:MSVCRTD.dll
 0004:00000340       __imp__strcat              1007a340   MSVCRTD:MSVCRTD.dll
 0004:00000344       __imp__strchr              1007a344   MSVCRTD:MSVCRTD.dll
 0004:00000348       __imp__memcpy              1007a348   MSVCRTD:MSVCRTD.dll
 0004:0000034c       __imp__strstr              1007a34c   MSVCRTD:MSVCRTD.dll
 0004:00000350       __imp__sscanf              1007a350   MSVCRTD:MSVCRTD.dll
 0004:00000354       __imp__remove              1007a354   MSVCRTD:MSVCRTD.dll
 0004:00000358       __imp__ftell               1007a358   MSVCRTD:MSVCRTD.dll
 0004:0000035c       __imp__fseek               1007a35c   MSVCRTD:MSVCRTD.dll
 0004:00000360       __imp__fread               1007a360   MSVCRTD:MSVCRTD.dll
 0004:00000364       __imp__fwrite              1007a364   MSVCRTD:MSVCRTD.dll
 0004:00000368       __imp__fsetpos             1007a368   MSVCRTD:MSVCRTD.dll
 0004:0000036c       __imp__memcmp              1007a36c   MSVCRTD:MSVCRTD.dll
 0004:00000370       __imp__fgetpos             1007a370   MSVCRTD:MSVCRTD.dll
 0004:00000374       __imp__fgets               1007a374   MSVCRTD:MSVCRTD.dll
 0004:00000378       __imp__strncmp             1007a378   MSVCRTD:MSVCRTD.dll
 0004:0000037c       __imp__strrchr             1007a37c   MSVCRTD:MSVCRTD.dll
 0004:00000380       __imp__strdup              1007a380   MSVCRTD:MSVCRTD.dll
 0004:00000380       __imp___strdup             1007a380   MSVCRTD:MSVCRTD.dll
 0004:00000384       __imp___assert             1007a384   MSVCRTD:MSVCRTD.dll
 0004:00000388       __imp__strupr              1007a388   MSVCRTD:MSVCRTD.dll
 0004:00000388       __imp___strupr             1007a388   MSVCRTD:MSVCRTD.dll
 0004:0000038c       __imp__rewind              1007a38c   MSVCRTD:MSVCRTD.dll
 0004:00000390       __imp__rand                1007a390   MSVCRTD:MSVCRTD.dll
 0004:00000394       __imp__getc                1007a394   MSVCRTD:MSVCRTD.dll
 0004:00000398       __imp____p__pctype         1007a398   MSVCRTD:MSVCRTD.dll
 0004:0000039c       __imp___splitpath          1007a39c   MSVCRTD:MSVCRTD.dll
 0004:000003a0       __imp__atoi                1007a3a0   MSVCRTD:MSVCRTD.dll
 0004:000003a4       __imp__strncat             1007a3a4   MSVCRTD:MSVCRTD.dll
 0004:000003a8       __imp__fflush              1007a3a8   MSVCRTD:MSVCRTD.dll
 0004:000003ac       __imp__vfprintf            1007a3ac   MSVCRTD:MSVCRTD.dll
 0004:000003b0       __imp__vprintf             1007a3b0   MSVCRTD:MSVCRTD.dll
 0004:000003b4       __imp__vsprintf            1007a3b4   MSVCRTD:MSVCRTD.dll
 0004:000003b8       __imp____p__iob            1007a3b8   MSVCRTD:MSVCRTD.dll
 0004:000003bc       __imp___CrtCheckMemory     1007a3bc   MSVCRTD:MSVCRTD.dll
 0004:000003c0       __imp___errno              1007a3c0   MSVCRTD:MSVCRTD.dll
 0004:000003c4       __imp___strlwr             1007a3c4   MSVCRTD:MSVCRTD.dll
 0004:000003c8       __imp__strspn              1007a3c8   MSVCRTD:MSVCRTD.dll
 0004:000003cc       __imp___initterm           1007a3cc   MSVCRTD:MSVCRTD.dll
 0004:000003d0       __imp___isctype            1007a3d0   MSVCRTD:MSVCRTD.dll
 0004:000003d4       __imp____p___mb_cur_max    1007a3d4   MSVCRTD:MSVCRTD.dll
 0004:000003d8       __imp__strcspn             1007a3d8   MSVCRTD:MSVCRTD.dll
 0004:000003dc       __imp__strtol              1007a3dc   MSVCRTD:MSVCRTD.dll
 0004:000003e0       __imp__strtok              1007a3e0   MSVCRTD:MSVCRTD.dll
 0004:000003e4       __imp___free_dbg           1007a3e4   MSVCRTD:MSVCRTD.dll
 0004:000003e8       __imp___malloc_dbg         1007a3e8   MSVCRTD:MSVCRTD.dll
 0004:000003ec       __imp___adjust_fdiv        1007a3ec   MSVCRTD:MSVCRTD.dll
 0004:000003f0       __imp____dllonexit         1007a3f0   MSVCRTD:MSVCRTD.dll
 0004:000003f4       __imp___onexit             1007a3f4   MSVCRTD:MSVCRTD.dll
 0004:000003f8       \177MSVCRTD_NULL_THUNK_DATA 1007a3f8   MSVCRTD:MSVCRTD.dll
 0004:000003fc       __imp__MessageBoxA@16      1007a3fc   user32:USER32.dll
 0004:00000400       __imp__GetForegroundWindow@0 1007a400   user32:USER32.dll
 0004:00000404       \177USER32_NULL_THUNK_DATA 1007a404   user32:USER32.dll
 0004:00000408       __imp__GetFileVersionInfoSizeA@8 1007a408   version:VERSION.dll
 0004:0000040c       __imp__GetFileVersionInfoA@16 1007a40c   version:VERSION.dll
 0004:00000410       __imp__VerQueryValueA@16   1007a410   version:VERSION.dll
 0004:00000414       \177VERSION_NULL_THUNK_DATA 1007a414   version:VERSION.dll

 entry point at        0001:00050340

 Static symbols

 0001:0004c858       _tserv_send_challenge      1004d858 f tserv.obj
 0001:0004ccd0       _tserv_send_response       1004dcd0 f tserv.obj
 0001:0004d229       _tserv_send_pwchange       1004e229 f tserv.obj
 0001:0004d419       _tserv_send_validate       1004e419 f tserv.obj
 0001:0004d545       _tserv_send_pwvalidate     1004e545 f tserv.obj
 0001:0004d6ec       _tserv_send_credentials1   1004e6ec f tserv.obj
 0001:0004edf8       _tserv_hdl2pci             1004fdf8 f tserv.obj
 0001:0004ee6c       _tserv_handle_credentials1 1004fe6c f tserv.obj
 0001:0004f630       _tserv_check_email         10050630 f tserv.obj
 0001:0004806f       _hexstring                 1004906f f scorerep.obj
 0001:000490a5       _scorerep_print            1004a0a5 f scorerep.obj
 0001:00047237       _freeze_element            10048237 f q.obj
 0001:0004765b       _thaw_element              1004865b f q.obj
 0001:00045b02       _MD5Transform              10046b02 f md5c.obj
 0001:00046738       _Encode                    10047738 f md5c.obj
 0001:000467c2       _Decode                    100477c2 f md5c.obj
 0001:00046842       _MD5_memcpy                10047842 f md5c.obj
 0001:00046882       _MD5_memset                10047882 f md5c.obj
 0001:00045345       _notifystub                10046345 f launchap.obj
 0001:000446b7       _stripSurroundingWhiteSpace 100456b7 f ini.obj
 0001:00044e4c       _reltoabspath              10045e4c f ini.obj
 0001:00042609       _sendServerPing            10043609 f enumsrv2.obj
 0001:000427b9       _addServer                 100437b9 f enumsrv2.obj
 0001:00042e5b       _get_bootstrap_list        10043e5b f enumsrv2.obj
 0001:00043226       _dp_subscribeServerList    10044226 f enumsrv2.obj
 0001:000434b7       _serversEx_cb@24           100444b7 f enumsrv2.obj
 0001:00043793       _calc_delay                10044793 f enumsrv2.obj
 0001:000419b7       _getLatest                 100429b7 f enumapp.obj
 0001:00038c74       _dptab_changeSrc           10039c74 f dptab.obj
 0001:0003983d       _dptab_varCreate           1003a83d f dptab.obj
 0001:00039f0b       _dptab_varDelete           1003af0b f dptab.obj
 0001:0003abfb       _dptab_get_bykey2          1003bbfb f dptab.obj
 0001:0003b550       _dptab_xfer_insert         1003c550 f dptab.obj
 0001:0003b721       _compare_xfer_keys         1003c721 f dptab.obj
 0001:0003bdc8       _dptab_update_destination  1003cdc8 f dptab.obj
 0001:0003c44c       _dptab_update_send_delete  1003d44c f dptab.obj
 0001:0003c669       _dptab_xferBuffer_init     1003d669 f dptab.obj
 0001:0003c6b0       _dptab_xferBuffer_flush    1003d6b0 f dptab.obj
 0001:0003c9a4       _dptab_update_send_small   1003d9a4 f dptab.obj
 0001:0003ce1d       _dptab_update_send_large   1003de1d f dptab.obj
 0001:0003d52f       _dprint_buf                1003e52f f dptab.obj
 0001:0003dfab       _dptab_mapIncomingTable    1003efab f dptab.obj
 0001:0003f3f6       _dptab_peer_freeze         100403f6 f dptab.obj
 0001:0003f8ee       _dptab_xfer_freeze         100408ee f dptab.obj
 0001:0003fe6c       _dptab_peer_thaw           10040e6c f dptab.obj
 0001:00040374       _dptab_xfer_thaw           10041374 f dptab.obj
 0001:00034510       _readDebugParam            10035510 f dprint.obj
 0001:0002672c       _dpio_pc                   1002772c f dpio.obj
 0001:00026786       _dpio_pw                   10027786 f dpio.obj
 0001:00026801       _dpio_print                10027801 f dpio.obj
 0001:00027ebe       _dpio_thaw1                10028ebe f dpio.obj
 0001:00028038       _dpio_thaw2                10029038 f dpio.obj
 0001:00028cd6       _dpio_setNextTxTime        10029cd6 f dpio.obj
 0001:0002ae30       _dpio_countHdlClosing      1002be30 f dpio.obj
 0001:0002bdd0       _dpio_gotAck               1002cdd0 f dpio.obj
 0001:0002c58a       _dpio_update_RTT           1002d58a f dpio.obj
 0001:0002c78f       _dpio_sendAck              1002d78f f dpio.obj
 0001:0002ff9b       _dpio_window_get           10030f9b f dpio.obj
 0001:00030118       _dpio_handle_ping_response 10031118 f dpio.obj
 0001:000302c9       _dpio_sendAckLater         100312c9 f dpio.obj
 0001:000302f8       _dpio_getReliable          100312f8 f dpio.obj
 0001:00030570       _dpio_getRaw               10031570 f dpio.obj
 0001:0003098f       _dpio_flushPacketsForHandle 1003198f f dpio.obj
 0001:00030bdc       _dpio_current_pingInterval 10031bdc f dpio.obj
 0001:00030d01       _dpio_put_unreliable_unbuffered 10031d01 f dpio.obj
 0001:00030dd1       _dpio_put_unreliable_buffered 10031dd1 f dpio.obj
 0001:0002350c       _getExceptionTable         1002450c f dpexcept.obj
 0001:00023583       _dp_makeExceptionRecords   10024583 f dpexcept.obj
 0001:00023aef       _getAppParam               10024aef f dpexcept.obj
 0001:00023c2e       _getSystemInfo             10024c2e f dpexcept.obj
 0001:00023eee       _sendtoserver              10024eee f dpexcept.obj
 0001:00024133       _buf2hex                   10025133 f dpexcept.obj
 0001:000229a9       _init_crc32                100239a9 f dpcrc32.obj
 0001:0000c266       _printAdr                  1000d266 f dp2.obj
 0001:0000c3c5       _dprint_sess               1000d3c5 f dp2.obj
 0001:0000cc33       _dumpBuf                   1000dc33 f dp2.obj
 0001:0000dab9       _dpOpenLocalResult         1000eab9 f dp2.obj
 0001:0000dc7c       _dp_unpack_host            1000ec7c f dp2.obj
 0001:0000ddca       _dp_player_notify          1000edca f dp2.obj
 0001:0000e0d7       _dp_getDesiredHandleOptions 1000f0d7 f dp2.obj
 0001:0000e425       _dp_pack_playerId          1000f425 f dp2.obj
 0001:000114be       _open_sess_cb@16           100124be f dp2.obj
 0001:00011556       _listSessions_cb@16        10012556 f dp2.obj
 0001:00011700       _create_player_cb@16       10012700 f dp2.obj
 0001:00011769       _chopnl                    10012769 f dp2.obj
 0001:000117af       _allzeros                  100127af f dp2.obj
 0001:00011e90       _dp_openHdl_cb             10012e90 f dp2.obj
 0001:00012418       _dpThaw                    10013418 f dp2.obj
 0001:00013977       _dp_setSessionTablePeer    10014977 f dp2.obj
 0001:00014601       _dp_setSessionDesc         10015601 f dp2.obj
 0001:00015642       _dpSendJoinSession         10016642 f dp2.obj
 0001:00015938       _dpHandleJoinSession       10016938 f dp2.obj
 0001:00016584       _dpSendErrorPacket         10017584 f dp2.obj
 0001:00016608       _dp_pack_host              10017608 f dp2.obj
 0001:000166f6       _dp_subscribe_client       100176f6 f dp2.obj
 0001:00016b24       _dp_selectSessionForHost   10017b24 f dp2.obj
 0001:00016fca       _dpSendIndirectJoin        10017fca f dp2.obj
 0001:000170b4       _initOpenSession           100180b4 f dp2.obj
 0001:00017f65       _dp_subscribe_host         10018f65 f dp2.obj
 0001:0001804b       _findSessionWithKarma      1001904b f dp2.obj
 0001:0001814e       _dpOpen_dummy_cb@16        1001914e f dp2.obj
 0001:00018c19       _dpSendLeaveSession        10019c19 f dp2.obj
 0001:00018cdf       _dpHandleLeaveSession      10019cdf f dp2.obj
 0001:0001ab63       _dpRemoteEnumPlayers       1001bb63 f dp2.obj
 0001:0001b211       _dpRemoteEnumPlayersEx     1001c211 f dp2.obj
 0001:0001b612       _dp_election_start         1001c612 f dp2.obj
 0001:0001b890       _dp_election_end           1001c890 f dp2.obj
 0001:0001b9db       _dp_election_peer_deleted  1001c9db f dp2.obj
 0001:0001ba3c       _dpHandleVote              1001ca3c f dp2.obj
 0001:0001bf30       _dp_election_set_master    1001cf30 f dp2.obj
 0001:0001c0f9       _dp_election_register_vote 1001d0f9 f dp2.obj
 0001:0001c191       _dp_election_tally         1001d191 f dp2.obj
 0001:0001c3f1       _dp_election_inaugerate_winner 1001d3f1 f dp2.obj
 0001:0001c6fc       _dp_election_become_master 1001d6fc f dp2.obj
 0001:0001cc96       _dpSendVote                1001dc96 f dp2.obj
 0001:0001ce36       _dpSendVictory             1001de36 f dp2.obj
 0001:0001cf35       _dpElectMaster             1001df35 f dp2.obj
 0001:0001d09d       _dpSendSessionLostPacket   1001e09d f dp2.obj
 0001:0001d11e       _dp_findLowestHost         1001e11e f dp2.obj
 0001:0001d68e       _dp_receive                1001e68e f dp2.obj
 0001:0001ebb4       _dpHandleSelectedSession   1001fbb4 f dp2.obj
 0001:0001ee5a       _dpSetPlayerUid            1001fe5a f dp2.obj
 0001:0001efdd       _dpHandleVictory           1001ffdd f dp2.obj
 0001:0001f211       _dpPoll                    10020211 f dp2.obj
 0001:0001f859       _dp_election_poll          10020859 f dp2.obj
 0001:0001f91b       _dpHandlePingPacket        1002091b f dp2.obj
 0001:0001f9d9       _dpPollPing                100209d9 f dp2.obj
 0001:0001fce0       _dp_sendLatencyDelta       10020ce0 f dp2.obj
 0001:0001fe21       _dp_getBroadcastHdls       10020e21 f dp2.obj
 0001:00020011       _dp_getHdls                10021011 f dp2.obj
 0001:000200a7       _dp_getGroupHdls           100210a7 f dp2.obj
 0001:00008220       _cookey                    10009220 f d3des.obj
 0001:000083fb       _scrunch                   100093fb f d3des.obj
 0001:00008496       _unscrun                   10009496 f d3des.obj
 0001:0000851b       _desfunc                   1000951b f d3des.obj
 0001:00008f8e       _D3des                     10009f8e f d3des.obj
 0001:000069c2       _aeh_map_Load              100079c2 f aehmap.obj
 0001:00006c8a       _aeh_map_addFunc           10007c8a f aehmap.obj
 0001:00006e78       _aeh_map_algRead           10007e78 f aehmap.obj
 0001:000070db       _aeh_map_Unload            100080db f aehmap.obj
 0001:000071b1       _aeh_map_algWrite          100081b1 f aehmap.obj
 0001:00005b29       _aehlog_clear              10006b29 f aehlog.obj
 0001:000061a1       _aehlog_writetofile        100071a1 f aehlog.obj
 0001:00006254       _initExceptionFileStream   10007254 f aehlog.obj
 0001:0000643c       _checkDupException         1000743c f aehlog.obj
 0001:0000658a       _aehlog_readfromfile       1000758a f aehlog.obj
 0001:0000099f       _aehmod_Create             1000199f f aeh.obj
 0001:00000b7b       _aehmod_add                10001b7b f aeh.obj
 0001:00000da4       _aeh_StackandModDump       10001da4 f aeh.obj
 0001:000010ae       _aehmod_PosGet             100020ae f aeh.obj
 0001:000012dd       _aehmod_NameGet            100022dd f aeh.obj
 0001:00001384       _aeh_setStackandModInfo    10002384 f aeh.obj
 0001:00001dfb       _aeh_modfunc_Fill          10002dfb f aeh.obj
 0001:000034a8       _aeh_StkModName            100044a8 f aeh.obj
 0001:000035a7       _aeh_StkModCrc             100045a7 f aeh.obj
 0001:00003640       _parseSystemInfo           10004640 f aeh.obj
 0001:0000394a       _parseDispCardInfo         1000494a f aeh.obj
 0001:000046a4       _putStream                 100056a4 f aeh.obj
 0001:00004733       _putCharStream             10005733 f aeh.obj
 0001:00004825       _putStreamErrFull          10005825 f aeh.obj
 0001:00005619       _getStream                 10006619 f aeh.obj
 0001:000056a8       _getCharStream             100066a8 f aeh.obj
 0001:00050020       _$$$00001                  10051020 f MSVCRTD:chkstk.obj

FIXUPS: 689b 137 2e 4ab26 35 fffffd21 13f 25 26 25 fffb4eef 2b 2b 2b 2b
FIXUPS: 63f1 2b 1a 3a 1a 4b 24 21 24 29 1f 80 24 31 28 12 2e 31 1c 31 45
FIXUPS: 67a8 26 24 1c 36 27 fffff589 33 1a 32 1a 21 1a 21 1a 21 1a 21 1a
FIXUPS: 5fc5 1c 1b 3d 71 24 20 1a 4b 24 20 2b 2b 2b 2b 2b 2b 2b 2b fffff5b9
FIXUPS: 58c2 4f 1a 35 20 1a 1f 1f 3a 21 21 1a 2c 24 1f 33 1a 1a 45 25 3d
FIXUPS: 5c15 1a 3f 55 25 3d 1a 28 1f 4f fffff639 2b 2b 2b 2b 2b 1a 10 37
FIXUPS: 5560 10 2b 10 21 27 1a 10 52 22 24 31 28 12 2e 31 20 39 20 1a 24
FIXUPS: 5858 2a fffff762 2a 1a 10 1e 1a 10 1e 1a 10 1e 1a 10 1e 1a 10 42
FIXUPS: 51b4 10 48 1a 10 2a 2b 2b 2b 2b 2b 2b 2b 2b 2b fffff88c 29 1f 1a
FIXUPS: 4ce1 17 1f 1a 10 17 43 2a 1a 12 10 1c 1f 1a 10 17 43 26 1a 12 10
FIXUPS: 4f3e 1d 1a 10 17 19 18 fffff6aa 59 3f 4b 8a 38 59 6e 20 30 37 2e
FIXUPS: 49b9 44 21 42 1c 27 26 34 1a 10 3a 1f 1a 10 27 19 19 21 21 1a fffff383
FIXUPS: 3ff6 29 22 20 22 61 19 af 1e 11 11 37 1d 80 87 25 11 50 3c 25 1b
FIXUPS: 4487 f 23 47 43 21 1c 80 19 30 fffff211 25 39 2d 23 2d 23 25 ab
FIXUPS: 3a8b 9c 89 89 40 63 2a 51 6d 2d 28 2f 11 2c 2d 11 2c 5f 11 2c 1d
FIXUPS: 3fbf f fffff295 16 16 16 16 16 16 16 16 16 16 16 16 16 16 1da 12
FIXUPS: 35de 39 2d 23 25 20 1b 3e f 29 39 39 25 2b 22 fffff0ee 2e 2e 64
FIXUPS: 29f1 b8 21 15f 26 29 4f 33 1b 78 2f 2c 27 55 9a 1c 91 1c 132 1c
FIXUPS: 3192 1c 31 16 16 16 16 16 ffffeebb 35 21 2f 41 28 c 31 27 2e 38
FIXUPS: 22f1 4d 30 52 26 47 20 12 42 27 6f 74 41 99 32 cf 7d 2f 2f 2f 51
FIXUPS: 1a82 30 1a 43 30 29 27 33 34 1c 10 12 52 1c 22 9e 2f 51 26 3d 20
FIXUPS: 1e86 17 42 3e 39 3d 18 3e 9e c 56 fffff242 1e 1c 73 38 1d 61 1a
FIXUPS: 14da 4e 24 20e 2a 17 13 19 1a 66 46 1c 1c c 1a 2c 1c 1b 3e 2a 16
FIXUPS: 19eb 2e 26 58eb 53 3f 19 54 2a 7d 4f 58 78 12 12 c8 e0 56 67 66
FIXUPS: 1060 19 27 2a 19 4f 84 2c 4f 1c 30 1a 3a 1e 23 5825 34 2f 1a c
FIXUPS: 6cdc a5 7f 3a 12 12 30 96 12 12 73 85 12 12 19 30 49 12 18 27 27
FIXUPS: 718d 35 12 12 82 97 743 92 7a fd 48 43 20 18b 15d 38 47 54 4e 47
FIXUPS: 8159 61 105 b0 ef 10b b3 41 112 73 ffffe27c 3c 17 10 23 c 17 f
FIXUPS: 9fc6 11 11 11 35 11 11 35 11 11 10 13 13 ffffea99 e b8 4c 106 33
FIXUPS: 8dcf fd 2e 1d fffff937 1c 74 45 133 ffffef32 43 31 33 1f08 2f 13
FIXUPS: 998a 11 2b 11 2b 11 10 13 25 f da 1e 25 f da 1e 61 d 10 d 10 1f
FIXUPS: 9ddc 9a f da 1e 23 13 11ec 49 34 35 32 20 52 6b 3c 21 17 34 f ffffed8e
FIXUPS: a1b6 e 71 78 1ce ffffed94 103 b7 11 10 4bd d 10 d 23 11 11 11 115c
FIXUPS: aac3 9b 27 3b 47 1e 3e 1e 25 4d 1e 2f 56 21 1e 87 36 2e 2b 2b 2b
FIXUPS: af78 39 2b 2b 2b 16 16 11 5f 32 cee ffffe6e0 2c 2d c 1f 20 1e a9
FIXUPS: a657 3b 28 35 1f 12 28 9c e 1b 2c 1a c 28 1e 1e 9f 43 27 41 1a
FIXUPS: aa33 32 e46 6a 6a 5f 3d 6a 5f 32 1f 78 11 15 27 11 15 27 11 15
FIXUPS: bc94 11 15 27 11 15 27 11 15 27 11 15 27 11 17759 2f c 14 c 39
FIXUPS: 235f1 1a 17 38 1e 27 33 2b 2b 51 1f c 22 c 22 c 22 c 22 c d1 fffe7bbd
FIXUPS: b5b8 77 1b0 68 1775e 28 c 7b 1e 43 1a 23 c 20 23 c 9c 23 c 26 1a
FIXUPS: 23264 49 c 28 c 54 1e c 49 c 21 b2 36 22 31 fffff616 c 5a 1a c
FIXUPS: 22c0e c 28 c 69 2f 1e c 14 39 23 23 c 2a c 17 23 c 20 1e c 48 c
FIXUPS: 22f23 1a c 50 fffff720 2b 24 1c 21 5c 16 d 40 23 c 74 1a c 16 e
FIXUPS: 228fd 36 22 c 33 23 c 2c 32 36 1a 23 c 20 1e c fffff752 36 16 d
FIXUPS: 222af 74 1a c 51 46 2e c 33 1a c 25 1e d c 23 21 c 24 1c 21 c 19
FIXUPS: 225de 1a c 31 4e fffff78d 74 1a c 4a 23 c 1a 23 c 20 1e c 5a 23
FIXUPS: 2203f 46 1a c 26 1e c 40 1e c 33 1a c 33 1e c 15 fffff7b5 62 3e
FIXUPS: 21aa3 c 15 c 36 16 d 1d c 23 a1 1a c 16 36 1e c 23 1e c 51 1e c
FIXUPS: 21d8f c 22 17 c 24 fffff6fe 3d 2e c 22 61 21 1e 46 41 25 29 2d
FIXUPS: 21749 27 c 1a 30 c 54 15 68 36 2b 16 d 1d c 24 c 3a c fffff5aa
FIXUPS: 20ff1 c 22 21 18 2c f 22 5b 74 19 16 3d 19 2d 94 c 3a 47 16 1d
FIXUPS: 21396 29 c 75 1b 23 c 2a c f fffff434 c 17 39 c 22 10 c 1f 22 1c
FIXUPS: 20a50 4c 2a 58 2e 16 56 68 84 30 1e 28 3c 23 1e 2d 2b 1e 22 2f
FIXUPS: 20e8e fffff368 3a f6 f c 49 f 1c 29 18 46 20 15 44 27 119 36 36
FIXUPS: 20670 30 36 1c 3c 45 48 1a 2d 1b 1c c 4c 26 fffff4d2 c c 3a 14
FIXUPS: 1fe08 c 1d 4f 16 31 32 19 1e 25 c 29 30 f 37 16 28 2f 27 1b 10
FIXUPS: 200de 10 34 34 1a 68 fffff76c 1e c 2c 38 51 c 40 c 42 1d 26 1b
FIXUPS: 1fb27 c 3f 2f 36 24 c 24 c 24 c 3f c 1f 20 2c c c 32 fffff580 15
FIXUPS: 1f318 d 1a 1a 31 37 29 17 24 26 3b 10 1c d 1c d 1c d 17 2a 1e 2e
FIXUPS: 1f5e0 3b 1b 1b 22 c 28 c fffff643 3d 2a c 41 37 36 79 78 1a 50
FIXUPS: 1efa3 3a 2a 28 52 3f 93 17 26 17 1c d 1c d 23 25 1d 1c 17 35 15
FIXUPS: 1e898 c 2a c 12 f 3c 2c 39 28 23 26 28 c 26 28 26 21 26 28 26 2b
FIXUPS: 1eb81 26 2b c 26 31 51 19 2e 1d fffff511 16 2d 2e 25 70 2a 24 b4
FIXUPS: 1e427 1c 42 1e 22 12 28 21 41 12 53 7d 37 3c 19 c 87 3d 1a 34 2c
FIXUPS: 1e861 19 fffff576 26 c 3a 31 16 1c 15 15 29 f 2d c 12 11 c c 24
FIXUPS: 1dfdd 30 3f 33 12 21 10 18 d 1f c 29 36 61 fffff68a 15 3f 86 21
FIXUPS: 1d97f 42 1a c 26 1a 59 1e c 2c 30 96 52 d 1e d c 21 1a 16 39 31
FIXUPS: 1dd03 3b 1f 4b 27 fffff543 16 1b 5e 32 39 10 23 18 23 33 23 28
FIXUPS: 1d532 1a 1c 2d 2b 1e 1d 3c 6b 2c 16 2a 63 28 18 2c 10 23 1c fffff4b3
FIXUPS: 1ccef 1f 3c 1f 3e 57 3f 1d 3a 10 29 26 1e c 25 1d 25 2c 4d 1d 1e
FIXUPS: 1d064 4c 22 c 33 33 59 ea 4a 18 fffff47d 18 46 17 40 b2 59 3e 3b
FIXUPS: 1c9bd 48 19 12 33 19 22 17 28 3f 2d 24 14 1f 39 15 18 10 12 2b
FIXUPS: 1cc62 1c 24 fffff606 c 1c 1a c 2d 1a c 1b 2c c 27 1a c 27 1a c
FIXUPS: 1c45c 13 36 1e c 31 2d c 42 41 37 c 50 9a 47 fffff746 2d c 2a 27
FIXUPS: 1bf1c 36 2b 16 27 13 17 1a f 22 1e 19 e f 39 1e 2c 2d c 44 23 2d
FIXUPS: 1c1f1 d 21 4a 25 fffff7fd c 44 23 29 1c d 21 4a 25 1a c 1c 1a c
FIXUPS: 1bc75 1a c 1b 2c c 27 1a c 27 22 c 2e 27 36 1e c fffff7e7 c 39
FIXUPS: 1b687 84 32 19 1e 25 c 1e 19 30 40 f 37 2b 16 8 b 43 15 1a f 22
FIXUPS: 1b9a5 19 e f 39 1e 2c fffff622 36 16 9b 19 3b 16 26 19 1e 25 c
FIXUPS: 1b2b3 39 16 5c 32 19 1e 25 c 34 30 40 f 37 16 74 19 1e 25 c fffff658
FIXUPS: 1ac68 c 3a 1f 21 e c 1c c 34 18 3d 7a 36 1e c 17 d c 21 2e c 3b
FIXUPS: 1af77 c 3d f 1c 1a 20 31 fffff664 e 1b 32 1a c 2e 15 77 21 12 1c
FIXUPS: 1a866 11 1d 12 f fe 40 4a 1e 1f 28 1d 1a 79 21 1f 28 24 11 31 fffff432
FIXUPS: 1a086 5e 11 c 22 c 30 23 59 1e 16 39 7d 1e 19 1e 7d 1e 63 47 19
FIXUPS: 1a4b1 2b 2b 2e 2e 2e 16 1b 1d 41 fffff5b7 23 c 21 10 3b 16 16 11
FIXUPS: 19cce 34 16 2f 1d c 49 17 19 25 19 25 19 64 21 35 61 1c 17 17 34
FIXUPS: 1a024 17 fffff506 2d 2f 1e 1e 24 9a c 23 4b 1f 9a c 34 3e 35 3a
FIXUPS: 198e2 52 3d 80 1e 2a 14 20 14 42 16 5f 22 54 1f fffff2d9 57 28
FIXUPS: 18f31 15 c 25 17 1a 22 3f 22 f6 1a 3f 21 27 3a c c 77 25 25 67
FIXUPS: 1937a 29 2c 3e 59 22 39 39 fffff516 3c 28 c c 48 1e c c 4a 1e c
FIXUPS: 18b8a 52 28 c c 78 1e c c 5e 2c c c 71 1e c c 53 28 c fffff744
FIXUPS: 18609 28 c c 4b 53 28 c c 21 17 1e 48 28 c c 39 28 c c 21 17 4d
FIXUPS: 18921 35 e 31 1e c c 37 fffff72b 18 18 26 10 2f 2f 59 1c c 3d c
FIXUPS: 182da 26 a 25 1a 2e 32 a5 1e c 25 40 c 21 19 32 c c 48 c fffff3a3
FIXUPS: 17970 3f 26 c 52 22 c 71 26 c 40 4f 29 120 18 43 20 fc 1c 26 fa
FIXUPS: 17fb9 23 35 1a 24 e 22 1a 3c 40 fffff3fb 17 3e c 21 3a c 1f 38
FIXUPS: 1763f 31 1d 1f 13 13 d 7c 17 13 2c c 5c 39 22 c 22 22 c 22 22 c
FIXUPS: 17942 fffff6fb c 86 3e 2c 16 17 1e 1e c 1b 59 53 28 36 d 1c 1f
FIXUPS: 17335 d 19 d 59 5a 22 1e c 19 16 1a c 1e fffff6fa c 22 1e 1e c
FIXUPS: 16c8c 21 3d 29 21 1e 1e c 76 27 3b 1e c 3b 1a 1e c 3a 19 1e c 35
FIXUPS: 16fcd 2f 15 e fffff6b4 1f 12 10 53 19 d 21 d 21 d 3d 19 4b 18 11
FIXUPS: 168e1 1a 2c 37 2b 3f 73 c 21 59 2d 24 1e c 52 28 fffff4f4 15 c
FIXUPS: 1612b 47 18 54 c 21 16 1d 59 6f 6f 33 48 2f 15 4b c c 9f 25 25
FIXUPS: 165a5 11 f 29 1f 22 36 45 fffff4c0 13 28 2c 1e 62 24 1f 1e 1e 2b
FIXUPS: 15d19 1b 1e 3a 2e 34 73 33 41 16 5a 1a c 24 c 24 c 49 c 35 c fffff630
FIXUPS: 156c7 38 53 1b c 3a 2b 16 12 29 15 14 31 2e 34 2b 16 10 6a 21 c
FIXUPS: 15a09 2e 31 34 2b 16 14 1f 10 1b fffff623 1e 16 33 2b 32 26 50
FIXUPS: 152c3 16 3a c 66 19 46 15 39 29 16 36 2b 16 6b 1c 24 19 2d 15 39
FIXUPS: 15652 16 1d fffff766 1a c 24 27 1a 27 1a 64 25 c c 20 23 c c 23
FIXUPS: 14ffc c c 23 25 c c 1f 25 c c 36 c 18 1e fffff8c1 c 7b 22 22 c
FIXUPS: 14b02 22 c 1e 1e c 1d 28 c 14 2b 33 34 16 1a 24 16 2b 1e c 1d 16
FIXUPS: 14d7d 2c c 2a fffff844 13 12 12 13 17 8 33 16 c 2e f 1e 1d 36 20
FIXUPS: 147c0 13 22 1f 19 36 16 31 2f 48 25 1e 36 16 1a 13 fffff6ff 44
FIXUPS: 14142 2e 28 4b 5e 23 25 23 24 23 20 27 23 23 26 20 1e 14 21 4b
FIXUPS: 144af 42 56 33 1b c 19 c 22 1f fffff49b 59 20 1e 21 22 23 f 13
FIXUPS: 13bf7 35 1b c 43 1e 22 4f 22 4f 22 27 1e 9a 22 20 22 70 26 32 22
FIXUPS: 14020 3f fffff40a 35 24 19 20 1d 1e 222 24 1e 24 1e 1f 1a 1e 22
FIXUPS: 13873 22 1e 22 1e 22 1e 22 1e 24 1e 20 1b 3c 30 1c fffff4a9 27
FIXUPS: 12f70 24 16 23 1e 43 c 1a 1a 16 43 3f 1c 1c 1c 39 21 16 16 42 f
FIXUPS: 13307 21 20 25 10 35 17 43 32 fffff5e7 14 24 1c 1d 1e 25 19 15
FIXUPS: 12b1d 11 52 8 1f 28 10 2a f 2a a 2f a 4d 44 41 28 25 c b9 56 16
FIXUPS: 12ef9 fffff37b 17 45 20 26 32 7e 9c 27 17 69 1b 96 75 2a dc 12
FIXUPS: 12777 a6 56 35 1b 17 16 17 16 17 16 40 a 15 3f fffff042 5d b 4d
FIXUPS: 11b62 2c b 53 81 b 20 ba 27 33 3e 21 5a 28 27 21 24 3e 26 e 39
FIXUPS: 11fdf 27 4f b2 38 27 7b fffff042 b6 1b 19 39 16 c 10f 38 19 14
FIXUPS: 114f1 3a 14 21 27 19 20 82 6f 2c 18 23 43 3b 32 5c 61 b0 58 20
FIXUPS: 119e9 fffff343 1e c 28 1e c 28 1e c 28 1e c 28 1e c 28 1e c 2b
FIXUPS: 10f39 c 39 2a 36 68 da 35 1a 1e c 4d 31 fffff486 1e 3d 1e 31 1e
FIXUPS: 107a6 22 46 22 37 3d 2b 16 30 c 1d 1e c 3f 2a 1e c 22f c 31 1e
FIXUPS: 10c91 32 1e c 2c fffff256 46 1e c 3c 2b 48 125 1e 27 1e 27 1e 27
FIXUPS: 102a0 4a 1e 6b 22 70 22 1f e 3a 2b 2b 1a b9 30 1e 3d 1e fffff3a8
FIXUPS: fa14 2c 18 c 70 15 1c 1a 4e 1b 1c 3b e 24 54 1e 43 1e c 5c 15 1c
FIXUPS: fd97 4e 1b 70 1c c 3b e 70 fffff449 1e c 35 1e c7 60 15 1c 1a 4e
FIXUPS: f5f2 6d 1e 93 31 24 31 66 22 51 77 21 c 23 e 14 2d c 21 c 30 fffff391
FIXUPS: ed9b 18 28 21 1e 20 20 60 3a 5c 14 55 1e 4b 1e 1c 45 1e c d4 15
FIXUPS: f1d0 1a 4e 1b 60 34 26 38 13 13 fffff44e 22 19 2f 22 19 40 62 33
FIXUPS: e95a 65 2c 2e c 30 1e 20 11 8d 2c 13 20 12 47 25 34 1e 9a 29 10
FIXUPS: ed59 13 fffff56d 19 1d 2d 1f 15 15 19 d 17 17 10 17 1e 26 1a c
FIXUPS: e49b 31 12 13 3d 4f 30 42 1a 36 2c 19 be 22 19 fffff38f c 21 1a
FIXUPS: dbc2 33 29 4f 21 12 57 21 3b 2a 6e 15 1c 1a 5f 1b 7f 1c c 7c e
FIXUPS: e033 1e c 5f 172 3d 25 fffff2bc 53 17 9d 21 34 21 2e 14 65 6d d
FIXUPS: d804 d 24 c 6b 20 24 10 45 14 28 26 30 1e 2f 27 32 57 d 1e fffff3bd
FIXUPS: cf0e 14 40 15 34 134 5c e 1a d 21 26 1c 1a d 29 e9 4f 39 25 2f
FIXUPS: d40a 3a 11 d 1a d 20 5f 17 15 fffff2de c ff 8b 51 20 26 12 2e 3d
FIXUPS: caff 38 2c 7d 1f 1d c 31 19 26 c cf 21 23 1d c 36 29 c 20 1a c
FIXUPS: 24f35 13 15 3e 61 16 f 1e 10 13 be ffffec54 7b 45 3a 45 43 f d3
FIXUPS: 2401f 72 1c0 25 10 23 12 fffff69c e6 1c 1f 52 fffe8c30 18359 15
FIXUPS: 24a74 19 18 5e 60 36 16 6c 24 1c 15 19 11 6a 19 f 17 15 1c 2a c
FIXUPS: 24dbb 1f 3d 2f 20 c 11 1f 40 fffff5e8 1c 3e 2d 5b 39 12 15 1a 24
FIXUPS: 2466f 2b 23 31 22 52 19 36 8f 17 c 78 19 19 f 12 18 12 69 33 15
FIXUPS: 24a47 f1ea 13 14a 119 11e 15 1e 106 1d 1a 106 1a 1d5 11b 14c 106
FIXUPS: 348f7 1e 32 67 11d fffef80e d f 62 35 15 23 34 2b 1b 72 e3b8 7a
FIXUPS: 32a00 23 31 7c 106 6d 1a 15 11e 53 70 12b 38 11d ce 2c 106 11c
FIXUPS: 334a3 106 2a 1c 30 6a 63 121 76 13c 96 106 ffffde21 ea 1a 101 2b
FIXUPS: 31d36 29 1b a1 32 45 22 41 31 14 135 1e 106 56 1a 15 42 24 22 10b
FIXUPS: 323db 106 2a 106 28 106 23 ffffe5c7 54 4e 1bd d5 39 33 145 90 18
FIXUPS: 312ec 130 83 3e 33 d7 25 43 3b 70 36 1a 2c 1e 2d 31 22 2d 2f 7f
FIXUPS: 3192a 1e ffffe452 43 23 54 106 44 25 3b 10 106 26 106 3f 106 53
FIXUPS: 304ff 38 1a 106 24 106 51 106 6b 7e 2d 2f 1d 28 4c 106 63 ffffe614
FIXUPS: 2f238 1b d 1b d 12 d 1f 4c d4 1a 35 49 119 1c 2e 1a 106 39 48 167
FIXUPS: 2fa13 54 2f 31 38 43 106 25 10 17 fffff048 15 1e 24 106 1b 13 1a
FIXUPS: 2ef87 3f 36 16 d 1b 24 15 1b d 1f 15 21 2e 15 1f 24 15 d 1b d 1b
FIXUPS: 2f1e8 24 fffff0f3 125 5b 1f d1 b3 1f 3f 12d 3e 41 106 11c 4b 34
FIXUPS: 2eb30 22 15 1f 15 12 25 15 19 19 d d 24 d d 16 d ffffe291 106 13b
FIXUPS: 2d183 55 99 ac 9f 45 5f 116 cd c8 31 139 2e 28 106 12b 30 30 1b
FIXUPS: 2dc7d 23 131 2b 123 117 2c 11d 36 44 ffffd9f4 4e 5d 49 13c 7a 79
FIXUPS: 2c056 13 1e 106 55 ff 7a 13 106 10 8f 106 17c 115 3d 2b 2b 2e 110
FIXUPS: 2caaf 113 a2 32 113 141 ffffdfb1 16 179 21 17d 43 13 106 20 20
FIXUPS: 2b377 106 103 1b 1b 6d 27 6d 5a 1b d 2d 25 136 32 21 110 13 1e
FIXUPS: 2bb5b 1e 47 ffffdd4d 9d 17 5d 106 37 62 106 126 7f 106 11c 4f 1e
FIXUPS: 2a1fd 181 129 4d 1e 106 10f 123 4c 1e 106 110 12f 13 1e 29 106
FIXUPS: 2ad7f ffffe162 2b 1d 25 12 15 a6 40 2b 35 3b 14 15 18 31 1a 2b
FIXUPS: 291c2 1d 25 12 15 17 c 106 11b 44 106 62 106 55 106 ffffef97 1b
FIXUPS: 28852 15 1b d 1a 1b 15 f 92 f 49 37 16 f 9f 19 9f 2c 42 19 1b 1f
FIXUPS: 28cbd 42 29 1c 1d f 11a 17 fffff3cf 1a 47 1f 37 d f 50 1a 40 8
FIXUPS: 28408 85 15 1e 61 41 2b 39 1a 1f 19 c ed 1a 22 19 27 16 36 15 e
FIXUPS: 27ddd 25 29 1a 19 1e 1c 28 19 17 10 d 2b 1a 19 16 1e 1c 10 15 11b
FIXUPS: 2810e 18 19 c d 22 1c 22 20 17 40 fffff2e6 13 88 17 8b 2c 19 16
FIXUPS: 276d7 16 13 43 d c d 11 35 34 12 45 70 2f 10 116 11 13d 106 75
FIXUPS: 27cd7 5b 1b 60 ffffedb2 2b 110 117 139 61 1a 19 e2 16 17 16 11
FIXUPS: 270ea 2b 2b e3 3d 35 24 23 1e 1e 1d 16 d 16 11 36 2b 110 19 ffffeb34
FIXUPS: 26057 1d 106 14 106 11c 10 10 2d 1a 19 106 17 106 26 119 4c 15
FIXUPS: 26809 17 16 11 106 1d 16 17 16 15 106 36 1d e484 30 32 30 30 34
FIXUPS: 350bc 464 fffff64c 29 8a ffff05bd a6 e9 81 106 173 13 1e 106 162
FIXUPS: 25a33 d 123 14 106 11b 23 18 119 114 24 fda7 1e 24 48 4d 1a 4a
FIXUPS: 35f2c 4e 3b 45 1e 90 4e 2a 55 2a 55 6e 1a ffffea6b 31 cf d 2e 2f
FIXUPS: 34e80 2f 2f 2f 32 30 67d 27 4b 2e 52 2a 19 70 74 1a 23 24 4d 6a
FIXUPS: 35948 2b 4e 60 e0 56 e 4d 40 2e 27 1c 27 15 3e 4a 53 1f b819 1a
FIXUPS: 41627 15 43 5d 1a 39 ffff4ba1 28 28 35 6a 2d 2c 22 74 1b c 1e 41
FIXUPS: 3654a 32 4b 10 1e 41 16 32 29 66 2b a853 35 24 1e 1a 1d 11 a9 23
FIXUPS: 41184 1e 1a 20 1a 48 1e 3f 1e 20 1a 38 36 3c 2b 2b 2a 2b 24 38
FIXUPS: 414c6 b7 1e fffff340 3d 2b 2c 3c e8 a2 36 2e 2d 2e 2b 25 77 15
FIXUPS: 40ceb 32 1e 1e 32 1e 3b 3b 15 25 3c 2b 2b 2a 1e f 10 ffffef0d 1b
FIXUPS: 3fe93 80 e 154 2e 2d 2e 2b 25 d 73 20 a3 31 72 4c 63 3d 2d 2e 2e
FIXUPS: 404d4 2b 29 3c 26 e1 f1 b6 a5 ffffef38 14 22 24 a3 22 36 e 36 2b
FIXUPS: 3f9de 45 24 53 73 1f e 19 e 24 1a 25 e 12 15 af 49 43 1e b2 e 2f
FIXUPS: 3f09b e 40 36 43 2e e ac e 36 2b 45 2e 1b 5e 23 e 14 26 e 2d e
FIXUPS: 3f496 2b 2b 33 e 43 e f1 e 12 fffff434 5d 1c 26 e 87 35 30 1e 98
FIXUPS: 3ed28 1a 1c 26 e 22 1e e 18 14 78 2a 2a 40 1a 5f 54 17 27 26 e
FIXUPS: 3f075 fffff45d 40 64 12 4a 42 13 1e 1e 85 16 1e 32 26 26 e 22 1a
FIXUPS: 3e838 2e 22 e 80 35 25 42 27 1e 1c 3b 27 26 fffff157 2e 57 10 1f
FIXUPS: 3dd2f 4f 1d b4 2e 2b 2b 42 1b 22 22 22 c5 4e 10 fd 44 38 1a 33
FIXUPS: 3e2d5 81 37 1e 56 22 e ffffefd9 2f 69 22 15 42 38 44 2c 22 22 e
FIXUPS: 3d62c 13 16 95 35 3a 34 90 22 e df 6c 66 2b 2e 4e 42 1b 22 29 ffffefe4
FIXUPS: 3cb4b 2a 1c e 3d 42 cb 56 14 2b 1e 35 21 2b 2d 2b 2d 42 13 38 62
FIXUPS: 3d004 6a 31 1eb 32 4d 2e e 18 6a fffff00b 16 e 1b 1e 44 1e 1a 39
FIXUPS: 3c500 e 5b 58 96 1a 53 17 1e c8 62 22 22 1c 22 e 37 2b 35 42 131
FIXUPS: 3cadb 38 ffffed8d 18 1b 4a 3f 39 2b 2b 13e 28 16 e a9 13e 28 16
FIXUPS: 3bda8 a6 36 2b 2b 2b 17c 81 7a 2b 32 1c e 2b 42 13a ffffec68 2f
FIXUPS: 3b063 1c e 34 1c e 24 31 21 2b 2d 42 146 e 68 38 71 19 18 1b 4a
FIXUPS: 3b535 40 2b 42 186 38 79 30 3e fffff163 35 2d 42 15 1c e 16 1a
FIXUPS: 3ab35 59 1f 15 d 54 1c 62 38 2d 20 1a 38 38 89 20 22 38 45 4d 16
FIXUPS: 3afa0 5c fffff35a 20 5e e 21 3b 38 20 24 22 e 38 32 e 38 32 15
FIXUPS: 3a5fc 15 19 15 4a 102 22 38 45 4d 16 1e 38 a5 37 fffff101 1d 1e
FIXUPS: 39b33 25 a6 2d 31 2f 21 2b 2d 42 14a e 68 38 71 19 19 1b 3d 54
FIXUPS: 3a1bb 46 38 36 1c e 25 38 28 fffff1ab 27 22 36 1d 1e 38 28 90 44
FIXUPS: 3972a 13 1e 38 25 16 12 17 45 4a 4d 19 e 13 45 21 40 42 4d 15 13
FIXUPS: 39a88 fffff509 25 23 27 e 1a 38 14 4b 1a 21 25 23 27 e 1e 22 40
FIXUPS: 39253 42 23 e 31 38 27 22 5d 42 23 e 31 18 fffff266 f 140 b4 1c
FIXUPS: 38931 42 82 15 e 4c 1d 45 3f 50 131 40 25 17 40 1a 1f 3d 1a 1b
FIXUPS: 38e2a 4a 13 40 42 4d 1a ffffe605 16a 36 2b 177 e 76 e 145 e 157
FIXUPS: 37c1e 18f e 145 e 275 28 2b9 42 19 e 16 22 e 38 3d e 38 2c e 38
FIXUPS: 37004 38 14 d 3d 16 45 30 38 36 2b 42 6e 22 e 20 38 38 38 1a 16
FIXUPS: 373b8 e 42 4d 19 14 49 14 4b 28 15 a4d7 ffff5028 f 3a 35 a 10 3a
FIXUPS: 36b52 10 5c 5d 78 87 13 f 10 50 13 1e 38 26 e f f 13 9f 3d 36 42
FIXUPS: 36fd3 13 aee2 93 af 8a 2f 51 4a 2a 1c 24 1e 48 1a 19 fffff50c 24
FIXUPS: 417bf 24 2e 20 2e 20 31 1c 34 16 83 26 27 c 1b 25 11d7 40 27 86
FIXUPS: 42d84 4f 71 4c 27 88 17 53 1e 16 1e 46 7d 7c 1c 45 87 136 43 14
FIXUPS: 433c5 44 12 23 27 55 12 ffffe889 7fb 17 1d 6f 27 1e 15 1d 1a 36
FIXUPS: 426f2 1e 45 26 1e 4c 1e 28 1e 3b 2b 1a 37 65 3f af 90 1a 4c 2b
FIXUPS: 42b8b 36 19ad 42 3c e 12 42 54 1e 62 22 37 221 56 68 2b 32 34 14a
FIXUPS: 44c41 34 28 ffffd69a 2b 17 22 15 42 64 27 1e 4f 28 184a 3e 2b 20
FIXUPS: 43e08 29 1e da 18 4b 27 13 16 47 100 36 1b 9c 36 5c 1a 2e 1a 28
FIXUPS: 44346 83 28 5c 26 33 96 26 fffff127 29 44 32 2e 1e 39 8e e 2b 1a
FIXUPS: 438a8 14 6e 70 30 1e 73 1e 15 1d 22 3d 2c 24 22 3c 87 1e 20 71
FIXUPS: 43d1b 1033 76 18 6a 26 4b 27 21 32 29 3d 13 18 20 1e 92 1d 1b 22
FIXUPS: 45137 36 29 87 17 19 ffffe2d8 2d 33 3b 34 60 15 25be 20 39 3b 32
FIXUPS: 45d12 32 71 74 f 44 13 f 23 23 26 23 23 8a ed 13 13 fffff1a1 1c
FIXUPS: 45311 2b 29 7a 86 5b fffff852 26 1697 30 70 fffff0b0 1d 61 c6 c1
FIXUPS: 457a0 83 98 4b 61 145 f 45 14 14 8 13 14 f d 1e 1b f f 10 f 10
FIXUPS: 45c08 10 ece 10 43 bf3 ffffed9a 5d 60 1a 48 33 5d a7 1a 1a 32 5e
FIXUPS: 467f1 5f fffff8bd 23 2a 25 16 10 10 1b 8 64 6c 4f 16 67 1c55 76
FIXUPS: 48071 39 5b 32 39 41 32 39 b7 24 5d 7d 32 3e 26 60 32 3e 26 46
FIXUPS: 485d5 3e 26 ffffe3a1 13 31 38 23 49 12 36f5 34 2b 3c 18f 13 4b
FIXUPS: 4a482 f5 6f 36 44 92 36 36 5f 17 21 47 5c 40 93 21 1d ffffde3d
FIXUPS: 48812 130 94 fffff3a0 26 bf 116 1445 49 1be 23 24 59 1e 126 40
FIXUPS: 49833 17 27 29 f1 17 a5 2c 150 4c 154 2c 3f 17 3d 15a e9 1f e 4c
FIXUPS: 4a0f8 30 83 186e 19 1e 21 16 19 e e e e e 10 f 15 13 12 16 e ffffceeb
FIXUPS: 48b5f 47 225 28 42 24 65 e7 20e 21 2b 2e ba 23e1 12 10 e 10 14
FIXUPS: 4b72a e 86 e e e 15 13 12 10 13 e 10 16 16 19 e 1d 1f 60 e e e
FIXUPS: 4b9a4 4b 1c fffff917 7e 26 10 f 15 13 12 11 10 e e 11 e e e 12
FIXUPS: 4b4bf e 5f 10 e 19 21 79 f e e e 15 12 58 fffff947 12 16 e 7e 10
FIXUPS: 4b0cc 12 10 15 17 f e e e e e 90 e e e e e c 4b 10 f 15 13 e e
FIXUPS: 4b30f fffff8eb 2b 4b 40 5d 2a 4b 65 15 c 12 13 10 12 e e 4d 26
FIXUPS: 4aef5 f e 1e 1c 1e 19 e e e 11 10 c 12 da6 21 27 8f 58 1f c 12
FIXUPS: 4bf0e 74 c3 34 3f 15 44 5d 70 18 6e 2c b8 1d b3 ffffe601 65 35
FIXUPS: 4aadb 24 10 41 2b 48 5d08 27 27 61 f 21 13 1c 12 1c 4d 55 c 39
FIXUPS: 50b1c 2d 3e 1a 3b ffffb86c 3a 7d 19 fffff681 1e 18 d7 d 35 13 5a
FIXUPS: 4bd66 452e 37 1f 12 1c 4d e c 66 2e 30 57 37 1f 12 1c 41 c 1e 4a
FIXUPS: 505e1 c 156 2b 27 27 21 27 c 36 2e 30 fffff10e 3c 59 2b 2c 50 26
FIXUPS: 4fb74 47 1e 68 3e 1d 70 101 2f 50 59 29 21 1c 44 11 17 1d 4a bf
FIXUPS: 50108 96 41 2e 30 ffffee02 94 50 1d 79 23 26 3c 59 2c 24 35 68
FIXUPS: 4f3c5 1d 7d 38 47 13 176 38 38 13 15 e1 23 26 3c 59 2b 80 23 ffffefc2
FIXUPS: 4e9a1 17 42 2f 19 27 23 26 3c 59 2b 19 4e 27 6b 17 44 2a 1e 68
FIXUPS: 4ed94 42 40 1d 79 23 26 3c 59 2b 6c fffff22e 47 2e 27 4e 1e 4e
FIXUPS: 4e3c7 1f 1f 3a 2b 2b 59 1a 2a 39 2b 2b 4e 1a 45 44 29 92 4e 18
FIXUPS: 4e821 34 4e 55 2b fffff1ee f3 29 29 a0 2d 41 54 27 37 24 31 3c
FIXUPS: 4decb 42 3c 27 2a e 21 13 31 68 29 52 42 15 2a 15 29 15 51 ffffec70
FIXUPS: 4cea0 151 1e 293 1e 10 265 80 2e 2b 6a 5d ad 2e 2b 1d 4f 37 2d
FIXUPS: 4d8d6 2b 20 2f 21 1a 1d 33 2b 1d 1d c5 3178 2b 2d 2e 2b 2b 38 2e
FIXUPS: 50de5 2e 2b 2b 38 ffffb732 69 23 3f 11e 13 69 2b 53 e2 22 f6 25
FIXUPS: 4cd68 1e 3e 2b 43 31
