 wudpland

 Timestamp is 3726ee57 (Wed Apr 28 04:17:43 1999)

 Preferred load address is 10000000

 Start         Length     Name                   Class
 0001:00000000 00005a52H .text                   CODE
 0002:00000000 0000005dH .rdata                  DATA
 0002:00000060 000001c2H .edata                  DATA
 0003:00000000 00000004H .CRT$XCA                DATA
 0003:00000004 00000004H .CRT$XCZ                DATA
 0003:00000008 00000004H .CRT$XIA                DATA
 0003:0000000c 00000004H .CRT$XIZ                DATA
 0003:00000010 00001c0cH .data                   DATA
 0003:00001c1c 00000028H .bss                    DATA
 0004:00000000 00000050H .idata$2                DATA
 0004:00000050 00000014H .idata$3                DATA
 0004:00000064 000000f4H .idata$4                DATA
 0004:00000158 000000f4H .idata$5                DATA
 0004:0000024c 0000021cH .idata$6                DATA
 0005:00000000 0000007cH .rsrc$01                DATA
 0005:00000080 00000034H .rsrc$02                DATA

  Address         Publics by Value              Rva+Base   Lib:Object

 0001:00000000       _adialup_autodial_enabled  10001000 f adialup.obj
 0001:0000009f       _adialup_autodial_set      1000109f f adialup.obj
 0001:0000011a       _adialup_is_active         1000111a f adialup.obj
 0001:0000029b       _adialup_willdial          1000129b f adialup.obj
 0001:000002e0       _ddprintf                  100012e0 f ddprint.obj
 0001:000002f0       _dcstNextKey               100012f0 f dictset.obj
 0001:00000348       _dcstHashvalue             10001348 f dictset.obj
 0001:00000405       _dcstCreate                10001405 f dictset.obj
 0001:0000064d       _dcstDestroy               1000164d f dictset.obj
 0001:00000688       _dcstAdd                   10001688 f dictset.obj
 0001:00000783       _dcstAddEx                 10001783 f dictset.obj
 0001:000008b4       _dcstReplace               100018b4 f dictset.obj
 0001:0000091a       _dcstReplaceEx             1000191a f dictset.obj
 0001:00000984       _dcstDeleteValue           10001984 f dictset.obj
 0001:00000a12       _dcstDeleteKey             10001a12 f dictset.obj
 0001:00000bfc       _dcstFindKey               10001bfc f dictset.obj
 0001:00000d10       _dcstFindValue             10001d10 f dictset.obj
 0001:00000db2       _dcstForEach               10001db2 f dictset.obj
 0001:00000e5e       _dcstFreeze                10001e5e f dictset.obj
 0001:00000e9f       _dcstThaw                  10001e9f f dictset.obj
 0001:00000f10       _eclock_win32              10001f10 f eclock.obj
 0001:00000fa0       _logPkt_getFilename        10001fa0 f logpkt.obj
 0001:00000fd4       _logPkt_open               10001fd4 f logpkt.obj
 0001:0000112b       _logPkt_close              1000212b f logpkt.obj
 0001:00001152       _logPkt                    10002152 f logpkt.obj
 0001:00001370       _TCPWIN_Create             10002370 f WSTCP.obj
 0001:00002d27       _TCPWIN_Destroy            10003d27 f WSTCP.obj
 0001:00002db6       _TCPWIN_Address2Handle     10003db6 f WSTCP.obj
 0001:00003700       _TCPWIN_Handle2Address     10004700 f WSTCP.obj
 0001:0000394c       _TCPWIN_PutPacket          1000494c f WSTCP.obj
 0001:00003ca4       _TCPWIN_GetPacket          10004ca4 f WSTCP.obj
 0001:00003ff0       _commNoOp                  10004ff0 f WSTCPdll.obj
 0001:00004073       _commEnumPorts             10005073 f WSTCPdll.obj
 0001:00004098       _commInit                  10005098 f WSTCPdll.obj
 0001:000041a9       _commTerm                  100051a9 f WSTCPdll.obj
 0001:00004248       _commDriverInfo            10005248 f WSTCPdll.obj
 0001:000042ad       _commPlayerInfo            100052ad f WSTCPdll.obj
 0001:00004584       _commTxFull                10005584 f WSTCPdll.obj
 0001:000045de       _commTxPkt                 100055de f WSTCPdll.obj
 0001:00004783       _commPeekPkt               10005783 f WSTCPdll.obj
 0001:000047fa       _commRxPkt                 100057fa f WSTCPdll.obj
 0001:00004ba4       _commScanAddr              10005ba4 f WSTCPdll.obj
 0001:00004dab       _commPrintAddr             10005dab f WSTCPdll.obj
 0001:00004f4c       _commGroupAlloc            10005f4c f WSTCPdll.obj
 0001:00004fa6       _commGroupFree             10005fa6 f WSTCPdll.obj
 0001:00005000       _commGroupAdd              10006000 f WSTCPdll.obj
 0001:0000505a       _commSetParam              1000605a f WSTCPdll.obj
 0001:00005119       _commSayHi                 10006119 f WSTCPdll.obj
 0001:000052aa       _commSayBye                100062aa f WSTCPdll.obj
 0001:00005402       _DllMain@12                10006402 f WSTCPdll.obj
 0001:00005478       _CloseHandle@4             10006478 f kernel32:KERNEL32.dll
 0001:0000547e       _FreeLibrary@4             1000647e f kernel32:KERNEL32.dll
 0001:00005484       _GetProcAddress@8          10006484 f kernel32:KERNEL32.dll
 0001:0000548a       _LoadLibraryA@4            1000648a f kernel32:KERNEL32.dll
 0001:00005490       _GlobalFree@4              10006490 f kernel32:KERNEL32.dll
 0001:00005496       _GlobalAlloc@8             10006496 f kernel32:KERNEL32.dll
 0001:0000549c       _GetTickCount@0            1000649c f kernel32:KERNEL32.dll
 0001:000054a2       _GetSystemTime@4           100064a2 f kernel32:KERNEL32.dll
 0001:000054a8       _OutputDebugStringA@4      100064a8 f kernel32:KERNEL32.dll
 0001:000054ae       _ioctlsocket@12            100064ae f wsock32:WSOCK32.dll
 0001:000054b4       _htons@4                   100064b4 f wsock32:WSOCK32.dll
 0001:000054ba       _ntohs@4                   100064ba f wsock32:WSOCK32.dll
 0001:000054c0       _WSAGetLastError@0         100064c0 f wsock32:WSOCK32.dll
 0001:000054c6       _getsockname@12            100064c6 f wsock32:WSOCK32.dll
 0001:000054cc       _bind@12                   100064cc f wsock32:WSOCK32.dll
 0001:000054d2       _inet_ntoa@4               100064d2 f wsock32:WSOCK32.dll
 0001:000054d8       _setsockopt@20             100064d8 f wsock32:WSOCK32.dll
 0001:000054de       _socket@12                 100064de f wsock32:WSOCK32.dll
 0001:000054e4       _WSAStartup@8              100064e4 f wsock32:WSOCK32.dll
 0001:000054ea       _recvfrom@24               100064ea f wsock32:WSOCK32.dll
 0001:000054f0       _sendto@24                 100064f0 f wsock32:WSOCK32.dll
 0001:000054f6       _closesocket@4             100064f6 f wsock32:WSOCK32.dll
 0001:000054fc       _connect@12                100064fc f wsock32:WSOCK32.dll
 0001:00005502       _inet_addr@4               10006502 f wsock32:WSOCK32.dll
 0001:00005508       _gethostbyname@4           10006508 f wsock32:WSOCK32.dll
 0001:0000550e       _gethostname@8             1000650e f wsock32:WSOCK32.dll
 0001:00005514       _WSACleanup@0              10006514 f wsock32:WSOCK32.dll
 0001:0000551a       _ntohl@4                   1000651a f wsock32:WSOCK32.dll
 0001:00005520       _RegQueryValueExA@24       10006520 f advapi32:ADVAPI32.dll
 0001:00005526       _RegOpenKeyExA@20          10006526 f advapi32:ADVAPI32.dll
 0001:0000552c       _RegSetValueExA@24         1000652c f advapi32:ADVAPI32.dll
 0001:00005540       __alloca_probe             10006540   MSVCRTD:chkstk.obj
 0001:00005540       __chkstk                   10006540   MSVCRTD:chkstk.obj
 0001:00005570       _memset                    10006570 f MSVCRTD:MSVCRTD.dll
 0001:00005576       __assert                   10006576 f MSVCRTD:MSVCRTD.dll
 0001:0000557c       _memcpy                    1000657c f MSVCRTD:MSVCRTD.dll
 0001:00005582       _memcmp                    10006582 f MSVCRTD:MSVCRTD.dll
 0001:00005588       _sprintf                   10006588 f MSVCRTD:MSVCRTD.dll
 0001:0000558e       _fopen                     1000658e f MSVCRTD:MSVCRTD.dll
 0001:00005594       _rename                    10006594 f MSVCRTD:MSVCRTD.dll
 0001:0000559a       _fclose                    1000659a f MSVCRTD:MSVCRTD.dll
 0001:000055a0       _fprintf                   100065a0 f MSVCRTD:MSVCRTD.dll
 0001:000055a6       ___p__pctype               100065a6 f MSVCRTD:MSVCRTD.dll
 0001:000055ac       __isctype                  100065ac f MSVCRTD:MSVCRTD.dll
 0001:000055b2       ___p___mb_cur_max          100065b2 f MSVCRTD:MSVCRTD.dll
 0001:000055b8       _clock                     100065b8 f MSVCRTD:MSVCRTD.dll
 0001:000055be       _atoi                      100065be f MSVCRTD:MSVCRTD.dll
 0001:000055c4       _strcpy                    100065c4 f MSVCRTD:MSVCRTD.dll
 0001:000055ca       _strcat                    100065ca f MSVCRTD:MSVCRTD.dll
 0001:000055d0       _strlen                    100065d0 f MSVCRTD:MSVCRTD.dll
 0001:000055e0       __CRT_INIT@12              100065e0 f MSVCRTD:crtdll.obj
 0001:000057e0       __DllMainCRTStartup@12     100067e0 f MSVCRTD:crtdll.obj
 0001:00005920       __onexit                   10006920 f MSVCRTD:atonexit.obj
 0001:000059f0       _atexit                    100069f0 f MSVCRTD:atonexit.obj
 0001:00005a20       __free_dbg                 10006a20 f MSVCRTD:MSVCRTD.dll
 0001:00005a26       __initterm                 10006a26 f MSVCRTD:MSVCRTD.dll
 0001:00005a2c       __malloc_dbg               10006a2c f MSVCRTD:MSVCRTD.dll
 0001:00005a32       ___dllonexit               10006a32 f MSVCRTD:MSVCRTD.dll
 0001:00005a40       _GetVersion@0              10006a40 f kernel32:KERNEL32.dll
 0001:00005a46       _Sleep@4                   10006a46 f kernel32:KERNEL32.dll
 0001:00005a4c       __unlink                   10006a4c f MSVCRTD:MSVCRTD.dll
 0002:00000054       ??_C@_08JKC@crtdll?4c?$AA@ 10007054   MSVCRTD:crtdll.obj
 0003:00000000       ___xc_a                    10008000   MSVCRTD:cinitexe.obj
 0003:00000004       ___xc_z                    10008004   MSVCRTD:cinitexe.obj
 0003:00000008       ___xi_a                    10008008   MSVCRTD:cinitexe.obj
 0003:0000000c       ___xi_z                    1000800c   MSVCRTD:cinitexe.obj
 0003:00001770       _logpkt_fp                 10009770   WSTCPdll.obj
 0003:00001c14       ___win32sflag              10009c14   MSVCRTD:atonexit.obj
 0003:00001c30       _dp_dprintf                10009c30   <common>
 0003:00001c34       __adjust_fdiv              10009c34   <common>
 0003:00001c38       ___onexitend               10009c38   <common>
 0003:00001c3c       ___onexitbegin             10009c3c   <common>
 0003:00001c40       __pRawDllMain              10009c40   <common>
 0004:00000000       __IMPORT_DESCRIPTOR_KERNEL32 1000a000   kernel32:KERNEL32.dll
 0004:00000014       __IMPORT_DESCRIPTOR_WSOCK32 1000a014   wsock32:WSOCK32.dll
 0004:00000028       __IMPORT_DESCRIPTOR_ADVAPI32 1000a028   advapi32:ADVAPI32.dll
 0004:0000003c       __IMPORT_DESCRIPTOR_MSVCRTD 1000a03c   MSVCRTD:MSVCRTD.dll
 0004:00000050       __NULL_IMPORT_DESCRIPTOR   1000a050   kernel32:KERNEL32.dll
 0004:00000158       __imp__RegQueryValueExA@24 1000a158   advapi32:ADVAPI32.dll
 0004:0000015c       __imp__RegOpenKeyExA@20    1000a15c   advapi32:ADVAPI32.dll
 0004:00000160       __imp__RegSetValueExA@24   1000a160   advapi32:ADVAPI32.dll
 0004:00000164       \177ADVAPI32_NULL_THUNK_DATA 1000a164   advapi32:ADVAPI32.dll
 0004:00000168       __imp__GlobalAlloc@8       1000a168   kernel32:KERNEL32.dll
 0004:0000016c       __imp__GlobalFree@4        1000a16c   kernel32:KERNEL32.dll
 0004:00000170       __imp__GetSystemTime@4     1000a170   kernel32:KERNEL32.dll
 0004:00000174       __imp__OutputDebugStringA@4 1000a174   kernel32:KERNEL32.dll
 0004:00000178       __imp__LoadLibraryA@4      1000a178   kernel32:KERNEL32.dll
 0004:0000017c       __imp__GetTickCount@0      1000a17c   kernel32:KERNEL32.dll
 0004:00000180       __imp__FreeLibrary@4       1000a180   kernel32:KERNEL32.dll
 0004:00000184       __imp__Sleep@4             1000a184   kernel32:KERNEL32.dll
 0004:00000188       __imp__GetVersion@0        1000a188   kernel32:KERNEL32.dll
 0004:0000018c       __imp__GetProcAddress@8    1000a18c   kernel32:KERNEL32.dll
 0004:00000190       __imp__CloseHandle@4       1000a190   kernel32:KERNEL32.dll
 0004:00000194       \177KERNEL32_NULL_THUNK_DATA 1000a194   kernel32:KERNEL32.dll
 0004:00000198       __imp__memcpy              1000a198   MSVCRTD:MSVCRTD.dll
 0004:0000019c       __imp__fopen               1000a19c   MSVCRTD:MSVCRTD.dll
 0004:000001a0       __imp__memcmp              1000a1a0   MSVCRTD:MSVCRTD.dll
 0004:000001a4       __imp__sprintf             1000a1a4   MSVCRTD:MSVCRTD.dll
 0004:000001a8       __imp___onexit             1000a1a8   MSVCRTD:MSVCRTD.dll
 0004:000001ac       __imp____dllonexit         1000a1ac   MSVCRTD:MSVCRTD.dll
 0004:000001b0       __imp___adjust_fdiv        1000a1b0   MSVCRTD:MSVCRTD.dll
 0004:000001b4       __imp___malloc_dbg         1000a1b4   MSVCRTD:MSVCRTD.dll
 0004:000001b8       __imp___initterm           1000a1b8   MSVCRTD:MSVCRTD.dll
 0004:000001bc       __imp___free_dbg           1000a1bc   MSVCRTD:MSVCRTD.dll
 0004:000001c0       __imp__strlen              1000a1c0   MSVCRTD:MSVCRTD.dll
 0004:000001c4       __imp__strcat              1000a1c4   MSVCRTD:MSVCRTD.dll
 0004:000001c8       __imp__strcpy              1000a1c8   MSVCRTD:MSVCRTD.dll
 0004:000001cc       __imp__atoi                1000a1cc   MSVCRTD:MSVCRTD.dll
 0004:000001d0       __imp__clock               1000a1d0   MSVCRTD:MSVCRTD.dll
 0004:000001d4       __imp____p___mb_cur_max    1000a1d4   MSVCRTD:MSVCRTD.dll
 0004:000001d8       __imp___isctype            1000a1d8   MSVCRTD:MSVCRTD.dll
 0004:000001dc       __imp__memset              1000a1dc   MSVCRTD:MSVCRTD.dll
 0004:000001e0       __imp___assert             1000a1e0   MSVCRTD:MSVCRTD.dll
 0004:000001e4       __imp____p__pctype         1000a1e4   MSVCRTD:MSVCRTD.dll
 0004:000001e8       __imp__fclose              1000a1e8   MSVCRTD:MSVCRTD.dll
 0004:000001ec       __imp__unlink              1000a1ec   MSVCRTD:MSVCRTD.dll
 0004:000001ec       __imp___unlink             1000a1ec   MSVCRTD:MSVCRTD.dll
 0004:000001f0       __imp__rename              1000a1f0   MSVCRTD:MSVCRTD.dll
 0004:000001f4       __imp__fprintf             1000a1f4   MSVCRTD:MSVCRTD.dll
 0004:000001f8       \177MSVCRTD_NULL_THUNK_DATA 1000a1f8   MSVCRTD:MSVCRTD.dll
 0004:000001fc       __imp__ioctlsocket@12      1000a1fc   wsock32:WSOCK32.dll
 0004:00000200       __imp__ntohs@4             1000a200   wsock32:WSOCK32.dll
 0004:00000204       __imp__htons@4             1000a204   wsock32:WSOCK32.dll
 0004:00000208       __imp__bind@12             1000a208   wsock32:WSOCK32.dll
 0004:0000020c       __imp__inet_ntoa@4         1000a20c   wsock32:WSOCK32.dll
 0004:00000210       __imp__ntohl@4             1000a210   wsock32:WSOCK32.dll
 0004:00000214       __imp__WSACleanup@0        1000a214   wsock32:WSOCK32.dll
 0004:00000218       __imp__gethostname@8       1000a218   wsock32:WSOCK32.dll
 0004:0000021c       __imp__gethostbyname@4     1000a21c   wsock32:WSOCK32.dll
 0004:00000220       __imp__inet_addr@4         1000a220   wsock32:WSOCK32.dll
 0004:00000224       __imp__connect@12          1000a224   wsock32:WSOCK32.dll
 0004:00000228       __imp__closesocket@4       1000a228   wsock32:WSOCK32.dll
 0004:0000022c       __imp__sendto@24           1000a22c   wsock32:WSOCK32.dll
 0004:00000230       __imp__recvfrom@24         1000a230   wsock32:WSOCK32.dll
 0004:00000234       __imp__WSAStartup@8        1000a234   wsock32:WSOCK32.dll
 0004:00000238       __imp__socket@12           1000a238   wsock32:WSOCK32.dll
 0004:0000023c       __imp__getsockname@12      1000a23c   wsock32:WSOCK32.dll
 0004:00000240       __imp__WSAGetLastError@0   1000a240   wsock32:WSOCK32.dll
 0004:00000244       __imp__setsockopt@20       1000a244   wsock32:WSOCK32.dll
 0004:00000248       \177WSOCK32_NULL_THUNK_DATA 1000a248   wsock32:WSOCK32.dll

 entry point at        0001:000057e0

 Static symbols

 0001:00004446       _commHdl2tcp               10005446 f WSTCPdll.obj
 0001:00004a5e       _tcp2commHdl               10005a5e f WSTCPdll.obj
 0001:000021ff       _getsockerror              100031ff f WSTCP.obj
 0001:0000224f       _gethostaddr               1000324f f WSTCP.obj
 0001:000022d9       _gethostaddr_ping          100032d9 f WSTCP.obj
 0001:00002467       _gethostaddr_connect       10003467 f WSTCP.obj
 0001:00002579       _gethostaddr_gethostname   10003579 f WSTCP.obj
 0001:00005540       _$$$00001                  10006540 f MSVCRTD:chkstk.obj

FIXUPS: 159d 130 19 1d 37 ba 27 37 4e 59 10 56 14 4f 3f cd d1 9b 48 61
FIXUPS: 1123 17f d 5717 35 fffffd21 13f 25 26 25 ffffdb2c 80 63 67 5c 17
FIXUPS: 4617 99 141 94 1c4 4e 1c 34 d 2b e0 1c 34 d 1b9 7e d 40 76 d a
FIXUPS: 4f7a 21 20 ffffd130 25b 1222 2a 1c 264 12 3cd 16 4f 40 16 4f 94
FIXUPS: 3d9b 12 179 f 3a f 1c 4c 20 a1 71 44 4c 20 a1 8c 43 3c f 1f ffffec5b
FIXUPS: 3023 21 19 19 11 13 21 30 42 c 4f 1e 66 84 19 19 3f 49 1c 50 48
FIXUPS: 3431 d 40 1a e 12 25 2f 3a d 2cd7 15 13d 18 1d 15 1d ffffc007 47
FIXUPS: 2832 24 8f a5 17 51 2fd 12 48 4f 1d 25 21 52 23 19 45 23 51 1e
FIXUPS: 2f8e 1c 47 20dd 20 14 12 1b b6 e 156 f 8c 33a 14 23 76 149 2e 2d
FIXUPS: 59d1 1f 3f 251 84 1c 3d 28 e9 30 3b e 34 12 175
