 anet2d

 Timestamp is 42320f7c (Fri Mar 11 22:37:00 2005)

 Preferred load address is 10000000

 Start         Length     Name                   Class
 0001:00000000 00048c6eH .text                   CODE
 0002:00000000 000001c8H .idata$5                DATA
 0002:000001c8 000000d5H .rdata                  DATA
 0002:000002a0 00000064H .idata$2                DATA
 0002:00000304 00000014H .idata$3                DATA
 0002:00000318 000001c8H .idata$4                DATA
 0002:000004e0 000005fcH .idata$6                DATA
 0002:00000ae0 00000b9aH .edata                  DATA
 0003:00000000 00000004H .CRT$XCA                DATA
 0003:00000004 00000004H .CRT$XCZ                DATA
 0003:00000008 00000004H .CRT$XIA                DATA
 0003:0000000c 00000004H .CRT$XIZ                DATA
 0003:00000010 00024d70H .data                   DATA
 0003:00024d80 00002010H .bss                    DATA

  Address         Publics by Value              Rva+Base     Lib:Object

 0001:00000000       _aeh_SetCurrent            10001000 f   aeh.obj
 0001:00000024       _aeh_GetCurrent            10001024 f   aeh.obj
 0001:00000047       _MemoryAccessExceptionFilter 10001047 f   aeh.obj
 0001:000000cb       _aehmod_Destroy            100010cb f   aeh.obj
 0001:000001b5       _getExceptionInstruction   100011b5 f   aeh.obj
 0001:000001db       _aeh_Create                100011db f   aeh.obj
 0001:0000152a       _aeh_Destroy               1000252a f   aeh.obj
 0001:00001848       _aeh_getSignature          10002848 f   aeh.obj
 0001:00001907       _aeh_signature_toString    10002907 f   aeh.obj
 0001:00001934       _aeh_addComment            10002934 f   aeh.obj
 0001:00001a0e       _aeh_getAllInfo            10002a0e f   aeh.obj
 0001:00001f14       _codetostring              10002f14 f   aeh.obj
 0001:000022e4       _aeh_toString              100032e4 f   aeh.obj
 0001:00003709       _aeh_writeOutputStream     10004709 f   aeh.obj
 0001:00004405       _aeh_readInputStream       10005405 f   aeh.obj
 0001:00005250       _aeh_stripSysDesc          10006250 f   aeh.obj
 0001:000052b4       _aeh_stripInfoId           100062b4 f   aeh.obj
 0001:0000543d       _aeh_stripExceptionAddress 1000643d f   aeh.obj
 0001:00005460       _aehlog_Create             10006460 f   aehlog.obj
 0001:0000553d       _aehlog_close              1000653d f   aehlog.obj
 0001:0000557c       _aehlog_delete             1000657c f   aehlog.obj
 0001:000055a9       _aehlog_getfsize           100065a9 f   aehlog.obj
 0001:0000560d       _aehlog_tell               1000660d f   aehlog.obj
 0001:0000563c       _aehlog_seek               1000663c f   aehlog.obj
 0001:0000583d       _aehlog_readfrombuf        1000683d f   aehlog.obj
 0001:000058f8       _aehlog_writetobuf         100068f8 f   aehlog.obj
 0001:00005999       _aehlog_writeExceptionRecord 10006999 f   aehlog.obj
 0001:00005edf       _aehlog_appendMultExceptionRecords 10006edf f   aehlog.obj
 0001:00005f8c       _aehlog_appendExceptionRecord 10006f8c f   aehlog.obj
 0001:0000601f       _aehlog_readExceptionRecord 1000701f f   aehlog.obj
 0001:000060c0       _aeh_map_Find              100070c0 f   aehmap.obj
 0001:00006ae4       _aeh_mapcat_Create         10007ae4 f   aehmap.obj
 0001:00006de7       _aeh_mapcat_Destroy        10007de7 f   aehmap.obj
 0001:00006e90       _assoctab_create           10007e90 f   assoctab.obj
 0001:00006ea4       _assoctab_destroy          10007ea4 f   assoctab.obj
 0001:00006eb5       _assoctab_subscript_grow   10007eb5 f   assoctab.obj
 0001:00006f38       _assoctab_subscript_insert 10007f38 f   assoctab.obj
 0001:00006f6b       _assoctab_subscript        10007f6b f   assoctab.obj
 0001:00006fc2       _assoctab_subscript_delete 10007fc2 f   assoctab.obj
 0001:00007080       _dynatab_freeze_encrypted  10008080 f   crypttab.obj
 0001:000072b4       _dynatab_thaw_encrypted    100082b4 f   crypttab.obj
 0001:00007500       _deskey                    10008500 f   d3des.obj
 0001:00007900       _cpkey                     10008900 f   d3des.obj
 0001:0000793e       _usekey                    1000893e f   d3des.obj
 0001:0000797c       _des                       1000897c f   d3des.obj
 0001:00007fa0       _des2key                   10008fa0 f   d3des.obj
 0001:00007ff4       _Ddes                      10008ff4 f   d3des.obj
 0001:00008051       _D2des                     10009051 f   d3des.obj
 0001:00008147       _makekey                   10009147 f   d3des.obj
 0001:00008270       _make2key                  10009270 f   d3des.obj
 0001:00008399       _des3key                   10009399 f   d3des.obj
 0001:00008427       _cp3key                    10009427 f   d3des.obj
 0001:000084b1       _use3key                   100094b1 f   d3des.obj
 0001:0000853b       _make3key                  1000953b f   d3des.obj
 0001:000087c0       _delay_setBytesPerSec      100097c0 f   delay.obj
 0001:000087e0       _delay_setDelayMillisec    100097e0 f   delay.obj
 0001:0000881c       _delay_create              1000981c f   delay.obj
 0001:0000886f       _delay_destroy             1000986f f   delay.obj
 0001:0000887e       _delay_avail               1000987e f   delay.obj
 0001:000088b0       _delay_put                 100098b0 f   delay.obj
 0001:00008a2c       _delay_get                 10009a2c f   delay.obj
 0001:00008ae0       _dp_rplayers_cb@48         10009ae0 f   deltas.obj
 0001:00008bd4       _dp_rplayers_enumEx_cb@20  10009bd4 f   deltas.obj
 0001:00008c90       _dpRequestObjectDeltas     10009c90 f   deltas.obj
 0001:000093f2       _dpGetSessionId            1000a3f2 f   deltas.obj
 0001:000094e3       _dpSendObjectDelta         1000a4e3 f   deltas.obj
 0001:00009970       _GetPrimaryDisplayDesc     1000a970 f   detect.obj
 0001:00009c3e       _FindDeviceInRegistry      1000ac3e f   detect.obj
 0001:00009d8c       _FindRendition@0           1000ad8c f   detect.obj
 0001:00009ddb       _FindATI@0                 1000addb f   detect.obj
 0001:00009e2a       _FindMystique@0            1000ae2a f   detect.obj
 0001:00009e79       _FindMonster3D@0           1000ae79 f   detect.obj
 0001:00009ea0       _FindS3ViRGE@0             1000aea0 f   detect.obj
 0001:00009eef       _FindSTB@0                 1000aeef f   detect.obj
 0001:00009f3e       _FindOrchid@0              1000af3e f   detect.obj
 0001:00009f65       _FindPowerVR@0             1000af65 f   detect.obj
 0001:00009fa7       _Get3DHardware             1000afa7 f   detect.obj
 0001:0000a260       _DllMain@12                1000b260 f   dllmain.obj
 0001:0000a350       _dp_assertValidSessionContexts 1000b350 f   dp2.obj
 0001:0000a908       _dp_assertValid            1000b908 f   dp2.obj
 0001:0000aa92       _dumpAdrTable              1000ba92 f   dp2.obj
 0001:0000ab81       _dumpSessContext           1000bb81 f   dp2.obj
 0001:0000ace1       _dumpSessionContexts       1000bce1 f   dp2.obj
 0001:0000ad7e       _dpid2commHdl              1000bd7e f   dp2.obj
 0001:0000ae34       _dp_commHdl2dpid           1000be34 f   dp2.obj
 0001:0000af14       _commHdl4dpid              1000bf14 f   dp2.obj
 0001:0000b086       _dp_pack_session           1000c086 f   dp2.obj
 0001:0000b60a       _dp_unpack_session         1000c60a f   dp2.obj
 0001:0000b9d2       _dp_sessions_cb@48         1000c9d2 f   dp2.obj
 0001:0000bdd0       _dp_unpack_playerId        1000cdd0 f   dp2.obj
 0001:0000bec6       _dp_playervars_cb@48       1000cec6 f   dp2.obj
 0001:0000c180       _dp_hosts_cb@48            1000d180 f   dp2.obj
 0001:0000d193       _dp_myplayers_cb@48        1000e193 f   dp2.obj
 0001:0000d513       _dp_players_cb@48          1000e513 f   dp2.obj
 0001:0000da94       _dp_groups_cb@48           1000ea94 f   dp2.obj
 0001:0000dce9       _dp_group_players_cb@48    1000ece9 f   dp2.obj
 0001:0000dfbd       _dp_sessionContext_freeze  1000efbd f   dp2.obj
 0001:0000e395       _dp_sessionContext_thaw    1000f395 f   dp2.obj
 0001:0000e743       _dpFreeze                  1000f743 f   dp2.obj
 0001:0000f1a4       _dpCommThaw                100101a4 f   dp2.obj
 0001:00010403       __daoot                    10011403 f   dp2.obj
 0001:0001043d       _dpCreate                  1001143d f   dp2.obj
 0001:00011f55       _dpDestroy                 10012f55 f   dp2.obj
 0001:00012080       _dpCloseGameServer         10013080 f   dp2.obj
 0001:0001221b       _dpResolveHostname         1001321b f   dp2.obj
 0001:0001258f       _dpSetGameServer           1001358f f   dp2.obj
 0001:000125db       _dpSetGameServerEx         100135db f   dp2.obj
 0001:00012b17       _dpGetGameServerEx         10013b17 f   dp2.obj
 0001:00012bbc       _dpGetSessionDesc          10013bbc f   dp2.obj
 0001:00012d97       _dpGetSessionDescById      10013d97 f   dp2.obj
 0001:0001305f       _dpSetSessionDesc          1001405f f   dp2.obj
 0001:00013124       _dpGetCaps                 10014124 f   dp2.obj
 0001:00013287       _dpGetPlayerCaps           10014287 f   dp2.obj
 0001:000133d6       __daC                      100143d6 f   dp2.obj
 0001:000135d9       _dpOpen                    100145d9 f   dp2.obj
 0001:000167da       _dpClose                   100177da f   dp2.obj
 0001:00017782       _dpCastoffSession          10018782 f   dp2.obj
 0001:00017b03       _dpEnumSessions            10018b03 f   dp2.obj
 0001:00017e43       _dpDeclareLobby            10018e43 f   dp2.obj
 0001:00017ef4       _dpPrunePlayerSubscriptions 10018ef4 f   dp2.obj
 0001:000180e0       _dpPruneSessionSubscription 100190e0 f   dp2.obj
 0001:0001818e       _dpCreatePlayer            1001918e f   dp2.obj
 0001:00018493       _dpDestroyPlayer           10019493 f   dp2.obj
 0001:00018555       _dpNumPlayers              10019555 f   dp2.obj
 0001:00018588       _dpGetCurrentHostId        10019588 f   dp2.obj
 0001:00018622       _dpGetPlayerName           10019622 f   dp2.obj
 0001:00018839       _dpSetPlayerName           10019839 f   dp2.obj
 0001:00018a28       _dpGetPlayerBlob           10019a28 f   dp2.obj
 0001:00018bae       _dpSetPlayerBlob           10019bae f   dp2.obj
 0001:00018dc0       _dpEnumPlayers             10019dc0 f   dp2.obj
 0001:00019462       _dpEnumPlayersEx           1001a462 f   dp2.obj
 0001:00019aad       _dpEnableNewPlayers        1001aaad f   dp2.obj
 0001:0001b63e       _dp_uid2sessid             1001c63e f   dp2.obj
 0001:0001b70e       _dp_sessid4uid             1001c70e f   dp2.obj
 0001:0001b875       _dpReceive                 1001c875 f   dp2.obj
 0001:0001e3fb       _dpSend                    1001f3fb f   dp2.obj
 0001:0001e675       _dpFlush                   1001f675 f   dp2.obj
 0001:0001e6a6       _dpSetPingIntervals        1001f6a6 f   dp2.obj
 0001:0001e7de       _dpPingUser                1001f7de f   dp2.obj
 0001:0001e956       _dpCreateGroup             1001f956 f   dp2.obj
 0001:0001eb90       _dpDestroyGroup            1001fb90 f   dp2.obj
 0001:0001ee6d       _dpAddPlayerToGroup        1001fe6d f   dp2.obj
 0001:0001f387       _dpDeletePlayerFromGroup   10020387 f   dp2.obj
 0001:0001f650       _dpEnumGroups              10020650 f   dp2.obj
 0001:0001f7fb       _dpEnumGroupPlayers        100207fb f   dp2.obj
 0001:0001fbe5       _dpSetPlayerData           10020be5 f   dp2.obj
 0001:0001ff17       _dpSendPlayerData          10020f17 f   dp2.obj
 0001:0002029c       _dpGetPlayerData           1002129c f   dp2.obj
 0001:00020624       _dpReadyToFreeze           10021624 f   dp2.obj
 0001:00020736       _dpSetConnCallback         10021736 f   dp2.obj
 0001:000207c4       _dpGetParameterLong        100217c4 f   dp2.obj
 0001:000208bb       _dpGetCurrentTransportInfo 100218bb f   dp2.obj
 0001:0002097c       _dpTurnInit                1002197c f   dp2.obj
 0001:0002099f       _dpTurnFinish              1002199f f   dp2.obj
 0001:000209c2       _dpTurnPutMove             100219c2 f   dp2.obj
 0001:000209e5       _dpTurnGetMove             100219e5 f   dp2.obj
 0001:00020a08       _dpTurnPoll                10021a08 f   dp2.obj
 0001:00020a2b       _dpGetStats                10021a2b f   dp2.obj
 0001:00020ad0       _dp_crc32_inc              10021ad0 f   dpcrc32.obj
 0001:00020bad       _dp_crc32                  10021bad f   dpcrc32.obj
 0001:00020bc6       _dp_fil_crc32              10021bc6 f   dpcrc32.obj
 0001:00020c50       _commNoOp                  10021c50 f   dpdllwin.obj
 0001:00020c66       _commInit                  10021c66 f   dpdllwin.obj
 0001:00020c7c       _commTerm                  10021c7c f   dpdllwin.obj
 0001:00020c92       _commDriverInfo            10021c92 f   dpdllwin.obj
 0001:00020ca8       _commPlayerInfo            10021ca8 f   dpdllwin.obj
 0001:00020cbe       _commTxFull                10021cbe f   dpdllwin.obj
 0001:00020cd4       _commTxPkt                 10021cd4 f   dpdllwin.obj
 0001:00020cea       _commPeekPkt               10021cea f   dpdllwin.obj
 0001:00020d00       _commRxPkt                 10021d00 f   dpdllwin.obj
 0001:00020d16       _commScanAddr              10021d16 f   dpdllwin.obj
 0001:00020d2c       _commPrintAddr             10021d2c f   dpdllwin.obj
 0001:00020d42       _commGroupAlloc            10021d42 f   dpdllwin.obj
 0001:00020d58       _commGroupFree             10021d58 f   dpdllwin.obj
 0001:00020d6e       _commGroupAdd              10021d6e f   dpdllwin.obj
 0001:00020d84       _commSetParam              10021d84 f   dpdllwin.obj
 0001:00020d9a       _commSayHi                 10021d9a f   dpdllwin.obj
 0001:00020db0       _commSayBye                10021db0 f   dpdllwin.obj
 0001:00020dc6       _commEnumPorts             10021dc6 f   dpdllwin.obj
 0001:00020ddc       _dpGetTransportInfo        10021ddc f   dpdllwin.obj
 0001:00020f35       _dpEnumTransports          10021f35 f   dpdllwin.obj
 0001:0002112b       _dpLoadDLL                 1002212b f   dpdllwin.obj
 0001:000211e7       _dpUnloadDLL               100221e7 f   dpdllwin.obj
 0001:0002120b       _dpEnumPorts               1002220b f   dpdllwin.obj
 0001:000212c0       _dp_publishExceptions      100222c0 f   dpexcept.obj
 0001:0002161f       _dp_setExceptionCb         1002261f f   dpexcept.obj
 0001:00021657       _dp_subscribeExceptions    10022657 f   dpexcept.obj
 0001:000216bc       _dp_handleExceptionRecords 100226bc f   dpexcept.obj
 0001:0002170f       _StupidExceptionFilter     1002270f f   dpexcept.obj
 0001:00021719       _dpReportCrash             10022719 f   dpexcept.obj
 0001:0002172c       _dpReportCrashEx           1002272c f   dpexcept.obj
 0001:00022081       _dpReportAssertionFailure  10023081 f   dpexcept.obj
 0001:000220a0       _dpio_dprintAdr            100230a0 f   dpio.obj
 0001:00022165       _dpio_assertReliableValid  10023165 f   dpio.obj
 0001:00022263       _dpio_get_latency          10023263 f   dpio.obj
 0001:000223c7       _dpio_get_player_latency   100233c7 f   dpio.obj
 0001:000226bc       _dpio_setIncomingCallback  100236bc f   dpio.obj
 0001:00022949       _dpio_setMaxPlayerHdls     10023949 f   dpio.obj
 0001:00022b14       __dpbs                     10023b14 f   dpio.obj
 0001:00022de9       _dpio_printAdr             10023de9 f   dpio.obj
 0001:000230cc       _dpio_openHdlRaw           100240cc f   dpio.obj
 0001:000230e5       _dpio_openHdlRaw2          100240e5 f   dpio.obj
 0001:00023455       _dpio_closeHdlRaw          10024455 f   dpio.obj
 0001:000234a1       _dpio_freezeHdl            100244a1 f   dpio.obj
 0001:00023916       _dpio_thawHdl              10024916 f   dpio.obj
 0001:00023ba6       _dpio_freeze               10024ba6 f   dpio.obj
 0001:000240b9       _dpio_forceRxDropPercent   100250b9 f   dpio.obj
 0001:0002419b       _dpio_setPingIntervals     1002519b f   dpio.obj
 0001:00024370       _dpio_set_clocks           10025370 f   dpio.obj
 0001:000244ce       _dpio_hdl2adr              100254ce f   dpio.obj
 0001:000244ed       _dpio_hdl2adr2             100254ed f   dpio.obj
 0001:000245e2       _dpio_hdl2name             100255e2 f   dpio.obj
 0001:0002469e       _dpio_destroy              1002569e f   dpio.obj
 0001:0002484e       _dpio_create               1002584e f   dpio.obj
 0001:000257fe       _dpio_q_packet             100267fe f   dpio.obj
 0001:000261da       _dpio_getHdlTxPktsFree     100271da f   dpio.obj
 0001:000264fa       _dpio_getHdlState          100274fa f   dpio.obj
 0001:000267b0       _dpio_getHdlAge            100277b0 f   dpio.obj
 0001:00026a6c       _dpio_getHdlRemoteCapabilities 10027a6c f   dpio.obj
 0001:00026c53       _dpio_openHdl              10027c53 f   dpio.obj
 0001:00026c6a       _dpio_openHdl2             10027c6a f   dpio.obj
 0001:00027627       _dpio_closeHdl             10028627 f   dpio.obj
 0001:00027bee       _dpio_closeHdlImmed        10028bee f   dpio.obj
 0001:00028050       _dpio_ReadyToFreeze        10029050 f   dpio.obj
 0001:00028399       _dpio_higherLevelBlanketAck 10029399 f   dpio.obj
 0001:00028f4e       _dpio_flush                10029f4e f   dpio.obj
 0001:000292aa       _dpio_get                  1002a2aa f   dpio.obj
 0001:0002cec7       _dpio_put_unreliable       1002dec7 f   dpio.obj
 0001:0002d245       _dpio_put_reliable2        1002e245 f   dpio.obj
 0001:0002dbda       _dpio_localQ_npkts         1002ebda f   dpio.obj
 0001:0002dbfa       _dpio_getBroadcastHdls     1002ebfa f   dpio.obj
 0001:0002de7d       _dpio_findTimedOutHost     1002ee7d f   dpio.obj
 0001:0002e8c7       _dpio_setHandleOptions     1002f8c7 f   dpio.obj
 0001:0002ed3d       _dpio_update               1002fd3d f   dpio.obj
 0001:0002f370       _getTempDir                10030370 f   dpprivy.obj
 0001:0002f3c4       _writeSwap                 100303c4 f   dpprivy.obj
 0001:0002f3ec       _readSwap                  100303ec f   dpprivy.obj
 0001:0002f414       _key2buf                   10030414 f   dpprivy.obj
 0001:0002f4a0       _dp_flushLog               100304a0 f   dprint.obj
 0001:0002f4c6       _dp_getLogFP               100304c6 f   dprint.obj
 0001:0002f4d0       _dp_setLogFP               100304d0 f   dprint.obj
 0001:0002f4f2       _dp_setLogFname            100304f2 f   dprint.obj
 0001:0002f554       _dp_enableDebugPrint       10030554 f   dprint.obj
 0001:0002f5a7       _dp_dprintf                100305a7 f   dprint.obj
 0001:0002fd90       _dpscore_client_init       10030d90 f   dpscore.obj
 0001:0002fe98       _dpscore_client_cleanup    10030e98 f   dpscore.obj
 0001:0002ff5d       _dpscore_client_playerLeaving 10030f5d f   dpscore.obj
 0001:000302dd       _dpReportScore             100312dd f   dpscore.obj
 0001:000302e4       __dax7                     100312e4 f   dpscore.obj
 0001:0003030f       __dax8                     1003130f f   dpscore.obj
 0001:000303e0       _dpReportScoreBuf          100313e0 f   dpscore.obj
 0001:0003064d       __dax9                     1003164d f   dpscore.obj
 0001:00030678       _dpscores_cb@48            10031678 f   dpscore.obj
 0001:000306cb       _dpscore_client_subscribe  100316cb f   dpscore.obj
 0001:00030892       _dpGetMyId                 10031892 f   dpscore.obj
 0001:000308f0       _dpShutdown                100318f0 f   dpshutdn.obj
 0001:00030de0       _dptab_assertXfers         10031de0 f   dptab.obj
 0001:00030f86       _dptab_assertPeerXfers     10031f86 f   dptab.obj
 0001:0003102e       __dad                      1003202e f   dptab.obj
 0001:00031142       __dam                      10032142 f   dptab.obj
 0001:000312ae       __dag                      100322ae f   dptab.obj
 0001:0003145c       __daa                      1003245c f   dptab.obj
 0001:0003161d       __dae                      1003261d f   dptab.obj
 0001:00031a99       __dav                      10032a99 f   dptab.obj
 0001:00031e63       __daw                      10032e63 f   dptab.obj
 0001:000321c9       _dptab_getTableContext     100331c9 f   dptab.obj
 0001:000324bc       __daj                      100334bc f   dptab.obj
 0001:0003297e       __dao                      1003397e f   dptab.obj
 0001:00032ab2       __dac                      10033ab2 f   dptab.obj
 0001:00032d3c       __dai                      10033d3c f   dptab.obj
 0001:00032ddf       _dptab_handleSubscriptionRequest 10033ddf f   dptab.obj
 0001:00032f18       _dptab_handleUnsubscriptionRequest 10033f18 f   dptab.obj
 0001:00033068       __darr                     10034068 f   dptab.obj
 0001:000331af       _dptab_requestUnsubscription 100341af f   dptab.obj
 0001:0003330e       _dptab_shutdownMatchingSubscription 1003430e f   dptab.obj
 0001:000334a2       __dab                      100344a2 f   dptab.obj
 0001:000335ff       __dah                      100345ff f   dptab.obj
 0001:0003371d       _dptab_changePublisher     1003471d f   dptab.obj
 0001:00033c75       __dau                      10034c75 f   dptab.obj
 0001:0003442f       __daf                      1003542f f   dptab.obj
 0001:000349dd       _dptab_deleteIfSrc         100359dd f   dptab.obj
 0001:00034acc       __dal                      10035acc f   dptab.obj
 0001:00034e4a       __dak                      10035e4a f   dptab.obj
 0001:000351c0       __daq                      100361c0 f   dptab.obj
 0001:000355aa       __dap                      100365aa f   dptab.obj
 0001:000357f5       __dax                      100367f5 f   dptab.obj
 0001:0003580c       __das                      1003680c f   dptab.obj
 0001:00035eb6       __dat                      10036eb6 f   dptab.obj
 0001:0003612a       __daz                      1003712a f   dptab.obj
 0001:00037991       __dar                      10038991 f   dptab.obj
 0001:00038483       _dptab_tableRef_freeze     10039483 f   dptab.obj
 0001:000385f8       _dptab_tableRef_thaw       100395f8 f   dptab.obj
 0001:000387c7       __darz                     100397c7 f   dptab.obj
 0001:00038c6b       __dars                     10039c6b f   dptab.obj
 0001:000392a8       __dan                      1003a2a8 f   dptab.obj
 0001:00039c93       __day                      1003ac93 f   dptab.obj
 0001:0003a790       __dalw                     1003b790 f   dpuser.obj
 0001:0003a7d0       __dala                     1003b7d0 f   dpuser.obj
 0001:0003a810       __daaw                     1003b810 f   dpuser.obj
 0001:0003a84c       __daaa                     1003b84c f   dpuser.obj
 0001:0003a888       _dpRequestEmail            1003b888 f   dpuser.obj
 0001:0003a8c3       _dpGetPlayerUid            1003b8c3 f   dpuser.obj
 0001:0003aa50       _dynatab_create            1003ba50 f   dynatab.obj
 0001:0003aab3       _dynatab_destroy           1003bab3 f   dynatab.obj
 0001:0003aafa       _dynatab_removeAll         1003bafa f   dynatab.obj
 0001:0003ab24       _dynatab_remove            1003bb24 f   dynatab.obj
 0001:0003abcf       _dynatab_subscript_grow    1003bbcf f   dynatab.obj
 0001:0003acf7       _dynatab_subscript_insert  1003bcf7 f   dynatab.obj
 0001:0003ae8f       _dynatab_find              1003be8f f   dynatab.obj
 0001:0003af23       _dynatab_freeze            1003bf23 f   dynatab.obj
 0001:0003aff0       _dynatab_thaw              1003bff0 f   dynatab.obj
 0001:0003b120       _eclock_win32              1003c120 f   eclock.obj
 0001:0003b190       _dp_freezeAppsList         1003c190 f   enumapp.obj
 0001:0003b381       _dp_createAppsList         1003c381 f   enumapp.obj
 0001:0003b550       _dp_subscribeAppsList      1003c550 f   enumapp.obj
 0001:0003b666       _dpCheckAppVersion         1003c666 f   enumapp.obj
 0001:0003b910       _dpGetAppVersion           1003c910 f   enumapp.obj
 0001:0003bad4       _dpDownloadUpdate          1003cad4 f   enumapp.obj
 0001:0003bade       _dpEnumApp                 1003cade f   enumapp.obj
 0001:0003c080       _dp_servers_cb@48          1003d080 f   enumsrv2.obj
 0001:0003c4bd       _dp_serverpings_cb@48      1003d4bd f   enumsrv2.obj
 0001:0003c535       _dp_initEnumServers        1003d535 f   enumsrv2.obj
 0001:0003cdb2       _dp_saveServerList         1003ddb2 f   enumsrv2.obj
 0001:0003ce18       _dp_endEnumServers         1003de18 f   enumsrv2.obj
 0001:0003ce63       _dpEnumServers             1003de63 f   enumsrv2.obj
 0001:0003cf1d       _dpEnumServersEx           1003df1d f   enumsrv2.obj
 0001:0003d236       _dpEnumServersPoll         1003e236 f   enumsrv2.obj
 0001:0003d34e       _dpHandleServerPingResponsePacket 1003e34e f   enumsrv2.obj
 0001:0003d6c0       _GetMyFileVersionInfo      1003e6c0 f   getdisp.obj
 0001:0003d75b       _ClearEntry                1003e75b f   getdisp.obj
 0001:0003d7a2       _GetDriverSpecs            1003e7a2 f   getdisp.obj
 0001:0003d9bd       _SearchAllSubkeysForDisplays 1003e9bd f   getdisp.obj
 0001:0003db38       _GetDisplayProfileData@8   1003eb38 f   getdisp.obj
 0001:0003dbc0       _hkeytab_create            1003ebc0 f   hkeytab.obj
 0001:0003dbd4       _hkeytab_destroy           1003ebd4 f   hkeytab.obj
 0001:0003dbe5       _hkeytab_subscript_grow    1003ebe5 f   hkeytab.obj
 0001:0003dc9b       _hkeytab_subscript         1003ec9b f   hkeytab.obj
 0001:0003dd0e       _hkeytab_subscript_delete  1003ed0e f   hkeytab.obj
 0001:0003ddf0       _dpini_SetFile             1003edf0 f   ini.obj
 0001:0003de25       _dpini_GetFile             1003ee25 f   ini.obj
 0001:0003de41       _dpini_findSection         1003ee41 f   ini.obj
 0001:0003e075       _dpini_readParameter       1003f075 f   ini.obj
 0001:0003e1e7       _dpReadAnetInf             1003f1e7 f   ini.obj
 0001:0003e8a0       _dpLaunchApp               1003f8a0 f   launchap.obj
 0001:0003e8b3       _dpLaunchApp2              1003f8b3 f   launchap.obj
 0001:0003ebe0       _dp_launchParams_parse     1003fbe0 f   launchparams.obj
 0001:0003f030       _MD5Init                   10040030 f   md5c.obj
 0001:0003f070       _MD5Update                 10040070 f   md5c.obj
 0001:0003f16f       _MD5Final                  1004016f f   md5c.obj
 0001:00040230       _mywcs_wchar2netchar       10041230 f   mywcs.obj
 0001:000402c8       _mywcs_netchar2wchar       100412c8 f   mywcs.obj
 0001:00040358       _mywcs_lenn                10041358 f   mywcs.obj
 0001:0004038d       _mywcs_ncpy0               1004138d f   mywcs.obj
 0001:00040401       _mywcs_swabncpy0           10041401 f   mywcs.obj
 0001:00040491       _mywcs_frommbs             10041491 f   mywcs.obj
 0001:0004050d       _mywcs_tombs               1004150d f   mywcs.obj
 0001:0004058c       _mywcs_ncmp                1004158c f   mywcs.obj
 0001:000405f0       _q_create                  100415f0 f   q.obj
 0001:00040628       _q_destroy                 10041628 f   q.obj
 0001:00040661       _q_put                     10041661 f   q.obj
 0001:000406fa       _q_get                     100416fa f   q.obj
 0001:00040775       _q_nfree                   10041775 f   q.obj
 0001:000407a9       _q_freeze                  100417a9 f   q.obj
 0001:00040ab1       _q_thaw                    10041ab1 f   q.obj
 0001:00040e90       _MyRegOpenKey              10041e90 f   registry.obj
 0001:00040ebc       _MyRegQueryValueMalloc     10041ebc f   registry.obj
 0001:00040f32       _MyRegQuickQueryMalloc     10041f32 f   registry.obj
 0001:00040f81       _MyRegSetValue             10041f81 f   registry.obj
 0001:00040faf       _MyRegCreateKey            10041faf f   registry.obj
 0001:00040fe5       _MyRegEnumKeyMalloc        10041fe5 f   registry.obj
 0001:0004106b       _MyRegEnumValueMalloc      1004206b f   registry.obj
 0001:00041100       _scorerep_create           10042100 f   scorerep.obj
 0001:00041171       _scorerep_destroy          10042171 f   scorerep.obj
 0001:00041278       _scorerep_setSelf          10042278 f   scorerep.obj
 0001:0004130d       _scorerep_setLeaver        1004230d f   scorerep.obj
 0001:000413a8       _scorerep_set              100423a8 f   scorerep.obj
 0001:00041678       _scorerep_toBuf            10042678 f   scorerep.obj
 0001:000427a2       _scorerep_fromBuf          100437a2 f   scorerep.obj
 0001:00042c90       _scorerep_player_toBuf     10043c90 f   scorerep.obj
 0001:00042e21       _scorerep_player_fromBuf   10043e21 f   scorerep.obj
 0001:00042f30       _tca_create                10043f30 f   tca.obj
 0001:00042f76       _tca_openpw                10043f76 f   tca.obj
 0001:00042fa0       _tca_destroy               10043fa0 f   tca.obj
 0001:00043020       _tca_Freeze                10044020 f   tca.obj
 0001:000430a4       _tca_Thaw                  100440a4 f   tca.obj
 0001:00043133       _tca_uname2uid             10044133 f   tca.obj
 0001:00043176       _tca_uid2uname             10044176 f   tca.obj
 0001:000431ce       _tca_challenge_generate    100441ce f   tca.obj
 0001:000432f8       _tca_response_validate     100442f8 f   tca.obj
 0001:000434b0       _tca_response_generate     100444b0 f   tca.obj
 0001:000435d3       _tca_pwchange_generate     100445d3 f   tca.obj
 0001:00043760       _tca_pwchange_validate     10044760 f   tca.obj
 0001:00043984       _tca_newuser_generate      10044984 f   tca.obj
 0001:00043b39       _tca_newuser_validate      10044b39 f   tca.obj
 0001:00043d52       _tca_secretcode_validate   10044d52 f   tca.obj
 0001:00043f00       _tcapw_u2ascii             10044f00 f   tcapw.obj
 0001:00043f5e       _tcapw_hexprint            10044f5e f   tcapw.obj
 0001:00043fd0       _tcapw_create              10044fd0 f   tcapw.obj
 0001:0004401b       _tcapw_destroy             1004501b f   tcapw.obj
 0001:00044056       _tcapw_open                10045056 f   tcapw.obj
 0001:0004411a       _tcapw_close               1004511a f   tcapw.obj
 0001:0004418c       _tcapw_password_hash       1004518c f   tcapw.obj
 0001:0004420d       _tcapw_entry_create        1004520d f   tcapw.obj
 0001:000443f6       _tcapw_entry_delete        100453f6 f   tcapw.obj
 0001:00044435       _tcapw_entry_change        10045435 f   tcapw.obj
 0001:000444a7       _tcapw_entry_find_byid     100454a7 f   tcapw.obj
 0001:00044501       _tcapw_entry_find_byname   10045501 f   tcapw.obj
 0001:000445c5       _tcapw_get_secretcode      100455c5 f   tcapw.obj
 0001:00044660       _InitSnapshot              10045660 f   tlstuff.obj
 0001:0004473d       _InitUnDecorateSymbolName  1004573d f   tlstuff.obj
 0001:000447a0       _tserv_create              100457a0 f   tserv.obj
 0001:0004490d       _tserv_destroy             1004590d f   tserv.obj
 0001:0004498f       _tserv_Freeze              1004598f f   tserv.obj
 0001:00044eba       _tserv_Thaw                10045eba f   tserv.obj
 0001:000453db       _tserv_uid2hdl             100463db f   tserv.obj
 0001:0004550a       _tserv_hdl2uid             1004650a f   tserv.obj
 0001:000455a6       _tserv_uid2info            100465a6 f   tserv.obj
 0001:0004572f       _tserv_client_add          1004672f f   tserv.obj
 0001:00045951       _tserv_client_delete       10046951 f   tserv.obj
 0001:000459b3       _tserv_poll                100469b3 f   tserv.obj
 0001:0004648a       _tserv_send_credentials    1004748a f   tserv.obj
 0001:00046687       _tserv_handle_packet       10047687 f   tserv.obj
 0001:00047b74       _tserv_server_add          10048b74 f   tserv.obj
 0001:00047c4b       _tserv_account_loginW      10048c4b f   tserv.obj
 0001:00047e06       _tserv_account_createW     10048e06 f   tserv.obj
 0001:000480d6       _tserv_account_activateW   100490d6 f   tserv.obj
 0001:000481b5       _tserv_change_passwordW    100491b5 f   tserv.obj
 0001:00048407       _tserv_request_email       10049407 f   tserv.obj
 0001:000484d9       _tserv_server_delete       100494d9 f   tserv.obj
 0001:00048560       _tserv_account_loginA      10049560 f   tserva.obj
 0001:000485cf       _tserv_account_createA     100495cf f   tserva.obj
 0001:0004866d       _tserv_account_activateA   1004966d f   tserva.obj
 0001:000486b1       _tserv_change_passwordA    100496b1 f   tserva.obj
 0001:00048750       _CloseHandle@4             10049750 f   kernel32:KERNEL32.dll
 0001:00048756       _GlobalAlloc@8             10049756 f   kernel32:KERNEL32.dll
 0001:0004875c       _GlobalFree@4              1004975c f   kernel32:KERNEL32.dll
 0001:00048762       _GetCurrentThreadId@0      10049762 f   kernel32:KERNEL32.dll
 0001:00048768       _Sleep@4                   10049768 f   kernel32:KERNEL32.dll
 0001:0004876e       _GetTickCount@0            1004976e f   kernel32:KERNEL32.dll
 0001:00048774       _FindClose@4               10049774 f   kernel32:KERNEL32.dll
 0001:0004877a       _FindNextFileA@8           1004977a f   kernel32:KERNEL32.dll
 0001:00048780       _FindFirstFileA@8          10049780 f   kernel32:KERNEL32.dll
 0001:00048786       _GetModuleFileNameA@12     10049786 f   kernel32:KERNEL32.dll
 0001:0004878c       _FreeLibrary@4             1004978c f   kernel32:KERNEL32.dll
 0001:00048792       _GetProcAddress@8          10049792 f   kernel32:KERNEL32.dll
 0001:00048798       _LoadLibraryA@4            10049798 f   kernel32:KERNEL32.dll
 0001:0004879e       _CreateProcessA@40         1004979e f   kernel32:KERNEL32.dll
 0001:000487a4       _LocalFree@4               100497a4 f   kernel32:KERNEL32.dll
 0001:000487aa       _FormatMessageA@28         100497aa f   kernel32:KERNEL32.dll
 0001:000487b0       _GetLastError@0            100497b0 f   kernel32:KERNEL32.dll
 0001:000487b6       _SetEnvironmentVariableA@8 100497b6 f   kernel32:KERNEL32.dll
 0001:000487bc       _GetModuleHandleA@4        100497bc f   kernel32:KERNEL32.dll
 0001:000487c2       _GetEnvironmentVariableA@12 100497c2 f   kernel32:KERNEL32.dll
 0001:000487c8       _GetTempPathA@8            100497c8 f   kernel32:KERNEL32.dll
 0001:000487ce       _OutputDebugStringA@4      100497ce f   kernel32:KERNEL32.dll
 0001:000487d4       _GlobalReAlloc@12          100497d4 f   kernel32:KERNEL32.dll
 0001:000487da       _GetSystemTime@4           100497da f   kernel32:KERNEL32.dll
 0001:000487e0       _SetCurrentDirectoryA@4    100497e0 f   kernel32:KERNEL32.dll
 0001:000487e6       _GetSystemDirectoryA@8     100497e6 f   kernel32:KERNEL32.dll
 0001:000487ec       _WriteFile@20              100497ec f   kernel32:KERNEL32.dll
 0001:000487f2       _DuplicateHandle@28        100497f2 f   kernel32:KERNEL32.dll
 0001:000487f8       _GetCurrentProcess@0       100497f8 f   kernel32:KERNEL32.dll
 0001:000487fe       _MultiByteToWideChar@24    100497fe f   kernel32:KERNEL32.dll
 0001:00048804       _WideCharToMultiByte@32    10049804 f   kernel32:KERNEL32.dll
 0001:0004880a       _MessageBoxA@16            1004980a f   user32:USER32.dll
 0001:00048810       _RegCloseKey@4             10049810 f   advapi32:ADVAPI32.dll
 0001:00048816       _RegQueryValueExA@24       10049816 f   advapi32:ADVAPI32.dll
 0001:0004881c       _RegEnumKeyExA@32          1004981c f   advapi32:ADVAPI32.dll
 0001:00048822       _RegOpenKeyExA@20          10049822 f   advapi32:ADVAPI32.dll
 0001:00048828       _RegEnumKeyA@16            10049828 f   advapi32:ADVAPI32.dll
 0001:0004882e       _RegEnumValueA@32          1004982e f   advapi32:ADVAPI32.dll
 0001:00048834       _RegQueryInfoKeyA@48       10049834 f   advapi32:ADVAPI32.dll
 0001:0004883a       _RegSetValueExA@24         1004983a f   advapi32:ADVAPI32.dll
 0001:00048840       _RegCreateKeyExA@36        10049840 f   advapi32:ADVAPI32.dll
 0001:00048846       _VerQueryValueA@16         10049846 f   version:VERSION.dll
 0001:0004884c       _GetFileVersionInfoA@16    1004984c f   version:VERSION.dll
 0001:00048852       _GetFileVersionInfoSizeA@8 10049852 f   version:VERSION.dll
 0001:00048858       _strncpy                   10049858 f   MSVCRTD:MSVCRTD.dll
 0001:0004885e       _free                      1004985e f   MSVCRTD:MSVCRTD.dll
 0001:00048870       __except_handler3          10049870 f   MSVCRTD:MSVCRTD.dll
 0001:00048876       _strlen                    10049876 f   MSVCRTD:MSVCRTD.dll
 0001:0004887c       _malloc                    1004987c f   MSVCRTD:MSVCRTD.dll
 0001:00048882       _memset                    10049882 f   MSVCRTD:MSVCRTD.dll
 0001:00048888       _realloc                   10049888 f   MSVCRTD:MSVCRTD.dll
 0001:0004888e       _fprintf                   1004988e f   MSVCRTD:MSVCRTD.dll
 0001:00048894       _fclose                    10049894 f   MSVCRTD:MSVCRTD.dll
 0001:0004889a       _fopen                     1004989a f   MSVCRTD:MSVCRTD.dll
 0001:000488a0       _sprintf                   100498a0 f   MSVCRTD:MSVCRTD.dll
 0001:000488a6       _strcpy                    100498a6 f   MSVCRTD:MSVCRTD.dll
 0001:000488ac       _strcmp                    100498ac f   MSVCRTD:MSVCRTD.dll
 0001:000488b2       _strcat                    100498b2 f   MSVCRTD:MSVCRTD.dll
 0001:000488c0       __chkstk                   100498c0 f   MSVCRTD:chkstk.obj
 0001:000488c0       __alloca_probe             100498c0 f   MSVCRTD:chkstk.obj
 0001:000488f0       _strchr                    100498f0 f   MSVCRTD:MSVCRTD.dll
 0001:000488f6       _memcpy                    100498f6 f   MSVCRTD:MSVCRTD.dll
 0001:000488fc       _strstr                    100498fc f   MSVCRTD:MSVCRTD.dll
 0001:00048902       _sscanf                    10049902 f   MSVCRTD:MSVCRTD.dll
 0001:00048908       _remove                    10049908 f   MSVCRTD:MSVCRTD.dll
 0001:0004890e       _ftell                     1004990e f   MSVCRTD:MSVCRTD.dll
 0001:00048914       _fseek                     10049914 f   MSVCRTD:MSVCRTD.dll
 0001:0004891a       _fread                     1004991a f   MSVCRTD:MSVCRTD.dll
 0001:00048920       _fwrite                    10049920 f   MSVCRTD:MSVCRTD.dll
 0001:00048926       _fsetpos                   10049926 f   MSVCRTD:MSVCRTD.dll
 0001:0004892c       _memcmp                    1004992c f   MSVCRTD:MSVCRTD.dll
 0001:00048932       _fgetpos                   10049932 f   MSVCRTD:MSVCRTD.dll
 0001:00048938       _strncmp                   10049938 f   MSVCRTD:MSVCRTD.dll
 0001:0004893e       _fgets                     1004993e f   MSVCRTD:MSVCRTD.dll
 0001:00048944       _strrchr                   10049944 f   MSVCRTD:MSVCRTD.dll
 0001:0004894a       _memmove                   1004994a f   MSVCRTD:MSVCRTD.dll
 0001:00048950       __assert                   10049950 f   MSVCRTD:MSVCRTD.dll
 0001:00048956       _time                      10049956 f   MSVCRTD:MSVCRTD.dll
 0001:0004895c       _rewind                    1004995c f   MSVCRTD:MSVCRTD.dll
 0001:00048962       _rand                      10049962 f   MSVCRTD:MSVCRTD.dll
 0001:00048968       _getc                      10049968 f   MSVCRTD:MSVCRTD.dll
 0001:0004896e       __makepath                 1004996e f   MSVCRTD:MSVCRTD.dll
 0001:00048974       __splitpath                10049974 f   MSVCRTD:MSVCRTD.dll
 0001:0004897a       _atoi                      1004997a f   MSVCRTD:MSVCRTD.dll
 0001:00048980       _strncat                   10049980 f   MSVCRTD:MSVCRTD.dll
 0001:00048986       _fflush                    10049986 f   MSVCRTD:MSVCRTD.dll
 0001:0004898c       _vfprintf                  1004998c f   MSVCRTD:MSVCRTD.dll
 0001:00048992       _vprintf                   10049992 f   MSVCRTD:MSVCRTD.dll
 0001:00048998       _vsprintf                  10049998 f   MSVCRTD:MSVCRTD.dll
 0001:0004899e       __CrtCheckMemory           1004999e f   MSVCRTD:MSVCRTD.dll
 0001:000489a4       __errno                    100499a4 f   MSVCRTD:MSVCRTD.dll
 0001:000489aa       __strlwr                   100499aa f   MSVCRTD:MSVCRTD.dll
 0001:000489b0       _strspn                    100499b0 f   MSVCRTD:MSVCRTD.dll
 0001:000489b6       __isctype                  100499b6 f   MSVCRTD:MSVCRTD.dll
 0001:000489bc       _strcspn                   100499bc f   MSVCRTD:MSVCRTD.dll
 0001:000489c2       _strtol                    100499c2 f   MSVCRTD:MSVCRTD.dll
 0001:000489c8       _strtok                    100499c8 f   MSVCRTD:MSVCRTD.dll
 0001:000489d0       __CRT_INIT@12              100499d0 f   MSVCRTD:crtdll.obj
 0001:00048ae0       __DllMainCRTStartup@12     10049ae0 f   MSVCRTD:crtdll.obj
 0001:00048bd4       __free_dbg                 10049bd4 f   MSVCRTD:MSVCRTD.dll
 0001:00048bda       __initterm                 10049bda f   MSVCRTD:MSVCRTD.dll
 0001:00048be0       __onexit                   10049be0 f   MSVCRTD:atonexit.obj
 0001:00048c20       _atexit                    10049c20 f   MSVCRTD:atonexit.obj
 0001:00048c38       __malloc_dbg               10049c38 f   MSVCRTD:MSVCRTD.dll
 0001:00048c3e       ___dllonexit               10049c3e f   MSVCRTD:MSVCRTD.dll
 0001:00048c50       __strdup                   10049c50 f   MSVCRTD:MSVCRTD.dll
 0001:00048c56       __strupr                   10049c56 f   MSVCRTD:MSVCRTD.dll
 0001:00048c5c       __stricmp                  10049c5c f   MSVCRTD:MSVCRTD.dll
 0001:00048c62       __getcwd                   10049c62 f   MSVCRTD:MSVCRTD.dll
 0001:00048c68       __strnicmp                 10049c68 f   MSVCRTD:MSVCRTD.dll
 0002:00000000       __imp__RegEnumValueA@32    1004a000     advapi32:ADVAPI32.dll
 0002:00000004       __imp__RegEnumKeyA@16      1004a004     advapi32:ADVAPI32.dll
 0002:00000008       __imp__RegOpenKeyExA@20    1004a008     advapi32:ADVAPI32.dll
 0002:0000000c       __imp__RegEnumKeyExA@32    1004a00c     advapi32:ADVAPI32.dll
 0002:00000010       __imp__RegQueryValueExA@24 1004a010     advapi32:ADVAPI32.dll
 0002:00000014       __imp__RegCloseKey@4       1004a014     advapi32:ADVAPI32.dll
 0002:00000018       __imp__RegSetValueExA@24   1004a018     advapi32:ADVAPI32.dll
 0002:0000001c       __imp__RegCreateKeyExA@36  1004a01c     advapi32:ADVAPI32.dll
 0002:00000020       __imp__RegQueryInfoKeyA@48 1004a020     advapi32:ADVAPI32.dll
 0002:00000024       \177ADVAPI32_NULL_THUNK_DATA 1004a024     advapi32:ADVAPI32.dll
 0002:00000028       __imp__FreeLibrary@4       1004a028     kernel32:KERNEL32.dll
 0002:0000002c       __imp__GetProcAddress@8    1004a02c     kernel32:KERNEL32.dll
 0002:00000030       __imp__LoadLibraryA@4      1004a030     kernel32:KERNEL32.dll
 0002:00000034       __imp__CreateProcessA@40   1004a034     kernel32:KERNEL32.dll
 0002:00000038       __imp__LocalFree@4         1004a038     kernel32:KERNEL32.dll
 0002:0000003c       __imp__FormatMessageA@28   1004a03c     kernel32:KERNEL32.dll
 0002:00000040       __imp__GetLastError@0      1004a040     kernel32:KERNEL32.dll
 0002:00000044       __imp__SetEnvironmentVariableA@8 1004a044     kernel32:KERNEL32.dll
 0002:00000048       __imp__GetModuleHandleA@4  1004a048     kernel32:KERNEL32.dll
 0002:0000004c       __imp__GetEnvironmentVariableA@12 1004a04c     kernel32:KERNEL32.dll
 0002:00000050       __imp__GetModuleFileNameA@12 1004a050     kernel32:KERNEL32.dll
 0002:00000054       __imp__OutputDebugStringA@4 1004a054     kernel32:KERNEL32.dll
 0002:00000058       __imp__GlobalReAlloc@12    1004a058     kernel32:KERNEL32.dll
 0002:0000005c       __imp__GetSystemTime@4     1004a05c     kernel32:KERNEL32.dll
 0002:00000060       __imp__SetCurrentDirectoryA@4 1004a060     kernel32:KERNEL32.dll
 0002:00000064       __imp__GetSystemDirectoryA@8 1004a064     kernel32:KERNEL32.dll
 0002:00000068       __imp__WriteFile@20        1004a068     kernel32:KERNEL32.dll
 0002:0000006c       __imp__DuplicateHandle@28  1004a06c     kernel32:KERNEL32.dll
 0002:00000070       __imp__GetCurrentProcess@0 1004a070     kernel32:KERNEL32.dll
 0002:00000074       __imp__MultiByteToWideChar@24 1004a074     kernel32:KERNEL32.dll
 0002:00000078       __imp__WideCharToMultiByte@32 1004a078     kernel32:KERNEL32.dll
 0002:0000007c       __imp__FindFirstFileA@8    1004a07c     kernel32:KERNEL32.dll
 0002:00000080       __imp__FindNextFileA@8     1004a080     kernel32:KERNEL32.dll
 0002:00000084       __imp__FindClose@4         1004a084     kernel32:KERNEL32.dll
 0002:00000088       __imp__GetTickCount@0      1004a088     kernel32:KERNEL32.dll
 0002:0000008c       __imp__Sleep@4             1004a08c     kernel32:KERNEL32.dll
 0002:00000090       __imp__GetCurrentThreadId@0 1004a090     kernel32:KERNEL32.dll
 0002:00000094       __imp__GlobalFree@4        1004a094     kernel32:KERNEL32.dll
 0002:00000098       __imp__GlobalAlloc@8       1004a098     kernel32:KERNEL32.dll
 0002:0000009c       __imp__GetTempPathA@8      1004a09c     kernel32:KERNEL32.dll
 0002:000000a0       __imp__CloseHandle@4       1004a0a0     kernel32:KERNEL32.dll
 0002:000000a4       \177KERNEL32_NULL_THUNK_DATA 1004a0a4     kernel32:KERNEL32.dll
 0002:000000a8       __imp__getcwd              1004a0a8     MSVCRTD:MSVCRTD.dll
 0002:000000a8       __imp___getcwd             1004a0a8     MSVCRTD:MSVCRTD.dll
 0002:000000ac       __imp__stricmp             1004a0ac     MSVCRTD:MSVCRTD.dll
 0002:000000ac       __imp___stricmp            1004a0ac     MSVCRTD:MSVCRTD.dll
 0002:000000b0       __imp__strupr              1004a0b0     MSVCRTD:MSVCRTD.dll
 0002:000000b0       __imp___strupr             1004a0b0     MSVCRTD:MSVCRTD.dll
 0002:000000b4       __imp___strdup             1004a0b4     MSVCRTD:MSVCRTD.dll
 0002:000000b4       __imp__strdup              1004a0b4     MSVCRTD:MSVCRTD.dll
 0002:000000b8       __imp___onexit             1004a0b8     MSVCRTD:MSVCRTD.dll
 0002:000000bc       __imp____dllonexit         1004a0bc     MSVCRTD:MSVCRTD.dll
 0002:000000c0       __imp__strncpy             1004a0c0     MSVCRTD:MSVCRTD.dll
 0002:000000c4       __imp__free                1004a0c4     MSVCRTD:MSVCRTD.dll
 0002:000000c8       __imp___except_handler3    1004a0c8     MSVCRTD:MSVCRTD.dll
 0002:000000cc       __imp__strlen              1004a0cc     MSVCRTD:MSVCRTD.dll
 0002:000000d0       __imp__malloc              1004a0d0     MSVCRTD:MSVCRTD.dll
 0002:000000d4       __imp__memset              1004a0d4     MSVCRTD:MSVCRTD.dll
 0002:000000d8       __imp__realloc             1004a0d8     MSVCRTD:MSVCRTD.dll
 0002:000000dc       __imp__fprintf             1004a0dc     MSVCRTD:MSVCRTD.dll
 0002:000000e0       __imp__fclose              1004a0e0     MSVCRTD:MSVCRTD.dll
 0002:000000e4       __imp__fopen               1004a0e4     MSVCRTD:MSVCRTD.dll
 0002:000000e8       __imp__sprintf             1004a0e8     MSVCRTD:MSVCRTD.dll
 0002:000000ec       __imp__strcpy              1004a0ec     MSVCRTD:MSVCRTD.dll
 0002:000000f0       __imp__strcmp              1004a0f0     MSVCRTD:MSVCRTD.dll
 0002:000000f4       __imp__strcat              1004a0f4     MSVCRTD:MSVCRTD.dll
 0002:000000f8       __imp__strchr              1004a0f8     MSVCRTD:MSVCRTD.dll
 0002:000000fc       __imp__memcpy              1004a0fc     MSVCRTD:MSVCRTD.dll
 0002:00000100       __imp__strstr              1004a100     MSVCRTD:MSVCRTD.dll
 0002:00000104       __imp__sscanf              1004a104     MSVCRTD:MSVCRTD.dll
 0002:00000108       __imp__remove              1004a108     MSVCRTD:MSVCRTD.dll
 0002:0000010c       __imp__ftell               1004a10c     MSVCRTD:MSVCRTD.dll
 0002:00000110       __imp__fseek               1004a110     MSVCRTD:MSVCRTD.dll
 0002:00000114       __imp__fread               1004a114     MSVCRTD:MSVCRTD.dll
 0002:00000118       __imp__fwrite              1004a118     MSVCRTD:MSVCRTD.dll
 0002:0000011c       __imp__fsetpos             1004a11c     MSVCRTD:MSVCRTD.dll
 0002:00000120       __imp__memcmp              1004a120     MSVCRTD:MSVCRTD.dll
 0002:00000124       __imp__fgetpos             1004a124     MSVCRTD:MSVCRTD.dll
 0002:00000128       __imp__strncmp             1004a128     MSVCRTD:MSVCRTD.dll
 0002:0000012c       __imp__fgets               1004a12c     MSVCRTD:MSVCRTD.dll
 0002:00000130       __imp__strrchr             1004a130     MSVCRTD:MSVCRTD.dll
 0002:00000134       __imp__memmove             1004a134     MSVCRTD:MSVCRTD.dll
 0002:00000138       __imp___assert             1004a138     MSVCRTD:MSVCRTD.dll
 0002:0000013c       __imp__time                1004a13c     MSVCRTD:MSVCRTD.dll
 0002:00000140       __imp__rewind              1004a140     MSVCRTD:MSVCRTD.dll
 0002:00000144       __imp__rand                1004a144     MSVCRTD:MSVCRTD.dll
 0002:00000148       __imp__getc                1004a148     MSVCRTD:MSVCRTD.dll
 0002:0000014c       __imp___makepath           1004a14c     MSVCRTD:MSVCRTD.dll
 0002:00000150       __imp___splitpath          1004a150     MSVCRTD:MSVCRTD.dll
 0002:00000154       __imp__atoi                1004a154     MSVCRTD:MSVCRTD.dll
 0002:00000158       __imp__strncat             1004a158     MSVCRTD:MSVCRTD.dll
 0002:0000015c       __imp__fflush              1004a15c     MSVCRTD:MSVCRTD.dll
 0002:00000160       __imp__vfprintf            1004a160     MSVCRTD:MSVCRTD.dll
 0002:00000164       __imp__vprintf             1004a164     MSVCRTD:MSVCRTD.dll
 0002:00000168       __imp__vsprintf            1004a168     MSVCRTD:MSVCRTD.dll
 0002:0000016c       __imp___iob                1004a16c     MSVCRTD:MSVCRTD.dll
 0002:00000170       __imp___CrtCheckMemory     1004a170     MSVCRTD:MSVCRTD.dll
 0002:00000174       __imp___errno              1004a174     MSVCRTD:MSVCRTD.dll
 0002:00000178       __imp___strlwr             1004a178     MSVCRTD:MSVCRTD.dll
 0002:0000017c       __imp__strspn              1004a17c     MSVCRTD:MSVCRTD.dll
 0002:00000180       __imp___pctype             1004a180     MSVCRTD:MSVCRTD.dll
 0002:00000184       __imp___isctype            1004a184     MSVCRTD:MSVCRTD.dll
 0002:00000188       __imp____mb_cur_max        1004a188     MSVCRTD:MSVCRTD.dll
 0002:0000018c       __imp__strcspn             1004a18c     MSVCRTD:MSVCRTD.dll
 0002:00000190       __imp__strtol              1004a190     MSVCRTD:MSVCRTD.dll
 0002:00000194       __imp__strtok              1004a194     MSVCRTD:MSVCRTD.dll
 0002:00000198       __imp___free_dbg           1004a198     MSVCRTD:MSVCRTD.dll
 0002:0000019c       __imp___initterm           1004a19c     MSVCRTD:MSVCRTD.dll
 0002:000001a0       __imp___malloc_dbg         1004a1a0     MSVCRTD:MSVCRTD.dll
 0002:000001a4       __imp___adjust_fdiv        1004a1a4     MSVCRTD:MSVCRTD.dll
 0002:000001a8       __imp__strnicmp            1004a1a8     MSVCRTD:MSVCRTD.dll
 0002:000001a8       __imp___strnicmp           1004a1a8     MSVCRTD:MSVCRTD.dll
 0002:000001ac       \177MSVCRTD_NULL_THUNK_DATA 1004a1ac     MSVCRTD:MSVCRTD.dll
 0002:000001b0       __imp__MessageBoxA@16      1004a1b0     user32:USER32.dll
 0002:000001b4       \177USER32_NULL_THUNK_DATA 1004a1b4     user32:USER32.dll
 0002:000001b8       __imp__VerQueryValueA@16   1004a1b8     version:VERSION.dll
 0002:000001bc       __imp__GetFileVersionInfoA@16 1004a1bc     version:VERSION.dll
 0002:000001c0       __imp__GetFileVersionInfoSizeA@8 1004a1c0     version:VERSION.dll
 0002:000001c4       \177VERSION_NULL_THUNK_DATA 1004a1c4     version:VERSION.dll
 0002:00000274       _newuser_magic             1004a274     tca.obj
 0002:00000280       _newuser_magic2            1004a280     tca.obj
 0002:0000028c       _freezekey                 1004a28c     tcapw.obj
 0002:00000294       ??_C@_08JKC@crtdll?4c?$AA@ 1004a294     MSVCRTD:crtdll.obj
 0002:000002a0       __IMPORT_DESCRIPTOR_KERNEL32 1004a2a0     kernel32:KERNEL32.dll
 0002:000002b4       __IMPORT_DESCRIPTOR_USER32 1004a2b4     user32:USER32.dll
 0002:000002c8       __IMPORT_DESCRIPTOR_ADVAPI32 1004a2c8     advapi32:ADVAPI32.dll
 0002:000002dc       __IMPORT_DESCRIPTOR_VERSION 1004a2dc     version:VERSION.dll
 0002:000002f0       __IMPORT_DESCRIPTOR_MSVCRTD 1004a2f0     MSVCRTD:MSVCRTD.dll
 0002:00000304       __NULL_IMPORT_DESCRIPTOR   1004a304     kernel32:KERNEL32.dll
 0003:00000000       ___xc_a                    1004c000     MSVCRTD:cinitexe.obj
 0003:00000004       ___xc_z                    1004c004     MSVCRTD:cinitexe.obj
 0003:00000008       ___xi_a                    1004c008     MSVCRTD:cinitexe.obj
 0003:0000000c       ___xi_z                    1004c00c     MSVCRTD:cinitexe.obj
 0003:00026860       _szScratch                 10072860     <common>
 0003:00026980       _key2a_buf                 10072980     <common>
 0003:00026a80       _key2a_buf4                10072a80     <common>
 0003:00026b80       _key2a_buf2                10072b80     <common>
 0003:00026c80       _key2a_buf3                10072c80     <common>
 0003:00026d80       __adjust_fdiv              10072d80     <common>
 0003:00026d84       ___onexitend               10072d84     <common>
 0003:00026d88       ___onexitbegin             10072d88     <common>
 0003:00026d8c       __pRawDllMain              10072d8c     <common>

 entry point at        0001:00048ae0

 Static symbols

 0001:0004580e       _tserv_send_challenge      1004680e f   tserv.obj
 0001:00045beb       _tserv_send_response       10046beb f   tserv.obj
 0001:000460cf       _tserv_send_pwchange       100470cf f   tserv.obj
 0001:00046298       _tserv_send_validate       10047298 f   tserv.obj
 0001:000463a8       _tserv_send_pwvalidate     100473a8 f   tserv.obj
 0001:0004650c       _tserv_send_credentials1   1004750c f   tserv.obj
 0001:00047917       _tserv_hdl2pci             10048917 f   tserv.obj
 0001:0004797e       _tserv_handle_credentials1 1004897e f   tserv.obj
 0001:00048022       _tserv_check_email         10049022 f   tserv.obj
 0001:00041606       _hexstring                 10042606 f   scorerep.obj
 0001:00042675       _scorerep_print            10043675 f   scorerep.obj
 0001:00040a5b       _freeze_element            10041a5b f   q.obj
 0001:00040e08       _thaw_element              10041e08 f   q.obj
 0001:0003f20a       _MD5Transform              1004020a f   md5c.obj
 0001:000400b3       _Encode                    100410b3 f   md5c.obj
 0001:00040153       _Decode                    10041153 f   md5c.obj
 0001:000401cc       _MD5_memcpy                100411cc f   md5c.obj
 0001:00040200       _MD5_memset                10041200 f   md5c.obj
 0001:0003eaa8       _notifystub                1003faa8 f   launchap.obj
 0001:0003df8c       _stripSurroundingWhiteSpace 1003ef8c f   ini.obj
 0001:0003e632       _reltoabspath              1003f632 f   ini.obj
 0001:0003c17c       _sendServerPing            1003d17c f   enumsrv2.obj
 0001:0003c321       _addServer                 1003d321 f   enumsrv2.obj
 0001:0003c930       _get_bootstrap_list        1003d930 f   enumsrv2.obj
 0001:0003cc9c       _dp_subscribeServerList    1003dc9c f   enumsrv2.obj
 0001:0003cecd       _serversEx_cb@24           1003decd f   enumsrv2.obj
 0001:0003d16c       _calc_delay                1003e16c f   enumsrv2.obj
 0001:0003b78e       _getLatest                 1003c78e f   enumapp.obj
 0001:00033937       _dptab_changeSrc           10034937 f   dptab.obj
 0001:0003431c       _dptab_varCreate           1003531c f   dptab.obj
 0001:00034905       _dptab_varDelete           10035905 f   dptab.obj
 0001:000353c7       _dptab_get_bykey2          100363c7 f   dptab.obj
 0001:00035b76       _dptab_xfer_insert         10036b76 f   dptab.obj
 0001:00035d2b       _compare_xfer_keys         10036d2b f   dptab.obj
 0001:00036319       _dptab_update_destination  10037319 f   dptab.obj
 0001:000368ed       _dptab_update_send_delete  100378ed f   dptab.obj
 0001:00036af6       _dptab_xferBuffer_init     10037af6 f   dptab.obj
 0001:00036b37       _dptab_xferBuffer_flush    10037b37 f   dptab.obj
 0001:00036e06       _dptab_update_send_small   10037e06 f   dptab.obj
 0001:00037260       _dptab_update_send_large   10038260 f   dptab.obj
 0001:0003793b       _dprint_buf                1003893b f   dptab.obj
 0001:0003838f       _dptab_mapIncomingTable    1003938f f   dptab.obj
 0001:000395fc       _dptab_peer_freeze         1003a5fc f   dptab.obj
 0001:00039a7b       _dptab_xfer_freeze         1003aa7b f   dptab.obj
 0001:00039f68       _dptab_peer_thaw           1003af68 f   dptab.obj
 0001:0003a401       _dptab_xfer_thaw           1003b401 f   dptab.obj
 0001:0002fcfb       _readDebugParam            10030cfb f   dprint.obj
 0001:00023efa       _dpio_pc                   10024efa f   dpio.obj
 0001:00023f4e       _dpio_pw                   10024f4e f   dpio.obj
 0001:00023fbf       _dpio_print                10024fbf f   dpio.obj
 0001:000253e7       _dpio_thaw1                100263e7 f   dpio.obj
 0001:0002553a       _dpio_thaw2                1002653a f   dpio.obj
 0001:00025fc5       _dpio_setNextTxTime        10026fc5 f   dpio.obj
 0001:00027abd       _dpio_countHdlClosing      10028abd f   dpio.obj
 0001:000287be       _dpio_gotAck               100297be f   dpio.obj
 0001:00028eb6       _dpio_update_RTT           10029eb6 f   dpio.obj
 0001:000290a7       _dpio_sendAck              1002a0a7 f   dpio.obj
 0001:0002bf7d       _dpio_window_get           1002cf7d f   dpio.obj
 0001:0002c0e8       _dpio_handle_ping_response 1002d0e8 f   dpio.obj
 0001:0002c29b       _dpio_sendAckLater         1002d29b f   dpio.obj
 0001:0002c2c4       _dpio_getReliable          1002d2c4 f   dpio.obj
 0001:0002c51c       _dpio_getRaw               1002d51c f   dpio.obj
 0001:0002c905       _dpio_flushPacketsForHandle 1002d905 f   dpio.obj
 0001:0002cb74       _dpio_current_pingInterval 1002db74 f   dpio.obj
 0001:0002cc65       _dpio_put_unreliable_unbuffered 1002dc65 f   dpio.obj
 0001:0002cd3d       _dpio_put_unreliable_buffered 1002dd3d f   dpio.obj
 0001:000214f0       _getExceptionTable         100224f0 f   dpexcept.obj
 0001:00021552       _dp_makeExceptionRecords   10022552 f   dpexcept.obj
 0001:00021a5d       _getAppParam               10022a5d f   dpexcept.obj
 0001:00021b84       _getSystemInfo             10022b84 f   dpexcept.obj
 0001:00021e04       _sendtoserver              10022e04 f   dpexcept.obj
 0001:0002202d       _buf2hex                   1002302d f   dpexcept.obj
 0001:00020b2c       _init_crc32                10021b2c f   dpcrc32.obj
 0001:0000b3e5       _printAdr                  1000c3e5 f   dp2.obj
 0001:0000b53e       _dprint_sess               1000c53e f   dp2.obj
 0001:0000bd66       _dumpBuf                   1000cd66 f   dp2.obj
 0001:0000cb62       _dpOpenLocalResult         1000db62 f   dp2.obj
 0001:0000ccf9       _dp_unpack_host            1000dcf9 f   dp2.obj
 0001:0000ce2f       _dp_player_notify          1000de2f f   dp2.obj
 0001:0000d12a       _dp_getDesiredHandleOptions 1000e12a f   dp2.obj
 0001:0000d41c       _dp_pack_playerId          1000e41c f   dp2.obj
 0001:0001014a       _open_sess_cb@16           1001114a f   dp2.obj
 0001:000101b5       _listSessions_cb@16        100111b5 f   dp2.obj
 0001:00010340       _create_player_cb@16       10011340 f   dp2.obj
 0001:0001039a       _chopnl                    1001139a f   dp2.obj
 0001:000103d0       _allzeros                  100113d0 f   dp2.obj
 0001:00010a04       _dp_openHdl_cb             10011a04 f   dp2.obj
 0001:00010f60       _dpThaw                    10011f60 f   dp2.obj
 0001:0001232e       _dp_setSessionTablePeer    1001332e f   dp2.obj
 0001:00012ee0       _dp_setSessionDesc         10013ee0 f   dp2.obj
 0001:00013e1e       _dpSendJoinSession         10014e1e f   dp2.obj
 0001:000140db       _dpHandleJoinSession       100150db f   dp2.obj
 0001:00014d12       _dpSendErrorPacket         10015d12 f   dp2.obj
 0001:00014d8e       _dp_pack_host              10015d8e f   dp2.obj
 0001:00014e8e       _dp_subscribe_client       10015e8e f   dp2.obj
 0001:00015283       _dp_selectSessionForHost   10016283 f   dp2.obj
 0001:000156e7       _dpSendIndirectJoin        100166e7 f   dp2.obj
 0001:000157b0       _initOpenSession           100167b0 f   dp2.obj
 0001:00016628       _dp_subscribe_host         10017628 f   dp2.obj
 0001:000166f3       _findSessionWithKarma      100176f3 f   dp2.obj
 0001:000167d1       _dpOpen_dummy_cb@16        100177d1 f   dp2.obj
 0001:0001728d       _dpSendLeaveSession        1001828d f   dp2.obj
 0001:00017344       _dpHandleLeaveSession      10018344 f   dp2.obj
 0001:0001909a       _dpRemoteEnumPlayers       1001a09a f   dp2.obj
 0001:0001972d       _dpRemoteEnumPlayersEx     1001a72d f   dp2.obj
 0001:00019b19       _dp_election_start         1001ab19 f   dp2.obj
 0001:00019d52       _dp_election_end           1001ad52 f   dp2.obj
 0001:00019e81       _dp_election_peer_deleted  1001ae81 f   dp2.obj
 0001:00019ed1       _dpHandleVote              1001aed1 f   dp2.obj
 0001:0001a38e       _dp_election_set_master    1001b38e f   dp2.obj
 0001:0001a546       _dp_election_register_vote 1001b546 f   dp2.obj
 0001:0001a5cb       _dp_election_tally         1001b5cb f   dp2.obj
 0001:0001a801       _dp_election_inaugerate_winner 1001b801 f   dp2.obj
 0001:0001ab01       _dp_election_become_master 1001bb01 f   dp2.obj
 0001:0001b05b       _dpSendVote                1001c05b f   dp2.obj
 0001:0001b1f1       _dpSendVictory             1001c1f1 f   dp2.obj
 0001:0001b2db       _dpElectMaster             1001c2db f   dp2.obj
 0001:0001b42b       _dpSendSessionLostPacket   1001c42b f   dp2.obj
 0001:0001b4a8       _dp_findLowestHost         1001c4a8 f   dp2.obj
 0001:0001b9d8       _dp_receive                1001c9d8 f   dp2.obj
 0001:0001ce0e       _dpHandleSelectedSession   1001de0e f   dp2.obj
 0001:0001d085       _dpSetPlayerUid            1001e085 f   dp2.obj
 0001:0001d20a       _dpHandleVictory           1001e20a f   dp2.obj
 0001:0001d403       _dpPoll                    1001e403 f   dp2.obj
 0001:0001d9b7       _dp_election_poll          1001e9b7 f   dp2.obj
 0001:0001da67       _dpHandlePingPacket        1001ea67 f   dp2.obj
 0001:0001db07       _dpPollPing                1001eb07 f   dp2.obj
 0001:0001de08       _dp_sendLatencyDelta       1001ee08 f   dp2.obj
 0001:0001df4c       _dp_getBroadcastHdls       1001ef4c f   dp2.obj
 0001:0001e114       _dp_getHdls                1001f114 f   dp2.obj
 0001:0001e19a       _dp_getGroupHdls           1001f19a f   dp2.obj
 0001:000077bf       _cookey                    100087bf f   d3des.obj
 0001:000079b7       _scrunch                   100089b7 f   d3des.obj
 0001:00007acf       _unscrun                   10008acf f   d3des.obj
 0001:00007bab       _desfunc                   10008bab f   d3des.obj
 0001:00008664       _D3des                     10009664 f   d3des.obj
 0001:00006141       _aeh_map_Load              10007141 f   aehmap.obj
 0001:000063c3       _aeh_map_addFunc           100073c3 f   aehmap.obj
 0001:0000656f       _aeh_map_algRead           1000756f f   aehmap.obj
 0001:000067b4       _aeh_map_Unload            100077b4 f   aehmap.obj
 0001:0000686f       _aeh_map_algWrite          1000786f f   aehmap.obj
 0001:0000550f       _aehlog_clear              1000650f f   aehlog.obj
 0001:00005a7a       _aehlog_writetofile        10006a7a f   aehlog.obj
 0001:00005b19       _initExceptionFileStream   10006b19 f   aehlog.obj
 0001:00005cc8       _checkDupException         10006cc8 f   aehlog.obj
 0001:00005df2       _aehlog_readfromfile       10006df2 f   aehlog.obj
 0001:00000927       _aehmod_Create             10001927 f   aeh.obj
 0001:00000ad0       _aehmod_add                10001ad0 f   aeh.obj
 0001:00000cbf       _aeh_StackandModDump       10001cbf f   aeh.obj
 0001:00000fa7       _aehmod_PosGet             10001fa7 f   aeh.obj
 0001:000011b8       _aehmod_NameGet            100021b8 f   aeh.obj
 0001:0000123e       _aeh_setStackandModInfo    1000223e f   aeh.obj
 0001:00001bb8       _aeh_modfunc_Fill          10002bb8 f   aeh.obj
 0001:000031a5       _aeh_StkModName            100041a5 f   aeh.obj
 0001:00003277       _aeh_StkModCrc             10004277 f   aeh.obj
 0001:000032f2       _parseSystemInfo           100042f2 f   aeh.obj
 0001:000035d9       _parseDispCardInfo         100045d9 f   aeh.obj
 0001:0000427e       _putStream                 1000527e f   aeh.obj
 0001:000042f1       _putCharStream             100052f1 f   aeh.obj
 0001:000043c7       _putStreamErrFull          100053c7 f   aeh.obj
 0001:000050c7       _getStream                 100060c7 f   aeh.obj
 0001:0000513a       _getCharStream             1000613a f   aeh.obj
 0001:000488c0       _$$$00001                  100498c0 f   MSVCRTD:chkstk.obj
 0001:000488cc       probepages                 100498cc f   MSVCRTD:chkstk.obj
 0001:000488e0       lastpage                   100498e0 f   MSVCRTD:chkstk.obj
