 anetdrop

 Timestamp is 3726ef7e (Wed Apr 28 04:22:38 1999)

 Preferred load address is 00400000

 Start         Length     Name                   Class
 0001:00000000 00001928H .text                   CODE
 0002:00000000 0000001cH .rdata                  DATA
 0002:0000001c 00000000H .edata                  DATA
 0003:00000000 00000004H .CRT$XCA                DATA
 0003:00000004 00000004H .CRT$XCZ                DATA
 0003:00000008 00000004H .CRT$XIA                DATA
 0003:0000000c 00000004H .CRT$XIZ                DATA
 0003:00000010 00000a5cH .data                   DATA
 0003:00000a6c 0000001cH .bss                    DATA
 0004:00000000 00000064H .idata$2                DATA
 0004:00000064 00000014H .idata$3                DATA
 0004:00000078 00000114H .idata$4                DATA
 0004:0000018c 00000114H .idata$5                DATA
 0004:000002a0 000003b6H .idata$6                DATA

  Address         Publics by Value              Rva+Base   Lib:Object

 0001:00000000       _my_MessageBox             00401000 f anetdrop.obj
 0001:000000df       _WinMain@16                004010df f anetdrop.obj
 0001:00000396       _myCommThaw_cb@8           00401396 f anetdrop.obj
 0001:00000402       _main                      00401402 f anetdrop.obj
 0001:00000f70       _cancelbox_WndProc@16      00401f70 f cancelbox.obj
 0001:00001018       _cancelbox_set             00402018 f cancelbox.obj
 0001:00001238       _cancelbox_clear           00402238 f cancelbox.obj
 0001:00001251       _cancelbox_poll            00402251 f cancelbox.obj
 0001:00001290       _dp_launchParams_parse     00402290 f launchparams.obj
 0001:000016ba       _dpReportCrash             004026ba f anet2:anet2.dll
 0001:000016c0       _dpDestroy                 004026c0 f anet2:anet2.dll
 0001:000016c6       _dpLaunchApp2              004026c6 f anet2:anet2.dll
 0001:000016cc       _dpFreeze                  004026cc f anet2:anet2.dll
 0001:000016d2       _dpReadyToFreeze           004026d2 f anet2:anet2.dll
 0001:000016d8       _dpReceive                 004026d8 f anet2:anet2.dll
 0001:000016de       _dpCommThaw                004026de f anet2:anet2.dll
 0001:000016e4       _dp_setLogFname            004026e4 f anet2:anet2.dll
 0001:000016ea       _dpReadAnetInf             004026ea f anet2:anet2.dll
 0001:000016f0       __except_handler3          004026f0 f MSVCRT:MSVCRT.dll
 0001:000016f6       _strcpy                    004026f6 f MSVCRT:MSVCRT.dll
 0001:000016fc       _strlen                    004026fc f MSVCRT:MSVCRT.dll
 0001:00001702       _memset                    00402702 f MSVCRT:MSVCRT.dll
 0001:00001708       _strcat                    00402708 f MSVCRT:MSVCRT.dll
 0001:00001710       __chkstk                   00402710   MSVCRT:chkstk.obj
 0001:00001710       __alloca_probe             00402710   MSVCRT:chkstk.obj
 0001:00001740       _WinMainCRTStartup         00402740 f MSVCRT:crtexew.obj
 0001:000018e2       __XcptFilter               004028e2 f MSVCRT:MSVCRT.dll
 0001:000018e8       __initterm                 004028e8 f MSVCRT:MSVCRT.dll
 0001:000018f0       __setdefaultprecision      004028f0 f MSVCRT:fp8.obj
 0001:00001910       __matherr                  00402910 f MSVCRT:merr.obj
 0001:00001920       __setargv                  00402920 f MSVCRT:dllargv.obj
 0001:00001922       __controlfp                00402922 f MSVCRT:MSVCRT.dll
 0003:00000000       ___xc_a                    00404000   MSVCRT:cinitexe.obj
 0003:00000004       ___xc_z                    00404004   MSVCRT:cinitexe.obj
 0003:00000008       ___xi_a                    00404008   MSVCRT:cinitexe.obj
 0003:0000000c       ___xi_z                    0040400c   MSVCRT:cinitexe.obj
 0003:00000a50       __dowildcard               00404a50   MSVCRT:wildcard.obj
 0003:00000a54       __newmode                  00404a54   MSVCRT:_newmode.obj
 0003:00000a58       ___defaultmatherr          00404a58   MSVCRT:merr.obj
 0003:00000a5c       __commode                  00404a5c   MSVCRT:xncommod.obj
 0003:00000a60       __fmode                    00404a60   MSVCRT:xtxtmode.obj
 0003:00000a64       ___win32sflag              00404a64   MSVCRT:atonexit.obj
 0003:00000a74       _err_line_number           00404a74   <common>
 0003:00000a78       _autoclick                 00404a78   <common>
 0003:00000a7c       ___onexitend               00404a7c   <common>
 0003:00000a80       ___onexitbegin             00404a80   <common>
 0003:00000a84       __adjust_fdiv              00404a84   <common>
 0004:00000000       __IMPORT_DESCRIPTOR_anet2  00405000   anet2:anet2.dll
 0004:00000014       __IMPORT_DESCRIPTOR_USER32 00405014   user32:USER32.dll
 0004:00000028       __IMPORT_DESCRIPTOR_GDI32  00405028   gdi32:GDI32.dll
 0004:0000003c       __IMPORT_DESCRIPTOR_MSVCRT 0040503c   MSVCRT:MSVCRT.dll
 0004:00000050       __IMPORT_DESCRIPTOR_KERNEL32 00405050   kernel32:KERNEL32.dll
 0004:00000064       __NULL_IMPORT_DESCRIPTOR   00405064   anet2:anet2.dll
 0004:0000018c       __imp__GetTextExtentPoint32A@16 0040518c   gdi32:GDI32.dll
 0004:00000190       __imp__GetStockObject@4    00405190   gdi32:GDI32.dll
 0004:00000194       \177GDI32_NULL_THUNK_DATA  00405194   gdi32:GDI32.dll
 0004:00000198       __imp__GetModuleHandleA@4  00405198   kernel32:KERNEL32.dll
 0004:0000019c       __imp__Sleep@4             0040519c   kernel32:KERNEL32.dll
 0004:000001a0       __imp__GetStartupInfoA@4   004051a0   kernel32:KERNEL32.dll
 0004:000001a4       __imp__GetCommandLineA@0   004051a4   kernel32:KERNEL32.dll
 0004:000001a8       __imp__LoadLibraryA@4      004051a8   kernel32:KERNEL32.dll
 0004:000001ac       __imp__GetProcAddress@8    004051ac   kernel32:KERNEL32.dll
 0004:000001b0       __imp__GetLastError@0      004051b0   kernel32:KERNEL32.dll
 0004:000001b4       __imp__WaitForSingleObject@8 004051b4   kernel32:KERNEL32.dll
 0004:000001b8       \177KERNEL32_NULL_THUNK_DATA 004051b8   kernel32:KERNEL32.dll
 0004:000001bc       __imp__strcat              004051bc   MSVCRT:MSVCRT.dll
 0004:000001c0       __imp__atoi                004051c0   MSVCRT:MSVCRT.dll
 0004:000001c4       __imp__fclose              004051c4   MSVCRT:MSVCRT.dll
 0004:000001c8       __imp__fopen               004051c8   MSVCRT:MSVCRT.dll
 0004:000001cc       __imp___controlfp          004051cc   MSVCRT:MSVCRT.dll
 0004:000001d0       __imp____set_app_type      004051d0   MSVCRT:MSVCRT.dll
 0004:000001d4       __imp____p__fmode          004051d4   MSVCRT:MSVCRT.dll
 0004:000001d8       __imp____p__commode        004051d8   MSVCRT:MSVCRT.dll
 0004:000001dc       __imp___adjust_fdiv        004051dc   MSVCRT:MSVCRT.dll
 0004:000001e0       __imp____setusermatherr    004051e0   MSVCRT:MSVCRT.dll
 0004:000001e4       __imp____getmainargs       004051e4   MSVCRT:MSVCRT.dll
 0004:000001e8       __imp___initterm           004051e8   MSVCRT:MSVCRT.dll
 0004:000001ec       __imp___except_handler3    004051ec   MSVCRT:MSVCRT.dll
 0004:000001f0       __imp__strcpy              004051f0   MSVCRT:MSVCRT.dll
 0004:000001f4       __imp__malloc              004051f4   MSVCRT:MSVCRT.dll
 0004:000001f8       __imp__strlen              004051f8   MSVCRT:MSVCRT.dll
 0004:000001fc       __imp__vsprintf            004051fc   MSVCRT:MSVCRT.dll
 0004:00000200       __imp__sprintf             00405200   MSVCRT:MSVCRT.dll
 0004:00000204       __imp__exit                00405204   MSVCRT:MSVCRT.dll
 0004:00000208       __imp__memset              00405208   MSVCRT:MSVCRT.dll
 0004:0000020c       __imp___assert             0040520c   MSVCRT:MSVCRT.dll
 0004:00000210       __imp____p__acmdln         00405210   MSVCRT:MSVCRT.dll
 0004:00000214       __imp__strchr              00405214   MSVCRT:MSVCRT.dll
 0004:00000218       __imp__fwrite              00405218   MSVCRT:MSVCRT.dll
 0004:0000021c       __imp__rand                0040521c   MSVCRT:MSVCRT.dll
 0004:00000220       __imp__time                00405220   MSVCRT:MSVCRT.dll
 0004:00000224       __imp__clock               00405224   MSVCRT:MSVCRT.dll
 0004:00000228       __imp___exit               00405228   MSVCRT:MSVCRT.dll
 0004:0000022c       __imp__strncpy             0040522c   MSVCRT:MSVCRT.dll
 0004:00000230       __imp__strtol              00405230   MSVCRT:MSVCRT.dll
 0004:00000234       __imp__strtok              00405234   MSVCRT:MSVCRT.dll
 0004:00000238       __imp___XcptFilter         00405238   MSVCRT:MSVCRT.dll
 0004:0000023c       \177MSVCRT_NULL_THUNK_DATA 0040523c   MSVCRT:MSVCRT.dll
 0004:00000240       __imp__PostQuitMessage@4   00405240   user32:USER32.dll
 0004:00000244       __imp__MoveWindow@24       00405244   user32:USER32.dll
 0004:00000248       __imp__ShowWindow@8        00405248   user32:USER32.dll
 0004:0000024c       __imp__SetWindowTextA@8    0040524c   user32:USER32.dll
 0004:00000250       __imp__PeekMessageA@20     00405250   user32:USER32.dll
 0004:00000254       __imp__DispatchMessageA@4  00405254   user32:USER32.dll
 0004:00000258       __imp__LoadCursorA@8       00405258   user32:USER32.dll
 0004:0000025c       __imp__RegisterClassA@4    0040525c   user32:USER32.dll
 0004:00000260       __imp__GetDC@4             00405260   user32:USER32.dll
 0004:00000264       __imp__ReleaseDC@8         00405264   user32:USER32.dll
 0004:00000268       __imp__GetSystemMetrics@4  00405268   user32:USER32.dll
 0004:0000026c       __imp__CreateWindowExA@48  0040526c   user32:USER32.dll
 0004:00000270       __imp__DefWindowProcA@16   00405270   user32:USER32.dll
 0004:00000274       \177USER32_NULL_THUNK_DATA 00405274   user32:USER32.dll
 0004:00000278       __imp__dpCommThaw          00405278   anet2:anet2.dll
 0004:0000027c       __imp__dpReadAnetInf       0040527c   anet2:anet2.dll
 0004:00000280       __imp__dp_setLogFname      00405280   anet2:anet2.dll
 0004:00000284       __imp__dpReportCrash       00405284   anet2:anet2.dll
 0004:00000288       __imp__dpReceive           00405288   anet2:anet2.dll
 0004:0000028c       __imp__dpReadyToFreeze     0040528c   anet2:anet2.dll
 0004:00000290       __imp__dpFreeze            00405290   anet2:anet2.dll
 0004:00000294       __imp__dpLaunchApp2        00405294   anet2:anet2.dll
 0004:00000298       __imp__dpDestroy           00405298   anet2:anet2.dll
 0004:0000029c       \177anet2_NULL_THUNK_DATA  0040529c   anet2:anet2.dll

 entry point at        0001:00001740

 Static symbols

 0001:0000017c       _my_setargv                0040117c f anetdrop.obj
 0001:0000031f       _my_print                  0040131f f anetdrop.obj
 0001:00000378       _Debug_ExceptionFilter     00401378 f anetdrop.obj
 0001:00000f48       _usage                     00401f48 f anetdrop.obj

FIXUPS: 1e4b 16 49 46 65 9a6 fffffeba 1c f 39 7a 20 ffffef43 35 8 33 8
FIXUPS: 189b 19 4c 37 4d 16 19 4c b4 28 57 28 3c 6d 16 4a 14 19 12 37 59
FIXUPS: 1d5b 3c 36 13 49 12 512 1a be a7 1a 1a 32 5e 11 fffffb46 fffff03a
FIXUPS: 112a 2a 36 36 1a 18b 1e 53 8 2d 10b 139 2d 8 de 8 19 8 33 8 28
